[2024-12-03T16:04:21.626+0000] {local_task_job_runner.py:120} INFO - ::group::Pre task execution logs
[2024-12-03T16:04:21.637+0000] {taskinstance.py:2076} INFO - Dependencies all met for dep_context=non-requeueable deps ti=<TaskInstance: news_dag.transform_and_load_op manual__2024-12-03T16:04:08.646228+00:00 [queued]>
[2024-12-03T16:04:21.642+0000] {taskinstance.py:2076} INFO - Dependencies all met for dep_context=requeueable deps ti=<TaskInstance: news_dag.transform_and_load_op manual__2024-12-03T16:04:08.646228+00:00 [queued]>
[2024-12-03T16:04:21.642+0000] {taskinstance.py:2306} INFO - Starting attempt 1 of 1
[2024-12-03T16:04:21.650+0000] {taskinstance.py:2330} INFO - Executing <Task(PythonOperator): transform_and_load_op> on 2024-12-03 16:04:08.646228+00:00
[2024-12-03T16:04:21.656+0000] {logging_mixin.py:188} WARNING - /home/***/.local/lib/python3.12/site-packages/***/task/task_runner/standard_task_runner.py:62 DeprecationWarning: This process (pid=5623) is multi-threaded, use of fork() may lead to deadlocks in the child.
[2024-12-03T16:04:21.657+0000] {standard_task_runner.py:64} INFO - Started process 5632 to run task
[2024-12-03T16:04:21.657+0000] {standard_task_runner.py:90} INFO - Running: ['***', 'tasks', 'run', 'news_dag', 'transform_and_load_op', 'manual__2024-12-03T16:04:08.646228+00:00', '--job-id', '45', '--raw', '--subdir', 'DAGS_FOLDER/etl_dag.py', '--cfg-path', '/tmp/tmpahlm9a3v']
[2024-12-03T16:04:21.659+0000] {standard_task_runner.py:91} INFO - Job 45: Subtask transform_and_load_op
[2024-12-03T16:04:21.686+0000] {task_command.py:426} INFO - Running <TaskInstance: news_dag.transform_and_load_op manual__2024-12-03T16:04:08.646228+00:00 [running]> on host 6f562db0c9a5
[2024-12-03T16:04:21.737+0000] {taskinstance.py:2648} INFO - Exporting env vars: AIRFLOW_CTX_DAG_OWNER='***' AIRFLOW_CTX_DAG_ID='news_dag' AIRFLOW_CTX_TASK_ID='transform_and_load_op' AIRFLOW_CTX_EXECUTION_DATE='2024-12-03T16:04:08.646228+00:00' AIRFLOW_CTX_TRY_NUMBER='1' AIRFLOW_CTX_DAG_RUN_ID='manual__2024-12-03T16:04:08.646228+00:00'
[2024-12-03T16:04:21.739+0000] {taskinstance.py:430} INFO - ::endgroup::
[2024-12-03T16:04:21.752+0000] {base.py:84} INFO - Using connection ID 'aws_connection' for task execution.
[2024-12-03T16:04:23.905+0000] {logging_mixin.py:188} WARNING - /opt/***/utils_shared/utils/transform_and_load.py:62 FutureWarning: The behavior of DataFrame concatenation with empty or all-NA entries is deprecated. In a future version, this will no longer exclude empty or all-NA columns when determining the result dtypes. To retain the old behavior, exclude the relevant entries before the concat operation.
[2024-12-03T16:04:25.733+0000] {logging_mixin.py:188} INFO - heyyyy
[2024-12-03T16:04:25.740+0000] {logging_mixin.py:188} INFO -                                          news_string  ...   timestamp
0  He’s 16 and hyped as Bolt’s successor – but Go...  ...  2024-12-03
1  Police disperse crowds with force in third str...  ...  2024-12-03
2  Koyo Kouoh appointed curator of 2026 Venice Bi...  ...  2024-12-03
3  Court rules former Nazi camp guard, 100, can f...  ...  2024-12-03
4  Meloni says Italy aims to protect jobs after C...  ...  2024-12-03

[5 rows x 6 columns]
[2024-12-03T16:04:25.820+0000] {logging_mixin.py:188} INFO - [('trump', 23), ('president', 14), ('biden', 14), ('law', 12), ('new', 12), ('says', 10), ('martial', 10), ('us', 10), ('world', 9), ('south', 8), ('deal', 8), ('government', 8), ('ukraine', 8), ('israel', 8), ('protests', 7), ('court', 7), ('gaza', 7), ('uk', 7), ('pardon', 7), ('ceasefire', 7)]
[2024-12-03T16:04:26.318+0000] {logging_mixin.py:188} INFO - Uploaded freq data
[2024-12-03T16:04:26.366+0000] {python.py:237} INFO - Done. Returned value was: None
[2024-12-03T16:04:26.367+0000] {taskinstance.py:441} INFO - ::group::Post task execution logs
[2024-12-03T16:04:26.375+0000] {taskinstance.py:1206} INFO - Marking task as SUCCESS. dag_id=news_dag, task_id=transform_and_load_op, run_id=manual__2024-12-03T16:04:08.646228+00:00, execution_date=20241203T160408, start_date=20241203T160421, end_date=20241203T160426
[2024-12-03T16:04:26.402+0000] {local_task_job_runner.py:243} INFO - Task exited with return code 0
[2024-12-03T16:04:26.420+0000] {taskinstance.py:3503} INFO - 1 downstream tasks scheduled from follow-on schedule check
[2024-12-03T16:04:26.421+0000] {local_task_job_runner.py:222} INFO - ::endgroup::
