[2024-11-11T15:33:00.370+0000] {local_task_job_runner.py:120} INFO - ::group::Pre task execution logs
[2024-11-11T15:33:00.380+0000] {taskinstance.py:2076} INFO - Dependencies all met for dep_context=non-requeueable deps ti=<TaskInstance: molecule_load_dag.extract_and_load_op manual__2024-11-11T15:32:59.651940+00:00 [queued]>
[2024-11-11T15:33:00.385+0000] {taskinstance.py:2076} INFO - Dependencies all met for dep_context=requeueable deps ti=<TaskInstance: molecule_load_dag.extract_and_load_op manual__2024-11-11T15:32:59.651940+00:00 [queued]>
[2024-11-11T15:33:00.385+0000] {taskinstance.py:2306} INFO - Starting attempt 1 of 1
[2024-11-11T15:33:00.393+0000] {taskinstance.py:2330} INFO - Executing <Task(PythonOperator): extract_and_load_op> on 2024-11-11 15:32:59.651940+00:00
[2024-11-11T15:33:00.399+0000] {standard_task_runner.py:90} INFO - Running: ['***', 'tasks', 'run', 'molecule_load_dag', 'extract_and_load_op', 'manual__2024-11-11T15:32:59.651940+00:00', '--job-id', '106', '--raw', '--subdir', 'DAGS_FOLDER/etl_dag.py', '--cfg-path', '/tmp/tmp9c8b4bwh']
[2024-11-11T15:33:00.401+0000] {standard_task_runner.py:91} INFO - Job 106: Subtask extract_and_load_op
[2024-11-11T15:33:00.401+0000] {logging_mixin.py:188} WARNING - /home/***/.local/lib/python3.12/site-packages/***/task/task_runner/standard_task_runner.py:62 DeprecationWarning: This process (pid=2037) is multi-threaded, use of fork() may lead to deadlocks in the child.
[2024-11-11T15:33:00.403+0000] {standard_task_runner.py:64} INFO - Started process 2038 to run task
[2024-11-11T15:33:00.428+0000] {task_command.py:426} INFO - Running <TaskInstance: molecule_load_dag.extract_and_load_op manual__2024-11-11T15:32:59.651940+00:00 [running]> on host 33ac3a22d0b5
[2024-11-11T15:33:00.481+0000] {taskinstance.py:2648} INFO - Exporting env vars: AIRFLOW_CTX_DAG_OWNER='***' AIRFLOW_CTX_DAG_ID='molecule_load_dag' AIRFLOW_CTX_TASK_ID='extract_and_load_op' AIRFLOW_CTX_EXECUTION_DATE='2024-11-11T15:32:59.651940+00:00' AIRFLOW_CTX_TRY_NUMBER='1' AIRFLOW_CTX_DAG_RUN_ID='manual__2024-11-11T15:32:59.651940+00:00'
[2024-11-11T15:33:00.482+0000] {taskinstance.py:430} INFO - ::endgroup::
[2024-11-11T15:33:01.331+0000] {taskinstance.py:441} INFO - ::group::Post task execution logs
[2024-11-11T15:33:01.332+0000] {taskinstance.py:2905} ERROR - Task failed with exception
Traceback (most recent call last):
  File "/home/airflow/.local/lib/python3.12/site-packages/airflow/models/taskinstance.py", line 465, in _execute_task
    result = _execute_callable(context=context, **execute_callable_kwargs)
             ^^^^^^^^^^^^^^^^^^^^^^^^^^^^^^^^^^^^^^^^^^^^^^^^^^^^^^^^^^^^^
  File "/home/airflow/.local/lib/python3.12/site-packages/airflow/models/taskinstance.py", line 432, in _execute_callable
    return execute_callable(context=context, **execute_callable_kwargs)
           ^^^^^^^^^^^^^^^^^^^^^^^^^^^^^^^^^^^^^^^^^^^^^^^^^^^^^^^^^^^^
  File "/home/airflow/.local/lib/python3.12/site-packages/airflow/models/baseoperator.py", line 401, in wrapper
    return func(self, *args, **kwargs)
           ^^^^^^^^^^^^^^^^^^^^^^^^^^^
  File "/home/airflow/.local/lib/python3.12/site-packages/airflow/operators/python.py", line 235, in execute
    return_value = self.execute_callable()
                   ^^^^^^^^^^^^^^^^^^^^^^^
  File "/home/airflow/.local/lib/python3.12/site-packages/airflow/operators/python.py", line 252, in execute_callable
    return self.python_callable(*self.op_args, **self.op_kwargs)
           ^^^^^^^^^^^^^^^^^^^^^^^^^^^^^^^^^^^^^^^^^^^^^^^^^^^^^
  File "/opt/airflow/plugins/utils/extract_and_load.py", line 16, in extract
    guardian_list = getGuardianNews("https://www.theguardian.com")
                    ^^^^^^^^^^^^^^^^^^^^^^^^^^^^^^^^^^^^^^^^^^^^^^
  File "/opt/airflow/plugins/data_utils/data_ingestor.py", line 34, in getGuardianNews
    soup = BeautifulSoup(html_content, 'html.parser')
                 ^^^^^^^^^^^^^^^^
NameError: name 'GoogleTranslator' is not defined
[2024-11-11T15:33:01.345+0000] {taskinstance.py:1206} INFO - Marking task as FAILED. dag_id=molecule_load_dag, task_id=extract_and_load_op, run_id=manual__2024-11-11T15:32:59.651940+00:00, execution_date=20241111T153259, start_date=20241111T153300, end_date=20241111T153301
[2024-11-11T15:33:01.353+0000] {standard_task_runner.py:110} ERROR - Failed to execute job 106 for task extract_and_load_op (name 'GoogleTranslator' is not defined; 2038)
[2024-11-11T15:33:01.385+0000] {local_task_job_runner.py:243} INFO - Task exited with return code 1
[2024-11-11T15:33:01.400+0000] {taskinstance.py:3503} INFO - 0 downstream tasks scheduled from follow-on schedule check
[2024-11-11T15:33:01.403+0000] {local_task_job_runner.py:222} INFO - ::endgroup::
