[2024-11-11T14:22:41.028+0000] {local_task_job_runner.py:120} INFO - ::group::Pre task execution logs
[2024-11-11T14:22:41.039+0000] {taskinstance.py:2076} INFO - Dependencies all met for dep_context=non-requeueable deps ti=<TaskInstance: molecule_load_dag.load_op manual__2024-11-11T14:22:34.797075+00:00 [queued]>
[2024-11-11T14:22:41.044+0000] {taskinstance.py:2076} INFO - Dependencies all met for dep_context=requeueable deps ti=<TaskInstance: molecule_load_dag.load_op manual__2024-11-11T14:22:34.797075+00:00 [queued]>
[2024-11-11T14:22:41.044+0000] {taskinstance.py:2306} INFO - Starting attempt 1 of 1
[2024-11-11T14:22:41.052+0000] {taskinstance.py:2330} INFO - Executing <Task(PythonOperator): load_op> on 2024-11-11 14:22:34.797075+00:00
[2024-11-11T14:22:41.058+0000] {standard_task_runner.py:90} INFO - Running: ['***', 'tasks', 'run', 'molecule_load_dag', 'load_op', 'manual__2024-11-11T14:22:34.797075+00:00', '--job-id', '86', '--raw', '--subdir', 'DAGS_FOLDER/etl_dag.py', '--cfg-path', '/tmp/tmp4dusj5jd']
[2024-11-11T14:22:41.061+0000] {standard_task_runner.py:91} INFO - Job 86: Subtask load_op
[2024-11-11T14:22:41.060+0000] {logging_mixin.py:188} WARNING - /home/***/.local/lib/python3.12/site-packages/***/task/task_runner/standard_task_runner.py:62 DeprecationWarning: This process (pid=465) is multi-threaded, use of fork() may lead to deadlocks in the child.
[2024-11-11T14:22:41.062+0000] {standard_task_runner.py:64} INFO - Started process 466 to run task
[2024-11-11T14:22:41.087+0000] {task_command.py:426} INFO - Running <TaskInstance: molecule_load_dag.load_op manual__2024-11-11T14:22:34.797075+00:00 [running]> on host 33ac3a22d0b5
[2024-11-11T14:22:41.138+0000] {taskinstance.py:2648} INFO - Exporting env vars: AIRFLOW_CTX_DAG_OWNER='***' AIRFLOW_CTX_DAG_ID='molecule_load_dag' AIRFLOW_CTX_TASK_ID='load_op' AIRFLOW_CTX_EXECUTION_DATE='2024-11-11T14:22:34.797075+00:00' AIRFLOW_CTX_TRY_NUMBER='1' AIRFLOW_CTX_DAG_RUN_ID='manual__2024-11-11T14:22:34.797075+00:00'
[2024-11-11T14:22:41.139+0000] {taskinstance.py:430} INFO - ::endgroup::
[2024-11-11T14:22:41.154+0000] {base.py:84} INFO - Using connection ID 'aws_connection' for task execution.
[2024-11-11T14:22:42.403+0000] {connection.py:274} WARNING - Connection schemes (type: google_cloud_platform) shall not contain '_' according to RFC3986.
[2024-11-11T14:22:42.404+0000] {base.py:84} INFO - Using connection ID 'gc_connection' for task execution.
[2024-11-11T14:22:42.467+0000] {logging_mixin.py:188} INFO - {'news_string': 'Harris heads to Texas as poll shows her tied with Trump at 48%', 'publisher': 'guardian', 'sentiment': 0.0, 'color': '(255, 239, 0)', 'timestamp': '2024-11-11'}
[2024-11-11T14:22:43.456+0000] {logging_mixin.py:188} INFO - {'news_string': 'Children among dead as 38 killed in Israeli attack on Khan Younis', 'publisher': 'guardian', 'sentiment': -0.9169, 'color': '(255, 0, 0)', 'timestamp': '2024-11-11'}
[2024-11-11T14:22:43.701+0000] {logging_mixin.py:188} INFO - {'news_string': 'King acknowledges ‘painful’ past as calls for slavery reparations grow at summit', 'publisher': 'guardian', 'sentiment': -0.7003, 'color': '(255, 0, 0)', 'timestamp': '2024-11-11'}
[2024-11-11T14:22:43.966+0000] {logging_mixin.py:188} INFO - {'news_string': 'Anti-hate group vows to continue work after Elon Musk’s declaration of ‘war’', 'publisher': 'guardian', 'sentiment': 0.0, 'color': '(255, 239, 0)', 'timestamp': '2024-11-11'}
[2024-11-11T14:22:44.226+0000] {logging_mixin.py:188} INFO - {'news_string': '‘Someone who destroyed my life’: rapper Shyne on Sean ‘Diddy’ Combs in new documentary', 'publisher': 'guardian', 'sentiment': -0.4939, 'color': '(255, 0, 0)', 'timestamp': '2024-11-11'}
[2024-11-11T14:22:44.479+0000] {logging_mixin.py:188} INFO - {'news_string': 'Legal bid for Ecuador forest to be recognised as song co-creator', 'publisher': 'guardian', 'sentiment': 0.128, 'color': '(222, 255, 0)', 'timestamp': '2024-11-11'}
[2024-11-11T14:22:44.719+0000] {logging_mixin.py:188} INFO - {'news_string': 'LA district attorney recommends resentencing for Menéndez brothers', 'publisher': 'guardian', 'sentiment': 0.2732, 'color': '(196, 255, 0)', 'timestamp': '2024-11-11'}
[2024-11-11T14:22:44.974+0000] {logging_mixin.py:188} INFO - {'news_string': '‘We have emotions too’: Climate scientists respond to attacks on objectivity', 'publisher': 'guardian', 'sentiment': -0.4404, 'color': '(255, 0, 0)', 'timestamp': '2024-11-11'}
[2024-11-11T14:22:45.220+0000] {logging_mixin.py:188} INFO - {'news_string': 'Sliver of cool surface water 2mm deep helps oceans absorb CO2, say scientists', 'publisher': 'guardian', 'sentiment': 0.5994, 'color': '(0, 255, 0)', 'timestamp': '2024-11-11'}
[2024-11-11T14:22:45.500+0000] {logging_mixin.py:188} INFO - {'news_string': 'Helen Mirren: it’s so sad Kurt Cobain died before GPS was invented', 'publisher': 'guardian', 'sentiment': -0.822, 'color': '(255, 0, 0)', 'timestamp': '2024-11-11'}
[2024-11-11T14:22:45.754+0000] {logging_mixin.py:188} INFO - {'news_string': 'Watershed moment as Georgia goes to polls in tussle between Russia and west', 'publisher': 'guardian', 'sentiment': 0.0, 'color': '(255, 239, 0)', 'timestamp': '2024-11-11'}
[2024-11-11T14:22:45.989+0000] {logging_mixin.py:188} INFO - {'news_string': '‘Blood alliance’: why South Korea fears North’s involvement in Ukraine war', 'publisher': 'guardian', 'sentiment': -0.7717, 'color': '(255, 0, 0)', 'timestamp': '2024-11-11'}
[2024-11-11T14:22:46.239+0000] {logging_mixin.py:188} INFO - {'news_string': 'High-stakes pension plebiscite could turn Uruguay’s election in to its ‘Brexit moment’', 'publisher': 'guardian', 'sentiment': 0.0, 'color': '(255, 239, 0)', 'timestamp': '2024-11-11'}
[2024-11-11T14:22:46.488+0000] {logging_mixin.py:188} INFO - {'news_string': 'Lady Gaga: Disease review – a return to form, and to her classic sound', 'publisher': 'guardian', 'sentiment': 0.0, 'color': '(255, 239, 0)', 'timestamp': '2024-11-11'}
[2024-11-11T14:22:46.739+0000] {logging_mixin.py:188} INFO - {'news_string': 'Should my flatmate stop drying her underwear on our radiators?', 'publisher': 'guardian', 'sentiment': -0.296, 'color': '(255, 94, 0)', 'timestamp': '2024-11-11'}
[2024-11-11T14:22:46.981+0000] {logging_mixin.py:188} INFO - {'news_string': 'Hellah Sidibe: the pioneering ultrarunner who was once scared of running', 'publisher': 'guardian', 'sentiment': -0.4404, 'color': '(255, 0, 0)', 'timestamp': '2024-11-11'}
[2024-11-11T14:22:47.239+0000] {logging_mixin.py:188} INFO - {'news_string': '‘It’s going to be much darker’: inside the deadly return of TV masterpiece Wolf Hall', 'publisher': 'guardian', 'sentiment': 0.6249, 'color': '(0, 255, 0)', 'timestamp': '2024-11-11'}
[2024-11-11T14:22:47.464+0000] {logging_mixin.py:188} INFO - {'news_string': '‘Who am I voting for? America!’ Chris Stapleton on patriotism, politics and being country’s great crossover star', 'publisher': 'guardian', 'sentiment': 0.6588, 'color': '(0, 255, 0)', 'timestamp': '2024-11-11'}
[2024-11-11T14:22:47.715+0000] {logging_mixin.py:188} INFO - {'news_string': 'I do hair and makeup for the dead', 'publisher': 'guardian', 'sentiment': -0.6486, 'color': '(255, 0, 0)', 'timestamp': '2024-11-11'}
[2024-11-11T14:22:47.967+0000] {logging_mixin.py:188} INFO - {'news_string': 'Kate Bush: Little Shrew review – this devastating film will make you weep at war’s violence against children', 'publisher': 'guardian', 'sentiment': -0.9288, 'color': '(255, 0, 0)', 'timestamp': '2024-11-11'}
[2024-11-11T14:22:48.226+0000] {logging_mixin.py:188} INFO - {'news_string': 'Growth the size of a melon: a scrotum-swelling disease threatening thousands', 'publisher': 'guardian', 'sentiment': -0.2023, 'color': '(255, 94, 0)', 'timestamp': '2024-11-11'}
[2024-11-11T14:22:48.495+0000] {logging_mixin.py:188} INFO - {'news_string': 'The US election interference row tells us this: Starmer’s political compass urgently needs resetting', 'publisher': 'guardian', 'sentiment': 0.0, 'color': '(255, 239, 0)', 'timestamp': '2024-11-11'}
[2024-11-11T14:22:48.731+0000] {logging_mixin.py:188} INFO - {'news_string': 'Don’t ‘boy mum’ me. These stereotypes around raising children do enormous harm', 'publisher': 'guardian', 'sentiment': -0.5423, 'color': '(255, 0, 0)', 'timestamp': '2024-11-11'}
[2024-11-11T14:22:49.252+0000] {logging_mixin.py:188} INFO - {'news_string': 'A prime minister defending immigration? It can happen. It just did here in Spain', 'publisher': 'guardian', 'sentiment': 0.0, 'color': '(255, 239, 0)', 'timestamp': '2024-11-11'}
[2024-11-11T14:22:49.507+0000] {logging_mixin.py:188} INFO - {'news_string': 'If Civilization is falling apart, I might as well control it myself', 'publisher': 'guardian', 'sentiment': 0.128, 'color': '(222, 255, 0)', 'timestamp': '2024-11-11'}
[2024-11-11T14:22:49.773+0000] {logging_mixin.py:188} INFO - {'news_string': 'The corporate takeover of ‘craft beer’ leaves a nasty taste in the mouth', 'publisher': 'guardian', 'sentiment': -0.5574, 'color': '(255, 0, 0)', 'timestamp': '2024-11-11'}
[2024-11-11T14:22:50.013+0000] {logging_mixin.py:188} INFO - {'news_string': 'Obama fan-boys Eminem, American Airlines gets tough on ‘gate lice’', 'publisher': 'guardian', 'sentiment': -0.128, 'color': '(255, 179, 0)', 'timestamp': '2024-11-11'}
[2024-11-11T14:22:50.269+0000] {logging_mixin.py:188} INFO - {'news_string': 'Pakistan turn tide on England with Saud century and late wickets', 'publisher': 'guardian', 'sentiment': 0.0, 'color': '(255, 239, 0)', 'timestamp': '2024-11-11'}
[2024-11-11T14:22:50.505+0000] {logging_mixin.py:188} INFO - {'news_string': 'England v Germany buildup, Premier League news and Europa League reaction', 'publisher': 'guardian', 'sentiment': 0.0, 'color': '(255, 239, 0)', 'timestamp': '2024-11-11'}
[2024-11-11T14:22:50.766+0000] {logging_mixin.py:188} INFO - {'news_string': 'Data, repeat viewings and gut feeling: how Liverpool signed Firmino', 'publisher': 'guardian', 'sentiment': 0.128, 'color': '(222, 255, 0)', 'timestamp': '2024-11-11'}
[2024-11-11T14:22:51.021+0000] {logging_mixin.py:188} INFO - {'news_string': 'Will the Yankees or Dodgers win east v west coast heavyweight clash?', 'publisher': 'guardian', 'sentiment': 0.5859, 'color': '(0, 255, 0)', 'timestamp': '2024-11-11'}
[2024-11-11T14:22:51.259+0000] {logging_mixin.py:188} INFO - {'news_string': 'Howe tells Alexander Isak to ‘focus on football’ not a new deal', 'publisher': 'guardian', 'sentiment': 0.0, 'color': '(255, 239, 0)', 'timestamp': '2024-11-11'}
[2024-11-11T14:22:51.498+0000] {logging_mixin.py:188} INFO - {'news_string': 'Pressure on Steidten and Lopetegui as West Ham revamp stalls', 'publisher': 'guardian', 'sentiment': -0.296, 'color': '(255, 94, 0)', 'timestamp': '2024-11-11'}
[2024-11-11T14:22:51.753+0000] {logging_mixin.py:188} INFO - {'news_string': '10 things to look out for this weekend as Liverpool visit Arsenal', 'publisher': 'guardian', 'sentiment': 0.0, 'color': '(255, 239, 0)', 'timestamp': '2024-11-11'}
[2024-11-11T14:22:52.026+0000] {logging_mixin.py:188} INFO - {'news_string': 'Mancini walks away from Saudi Arabia after 14 months as coach ', 'publisher': 'guardian', 'sentiment': 0.0, 'color': '(255, 239, 0)', 'timestamp': '2024-11-11'}
[2024-11-11T14:22:52.282+0000] {logging_mixin.py:188} INFO - {'news_string': 'Tropical storm season in full swing in Indian and Pacific oceans', 'publisher': 'guardian', 'sentiment': 0.0, 'color': '(255, 239, 0)', 'timestamp': '2024-11-11'}
[2024-11-11T14:22:52.573+0000] {logging_mixin.py:188} INFO - {'news_string': '‘Crunch time for real’: UN says time for climate delays has run out', 'publisher': 'guardian', 'sentiment': 0.0, 'color': '(255, 239, 0)', 'timestamp': '2024-11-11'}
[2024-11-11T14:22:52.800+0000] {logging_mixin.py:188} INFO - {'news_string': 'Hawaii sets rules to stop spread of tree-killing coconut rhinoceros beetles', 'publisher': 'guardian', 'sentiment': -0.296, 'color': '(255, 94, 0)', 'timestamp': '2024-11-11'}
[2024-11-11T14:22:53.043+0000] {logging_mixin.py:188} INFO - {'news_string': 'US power grid added battery equivalent of 20 nuclear reactors in past four years', 'publisher': 'guardian', 'sentiment': 0.0, 'color': '(255, 239, 0)', 'timestamp': '2024-11-11'}
[2024-11-11T14:22:53.289+0000] {logging_mixin.py:188} INFO - {'news_string': 'Where do Harris and Trump stand on the key election issues?', 'publisher': 'guardian', 'sentiment': 0.0, 'color': '(255, 239, 0)', 'timestamp': '2024-11-11'}
[2024-11-11T14:22:53.554+0000] {logging_mixin.py:188} INFO - {'news_string': 'I visited JD Vance’s hometown. Here’s what I learned about young male voters', 'publisher': 'guardian', 'sentiment': 0.0, 'color': '(255, 239, 0)', 'timestamp': '2024-11-11'}
[2024-11-11T14:22:53.809+0000] {logging_mixin.py:188} INFO - {'news_string': 'If Trump wins the election, this is what’s at stake for gun control', 'publisher': 'guardian', 'sentiment': 0.3182, 'color': '(0, 255, 0)', 'timestamp': '2024-11-11'}
[2024-11-11T14:22:54.051+0000] {logging_mixin.py:188} INFO - {'news_string': 'Nobel prize winners endorse Harris and warn Trump would endanger future of science', 'publisher': 'guardian', 'sentiment': 0.8074, 'color': '(0, 255, 0)', 'timestamp': '2024-11-11'}
[2024-11-11T14:22:54.306+0000] {logging_mixin.py:188} INFO - {'news_string': '‘Ours is a fight for the future’: Harris and Obama share stage for first time at Georgia rally', 'publisher': 'guardian', 'sentiment': -0.1027, 'color': '(255, 179, 0)', 'timestamp': '2024-11-11'}
[2024-11-11T14:22:54.560+0000] {logging_mixin.py:188} INFO - {'news_string': '‘Inhumane and wicked’: anguish over Italy’s expanded surrogacy ban', 'publisher': 'guardian', 'sentiment': -0.8176, 'color': '(255, 0, 0)', 'timestamp': '2024-11-11'}
[2024-11-11T14:22:54.815+0000] {logging_mixin.py:188} INFO - {'news_string': 'Putin does not deny North Korea has sent soldiers to Russia', 'publisher': 'guardian', 'sentiment': 0.2584, 'color': '(196, 255, 0)', 'timestamp': '2024-11-11'}
[2024-11-11T14:22:55.040+0000] {logging_mixin.py:188} INFO - {'news_string': 'Justin Trudeau insists he will lead Liberals into next election amid dissent', 'publisher': 'guardian', 'sentiment': 0.0, 'color': '(255, 239, 0)', 'timestamp': '2024-11-11'}
[2024-11-11T14:22:55.300+0000] {logging_mixin.py:188} INFO - {'news_string': 'Israel’s plan to ban Unrwa from accessing Gaza marks new low in its relations with UN', 'publisher': 'guardian', 'sentiment': -0.6908, 'color': '(255, 0, 0)', 'timestamp': '2024-11-11'}
[2024-11-11T14:22:55.559+0000] {logging_mixin.py:188} INFO - {'news_string': '‘Sherpas are rarely seen as elite athletes’: record-breaking teenager’s fight for equality', 'publisher': 'guardian', 'sentiment': -0.3818, 'color': '(255, 0, 0)', 'timestamp': '2024-11-11'}
[2024-11-11T14:22:55.793+0000] {logging_mixin.py:188} INFO - {'news_string': 'UK consumers in ‘a despondent mood’ ahead of the budget; pound on track for worst month in a year  ', 'publisher': 'guardian', 'sentiment': -0.802, 'color': '(255, 0, 0)', 'timestamp': '2024-11-11'}
[2024-11-11T14:22:56.042+0000] {logging_mixin.py:188} INFO - {'news_string': 'Gambling poses huge global threat to public health, experts warn', 'publisher': 'guardian', 'sentiment': -0.3612, 'color': '(255, 0, 0)', 'timestamp': '2024-11-11'}
[2024-11-11T14:22:56.291+0000] {logging_mixin.py:188} INFO - {'news_string': 'Astronauts return from nearly eight months on ISS after Starliner problems', 'publisher': 'guardian', 'sentiment': -0.4019, 'color': '(255, 0, 0)', 'timestamp': '2024-11-11'}
[2024-11-11T14:22:56.520+0000] {logging_mixin.py:188} INFO - {'news_string': 'Limits on testing for bird flu in humans could pose difficulty for containing spread', 'publisher': 'guardian', 'sentiment': -0.6124, 'color': '(255, 0, 0)', 'timestamp': '2024-11-11'}
[2024-11-11T14:22:56.784+0000] {logging_mixin.py:188} INFO - {'news_string': 'Raye loses songwriting books for second album in car theft', 'publisher': 'guardian', 'sentiment': -0.3182, 'color': '(255, 0, 0)', 'timestamp': '2024-11-11'}
[2024-11-11T14:22:57.042+0000] {logging_mixin.py:188} INFO - {'news_string': 'Kate Bush shares plans to make new music: ‘I’ve got lots of ideas’', 'publisher': 'guardian', 'sentiment': 0.296, 'color': '(196, 255, 0)', 'timestamp': '2024-11-11'}
[2024-11-11T14:22:57.290+0000] {logging_mixin.py:188} INFO - {'news_string': 'Letters by Oliver Sacks review – science, sex and motorcycles', 'publisher': 'guardian', 'sentiment': 0.0, 'color': '(255, 239, 0)', 'timestamp': '2024-11-11'}
[2024-11-11T14:22:57.531+0000] {logging_mixin.py:188} INFO - {'news_string': 'Before review – Billy Crystal’s move into horror is brilliant', 'publisher': 'guardian', 'sentiment': 0.0258, 'color': '(222, 255, 0)', 'timestamp': '2024-11-11'}
[2024-11-11T14:22:57.761+0000] {logging_mixin.py:188} INFO - {'news_string': 'Lissa Evans: ‘Charlotte’s Web had me beside myself with rage and disbelief’', 'publisher': 'guardian', 'sentiment': -0.5574, 'color': '(255, 0, 0)', 'timestamp': '2024-11-11'}
[2024-11-11T14:22:58.019+0000] {logging_mixin.py:188} INFO - {'news_string': 'Children’s and teens roundup – the best new picture books and novels', 'publisher': 'guardian', 'sentiment': 0.6369, 'color': '(0, 255, 0)', 'timestamp': '2024-11-11'}
[2024-11-11T14:22:58.673+0000] {logging_mixin.py:188} INFO - {'news_string': '‘I stood on the sunny hilltop imagining I was a Roman’: readers’ favourite ancient sites in Europe', 'publisher': 'guardian', 'sentiment': 0.4215, 'color': '(0, 255, 0)', 'timestamp': '2024-11-11'}
[2024-11-11T14:22:58.931+0000] {logging_mixin.py:188} INFO - {'news_string': 'On a group holiday we realised we had feelings for each other', 'publisher': 'guardian', 'sentiment': 0.4019, 'color': '(0, 255, 0)', 'timestamp': '2024-11-11'}
[2024-11-11T14:22:59.203+0000] {logging_mixin.py:188} INFO - {'news_string': '‘Oh, look at the lovely gammon!’ The National Trust’s new woke trail ', 'publisher': 'guardian', 'sentiment': 0.6239, 'color': '(0, 255, 0)', 'timestamp': '2024-11-11'}
[2024-11-11T14:22:59.451+0000] {logging_mixin.py:188} INFO - {'news_string': 'Time for action on my maturing veg patch. First job? Tackle the rhubarb', 'publisher': 'guardian', 'sentiment': 0.0, 'color': '(255, 239, 0)', 'timestamp': '2024-11-11'}
[2024-11-11T14:22:59.696+0000] {logging_mixin.py:188} INFO - {'news_string': 'Out with the bats, in with the brats: 7 Halloween costumes that lean into the zeitgeist', 'publisher': 'guardian', 'sentiment': 0.0, 'color': '(255, 239, 0)', 'timestamp': '2024-11-11'}
[2024-11-11T14:22:59.946+0000] {logging_mixin.py:188} INFO - {'news_string': 'He did give me pause for thought about whether my position might be too extreme', 'publisher': 'guardian', 'sentiment': 0.0, 'color': '(255, 239, 0)', 'timestamp': '2024-11-11'}
[2024-11-11T14:23:00.209+0000] {logging_mixin.py:188} INFO - {'news_string': 'Share your experience of being a runner for film or TV', 'publisher': 'guardian', 'sentiment': 0.296, 'color': '(196, 255, 0)', 'timestamp': '2024-11-11'}
[2024-11-11T14:23:00.458+0000] {logging_mixin.py:188} INFO - {'news_string': 'How has Microsoft Excel become part of your life? ', 'publisher': 'guardian', 'sentiment': 0.4588, 'color': '(0, 255, 0)', 'timestamp': '2024-11-11'}
[2024-11-11T14:23:00.699+0000] {logging_mixin.py:188} INFO - {'news_string': 'How have you been affected by the recent violence?', 'publisher': 'guardian', 'sentiment': -0.6908, 'color': '(255, 0, 0)', 'timestamp': '2024-11-11'}
[2024-11-11T14:23:00.932+0000] {logging_mixin.py:188} INFO - {'news_string': 'Tell us your experience with Australia’s housing affordability crisis', 'publisher': 'guardian', 'sentiment': -0.6249, 'color': '(255, 0, 0)', 'timestamp': '2024-11-11'}
[2024-11-11T14:23:01.191+0000] {logging_mixin.py:188} INFO - {'news_string': 'Which disease-modifying Alzheimer’s drugs are the most promising?', 'publisher': 'guardian', 'sentiment': 0.4576, 'color': '(0, 255, 0)', 'timestamp': '2024-11-11'}
[2024-11-11T14:23:01.447+0000] {logging_mixin.py:188} INFO - {'news_string': 'Polls show historic gender split between Trump and Harris voters', 'publisher': 'guardian', 'sentiment': 0.0, 'color': '(255, 239, 0)', 'timestamp': '2024-11-11'}
[2024-11-11T14:23:01.695+0000] {logging_mixin.py:188} INFO - {'news_string': 'Growth the size of a melon: a scrotum-swelling disease threatening thousands', 'publisher': 'guardian', 'sentiment': -0.2023, 'color': '(255, 94, 0)', 'timestamp': '2024-11-11'}
[2024-11-11T14:23:01.946+0000] {logging_mixin.py:188} INFO - {'news_string': 'This race could affect Pennsylvanians more than the presidential election. Can Democrats win?', 'publisher': 'guardian', 'sentiment': 0.5859, 'color': '(0, 255, 0)', 'timestamp': '2024-11-11'}
[2024-11-11T14:23:02.209+0000] {logging_mixin.py:188} INFO - {'news_string': 'What we’ve learned so far from the Lucy Letby inquiry: ‘cold’ character, missed opportunities and staff shortages', 'publisher': 'guardian', 'sentiment': -0.0516, 'color': '(255, 179, 0)', 'timestamp': '2024-11-11'}
[2024-11-11T14:23:02.453+0000] {logging_mixin.py:188} INFO - {'news_string': 'An unlikely Oakland mayor is fighting for political survival amid a billionaire-backed recall', 'publisher': 'guardian', 'sentiment': -0.3612, 'color': '(255, 0, 0)', 'timestamp': '2024-11-11'}
[2024-11-11T14:23:02.713+0000] {logging_mixin.py:188} INFO - {'news_string': '‘We don’t know where the tipping point is’: climate expert on potential collapse of Atlantic circulation', 'publisher': 'guardian', 'sentiment': -0.4939, 'color': '(255, 0, 0)', 'timestamp': '2024-11-11'}
[2024-11-11T14:23:02.958+0000] {logging_mixin.py:188} INFO - {'news_string': '‘An apology is free’: experts on the UK’s approach to slavery reparations', 'publisher': 'guardian', 'sentiment': -0.6808, 'color': '(255, 0, 0)', 'timestamp': '2024-11-11'}
[2024-11-11T14:23:03.195+0000] {logging_mixin.py:188} INFO - {'news_string': '‘I don’t have much hope for a Harris presidency’: Ta-Nehisi Coates on Israeli apartheid and what the media gets wrong about Palestine', 'publisher': 'guardian', 'sentiment': -0.0516, 'color': '(255, 179, 0)', 'timestamp': '2024-11-11'}
[2024-11-11T14:23:03.439+0000] {logging_mixin.py:188} INFO - {'news_string': 'What does Elon Musk want from all this politicking?', 'publisher': 'guardian', 'sentiment': 0.0772, 'color': '(222, 255, 0)', 'timestamp': '2024-11-11'}
[2024-11-11T14:23:03.682+0000] {logging_mixin.py:188} INFO - {'news_string': 'The trial of Björn Höcke, the ‘real boss’ of Germany’s far right – podcast', 'publisher': 'guardian', 'sentiment': 0.0, 'color': '(255, 239, 0)', 'timestamp': '2024-11-11'}
[2024-11-11T14:23:03.931+0000] {logging_mixin.py:188} INFO - {'news_string': 'Why Elon Musk needs Donald Trump to win – podcast', 'publisher': 'guardian', 'sentiment': 0.5859, 'color': '(0, 255, 0)', 'timestamp': '2024-11-11'}
[2024-11-11T14:23:04.198+0000] {logging_mixin.py:188} INFO - {'news_string': 'Undercover inside a ‘scientific racism’ network – podcast', 'publisher': 'guardian', 'sentiment': 0.0, 'color': '(255, 239, 0)', 'timestamp': '2024-11-11'}
[2024-11-11T14:23:04.447+0000] {logging_mixin.py:188} INFO - {'news_string': 'US election extra: Pennsylvania in the balance – podcast', 'publisher': 'guardian', 'sentiment': 0.0, 'color': '(255, 239, 0)', 'timestamp': '2024-11-11'}
[2024-11-11T14:23:04.679+0000] {logging_mixin.py:188} INFO - {'news_string': 'Haaland goes full Matrix and a belter in Barcelona – Football Weekly Extra', 'publisher': 'guardian', 'sentiment': 0.0, 'color': '(255, 239, 0)', 'timestamp': '2024-11-11'}
[2024-11-11T14:23:04.910+0000] {logging_mixin.py:188} INFO - {'news_string': 'What’s at stake for the climate if Trump wins? – podcast', 'publisher': 'guardian', 'sentiment': 0.5719, 'color': '(0, 255, 0)', 'timestamp': '2024-11-11'}
[2024-11-11T14:23:05.176+0000] {logging_mixin.py:188} INFO - {'news_string': 'On the road in Birmingham: can the budget save this bankrupt city – Politics Weekly UK', 'publisher': 'guardian', 'sentiment': -0.2617, 'color': '(255, 94, 0)', 'timestamp': '2024-11-11'}
[2024-11-11T14:23:05.426+0000] {logging_mixin.py:188} INFO - {'news_string': "'Love me some Eminem': Obama raps on stage at Harris campaign rally ", 'publisher': 'guardian', 'sentiment': 0.6369, 'color': '(0, 255, 0)', 'timestamp': '2024-11-11'}
[2024-11-11T14:23:05.665+0000] {logging_mixin.py:188} INFO - {'news_string': 'Video shows moment Beirut building is flattened in an Israeli strike', 'publisher': 'guardian', 'sentiment': -0.128, 'color': '(255, 179, 0)', 'timestamp': '2024-11-11'}
[2024-11-11T14:23:05.930+0000] {logging_mixin.py:188} INFO - {'news_string': "'Europe is not paradise': one man's mission to stop Senegal’s youth dying at sea ", 'publisher': 'guardian', 'sentiment': -0.296, 'color': '(255, 94, 0)', 'timestamp': '2024-11-11'}
[2024-11-11T14:23:06.180+0000] {logging_mixin.py:188} INFO - {'news_string': 'King Charles and Queen Camilla touch down in Australia for royal tour', 'publisher': 'guardian', 'sentiment': 0.0, 'color': '(255, 239, 0)', 'timestamp': '2024-11-11'}
[2024-11-11T14:23:06.450+0000] {logging_mixin.py:188} INFO - {'news_string': 'A night of light and a giant maze', 'publisher': 'guardian', 'sentiment': 0.0, 'color': '(255, 239, 0)', 'timestamp': '2024-11-11'}
[2024-11-11T14:23:06.706+0000] {logging_mixin.py:188} INFO - {'news_string': '‘Pole of Cold’: life in the coldest inhabited village on Earth – photo essay', 'publisher': 'guardian', 'sentiment': 0.0, 'color': '(255, 239, 0)', 'timestamp': '2024-11-11'}
[2024-11-11T14:23:06.947+0000] {logging_mixin.py:188} INFO - {'news_string': 'King Charles and Queen Camilla receive royal welcome in Samoa ', 'publisher': 'guardian', 'sentiment': 0.4588, 'color': '(0, 255, 0)', 'timestamp': '2024-11-11'}
[2024-11-11T14:23:07.207+0000] {logging_mixin.py:188} INFO - {'news_string': 'Fabricating life in the Japanese village of Ichinono ', 'publisher': 'guardian', 'sentiment': 0.0, 'color': '(255, 239, 0)', 'timestamp': '2024-11-11'}
[2024-11-11T14:23:07.483+0000] {logging_mixin.py:188} INFO - {'news_string': 'Cosy cottages for autumn for sale ', 'publisher': 'guardian', 'sentiment': 0.0, 'color': '(255, 239, 0)', 'timestamp': '2024-11-11'}
[2024-11-11T14:23:07.729+0000] {logging_mixin.py:188} INFO - {'news_string': 'Jaguar cuddles, a supermarket cockatoo and a seal in Canary Wharf', 'publisher': 'guardian', 'sentiment': 0.0, 'color': '(255, 239, 0)', 'timestamp': '2024-11-11'}
[2024-11-11T14:23:07.969+0000] {logging_mixin.py:188} INFO - {'news_string': 'Harris and Trump Deadlocked to the End, Final Times/Siena National Poll Finds', 'publisher': 'nytimes', 'sentiment': 0.0, 'color': '(255, 239, 0)', 'timestamp': '2024-11-11'}
[2024-11-11T14:23:08.234+0000] {logging_mixin.py:188} INFO - {'news_string': 'Could Donald Trump Win the Popular Vote but Lose the Electoral College?', 'publisher': 'nytimes', 'sentiment': -0.0644, 'color': '(255, 179, 0)', 'timestamp': '2024-11-11'}
[2024-11-11T14:23:08.488+0000] {logging_mixin.py:188} INFO - {'news_string': 'Harris, Trump and Allies Spend Over a Half-Billion Dollars in 16 Days', 'publisher': 'nytimes', 'sentiment': 0.0, 'color': '(255, 239, 0)', 'timestamp': '2024-11-11'}
[2024-11-11T14:23:08.737+0000] {logging_mixin.py:188} INFO - {'news_string': 'U.S. Bond Market Braces for the ‘Trump Trade’ of Large Tariffs and Deficits', 'publisher': 'nytimes', 'sentiment': 0.0, 'color': '(255, 239, 0)', 'timestamp': '2024-11-11'}
[2024-11-11T14:23:08.997+0000] {logging_mixin.py:188} INFO - {'news_string': 'Obama Rallies With Harris for First Time, to the Chords of Bruce Springsteen', 'publisher': 'nytimes', 'sentiment': 0.0, 'color': '(255, 239, 0)', 'timestamp': '2024-11-11'}
[2024-11-11T14:23:09.248+0000] {logging_mixin.py:188} INFO - {'news_string': 'Trump to Appear on Joe Rogan’s Podcast as Harris Visits Brené Brown’s Show', 'publisher': 'nytimes', 'sentiment': 0.0, 'color': '(255, 239, 0)', 'timestamp': '2024-11-11'}
[2024-11-11T14:23:09.497+0000] {logging_mixin.py:188} INFO - {'news_string': 'Why Harris (With Beyoncé in Tow) Is Heading to Solidly Red Texas', 'publisher': 'nytimes', 'sentiment': 0.0, 'color': '(255, 239, 0)', 'timestamp': '2024-11-11'}
[2024-11-11T14:23:09.727+0000] {logging_mixin.py:188} INFO - {'news_string': 'Poll Shows Dead Heat, Biden to Apologize for Native American School Abuses, and More', 'publisher': 'nytimes', 'sentiment': -0.8176, 'color': '(255, 0, 0)', 'timestamp': '2024-11-11'}
[2024-11-11T14:23:09.985+0000] {logging_mixin.py:188} INFO - {'news_string': 'The Army of Election Officials Ready to Reject the Vote', 'publisher': 'nytimes', 'sentiment': -0.0516, 'color': '(255, 179, 0)', 'timestamp': '2024-11-11'}
[2024-11-11T14:23:10.241+0000] {logging_mixin.py:188} INFO - {'news_string': 'What to Know About the Looming Election Certification Crisis', 'publisher': 'nytimes', 'sentiment': -0.6808, 'color': '(255, 0, 0)', 'timestamp': '2024-11-11'}
[2024-11-11T14:23:10.453+0000] {logging_mixin.py:188} INFO - {'news_string': 'The Other War for These Gazans Is Against Cancer', 'publisher': 'nytimes', 'sentiment': -0.8519, 'color': '(255, 0, 0)', 'timestamp': '2024-11-11'}
[2024-11-11T14:23:10.712+0000] {logging_mixin.py:188} INFO - {'news_string': 'Deadly Israeli Strikes Hit Southern Gaza, Health Officials Say', 'publisher': 'nytimes', 'sentiment': -0.3612, 'color': '(255, 0, 0)', 'timestamp': '2024-11-11'}
[2024-11-11T14:23:10.960+0000] {logging_mixin.py:188} INFO - {'news_string': 'Iran Is Preparing for War With Israel, but Hoping to Avert It', 'publisher': 'nytimes', 'sentiment': 0.0516, 'color': '(222, 255, 0)', 'timestamp': '2024-11-11'}
[2024-11-11T14:23:11.195+0000] {logging_mixin.py:188} INFO - {'news_string': 'Why M.L.B. May Finally Have Its Own Version of Magic Johnson vs. Larry Bird', 'publisher': 'nytimes', 'sentiment': 0.0, 'color': '(255, 239, 0)', 'timestamp': '2024-11-11'}
[2024-11-11T14:23:11.461+0000] {logging_mixin.py:188} INFO - {'news_string': 'Yankees or Dodgers? Our Experts Predict the World Series.', 'publisher': 'nytimes', 'sentiment': 0.0, 'color': '(255, 239, 0)', 'timestamp': '2024-11-11'}
[2024-11-11T14:23:11.716+0000] {logging_mixin.py:188} INFO - {'news_string': 'Why Is North Korea Deploying Troops to Help Russia? Here’s What to Know.', 'publisher': 'nytimes', 'sentiment': 0.4019, 'color': '(0, 255, 0)', 'timestamp': '2024-11-11'}
[2024-11-11T14:23:11.963+0000] {logging_mixin.py:188} INFO - {'news_string': 'Georgia’s Election Could Decide Whether the Country Pivots East or West', 'publisher': 'nytimes', 'sentiment': 0.0, 'color': '(255, 239, 0)', 'timestamp': '2024-11-11'}
[2024-11-11T14:23:12.185+0000] {logging_mixin.py:188} INFO - {'news_string': 'How a Campaign of Fear Has Shaken Canada’s Sikhs', 'publisher': 'nytimes', 'sentiment': -0.5423, 'color': '(255, 0, 0)', 'timestamp': '2024-11-11'}
[2024-11-11T14:23:12.450+0000] {logging_mixin.py:188} INFO - {'news_string': 'The Crypto Website Where the Election Odds Swing in Trump’s Favor', 'publisher': 'nytimes', 'sentiment': 0.4019, 'color': '(0, 255, 0)', 'timestamp': '2024-11-11'}
[2024-11-11T14:23:12.696+0000] {logging_mixin.py:188} INFO - {'news_string': 'Betting Markets Favor Trump. But Their Record of Accuracy Is Mixed.', 'publisher': 'nytimes', 'sentiment': 0.2144, 'color': '(196, 255, 0)', 'timestamp': '2024-11-11'}
[2024-11-11T14:23:12.962+0000] {logging_mixin.py:188} INFO - {'news_string': 'Malaria Is Surging in Ethiopia, Reversing a Decade of Progress ', 'publisher': 'nytimes', 'sentiment': 0.4215, 'color': '(0, 255, 0)', 'timestamp': '2024-11-11'}
[2024-11-11T14:23:13.222+0000] {logging_mixin.py:188} INFO - {'news_string': 'Attacks on L.G.B.T.Q. People Shake Sense of Security in Ivory Coast', 'publisher': 'nytimes', 'sentiment': -0.296, 'color': '(255, 94, 0)', 'timestamp': '2024-11-11'}
[2024-11-11T14:23:13.458+0000] {logging_mixin.py:188} INFO - {'news_string': '‘Conclave’: A Fly on the Wall Inside the Secret Process to Elect a Pope', 'publisher': 'nytimes', 'sentiment': 0.0, 'color': '(255, 239, 0)', 'timestamp': '2024-11-11'}
[2024-11-11T14:23:13.714+0000] {logging_mixin.py:188} INFO - {'news_string': 'Serpents and Doves Run Amok in the Vatican', 'publisher': 'nytimes', 'sentiment': 0.0, 'color': '(255, 239, 0)', 'timestamp': '2024-11-11'}
[2024-11-11T14:23:13.959+0000] {logging_mixin.py:188} INFO - {'news_string': 'Watch Ralph Fiennes Deliver a Startling Speech in ‘Conclave’', 'publisher': 'nytimes', 'sentiment': 0.0772, 'color': '(222, 255, 0)', 'timestamp': '2024-11-11'}
[2024-11-11T14:23:14.194+0000] {logging_mixin.py:188} INFO - {'news_string': 'A Poem Hitches a Ride on a Rocket, to Infinity and Beyond', 'publisher': 'nytimes', 'sentiment': 0.0, 'color': '(255, 239, 0)', 'timestamp': '2024-11-11'}
[2024-11-11T14:23:14.451+0000] {logging_mixin.py:188} INFO - {'news_string': 'In this 2011 essay, a 39-year-old woman is asked by a date, “What’s wrong with you?”', 'publisher': 'nytimes', 'sentiment': -0.4767, 'color': '(255, 0, 0)', 'timestamp': '2024-11-11'}
[2024-11-11T14:23:14.705+0000] {logging_mixin.py:188} INFO - {'news_string': 'This giant jam bun makes a party out of teatime.', 'publisher': 'nytimes', 'sentiment': 0.4019, 'color': '(0, 255, 0)', 'timestamp': '2024-11-11'}
[2024-11-11T14:23:14.965+0000] {logging_mixin.py:188} INFO - {'news_string': 'The sisters behind “Nobody Wants This” are in high demand.', 'publisher': 'nytimes', 'sentiment': -0.128, 'color': '(255, 179, 0)', 'timestamp': '2024-11-11'}
[2024-11-11T14:23:15.224+0000] {logging_mixin.py:188} INFO - {'news_string': 'Is there a feud between Martha Stewart and Ina Garten?', 'publisher': 'nytimes', 'sentiment': -0.34, 'color': '(255, 0, 0)', 'timestamp': '2024-11-11'}
[2024-11-11T14:23:15.475+0000] {logging_mixin.py:188} INFO - {'news_string': 'The Editorial Board', 'publisher': 'nytimes', 'sentiment': 0.0, 'color': '(255, 239, 0)', 'timestamp': '2024-11-11'}
[2024-11-11T14:23:15.709+0000] {logging_mixin.py:188} INFO - {'news_string': 'Trump Is Telling Us What He Would Do. Believe Him.', 'publisher': 'nytimes', 'sentiment': 0.0, 'color': '(255, 239, 0)', 'timestamp': '2024-11-11'}
[2024-11-11T14:23:15.943+0000] {logging_mixin.py:188} INFO - {'news_string': 'Don Jr. Is Making Plans', 'publisher': 'nytimes', 'sentiment': 0.0, 'color': '(255, 239, 0)', 'timestamp': '2024-11-11'}
[2024-11-11T14:23:16.195+0000] {logging_mixin.py:188} INFO - {'news_string': 'Republicans Assumed a Nebraska Senate Seat Was Safe. Then This Candidate Came Along.', 'publisher': 'nytimes', 'sentiment': 0.4404, 'color': '(0, 255, 0)', 'timestamp': '2024-11-11'}
[2024-11-11T14:23:16.442+0000] {logging_mixin.py:188} INFO - {'news_string': 'Maggie Haberman on How Trump Has Changed', 'publisher': 'nytimes', 'sentiment': 0.0, 'color': '(255, 239, 0)', 'timestamp': '2024-11-11'}
[2024-11-11T14:23:16.689+0000] {logging_mixin.py:188} INFO - {'news_string': 'What Is It About Trump That the Generals Want Us to Understand?', 'publisher': 'nytimes', 'sentiment': 0.0772, 'color': '(222, 255, 0)', 'timestamp': '2024-11-11'}
[2024-11-11T14:23:16.940+0000] {logging_mixin.py:188} INFO - {'news_string': 'There’s a Very Good Reason College Students Don’t Read Anymore', 'publisher': 'nytimes', 'sentiment': 0.4927, 'color': '(0, 255, 0)', 'timestamp': '2024-11-11'}
[2024-11-11T14:23:17.185+0000] {logging_mixin.py:188} INFO - {'news_string': 'The Election Is Happening Too Soon', 'publisher': 'nytimes', 'sentiment': 0.0, 'color': '(255, 239, 0)', 'timestamp': '2024-11-11'}
[2024-11-11T14:23:17.440+0000] {logging_mixin.py:188} INFO - {'news_string': '1 Person, 1 Button, 15 Minutes: Absolute Authority to End the World', 'publisher': 'nytimes', 'sentiment': 0.0772, 'color': '(222, 255, 0)', 'timestamp': '2024-11-11'}
[2024-11-11T14:23:17.699+0000] {logging_mixin.py:188} INFO - {'news_string': 'How Trump Could Bankrupt Social Security', 'publisher': 'nytimes', 'sentiment': -0.296, 'color': '(255, 94, 0)', 'timestamp': '2024-11-11'}
[2024-11-11T14:23:17.962+0000] {logging_mixin.py:188} INFO - {'news_string': 'The Worst Tucker Carlson Metaphor of the Month. So Far.', 'publisher': 'nytimes', 'sentiment': -0.6249, 'color': '(255, 0, 0)', 'timestamp': '2024-11-11'}
[2024-11-11T14:23:18.225+0000] {logging_mixin.py:188} INFO - {'news_string': 'Biden Has a Crucial Decision to Make on Ukraine', 'publisher': 'nytimes', 'sentiment': 0.0, 'color': '(255, 239, 0)', 'timestamp': '2024-11-11'}
[2024-11-11T14:23:18.471+0000] {logging_mixin.py:188} INFO - {'news_string': 'Beyond Trump vs. Harris: Control of Congress Comes Down to These Races', 'publisher': 'nytimes', 'sentiment': 0.0, 'color': '(255, 239, 0)', 'timestamp': '2024-11-11'}
[2024-11-11T14:23:18.712+0000] {logging_mixin.py:188} INFO - {'news_string': 'It Sounded Like Dancing, Drinking and Sex. It Blew People’s Minds.', 'publisher': 'nytimes', 'sentiment': 0.3612, 'color': '(0, 255, 0)', 'timestamp': '2024-11-11'}
[2024-11-11T14:23:18.941+0000] {logging_mixin.py:188} INFO - {'news_string': 'Iran’s Fateful Decision', 'publisher': 'nytimes', 'sentiment': 0.0, 'color': '(255, 239, 0)', 'timestamp': '2024-11-11'}
[2024-11-11T14:23:19.168+0000] {logging_mixin.py:188} INFO - {'news_string': 'I’m an OB-GYN. Here’s How I Think About the Women Who Died After Taking Abortion Pills.', 'publisher': 'nytimes', 'sentiment': -0.5574, 'color': '(255, 0, 0)', 'timestamp': '2024-11-11'}
[2024-11-11T14:23:19.427+0000] {logging_mixin.py:188} INFO - {'news_string': 'I Spoke to Many Working-Class Voters. This Is Why Trump Is Their Overwhelming Choice.', 'publisher': 'nytimes', 'sentiment': 0.0, 'color': '(255, 239, 0)', 'timestamp': '2024-11-11'}
[2024-11-11T14:23:19.663+0000] {logging_mixin.py:188} INFO - {'news_string': 'Autocracies Against Ukraine', 'publisher': 'nytimes', 'sentiment': 0.0, 'color': '(255, 239, 0)', 'timestamp': '2024-11-11'}
[2024-11-11T14:23:19.905+0000] {logging_mixin.py:188} INFO - {'news_string': 'Late Night: Jimmy Fallon Rallies for Queen Bey', 'publisher': 'nytimes', 'sentiment': 0.0, 'color': '(255, 239, 0)', 'timestamp': '2024-11-11'}
[2024-11-11T14:23:20.144+0000] {logging_mixin.py:188} INFO - {'news_string': 'Despite Deadly Attack, Turkey Seeks Opening With Kurdish Militants', 'publisher': 'nytimes', 'sentiment': 0.3724, 'color': '(0, 255, 0)', 'timestamp': '2024-11-11'}
[2024-11-11T14:23:20.442+0000] {logging_mixin.py:188} INFO - {'news_string': 'Biden to Apologize for Indian Boarding Schools Where Hundreds of Children Died', 'publisher': 'nytimes', 'sentiment': -0.4939, 'color': '(255, 0, 0)', 'timestamp': '2024-11-11'}
[2024-11-11T14:23:20.687+0000] {logging_mixin.py:188} INFO - {'news_string': "Many Wells in North Carolina Remain Unsafe After Helene's Deluge", 'publisher': 'nytimes', 'sentiment': 0.25, 'color': '(196, 255, 0)', 'timestamp': '2024-11-11'}
[2024-11-11T14:23:20.940+0000] {logging_mixin.py:188} INFO - {'news_string': 'Companies to Pay $101.9 Million to Settle Baltimore Bridge Collapse Lawsuit', 'publisher': 'nytimes', 'sentiment': -0.6705, 'color': '(255, 0, 0)', 'timestamp': '2024-11-11'}
[2024-11-11T14:23:21.201+0000] {logging_mixin.py:188} INFO - {'news_string': 'Teenager Is Charged With Murder of 5 Relatives in Washington State', 'publisher': 'nytimes', 'sentiment': -0.7579, 'color': '(255, 0, 0)', 'timestamp': '2024-11-11'}
[2024-11-11T14:23:21.416+0000] {logging_mixin.py:188} INFO - {'news_string': 'Los Angeles District Attorney Will Ask Court to Resentence Menendez Brothers', 'publisher': 'nytimes', 'sentiment': -0.25, 'color': '(255, 94, 0)', 'timestamp': '2024-11-11'}
[2024-11-11T14:23:21.664+0000] {logging_mixin.py:188} INFO - {'news_string': '2 Brothers Are Charged With Assaulting Officers in Jan. 6 Riot', 'publisher': 'nytimes', 'sentiment': -0.8271, 'color': '(255, 0, 0)', 'timestamp': '2024-11-11'}
[2024-11-11T14:23:21.910+0000] {logging_mixin.py:188} INFO - {'news_string': 'Onion Recall Linked to E. Coli and McDonald’s Spreads to Other Food Chains', 'publisher': 'nytimes', 'sentiment': 0.0, 'color': '(255, 239, 0)', 'timestamp': '2024-11-11'}
[2024-11-11T14:23:22.164+0000] {logging_mixin.py:188} INFO - {'news_string': 'Army Sergeant’s Body Is Found in Dumpster at Missouri Base; One in Custody', 'publisher': 'nytimes', 'sentiment': -0.1531, 'color': '(255, 94, 0)', 'timestamp': '2024-11-11'}
[2024-11-11T14:23:22.407+0000] {logging_mixin.py:188} INFO - {'news_string': 'Patti McGee, Skateboarding’s First Female Champion, Dies at 79', 'publisher': 'nytimes', 'sentiment': 0.5994, 'color': '(0, 255, 0)', 'timestamp': '2024-11-11'}
[2024-11-11T14:23:22.662+0000] {logging_mixin.py:188} INFO - {'news_string': 'What’s in an N.F.L. Diet? 80,000 Uncrustables Each Year.', 'publisher': 'nytimes', 'sentiment': 0.0, 'color': '(255, 239, 0)', 'timestamp': '2024-11-11'}
[2024-11-11T14:23:22.929+0000] {logging_mixin.py:188} INFO - {'news_string': 'The Former Liverpool Striker Who Now Plays in France’s 4th Tier', 'publisher': 'nytimes', 'sentiment': 0.25, 'color': '(196, 255, 0)', 'timestamp': '2024-11-11'}
[2024-11-11T14:23:23.199+0000] {logging_mixin.py:188} INFO - {'news_string': 'The N.B.A.’s Newest Stadium Has a Seating Arrangement Unlike Any Other', 'publisher': 'nytimes', 'sentiment': 0.0, 'color': '(255, 239, 0)', 'timestamp': '2024-11-11'}
[2024-11-11T14:23:23.442+0000] {logging_mixin.py:188} INFO - {'news_string': 'How Important Is Player Height in Soccer?', 'publisher': 'nytimes', 'sentiment': 0.2023, 'color': '(196, 255, 0)', 'timestamp': '2024-11-11'}
[2024-11-11T14:23:23.729+0000] {logging_mixin.py:188} INFO - {'news_string': 'A College Football Team With a $10 Million Roster Is on the Brink of Failure', 'publisher': 'nytimes', 'sentiment': -0.5106, 'color': '(255, 0, 0)', 'timestamp': '2024-11-11'}
[2024-11-11T14:23:23.982+0000] {logging_mixin.py:188} INFO - {'news_string': 'Where the Top 45 M.L.B. Free Agents Will Play Next Season', 'publisher': 'nytimes', 'sentiment': 0.7579, 'color': '(0, 255, 0)', 'timestamp': '2024-11-11'}
[2024-11-11T14:23:24.239+0000] {logging_mixin.py:188} INFO - {'news_string': 'Do People in ‘Blue Zones’ Actually Live Longer?', 'publisher': 'nytimes', 'sentiment': 0.0, 'color': '(255, 239, 0)', 'timestamp': '2024-11-11'}
[2024-11-11T14:23:24.495+0000] {logging_mixin.py:188} INFO - {'news_string': 'A 20-Minute Workout to Keep Your Body Limber', 'publisher': 'nytimes', 'sentiment': 0.0, 'color': '(255, 239, 0)', 'timestamp': '2024-11-11'}
[2024-11-11T14:23:24.751+0000] {logging_mixin.py:188} INFO - {'news_string': 'To Prevent Golfing Injuries, Loosen Up Your Spine', 'publisher': 'nytimes', 'sentiment': 0.0258, 'color': '(222, 255, 0)', 'timestamp': '2024-11-11'}
[2024-11-11T14:23:25.005+0000] {logging_mixin.py:188} INFO - {'news_string': 'C.D.C. Expands Covid Vaccine Recommendations', 'publisher': 'nytimes', 'sentiment': 0.1027, 'color': '(222, 255, 0)', 'timestamp': '2024-11-11'}
[2024-11-11T14:23:25.238+0000] {logging_mixin.py:188} INFO - {'news_string': 'United by Love, Divided by Politics', 'publisher': 'nytimes', 'sentiment': 0.7906, 'color': '(0, 255, 0)', 'timestamp': '2024-11-11'}
[2024-11-11T14:23:25.497+0000] {logging_mixin.py:188} INFO - {'news_string': 'Design, Unearthed and Unfettered, in Cooper Hewitt’s Triennial', 'publisher': 'nytimes', 'sentiment': 0.0, 'color': '(255, 239, 0)', 'timestamp': '2024-11-11'}
[2024-11-11T14:23:25.736+0000] {logging_mixin.py:188} INFO - {'news_string': 'An American in Paris, Honored Like Nobody Before', 'publisher': 'nytimes', 'sentiment': 0.743, 'color': '(0, 255, 0)', 'timestamp': '2024-11-11'}
[2024-11-11T14:23:25.982+0000] {logging_mixin.py:188} INFO - {'news_string': 'Skeletons Lead Mexico’s Graphic Arts Revolution', 'publisher': 'nytimes', 'sentiment': 0.0, 'color': '(255, 239, 0)', 'timestamp': '2024-11-11'}
[2024-11-11T14:23:26.240+0000] {logging_mixin.py:188} INFO - {'news_string': 'A New Opera Reconsiders Alma Mahler', 'publisher': 'nytimes', 'sentiment': 0.0, 'color': '(255, 239, 0)', 'timestamp': '2024-11-11'}
[2024-11-11T14:23:26.485+0000] {logging_mixin.py:188} INFO - {'news_string': 'Wordle', 'publisher': 'nytimes', 'sentiment': 0.0, 'color': '(255, 239, 0)', 'timestamp': '2024-11-11'}
[2024-11-11T14:23:26.724+0000] {logging_mixin.py:188} INFO - {'news_string': 'Connections', 'publisher': 'nytimes', 'sentiment': 0.0, 'color': '(255, 239, 0)', 'timestamp': '2024-11-11'}
[2024-11-11T14:23:26.954+0000] {logging_mixin.py:188} INFO - {'news_string': 'Strands', 'publisher': 'nytimes', 'sentiment': 0.0, 'color': '(255, 239, 0)', 'timestamp': '2024-11-11'}
[2024-11-11T14:23:27.230+0000] {logging_mixin.py:188} INFO - {'news_string': 'Spelling Bee', 'publisher': 'nytimes', 'sentiment': 0.0, 'color': '(255, 239, 0)', 'timestamp': '2024-11-11'}
[2024-11-11T14:23:27.484+0000] {logging_mixin.py:188} INFO - {'news_string': 'The Crossword', 'publisher': 'nytimes', 'sentiment': 0.0, 'color': '(255, 239, 0)', 'timestamp': '2024-11-11'}
[2024-11-11T14:23:27.734+0000] {logging_mixin.py:188} INFO - {'news_string': 'The Mini Crossword', 'publisher': 'nytimes', 'sentiment': 0.0, 'color': '(255, 239, 0)', 'timestamp': '2024-11-11'}
[2024-11-11T14:23:27.972+0000] {logging_mixin.py:188} INFO - {'news_string': 'The electorate has rarely seemed so evenly divided. A New York Times/Siena College poll found Kamala Harris and Donald Trump tied, 48 percent to 48 percent.', 'publisher': 'nytimes', 'sentiment': 0.0, 'color': '(255, 239, 0)', 'timestamp': '2024-11-11'}
[2024-11-11T14:23:28.317+0000] {logging_mixin.py:188} INFO - {'news_string': 'It’s not likely, but it’s not something that can be completely dismissed either, recent polling suggests.', 'publisher': 'nytimes', 'sentiment': 0.0, 'color': '(255, 239, 0)', 'timestamp': '2024-11-11'}
[2024-11-11T14:23:28.557+0000] {logging_mixin.py:188} INFO - {'news_string': 'At a star-filled rally in Georgia, former President Obama tried to give a jolt of energy to Kamala Harris, who is often seen as a successor.', 'publisher': 'nytimes', 'sentiment': 0.4588, 'color': '(0, 255, 0)', 'timestamp': '2024-11-11'}
[2024-11-11T14:23:28.838+0000] {logging_mixin.py:188} INFO - {'news_string': 'A movement driven by disinformation about Donald Trump’s 2020 defeat has taken over many of the boards that certify elections. It could cause chaos in the weeks ahead.', 'publisher': 'nytimes', 'sentiment': -0.7717, 'color': '(255, 0, 0)', 'timestamp': '2024-11-11'}
[2024-11-11T14:23:29.070+0000] {logging_mixin.py:188} INFO - {'news_string': 'Cancer patients from Gaza who are receiving care in Jordan’s capital, Amman, bear burdens beyond those of illness — feelings of guilt, fear and homesickness.', 'publisher': 'nytimes', 'sentiment': -0.926, 'color': '(255, 0, 0)', 'timestamp': '2024-11-11'}
[2024-11-11T14:23:29.853+0000] {logging_mixin.py:188} INFO - {'news_string': 'Gaza’s health ministry said dozens of people were killed in airstrikes in a residential area of Khan Younis, where Israel has said it is targeting Hamas.', 'publisher': 'nytimes', 'sentiment': -0.6705, 'color': '(255, 0, 0)', 'timestamp': '2024-11-11'}
[2024-11-11T14:23:30.216+0000] {logging_mixin.py:188} INFO - {'news_string': 'A showdown between Aaron Judge and Shohei Ohtani features the two biggest generators of global baseball star power, a columnist for The Athletic writes.', 'publisher': 'nytimes', 'sentiment': 0.0, 'color': '(255, 239, 0)', 'timestamp': '2024-11-11'}
[2024-11-11T14:23:30.465+0000] {logging_mixin.py:188} INFO - {'news_string': 'The move gives Kim Jong-un, the leader of North Korea, leverage to ask President Vladimir Putin of Russia for a lot in return.', 'publisher': 'nytimes', 'sentiment': 0.0, 'color': '(255, 239, 0)', 'timestamp': '2024-11-11'}
[2024-11-11T14:23:30.726+0000] {logging_mixin.py:188} INFO - {'news_string': 'Violence has rocked communities in Ontario and British Columbia in the past 18 months. Now the authorities say the Indian government was behind it.', 'publisher': 'nytimes', 'sentiment': -0.6249, 'color': '(255, 0, 0)', 'timestamp': '2024-11-11'}
[2024-11-11T14:23:30.978+0000] {logging_mixin.py:188} INFO - {'news_string': 'Donald Trump, Elon Musk and CNN have cited predictions from Polymarket, a site where crypto enthusiasts have wagered more than $100 million on the presidency.', 'publisher': 'nytimes', 'sentiment': 0.34, 'color': '(0, 255, 0)', 'timestamp': '2024-11-11'}
[2024-11-11T14:23:31.205+0000] {logging_mixin.py:188} INFO - {'news_string': 'Climate change, civil conflict and growing resistance to insecticides and treatments are all contributing to an alarming spread of cases.', 'publisher': 'nytimes', 'sentiment': -0.2732, 'color': '(255, 94, 0)', 'timestamp': '2024-11-11'}
[2024-11-11T14:23:31.449+0000] {logging_mixin.py:188} INFO - {'news_string': 'One of West Africa’s most tolerant societies has seen a string of assaults after social media influencers exhorted their followers to “hunt” gay men.', 'publisher': 'nytimes', 'sentiment': -0.2748, 'color': '(255, 94, 0)', 'timestamp': '2024-11-11'}
[2024-11-11T14:23:31.695+0000] {logging_mixin.py:188} INFO - {'news_string': 'A new drama starring Ralph Fiennes draws the audience inside this largely hidden tradition. How accurate is it?', 'publisher': 'nytimes', 'sentiment': 0.0, 'color': '(255, 239, 0)', 'timestamp': '2024-11-11'}
[2024-11-11T14:23:31.944+0000] {logging_mixin.py:188} INFO - {'news_string': 'NASA and the U.S. Poet Laureate may not be obvious collaborators, but a Jupiter-bound mission helped them find common ground.', 'publisher': 'nytimes', 'sentiment': 0.0, 'color': '(255, 239, 0)', 'timestamp': '2024-11-11'}
[2024-11-11T14:23:32.195+0000] {logging_mixin.py:188} INFO - {'news_string': 'We explain North Korea’s decision to send troops to help Russia.', 'publisher': 'nytimes', 'sentiment': 0.4019, 'color': '(0, 255, 0)', 'timestamp': '2024-11-11'}
[2024-11-11T14:23:32.423+0000] {logging_mixin.py:188} INFO - {'news_string': 'The “Tonight Show” host was excited about Beyoncé’s plans to appear with the vice president.', 'publisher': 'nytimes', 'sentiment': 0.34, 'color': '(0, 255, 0)', 'timestamp': '2024-11-11'}
[2024-11-11T14:23:32.650+0000] {logging_mixin.py:188} INFO - {'news_string': 'Recent gestures by Turkish leaders suggest the possibility of new peace talks with the group fighting for Kurdish autonomy.', 'publisher': 'nytimes', 'sentiment': 0.25, 'color': '(196, 255, 0)', 'timestamp': '2024-11-11'}
[2024-11-11T14:23:32.879+0000] {logging_mixin.py:188} INFO - {'news_string': 'President Biden’s trip to Arizona will be the first time a U.S. president has apologized for the abuses that happened at the schools over a period of 150 years.', 'publisher': 'nytimes', 'sentiment': -0.3182, 'color': '(255, 0, 0)', 'timestamp': '2024-11-11'}
[2024-11-11T14:23:33.127+0000] {logging_mixin.py:188} INFO - {'news_string': 'A third of state residents use private wells, and about four out of 10 wells tested after Hurricane Helene weren’t safe, highlighting the risks of extreme weather.', 'publisher': 'nytimes', 'sentiment': 0.5859, 'color': '(0, 255, 0)', 'timestamp': '2024-11-11'}
[2024-11-11T14:23:33.388+0000] {logging_mixin.py:188} INFO - {'news_string': 'The Justice Department filed suit last month after a container ship slammed into the Francis Scott Key Bridge in March, killing six workers.', 'publisher': 'nytimes', 'sentiment': -0.25, 'color': '(255, 94, 0)', 'timestamp': '2024-11-11'}
[2024-11-11T14:23:33.621+0000] {logging_mixin.py:188} INFO - {'news_string': 'Fever around the sealed peanut butter and jelly sandwiches is spreading around the league. The findings are nuts.', 'publisher': 'nytimes', 'sentiment': -0.3182, 'color': '(255, 0, 0)', 'timestamp': '2024-11-11'}
[2024-11-11T14:23:33.861+0000] {logging_mixin.py:188} INFO - {'news_string': 'Andy Carroll discusses why he left England: “I don’t speak French. I just repeat what other people say and try to learn through that.”', 'publisher': 'nytimes', 'sentiment': 0.0, 'color': '(255, 239, 0)', 'timestamp': '2024-11-11'}
[2024-11-11T14:23:34.115+0000] {logging_mixin.py:188} INFO - {'news_string': '“The Wall!” is a 4,500 seat area at the Intuit Dome, a steep section full of just Clippers fans.', 'publisher': 'nytimes', 'sentiment': 0.0, 'color': '(255, 239, 0)', 'timestamp': '2024-11-11'}
[2024-11-11T14:23:34.356+0000] {logging_mixin.py:188} INFO - {'news_string': 'Starting in November, 25 new site-specific installations that explore the idea of home will fill the former Carnegie mansion in Manhattan.', 'publisher': 'nytimes', 'sentiment': 0.0, 'color': '(255, 239, 0)', 'timestamp': '2024-11-11'}
[2024-11-11T14:23:34.603+0000] {logging_mixin.py:188} INFO - {'news_string': 'The artist Barbara Chase-Riboud is being celebrated, including in the Louvre.', 'publisher': 'nytimes', 'sentiment': 0.5719, 'color': '(0, 255, 0)', 'timestamp': '2024-11-11'}
[2024-11-11T14:23:34.859+0000] {logging_mixin.py:188} INFO - {'news_string': 'The central role of printmaking in Mexican art is on view at the Met.', 'publisher': 'nytimes', 'sentiment': 0.0, 'color': '(255, 239, 0)', 'timestamp': '2024-11-11'}
[2024-11-11T14:23:35.088+0000] {logging_mixin.py:188} INFO - {'news_string': '“Alma” views its often-vilified protagonist through a feminist lens.', 'publisher': 'nytimes', 'sentiment': 0.0, 'color': '(255, 239, 0)', 'timestamp': '2024-11-11'}
[2024-11-11T14:23:35.351+0000] {logging_mixin.py:188} INFO - {'news_string': 'Guess the 5-letter word with 6 chances.', 'publisher': 'nytimes', 'sentiment': 0.2023, 'color': '(196, 255, 0)', 'timestamp': '2024-11-11'}
[2024-11-11T14:23:35.599+0000] {logging_mixin.py:188} INFO - {'news_string': 'Group words that share a common thread.', 'publisher': 'nytimes', 'sentiment': 0.296, 'color': '(196, 255, 0)', 'timestamp': '2024-11-11'}
[2024-11-11T14:23:35.861+0000] {logging_mixin.py:188} INFO - {'news_string': 'Uncover hidden words and reveal the theme.', 'publisher': 'nytimes', 'sentiment': 0.0, 'color': '(255, 239, 0)', 'timestamp': '2024-11-11'}
[2024-11-11T14:23:36.094+0000] {logging_mixin.py:188} INFO - {'news_string': 'How many words can you make with 7 letters?', 'publisher': 'nytimes', 'sentiment': 0.0, 'color': '(255, 239, 0)', 'timestamp': '2024-11-11'}
[2024-11-11T14:23:36.353+0000] {logging_mixin.py:188} INFO - {'news_string': 'Get clued in with wordplay, every day.', 'publisher': 'nytimes', 'sentiment': 0.0, 'color': '(255, 239, 0)', 'timestamp': '2024-11-11'}
[2024-11-11T14:23:36.612+0000] {logging_mixin.py:188} INFO - {'news_string': 'Take a break from the news. Solve this bite-sized puzzle in just a few minutes.', 'publisher': 'nytimes', 'sentiment': 0.2023, 'color': '(196, 255, 0)', 'timestamp': '2024-11-11'}
[2024-11-11T14:23:36.853+0000] {logging_mixin.py:188} INFO - {'news_string': 'Top LA prosecutor backs Menendez brothers being released on parole', 'publisher': 'bbc', 'sentiment': 0.1531, 'color': '(196, 255, 0)', 'timestamp': '2024-11-11'}
[2024-11-11T14:23:37.103+0000] {logging_mixin.py:188} INFO - {'news_string': 'Democrats anxious as Trump gains ground in tight race', 'publisher': 'bbc', 'sentiment': 0.1027, 'color': '(222, 255, 0)', 'timestamp': '2024-11-11'}
[2024-11-11T14:23:37.340+0000] {logging_mixin.py:188} INFO - {'news_string': 'Top LA prosecutor backs Menendez brothers being released on parole', 'publisher': 'bbc', 'sentiment': 0.1531, 'color': '(196, 255, 0)', 'timestamp': '2024-11-11'}
[2024-11-11T14:23:37.578+0000] {logging_mixin.py:188} INFO - {'news_string': 'Democrats anxious as Trump gains ground in tight race', 'publisher': 'bbc', 'sentiment': 0.1027, 'color': '(222, 255, 0)', 'timestamp': '2024-11-11'}
[2024-11-11T14:23:37.829+0000] {logging_mixin.py:188} INFO - {'news_string': '‘Death trap’ Channel boats traded by smugglers in German city, BBC investigation finds', 'publisher': 'bbc', 'sentiment': -0.34, 'color': '(255, 0, 0)', 'timestamp': '2024-11-11'}
[2024-11-11T14:23:38.083+0000] {logging_mixin.py:188} INFO - {'news_string': "Joe Rogan's path to a once-improbable Trump interview", 'publisher': 'bbc', 'sentiment': 0.0, 'color': '(255, 239, 0)', 'timestamp': '2024-11-11'}
[2024-11-11T14:23:38.328+0000] {logging_mixin.py:188} INFO - {'news_string': 'Lost Silk Road cities discovered in Uzbek mountains', 'publisher': 'bbc', 'sentiment': -0.3182, 'color': '(255, 0, 0)', 'timestamp': '2024-11-11'}
[2024-11-11T14:23:38.578+0000] {logging_mixin.py:188} INFO - {'news_string': 'Moment BBC reporter returns tortured monkey into wild', 'publisher': 'bbc', 'sentiment': -0.5574, 'color': '(255, 0, 0)', 'timestamp': '2024-11-11'}
[2024-11-11T14:23:38.815+0000] {logging_mixin.py:188} INFO - {'news_string': 'Three Lebanese journalists killed in Israeli strike', 'publisher': 'bbc', 'sentiment': -0.7184, 'color': '(255, 0, 0)', 'timestamp': '2024-11-11'}
[2024-11-11T14:23:39.074+0000] {logging_mixin.py:188} INFO - {'news_string': "The film lifting the lid on the Pope's election", 'publisher': 'bbc', 'sentiment': 0.0, 'color': '(255, 239, 0)', 'timestamp': '2024-11-11'}
[2024-11-11T14:23:39.313+0000] {logging_mixin.py:188} INFO - {'news_string': 'What to do when a friendship ends', 'publisher': 'bbc', 'sentiment': 0.4404, 'color': '(0, 255, 0)', 'timestamp': '2024-11-11'}
[2024-11-11T14:23:39.549+0000] {logging_mixin.py:188} INFO - {'news_string': "India's balancing act with the West as Brics flexes new muscles", 'publisher': 'bbc', 'sentiment': 0.0, 'color': '(255, 239, 0)', 'timestamp': '2024-11-11'}
[2024-11-11T14:23:39.807+0000] {logging_mixin.py:188} INFO - {'news_string': 'UK willing to hand over Gaza intelligence to war crimes court', 'publisher': 'bbc', 'sentiment': 0.34, 'color': '(0, 255, 0)', 'timestamp': '2024-11-11'}
[2024-11-11T14:23:40.058+0000] {logging_mixin.py:188} INFO - {'news_string': "Tense election fight for Georgia's future in Europe", 'publisher': 'bbc', 'sentiment': -0.6124, 'color': '(255, 0, 0)', 'timestamp': '2024-11-11'}
[2024-11-11T14:23:40.290+0000] {logging_mixin.py:188} INFO - {'news_string': 'Trump and Harris take detour from swing states as they head for Texas', 'publisher': 'bbc', 'sentiment': 0.0, 'color': '(255, 239, 0)', 'timestamp': '2024-11-11'}
[2024-11-11T14:23:40.536+0000] {logging_mixin.py:188} INFO - {'news_string': 'Kurdish militant group behind attack on Turkish aerospace firm', 'publisher': 'bbc', 'sentiment': -0.4767, 'color': '(255, 0, 0)', 'timestamp': '2024-11-11'}
[2024-11-11T14:23:40.764+0000] {logging_mixin.py:188} INFO - {'news_string': 'UK willing to hand over Gaza intelligence to war crimes court', 'publisher': 'bbc', 'sentiment': 0.34, 'color': '(0, 255, 0)', 'timestamp': '2024-11-11'}
[2024-11-11T14:23:40.983+0000] {logging_mixin.py:188} INFO - {'news_string': 'We must learn lessons from history, King tells Commonwealth', 'publisher': 'bbc', 'sentiment': 0.0, 'color': '(255, 239, 0)', 'timestamp': '2024-11-11'}
[2024-11-11T14:23:41.249+0000] {logging_mixin.py:188} INFO - {'news_string': "Ketchup in space: 'You gotta squirt it out'", 'publisher': 'bbc', 'sentiment': 0.0, 'color': '(255, 239, 0)', 'timestamp': '2024-11-11'}
[2024-11-11T14:23:41.490+0000] {logging_mixin.py:188} INFO - {'news_string': "Putin challenged over Ukraine war by BBC's Steve Rosenberg ", 'publisher': 'bbc', 'sentiment': -0.6486, 'color': '(255, 0, 0)', 'timestamp': '2024-11-11'}
[2024-11-11T14:23:41.732+0000] {logging_mixin.py:188} INFO - {'news_string': "Tense election fight for Georgia's future in Europe", 'publisher': 'bbc', 'sentiment': -0.6124, 'color': '(255, 0, 0)', 'timestamp': '2024-11-11'}
[2024-11-11T14:23:41.956+0000] {logging_mixin.py:188} INFO - {'news_string': 'Menendez case that has divided America takes new turn', 'publisher': 'bbc', 'sentiment': 0.0, 'color': '(255, 239, 0)', 'timestamp': '2024-11-11'}
[2024-11-11T14:23:42.194+0000] {logging_mixin.py:188} INFO - {'news_string': "The AI that's already in your phone", 'publisher': 'bbc', 'sentiment': 0.0, 'color': '(255, 239, 0)', 'timestamp': '2024-11-11'}
[2024-11-11T14:23:42.437+0000] {logging_mixin.py:188} INFO - {'news_string': "Mpox - what we know... and what we don't", 'publisher': 'bbc', 'sentiment': 0.0, 'color': '(255, 239, 0)', 'timestamp': '2024-11-11'}
[2024-11-11T14:23:42.681+0000] {logging_mixin.py:188} INFO - {'news_string': "King: 'It is vital that we understand our history'", 'publisher': 'bbc', 'sentiment': 0.296, 'color': '(196, 255, 0)', 'timestamp': '2024-11-11'}
[2024-11-11T14:23:42.929+0000] {logging_mixin.py:188} INFO - {'news_string': "'I need to go to team at bottom of table in England' ", 'publisher': 'bbc', 'sentiment': 0.0, 'color': '(255, 239, 0)', 'timestamp': '2024-11-11'}
[2024-11-11T14:23:43.185+0000] {logging_mixin.py:188} INFO - {'news_string': "'We must change the way we measure debt': UK chancellor", 'publisher': 'bbc', 'sentiment': 0.0, 'color': '(255, 239, 0)', 'timestamp': '2024-11-11'}
[2024-11-11T14:23:43.429+0000] {logging_mixin.py:188} INFO - {'news_string': "The battle over one of Italy's most famous pastas", 'publisher': 'bbc', 'sentiment': -0.3818, 'color': '(255, 0, 0)', 'timestamp': '2024-11-11'}
[2024-11-11T14:23:43.664+0000] {logging_mixin.py:188} INFO - {'news_string': 'The 5 nature wins that have actually worked', 'publisher': 'bbc', 'sentiment': 0.5719, 'color': '(0, 255, 0)', 'timestamp': '2024-11-11'}
[2024-11-11T14:23:43.928+0000] {logging_mixin.py:188} INFO - {'news_string': "Would Harris's price gouging plan really help US consumers? ", 'publisher': 'bbc', 'sentiment': 0.4576, 'color': '(0, 255, 0)', 'timestamp': '2024-11-11'}
[2024-11-11T14:23:44.152+0000] {logging_mixin.py:188} INFO - {'news_string': 'US election polls: Who is ahead - Harris or Trump?', 'publisher': 'bbc', 'sentiment': 0.0, 'color': '(255, 239, 0)', 'timestamp': '2024-11-11'}
[2024-11-11T14:23:44.417+0000] {logging_mixin.py:188} INFO - {'news_string': "Angry Kenyans' comments crash Senate email address", 'publisher': 'bbc', 'sentiment': -0.7184, 'color': '(255, 0, 0)', 'timestamp': '2024-11-11'}
[2024-11-11T14:23:44.659+0000] {logging_mixin.py:188} INFO - {'news_string': 'Obama and stars help Democrats shore up Georgia votes', 'publisher': 'bbc', 'sentiment': 0.4019, 'color': '(0, 255, 0)', 'timestamp': '2024-11-11'}
[2024-11-11T14:23:44.914+0000] {logging_mixin.py:188} INFO - {'news_string': 'Ex-rebel gets 40-year jail term in landmark Ugandan case', 'publisher': 'bbc', 'sentiment': 0.0772, 'color': '(222, 255, 0)', 'timestamp': '2024-11-11'}
[2024-11-11T14:23:45.147+0000] {logging_mixin.py:188} INFO - {'news_string': 'Footballer denies plot to smuggle £600k cannabis', 'publisher': 'bbc', 'sentiment': -0.6597, 'color': '(255, 0, 0)', 'timestamp': '2024-11-11'}
[2024-11-11T14:23:45.369+0000] {logging_mixin.py:188} INFO - {'news_string': "Premier League: Arteta news conference - Saka, Calafiori and Timber 'very uncertain' to face Liverpool", 'publisher': 'bbc', 'sentiment': -0.3597, 'color': '(255, 0, 0)', 'timestamp': '2024-11-11'}
[2024-11-11T14:23:45.608+0000] {logging_mixin.py:188} INFO - {'news_string': 'Shakeel puts Pakistan in charge of deciding Test', 'publisher': 'bbc', 'sentiment': 0.0, 'color': '(255, 239, 0)', 'timestamp': '2024-11-11'}
[2024-11-11T14:23:45.874+0000] {logging_mixin.py:188} INFO - {'news_string': 'All eyes on Ten Hag & Man Utd - but Mourinho steals show again', 'publisher': 'bbc', 'sentiment': -0.6652, 'color': '(255, 0, 0)', 'timestamp': '2024-11-11'}
[2024-11-11T14:23:46.147+0000] {logging_mixin.py:188} INFO - {'news_string': "'I was worried about bleeding on McGregor's expensive shirt'", 'publisher': 'bbc', 'sentiment': -0.296, 'color': '(255, 94, 0)', 'timestamp': '2024-11-11'}
[2024-11-11T14:23:46.369+0000] {logging_mixin.py:188} INFO - {'news_string': 'US gets $100m settlement for Baltimore bridge collapse', 'publisher': 'bbc', 'sentiment': -0.4939, 'color': '(255, 0, 0)', 'timestamp': '2024-11-11'}
[2024-11-11T14:23:46.614+0000] {logging_mixin.py:188} INFO - {'news_string': 'Twice homeless millionaire tops UK black power list', 'publisher': 'bbc', 'sentiment': 0.5106, 'color': '(0, 255, 0)', 'timestamp': '2024-11-11'}
[2024-11-11T14:23:46.856+0000] {logging_mixin.py:188} INFO - {'news_string': "What we know about the McDonald's E. coli outbreak", 'publisher': 'bbc', 'sentiment': 0.0, 'color': '(255, 239, 0)', 'timestamp': '2024-11-11'}
[2024-11-11T14:23:47.103+0000] {logging_mixin.py:188} INFO - {'news_string': 'The software extending the life of your phone', 'publisher': 'bbc', 'sentiment': 0.0, 'color': '(255, 239, 0)', 'timestamp': '2024-11-11'}
[2024-11-11T14:23:47.356+0000] {logging_mixin.py:188} INFO - {'news_string': 'Call of Duty: Black Ops 6 launches with eyes on Game Pass', 'publisher': 'bbc', 'sentiment': 0.0, 'color': '(255, 239, 0)', 'timestamp': '2024-11-11'}
[2024-11-11T14:23:47.605+0000] {logging_mixin.py:188} INFO - {'news_string': 'Can meetup apps help us make friends? ', 'publisher': 'bbc', 'sentiment': 0.7003, 'color': '(0, 255, 0)', 'timestamp': '2024-11-11'}
[2024-11-11T14:23:47.858+0000] {logging_mixin.py:188} INFO - {'news_string': 'The odd-tasting oil that turned out to be healthy', 'publisher': 'bbc', 'sentiment': 0.4019, 'color': '(0, 255, 0)', 'timestamp': '2024-11-11'}
[2024-11-11T14:23:48.111+0000] {logging_mixin.py:188} INFO - {'news_string': "All aboard Tanzania's electric train breaking new ground for East Africa", 'publisher': 'bbc', 'sentiment': 0.0258, 'color': '(222, 255, 0)', 'timestamp': '2024-11-11'}
[2024-11-11T14:23:48.344+0000] {logging_mixin.py:188} INFO - {'news_string': 'Qasr al-Farid: The Lonely Castle of the ancient Nabateans', 'publisher': 'bbc', 'sentiment': -0.3612, 'color': '(255, 0, 0)', 'timestamp': '2024-11-11'}
[2024-11-11T14:23:48.580+0000] {logging_mixin.py:188} INFO - {'news_string': "Mescal cast in Gladiator II after '30-minute Zoom call'", 'publisher': 'bbc', 'sentiment': 0.0, 'color': '(255, 239, 0)', 'timestamp': '2024-11-11'}
[2024-11-11T14:23:48.820+0000] {logging_mixin.py:188} INFO - {'news_string': "Raye's songwriting books for new album stolen", 'publisher': 'bbc', 'sentiment': -0.4939, 'color': '(255, 0, 0)', 'timestamp': '2024-11-11'}
[2024-11-11T14:23:49.066+0000] {logging_mixin.py:188} INFO - {'news_string': 'Kate Bush reveals plans to make new music', 'publisher': 'bbc', 'sentiment': 0.0, 'color': '(255, 239, 0)', 'timestamp': '2024-11-11'}
[2024-11-11T14:23:49.322+0000] {logging_mixin.py:188} INFO - {'news_string': "Bruce Springsteen: I rarely see my bandmates - we've seen each other enough", 'publisher': 'bbc', 'sentiment': 0.0, 'color': '(255, 239, 0)', 'timestamp': '2024-11-11'}
[2024-11-11T14:23:49.572+0000] {logging_mixin.py:188} INFO - {'news_string': "The battle over one of Italy's most famous pastas", 'publisher': 'bbc', 'sentiment': -0.3818, 'color': '(255, 0, 0)', 'timestamp': '2024-11-11'}
[2024-11-11T14:23:49.823+0000] {logging_mixin.py:188} INFO - {'news_string': "A 315km bike ride into Earth's 'lost' continent", 'publisher': 'bbc', 'sentiment': 0.0, 'color': '(255, 239, 0)', 'timestamp': '2024-11-11'}
[2024-11-11T14:23:50.069+0000] {logging_mixin.py:188} INFO - {'news_string': 'Where to hear traditional Irish music in Galway', 'publisher': 'bbc', 'sentiment': 0.0, 'color': '(255, 239, 0)', 'timestamp': '2024-11-11'}
[2024-11-11T14:23:50.312+0000] {logging_mixin.py:188} INFO - {'news_string': "Is an 'expedition' better than a holiday?", 'publisher': 'bbc', 'sentiment': 0.6808, 'color': '(0, 255, 0)', 'timestamp': '2024-11-11'}
[2024-11-11T14:23:50.562+0000] {logging_mixin.py:188} INFO - {'news_string': 'The 5 nature wins that have actually worked', 'publisher': 'bbc', 'sentiment': 0.5719, 'color': '(0, 255, 0)', 'timestamp': '2024-11-11'}
[2024-11-11T14:23:50.815+0000] {logging_mixin.py:188} INFO - {'news_string': 'The water industry is in crisis. Can it be fixed?', 'publisher': 'bbc', 'sentiment': -0.6249, 'color': '(255, 0, 0)', 'timestamp': '2024-11-11'}
[2024-11-11T14:23:51.051+0000] {logging_mixin.py:188} INFO - {'news_string': 'Is the UN warning of 3.1C global warming a surprise?', 'publisher': 'bbc', 'sentiment': 0.0772, 'color': '(222, 255, 0)', 'timestamp': '2024-11-11'}
[2024-11-11T14:23:51.283+0000] {logging_mixin.py:188} INFO - {'news_string': 'Why are disposable vapes so bad for the environment?', 'publisher': 'bbc', 'sentiment': -0.6696, 'color': '(255, 0, 0)', 'timestamp': '2024-11-11'}
[2024-11-11T14:23:51.548+0000] {logging_mixin.py:188} INFO - {'news_string': 'Father penguin uses unique call to distinguish chick', 'publisher': 'bbc', 'sentiment': 0.0, 'color': '(255, 239, 0)', 'timestamp': '2024-11-11'}
[2024-11-11T14:23:51.796+0000] {logging_mixin.py:188} INFO - {'news_string': "Bulgaria's valley of Thracian Kings and Damask roses", 'publisher': 'bbc', 'sentiment': 0.0, 'color': '(255, 239, 0)', 'timestamp': '2024-11-11'}
[2024-11-11T14:23:52.042+0000] {logging_mixin.py:188} INFO - {'news_string': 'The Bahamas: The last lighthouse of its kind', 'publisher': 'bbc', 'sentiment': 0.5267, 'color': '(0, 255, 0)', 'timestamp': '2024-11-11'}
[2024-11-11T14:23:52.276+0000] {logging_mixin.py:188} INFO - {'news_string': "Protecting Thailand's famous 'paradise beach'", 'publisher': 'bbc', 'sentiment': 0.6369, 'color': '(0, 255, 0)', 'timestamp': '2024-11-11'}
[2024-11-11T14:23:52.536+0000] {logging_mixin.py:188} INFO - {'news_string': 'World of Business', 'publisher': 'bbc', 'sentiment': 0.0, 'color': '(255, 239, 0)', 'timestamp': '2024-11-11'}
[2024-11-11T14:23:52.783+0000] {logging_mixin.py:188} INFO - {'news_string': 'US Election Unspun', 'publisher': 'bbc', 'sentiment': 0.0, 'color': '(255, 239, 0)', 'timestamp': '2024-11-11'}
[2024-11-11T14:23:53.041+0000] {logging_mixin.py:188} INFO - {'news_string': 'The Essential List', 'publisher': 'bbc', 'sentiment': 0.0, 'color': '(255, 239, 0)', 'timestamp': '2024-11-11'}
[2024-11-11T14:23:53.290+0000] {logging_mixin.py:188} INFO - {'news_string': 'News Briefing', 'publisher': 'bbc', 'sentiment': 0.0, 'color': '(255, 239, 0)', 'timestamp': '2024-11-11'}
[2024-11-11T14:23:53.553+0000] {logging_mixin.py:188} INFO - {'news_string': 'Obama and stars help Democrats shore up Georgia votes', 'publisher': 'bbc', 'sentiment': 0.4019, 'color': '(0, 255, 0)', 'timestamp': '2024-11-11'}
[2024-11-11T14:23:53.800+0000] {logging_mixin.py:188} INFO - {'news_string': 'US election polls: Who is ahead - Harris or Trump?', 'publisher': 'bbc', 'sentiment': 0.0, 'color': '(255, 239, 0)', 'timestamp': '2024-11-11'}
[2024-11-11T14:23:54.061+0000] {logging_mixin.py:188} INFO - {'news_string': 'Democrats anxious as Trump gains ground in tight race', 'publisher': 'bbc', 'sentiment': 0.1027, 'color': '(222, 255, 0)', 'timestamp': '2024-11-11'}
[2024-11-11T14:23:54.320+0000] {logging_mixin.py:188} INFO - {'news_string': "Joe Rogan's path to a once-improbable Trump interview", 'publisher': 'bbc', 'sentiment': 0.0, 'color': '(255, 239, 0)', 'timestamp': '2024-11-11'}
[2024-11-11T14:23:54.559+0000] {logging_mixin.py:188} INFO - {'news_string': 'UK willing to hand over Gaza intelligence to war crimes court', 'publisher': 'bbc', 'sentiment': 0.34, 'color': '(0, 255, 0)', 'timestamp': '2024-11-11'}
[2024-11-11T14:23:54.806+0000] {logging_mixin.py:188} INFO - {'news_string': 'Gaza ceasefire talks to resume in coming days', 'publisher': 'bbc', 'sentiment': 0.0, 'color': '(255, 239, 0)', 'timestamp': '2024-11-11'}
[2024-11-11T14:23:55.062+0000] {logging_mixin.py:188} INFO - {'news_string': 'Gaza nurse who filmed moments after Israeli strike describes chaos and grief', 'publisher': 'bbc', 'sentiment': -0.8126, 'color': '(255, 0, 0)', 'timestamp': '2024-11-11'}
[2024-11-11T14:23:55.296+0000] {logging_mixin.py:188} INFO - {'news_string': 'Israel strike on Gaza school-turned-shelter kills 17, hospital says', 'publisher': 'bbc', 'sentiment': -0.6124, 'color': '(255, 0, 0)', 'timestamp': '2024-11-11'}
[2024-11-11T14:23:55.542+0000] {logging_mixin.py:188} INFO - {'news_string': 'North Korea troops in Ukraine would escalate conflict, Lukashenko tells BBC', 'publisher': 'bbc', 'sentiment': -0.3182, 'color': '(255, 0, 0)', 'timestamp': '2024-11-11'}
[2024-11-11T14:23:55.792+0000] {logging_mixin.py:188} INFO - {'news_string': 'Russians accused of crimes offered choice - go to war instead of court', 'publisher': 'bbc', 'sentiment': -0.7269, 'color': '(255, 0, 0)', 'timestamp': '2024-11-11'}
[2024-11-11T14:23:56.039+0000] {logging_mixin.py:188} INFO - {'news_string': 'PM says Russia risks global food security in Ukraine', 'publisher': 'bbc', 'sentiment': 0.0772, 'color': '(222, 255, 0)', 'timestamp': '2024-11-11'}
[2024-11-11T14:23:56.278+0000] {logging_mixin.py:188} INFO - {'news_string': 'Donated ambulance for injured Ukrainian soldiers', 'publisher': 'bbc', 'sentiment': -0.4019, 'color': '(255, 0, 0)', 'timestamp': '2024-11-11'}
[2024-11-11T14:23:56.539+0000] {logging_mixin.py:188} INFO - {'news_string': 'The water industry is in crisis. Can it be fixed?', 'publisher': 'bbc', 'sentiment': -0.6249, 'color': '(255, 0, 0)', 'timestamp': '2024-11-11'}
[2024-11-11T14:23:56.792+0000] {logging_mixin.py:188} INFO - {'news_string': 'Is the UK system letting down people who were harmed by Covid vaccines?', 'publisher': 'bbc', 'sentiment': -0.4767, 'color': '(255, 0, 0)', 'timestamp': '2024-11-11'}
[2024-11-11T14:23:57.047+0000] {logging_mixin.py:188} INFO - {'news_string': "'You lured him in': Rape myths and what we still get wrong about sexual assault", 'publisher': 'bbc', 'sentiment': -0.9118, 'color': '(255, 0, 0)', 'timestamp': '2024-11-11'}
[2024-11-11T14:23:57.318+0000] {logging_mixin.py:188} INFO - {'news_string': 'The work sickness timebomb that risks a lost generation of UK workers', 'publisher': 'bbc', 'sentiment': -0.5267, 'color': '(255, 0, 0)', 'timestamp': '2024-11-11'}
[2024-11-11T14:23:57.568+0000] {logging_mixin.py:188} INFO - {'news_string': 'Israeli raid kills 38 in Khan Younis after ‘major massacre’ in north Gaza', 'publisher': 'aljazeera', 'sentiment': -0.5423, 'color': '(255, 0, 0)', 'timestamp': '2024-11-11'}
[2024-11-11T14:23:57.780+0000] {logging_mixin.py:188} INFO - {'news_string': 'Live updates, ', 'publisher': 'aljazeera', 'sentiment': 0.0, 'color': '(255, 239, 0)', 'timestamp': '2024-11-11'}
[2024-11-11T14:23:58.035+0000] {logging_mixin.py:188} INFO - {'news_string': 'list 1 of 6', 'publisher': 'aljazeera', 'sentiment': 0.0, 'color': '(255, 239, 0)', 'timestamp': '2024-11-11'}
[2024-11-11T14:23:58.288+0000] {logging_mixin.py:188} INFO - {'news_string': 'Published 1 minutes ago', 'publisher': 'aljazeera', 'sentiment': 0.0, 'color': '(255, 239, 0)', 'timestamp': '2024-11-11'}
[2024-11-11T14:23:58.540+0000] {logging_mixin.py:188} INFO - {'news_string': '1m ago', 'publisher': 'aljazeera', 'sentiment': 0.0, 'color': '(255, 239, 0)', 'timestamp': '2024-11-11'}
[2024-11-11T14:23:58.801+0000] {logging_mixin.py:188} INFO - {'news_string': 'list 2 of 6', 'publisher': 'aljazeera', 'sentiment': 0.0, 'color': '(255, 239, 0)', 'timestamp': '2024-11-11'}
[2024-11-11T14:23:59.056+0000] {logging_mixin.py:188} INFO - {'news_string': 'Published 21 minutes ago', 'publisher': 'aljazeera', 'sentiment': 0.0, 'color': '(255, 239, 0)', 'timestamp': '2024-11-11'}
[2024-11-11T14:23:59.311+0000] {logging_mixin.py:188} INFO - {'news_string': '21m ago', 'publisher': 'aljazeera', 'sentiment': 0.0, 'color': '(255, 239, 0)', 'timestamp': '2024-11-11'}
[2024-11-11T14:23:59.545+0000] {logging_mixin.py:188} INFO - {'news_string': 'list 3 of 6', 'publisher': 'aljazeera', 'sentiment': 0.0, 'color': '(255, 239, 0)', 'timestamp': '2024-11-11'}
[2024-11-11T14:23:59.781+0000] {logging_mixin.py:188} INFO - {'news_string': 'Published 31 minutes ago', 'publisher': 'aljazeera', 'sentiment': 0.0, 'color': '(255, 239, 0)', 'timestamp': '2024-11-11'}
[2024-11-11T14:24:00.050+0000] {logging_mixin.py:188} INFO - {'news_string': '31m ago', 'publisher': 'aljazeera', 'sentiment': 0.0, 'color': '(255, 239, 0)', 'timestamp': '2024-11-11'}
[2024-11-11T14:24:00.293+0000] {logging_mixin.py:188} INFO - {'news_string': 'list 4 of 6', 'publisher': 'aljazeera', 'sentiment': 0.0, 'color': '(255, 239, 0)', 'timestamp': '2024-11-11'}
[2024-11-11T14:24:00.545+0000] {logging_mixin.py:188} INFO - {'news_string': 'Published 41 minutes ago', 'publisher': 'aljazeera', 'sentiment': 0.0, 'color': '(255, 239, 0)', 'timestamp': '2024-11-11'}
[2024-11-11T14:24:00.811+0000] {logging_mixin.py:188} INFO - {'news_string': '41m ago', 'publisher': 'aljazeera', 'sentiment': 0.0, 'color': '(255, 239, 0)', 'timestamp': '2024-11-11'}
[2024-11-11T14:24:01.071+0000] {logging_mixin.py:188} INFO - {'news_string': 'list 5 of 6', 'publisher': 'aljazeera', 'sentiment': 0.0, 'color': '(255, 239, 0)', 'timestamp': '2024-11-11'}
[2024-11-11T14:24:01.345+0000] {logging_mixin.py:188} INFO - {'news_string': 'Published 51 minutes ago', 'publisher': 'aljazeera', 'sentiment': 0.0, 'color': '(255, 239, 0)', 'timestamp': '2024-11-11'}
[2024-11-11T14:24:01.599+0000] {logging_mixin.py:188} INFO - {'news_string': '51m ago', 'publisher': 'aljazeera', 'sentiment': 0.0, 'color': '(255, 239, 0)', 'timestamp': '2024-11-11'}
[2024-11-11T14:24:01.884+0000] {logging_mixin.py:188} INFO - {'news_string': 'list 6 of 6', 'publisher': 'aljazeera', 'sentiment': 0.0, 'color': '(255, 239, 0)', 'timestamp': '2024-11-11'}
[2024-11-11T14:24:02.144+0000] {logging_mixin.py:188} INFO - {'news_string': 'Published 1 hours ago', 'publisher': 'aljazeera', 'sentiment': 0.0, 'color': '(255, 239, 0)', 'timestamp': '2024-11-11'}
[2024-11-11T14:24:02.392+0000] {logging_mixin.py:188} INFO - {'news_string': '1h ago', 'publisher': 'aljazeera', 'sentiment': 0.0, 'color': '(255, 239, 0)', 'timestamp': '2024-11-11'}
[2024-11-11T14:24:02.634+0000] {logging_mixin.py:188} INFO - {'news_string': 'Israeli raid kills 38 in Khan Younis after ‘major massacre’ in north Gaza', 'publisher': 'aljazeera', 'sentiment': -0.5423, 'color': '(255, 0, 0)', 'timestamp': '2024-11-11'}
[2024-11-11T14:24:02.874+0000] {logging_mixin.py:188} INFO - {'news_string': 'PKK claims attack on Turkish defence company near Ankara that killed five', 'publisher': 'aljazeera', 'sentiment': -0.802, 'color': '(255, 0, 0)', 'timestamp': '2024-11-11'}
[2024-11-11T14:24:03.130+0000] {logging_mixin.py:188} INFO - {'news_string': 'PKK claims attack on Turkish defence company near Ankara that killed five', 'publisher': 'aljazeera', 'sentiment': -0.802, 'color': '(255, 0, 0)', 'timestamp': '2024-11-11'}
[2024-11-11T14:24:03.378+0000] {logging_mixin.py:188} INFO - {'news_string': 'Three journalists killed in Israeli attack in southern Lebanon', 'publisher': 'aljazeera', 'sentiment': -0.8225, 'color': '(255, 0, 0)', 'timestamp': '2024-11-11'}
[2024-11-11T14:24:03.633+0000] {logging_mixin.py:188} INFO - {'news_string': 'EXPLAINER', 'publisher': 'aljazeera', 'sentiment': 0.0, 'color': '(255, 239, 0)', 'timestamp': '2024-11-11'}
[2024-11-11T14:24:03.894+0000] {logging_mixin.py:188} INFO - {'news_string': 'Can Liz Cheney help Kamala Harris’s campaign? Or will she hurt her?', 'publisher': 'aljazeera', 'sentiment': -0.264, 'color': '(255, 94, 0)', 'timestamp': '2024-11-11'}
[2024-11-11T14:24:04.215+0000] {logging_mixin.py:188} INFO - {'news_string': 'Israel’s ‘war’ against the UN', 'publisher': 'aljazeera', 'sentiment': 0.0, 'color': '(255, 239, 0)', 'timestamp': '2024-11-11'}
[2024-11-11T14:24:04.443+0000] {logging_mixin.py:188} INFO - {'news_string': 'At least 76 killed as Tropical Storm Trami batters the Philippines', 'publisher': 'aljazeera', 'sentiment': -0.6705, 'color': '(255, 0, 0)', 'timestamp': '2024-11-11'}
[2024-11-11T14:24:04.677+0000] {logging_mixin.py:188} INFO - {'news_string': 'Uganda sentences LRA commander Thomas Kwoyelo to 40 years for war crimes', 'publisher': 'aljazeera', 'sentiment': -0.5719, 'color': '(255, 0, 0)', 'timestamp': '2024-11-11'}
[2024-11-11T14:24:04.908+0000] {logging_mixin.py:188} INFO - {'news_string': 'Can China’s Xi and India’s Modi reset rocky ties after border detente?', 'publisher': 'aljazeera', 'sentiment': 0.0, 'color': '(255, 239, 0)', 'timestamp': '2024-11-11'}
[2024-11-11T14:24:05.149+0000] {logging_mixin.py:188} INFO - {'news_string': 'South African Indigenous people fight Big Oil to defend ancestors’ spirits', 'publisher': 'aljazeera', 'sentiment': -0.3818, 'color': '(255, 0, 0)', 'timestamp': '2024-11-11'}
[2024-11-11T14:24:05.403+0000] {logging_mixin.py:188} INFO - {'news_string': 'Remembering Shamshad Abdullaev, the world-class Uzbek poet too few knew', 'publisher': 'aljazeera', 'sentiment': 0.0, 'color': '(255, 239, 0)', 'timestamp': '2024-11-11'}
[2024-11-11T14:24:05.669+0000] {logging_mixin.py:188} INFO - {'news_string': 'Why are some Taiwanese afraid of giving legislators more power?', 'publisher': 'aljazeera', 'sentiment': 0.34, 'color': '(0, 255, 0)', 'timestamp': '2024-11-11'}
[2024-11-11T14:24:05.893+0000] {logging_mixin.py:188} INFO - {'news_string': 'US election: 11 days left – What polls say, what Harris and Trump are up to', 'publisher': 'aljazeera', 'sentiment': 0.0, 'color': '(255, 239, 0)', 'timestamp': '2024-11-11'}
[2024-11-11T14:24:06.146+0000] {logging_mixin.py:188} INFO - {'news_string': 'Britain argues over assisted dying: What to know about the emotive debate', 'publisher': 'aljazeera', 'sentiment': -0.3818, 'color': '(255, 0, 0)', 'timestamp': '2024-11-11'}
[2024-11-11T14:24:06.411+0000] {logging_mixin.py:188} INFO - {'news_string': 'From Catholic saints to Persian rulers: How are hurricanes named?', 'publisher': 'aljazeera', 'sentiment': 0.0, 'color': '(255, 239, 0)', 'timestamp': '2024-11-11'}
[2024-11-11T14:24:06.661+0000] {logging_mixin.py:188} INFO - {'news_string': 'Israelis break into north Gaza as military’s deadly siege continues', 'publisher': 'aljazeera', 'sentiment': 0.0, 'color': '(255, 239, 0)', 'timestamp': '2024-11-11'}
[2024-11-11T14:24:06.905+0000] {logging_mixin.py:188} INFO - {'news_string': 'Video Duration 02 minutes 07 seconds ', 'publisher': 'aljazeera', 'sentiment': 0.0, 'color': '(255, 239, 0)', 'timestamp': '2024-11-11'}
[2024-11-11T14:24:07.165+0000] {logging_mixin.py:188} INFO - {'news_string': '02:07', 'publisher': 'aljazeera', 'sentiment': 0.0, 'color': '(255, 239, 0)', 'timestamp': '2024-11-11'}
[2024-11-11T14:24:07.393+0000] {logging_mixin.py:188} INFO - {'news_string': 'Video Duration 02 minutes 07 seconds ', 'publisher': 'aljazeera', 'sentiment': 0.0, 'color': '(255, 239, 0)', 'timestamp': '2024-11-11'}
[2024-11-11T14:24:07.631+0000] {logging_mixin.py:188} INFO - {'news_string': '02:07', 'publisher': 'aljazeera', 'sentiment': 0.0, 'color': '(255, 239, 0)', 'timestamp': '2024-11-11'}
[2024-11-11T14:24:07.891+0000] {logging_mixin.py:188} INFO - {'news_string': 'Israeli forces storm Kamal Adwan Hospital during north Gaza siege', 'publisher': 'aljazeera', 'sentiment': 0.0, 'color': '(255, 239, 0)', 'timestamp': '2024-11-11'}
[2024-11-11T14:24:08.140+0000] {logging_mixin.py:188} INFO - {'news_string': 'Video Duration 00 minutes 47 seconds ', 'publisher': 'aljazeera', 'sentiment': 0.0, 'color': '(255, 239, 0)', 'timestamp': '2024-11-11'}
[2024-11-11T14:24:08.395+0000] {logging_mixin.py:188} INFO - {'news_string': '00:47', 'publisher': 'aljazeera', 'sentiment': 0.0, 'color': '(255, 239, 0)', 'timestamp': '2024-11-11'}
[2024-11-11T14:24:08.649+0000] {logging_mixin.py:188} INFO - {'news_string': 'Video Duration 00 minutes 47 seconds ', 'publisher': 'aljazeera', 'sentiment': 0.0, 'color': '(255, 239, 0)', 'timestamp': '2024-11-11'}
[2024-11-11T14:24:09.225+0000] {logging_mixin.py:188} INFO - {'news_string': '00:47', 'publisher': 'aljazeera', 'sentiment': 0.0, 'color': '(255, 239, 0)', 'timestamp': '2024-11-11'}
[2024-11-11T14:24:09.470+0000] {logging_mixin.py:188} INFO - {'news_string': 'Bruce Springsteen, Samuel L Jackson, Spike Lee, rally for Harris', 'publisher': 'aljazeera', 'sentiment': 0.0, 'color': '(255, 239, 0)', 'timestamp': '2024-11-11'}
[2024-11-11T14:24:09.721+0000] {logging_mixin.py:188} INFO - {'news_string': 'Video Duration 00 minutes 58 seconds ', 'publisher': 'aljazeera', 'sentiment': 0.0, 'color': '(255, 239, 0)', 'timestamp': '2024-11-11'}
[2024-11-11T14:24:09.965+0000] {logging_mixin.py:188} INFO - {'news_string': '00:58', 'publisher': 'aljazeera', 'sentiment': 0.0, 'color': '(255, 239, 0)', 'timestamp': '2024-11-11'}
[2024-11-11T14:24:10.199+0000] {logging_mixin.py:188} INFO - {'news_string': 'Video Duration 00 minutes 58 seconds ', 'publisher': 'aljazeera', 'sentiment': 0.0, 'color': '(255, 239, 0)', 'timestamp': '2024-11-11'}
[2024-11-11T14:24:10.448+0000] {logging_mixin.py:188} INFO - {'news_string': '00:58', 'publisher': 'aljazeera', 'sentiment': 0.0, 'color': '(255, 239, 0)', 'timestamp': '2024-11-11'}
[2024-11-11T14:24:10.699+0000] {logging_mixin.py:188} INFO - {'news_string': 'Al Jazeera locates young girl in Gaza seen carrying injured sister', 'publisher': 'aljazeera', 'sentiment': -0.4019, 'color': '(255, 0, 0)', 'timestamp': '2024-11-11'}
[2024-11-11T14:24:10.955+0000] {logging_mixin.py:188} INFO - {'news_string': 'Video Duration 02 minutes 24 seconds ', 'publisher': 'aljazeera', 'sentiment': 0.0, 'color': '(255, 239, 0)', 'timestamp': '2024-11-11'}
[2024-11-11T14:24:11.211+0000] {logging_mixin.py:188} INFO - {'news_string': '02:24', 'publisher': 'aljazeera', 'sentiment': 0.0, 'color': '(255, 239, 0)', 'timestamp': '2024-11-11'}
[2024-11-11T14:24:11.475+0000] {logging_mixin.py:188} INFO - {'news_string': 'Video Duration 02 minutes 24 seconds ', 'publisher': 'aljazeera', 'sentiment': 0.0, 'color': '(255, 239, 0)', 'timestamp': '2024-11-11'}
[2024-11-11T14:24:11.721+0000] {logging_mixin.py:188} INFO - {'news_string': '02:24', 'publisher': 'aljazeera', 'sentiment': 0.0, 'color': '(255, 239, 0)', 'timestamp': '2024-11-11'}
[2024-11-11T14:24:11.987+0000] {logging_mixin.py:188} INFO - {'news_string': 'South Korea condemns Russia’s move to seal defence pact with North Korea', 'publisher': 'aljazeera', 'sentiment': -0.4404, 'color': '(255, 0, 0)', 'timestamp': '2024-11-11'}
[2024-11-11T14:24:12.248+0000] {logging_mixin.py:188} INFO - {'news_string': 'Seoul ‘strongly urges’ immediate withdrawal of North Korean troops from Russia.', 'publisher': 'aljazeera', 'sentiment': 0.0258, 'color': '(222, 255, 0)', 'timestamp': '2024-11-11'}
[2024-11-11T14:24:12.497+0000] {logging_mixin.py:188} INFO - {'news_string': 'South Korea condemns Russia’s move to seal defence pact with North Korea', 'publisher': 'aljazeera', 'sentiment': -0.4404, 'color': '(255, 0, 0)', 'timestamp': '2024-11-11'}
[2024-11-11T14:24:12.774+0000] {logging_mixin.py:188} INFO - {'news_string': 'Seoul ‘strongly urges’ immediate withdrawal of North Korean troops from Russia.', 'publisher': 'aljazeera', 'sentiment': 0.0258, 'color': '(222, 255, 0)', 'timestamp': '2024-11-11'}
[2024-11-11T14:24:13.033+0000] {logging_mixin.py:188} INFO - {'news_string': 'Israeli raid kills 38 in Khan Younis after ‘major massacre’ in north Gaza', 'publisher': 'aljazeera', 'sentiment': -0.5423, 'color': '(255, 0, 0)', 'timestamp': '2024-11-11'}
[2024-11-11T14:24:13.284+0000] {logging_mixin.py:188} INFO - {'news_string': 'US election: 11 days left – What polls say, what Harris and Trump are up to', 'publisher': 'aljazeera', 'sentiment': 0.0, 'color': '(255, 239, 0)', 'timestamp': '2024-11-11'}
[2024-11-11T14:24:13.526+0000] {logging_mixin.py:188} INFO - {'news_string': 'Israel’s ‘war’ against the UN', 'publisher': 'aljazeera', 'sentiment': 0.0, 'color': '(255, 239, 0)', 'timestamp': '2024-11-11'}
[2024-11-11T14:24:13.771+0000] {logging_mixin.py:188} INFO - {'news_string': 'Can China’s Xi and India’s Modi reset rocky ties after border detente?', 'publisher': 'aljazeera', 'sentiment': 0.0, 'color': '(255, 239, 0)', 'timestamp': '2024-11-11'}
[2024-11-11T14:24:14.012+0000] {logging_mixin.py:188} INFO - {'news_string': 'PKK claims attack on Turkish defence company near Ankara that killed five', 'publisher': 'aljazeera', 'sentiment': -0.802, 'color': '(255, 0, 0)', 'timestamp': '2024-11-11'}
[2024-11-11T14:24:14.288+0000] {logging_mixin.py:188} INFO - {'news_string': 'North Korean troops in Ukraine ‘fair game’, US warns Russia as war rages on', 'publisher': 'aljazeera', 'sentiment': -0.8126, 'color': '(255, 0, 0)', 'timestamp': '2024-11-11'}
[2024-11-11T14:24:14.538+0000] {logging_mixin.py:188} INFO - {'news_string': 'Want to know who will win the US election? Take a look at the stock market', 'publisher': 'aljazeera', 'sentiment': 0.6249, 'color': '(0, 255, 0)', 'timestamp': '2024-11-11'}
[2024-11-11T14:24:14.780+0000] {logging_mixin.py:188} INFO - {'news_string': 'Russia-Ukraine war: List of key events, day 973', 'publisher': 'aljazeera', 'sentiment': -0.5994, 'color': '(255, 0, 0)', 'timestamp': '2024-11-11'}
[2024-11-11T14:24:15.040+0000] {logging_mixin.py:188} INFO - {'news_string': 'Photos: Exact moment Israeli missile strikes building in Beirut', 'publisher': 'aljazeera', 'sentiment': -0.3612, 'color': '(255, 0, 0)', 'timestamp': '2024-11-11'}
[2024-11-11T14:24:15.305+0000] {logging_mixin.py:188} INFO - {'news_string': 'At BRICS summit, Putin welcomes Trump’s comments on ending Ukraine war', 'publisher': 'aljazeera', 'sentiment': -0.296, 'color': '(255, 94, 0)', 'timestamp': '2024-11-11'}
[2024-11-11T14:24:15.565+0000] {python.py:237} INFO - Done. Returned value was: None
[2024-11-11T14:24:15.566+0000] {taskinstance.py:441} INFO - ::group::Post task execution logs
[2024-11-11T14:24:15.582+0000] {taskinstance.py:1206} INFO - Marking task as SUCCESS. dag_id=molecule_load_dag, task_id=load_op, run_id=manual__2024-11-11T14:22:34.797075+00:00, execution_date=20241111T142234, start_date=20241111T142241, end_date=20241111T142415
[2024-11-11T14:24:15.636+0000] {local_task_job_runner.py:243} INFO - Task exited with return code 0
[2024-11-11T14:24:15.649+0000] {taskinstance.py:3503} INFO - 0 downstream tasks scheduled from follow-on schedule check
[2024-11-11T14:24:15.650+0000] {local_task_job_runner.py:222} INFO - ::endgroup::
