[2024-11-10T14:45:35.318+0000] {local_task_job_runner.py:120} INFO - ::group::Pre task execution logs
[2024-11-10T14:45:35.328+0000] {taskinstance.py:2076} INFO - Dependencies all met for dep_context=non-requeueable deps ti=<TaskInstance: molecule_load_dag.extract_and_load_op manual__2024-11-10T14:45:34.931815+00:00 [queued]>
[2024-11-10T14:45:35.334+0000] {taskinstance.py:2076} INFO - Dependencies all met for dep_context=requeueable deps ti=<TaskInstance: molecule_load_dag.extract_and_load_op manual__2024-11-10T14:45:34.931815+00:00 [queued]>
[2024-11-10T14:45:35.334+0000] {taskinstance.py:2306} INFO - Starting attempt 1 of 1
[2024-11-10T14:45:35.343+0000] {taskinstance.py:2330} INFO - Executing <Task(PythonOperator): extract_and_load_op> on 2024-11-10 14:45:34.931815+00:00
[2024-11-10T14:45:35.352+0000] {logging_mixin.py:188} WARNING - /home/***/.local/lib/python3.12/site-packages/***/task/task_runner/standard_task_runner.py:62 DeprecationWarning: This process (pid=488) is multi-threaded, use of fork() may lead to deadlocks in the child.
[2024-11-10T14:45:35.350+0000] {standard_task_runner.py:90} INFO - Running: ['***', 'tasks', 'run', 'molecule_load_dag', 'extract_and_load_op', 'manual__2024-11-10T14:45:34.931815+00:00', '--job-id', '67', '--raw', '--subdir', 'DAGS_FOLDER/etl_dag.py', '--cfg-path', '/tmp/tmp72q_y6dj']
[2024-11-10T14:45:35.353+0000] {standard_task_runner.py:64} INFO - Started process 489 to run task
[2024-11-10T14:45:35.353+0000] {standard_task_runner.py:91} INFO - Job 67: Subtask extract_and_load_op
[2024-11-10T14:45:35.384+0000] {task_command.py:426} INFO - Running <TaskInstance: molecule_load_dag.extract_and_load_op manual__2024-11-10T14:45:34.931815+00:00 [running]> on host de3c10e6563d
[2024-11-10T14:45:35.435+0000] {taskinstance.py:2648} INFO - Exporting env vars: AIRFLOW_CTX_DAG_OWNER='***' AIRFLOW_CTX_DAG_ID='molecule_load_dag' AIRFLOW_CTX_TASK_ID='extract_and_load_op' AIRFLOW_CTX_EXECUTION_DATE='2024-11-10T14:45:34.931815+00:00' AIRFLOW_CTX_TRY_NUMBER='1' AIRFLOW_CTX_DAG_RUN_ID='manual__2024-11-10T14:45:34.931815+00:00'
[2024-11-10T14:45:35.436+0000] {taskinstance.py:430} INFO - ::endgroup::
[2024-11-10T14:45:35.453+0000] {base.py:84} INFO - Using connection ID 'aws_connection' for task execution.
[2024-11-10T14:45:35.454+0000] {logging_mixin.py:188} INFO - us-east-2
AKIAS2VS4PHYE3LHQNFT
***
[2024-11-10T14:45:35.516+0000] {logging_mixin.py:188} INFO - issue here
[2024-11-10T14:45:37.800+0000] {logging_mixin.py:188} INFO - File raw/raw_news_2024-11-10.csv exists in bucket news-bucket-etl.
[2024-11-10T14:45:37.805+0000] {python.py:237} INFO - Done. Returned value was: True
[2024-11-10T14:45:37.808+0000] {taskinstance.py:441} INFO - ::group::Post task execution logs
[2024-11-10T14:45:38.023+0000] {taskinstance.py:1206} INFO - Marking task as SUCCESS. dag_id=molecule_load_dag, task_id=extract_and_load_op, run_id=manual__2024-11-10T14:45:34.931815+00:00, execution_date=20241110T144534, start_date=20241110T144535, end_date=20241110T144538
[2024-11-10T14:45:38.077+0000] {local_task_job_runner.py:243} INFO - Task exited with return code 0
[2024-11-10T14:45:38.126+0000] {taskinstance.py:3503} INFO - 1 downstream tasks scheduled from follow-on schedule check
[2024-11-10T14:45:38.127+0000] {local_task_job_runner.py:222} INFO - ::endgroup::
