[2024-11-02T09:11:59.757+0000] {local_task_job_runner.py:120} INFO - ::group::Pre task execution logs
[2024-11-02T09:11:59.769+0000] {taskinstance.py:2076} INFO - Dependencies all met for dep_context=non-requeueable deps ti=<TaskInstance: molecule_load_dag.transform_and_load_op manual__2024-11-02T09:11:55.240202+00:00 [queued]>
[2024-11-02T09:11:59.776+0000] {taskinstance.py:2076} INFO - Dependencies all met for dep_context=requeueable deps ti=<TaskInstance: molecule_load_dag.transform_and_load_op manual__2024-11-02T09:11:55.240202+00:00 [queued]>
[2024-11-02T09:11:59.777+0000] {taskinstance.py:2306} INFO - Starting attempt 1 of 1
[2024-11-02T09:11:59.785+0000] {taskinstance.py:2330} INFO - Executing <Task(PythonOperator): transform_and_load_op> on 2024-11-02 09:11:55.240202+00:00
[2024-11-02T09:11:59.793+0000] {standard_task_runner.py:90} INFO - Running: ['***', 'tasks', 'run', 'molecule_load_dag', 'transform_and_load_op', 'manual__2024-11-02T09:11:55.240202+00:00', '--job-id', '20', '--raw', '--subdir', 'DAGS_FOLDER/etl_dag.py', '--cfg-path', '/tmp/tmphrvx5hct']
[2024-11-02T09:11:59.796+0000] {standard_task_runner.py:91} INFO - Job 20: Subtask transform_and_load_op
[2024-11-02T09:11:59.796+0000] {logging_mixin.py:188} WARNING - /home/***/.local/lib/python3.12/site-packages/***/task/task_runner/standard_task_runner.py:62 DeprecationWarning: This process (pid=1609) is multi-threaded, use of fork() may lead to deadlocks in the child.
[2024-11-02T09:11:59.798+0000] {standard_task_runner.py:64} INFO - Started process 1610 to run task
[2024-11-02T09:11:59.830+0000] {task_command.py:426} INFO - Running <TaskInstance: molecule_load_dag.transform_and_load_op manual__2024-11-02T09:11:55.240202+00:00 [running]> on host 11ad264474a7
[2024-11-02T09:11:59.899+0000] {taskinstance.py:2648} INFO - Exporting env vars: AIRFLOW_CTX_DAG_OWNER='***' AIRFLOW_CTX_DAG_ID='molecule_load_dag' AIRFLOW_CTX_TASK_ID='transform_and_load_op' AIRFLOW_CTX_EXECUTION_DATE='2024-11-02T09:11:55.240202+00:00' AIRFLOW_CTX_TRY_NUMBER='1' AIRFLOW_CTX_DAG_RUN_ID='manual__2024-11-02T09:11:55.240202+00:00'
[2024-11-02T09:11:59.900+0000] {taskinstance.py:430} INFO - ::endgroup::
[2024-11-02T09:11:59.916+0000] {base.py:84} INFO - Using connection ID 'aws_connection' for task execution.
[2024-11-02T09:11:59.917+0000] {logging_mixin.py:188} INFO - us-east-2
AKIAS2VS4PHYE3LHQNFT
***
[2024-11-02T09:12:01.176+0000] {logging_mixin.py:188} INFO - <class 'str'>
[2024-11-02T09:12:01.188+0000] {logging_mixin.py:188} INFO - Transformed raw_df:
[2024-11-02T09:12:01.196+0000] {logging_mixin.py:188} INFO -       publisher                                        news_string
0     guardian  Harris heads to Texas as poll shows her tied w...
1     guardian  Children among dead as 38 killed in Israeli at...
2     guardian  King acknowledges ‘painful’ past as calls for ...
3     guardian  Anti-hate group vows to continue work after El...
4     guardian  ‘Someone who destroyed my life’: rapper Shyne ...
..         ...                                                ...
447  aljazeera                                                NaN
448  aljazeera                                                NaN
449  aljazeera                                                NaN
450  aljazeera                                                NaN
451  aljazeera                                                NaN

[452 rows x 2 columns]
[2024-11-02T09:12:01.198+0000] {logging_mixin.py:188} INFO - guardian
[2024-11-02T09:12:01.199+0000] {logging_mixin.py:188} INFO - Harris heads to Texas as poll shows her tied with Trump at 48%
[2024-11-02T09:12:01.208+0000] {logging_mixin.py:188} WARNING - /opt/***/plugins/utils/transform_and_load.py:61 FutureWarning: The behavior of DataFrame concatenation with empty or all-NA entries is deprecated. In a future version, this will no longer exclude empty or all-NA columns when determining the result dtypes. To retain the old behavior, exclude the relevant entries before the concat operation.
[2024-11-02T09:12:01.208+0000] {logging_mixin.py:188} INFO - guardian
[2024-11-02T09:12:01.209+0000] {logging_mixin.py:188} INFO - Children among dead as 38 killed in Israeli attack on Khan Younis
[2024-11-02T09:12:01.210+0000] {logging_mixin.py:188} INFO - guardian
[2024-11-02T09:12:01.211+0000] {logging_mixin.py:188} INFO - King acknowledges ‘painful’ past as calls for slavery reparations grow at summit
[2024-11-02T09:12:01.212+0000] {logging_mixin.py:188} INFO - guardian
[2024-11-02T09:12:01.213+0000] {logging_mixin.py:188} INFO - Anti-hate group vows to continue work after Elon Musk’s declaration of ‘war’
[2024-11-02T09:12:01.214+0000] {logging_mixin.py:188} INFO - guardian
[2024-11-02T09:12:01.214+0000] {logging_mixin.py:188} INFO - ‘Someone who destroyed my life’: rapper Shyne on Sean ‘Diddy’ Combs in new documentary
[2024-11-02T09:12:01.216+0000] {logging_mixin.py:188} INFO - guardian
[2024-11-02T09:12:01.216+0000] {logging_mixin.py:188} INFO - Legal bid for Ecuador forest to be recognised as song co-creator
[2024-11-02T09:12:01.217+0000] {logging_mixin.py:188} INFO - guardian
[2024-11-02T09:12:01.218+0000] {logging_mixin.py:188} INFO - LA district attorney recommends resentencing for Menéndez brothers
[2024-11-02T09:12:01.219+0000] {logging_mixin.py:188} INFO - guardian
[2024-11-02T09:12:01.219+0000] {logging_mixin.py:188} INFO - ‘We have emotions too’: Climate scientists respond to attacks on objectivity
[2024-11-02T09:12:01.220+0000] {logging_mixin.py:188} INFO - guardian
[2024-11-02T09:12:01.220+0000] {logging_mixin.py:188} INFO - Sliver of cool surface water 2mm deep helps oceans absorb CO2, say scientists
[2024-11-02T09:12:01.221+0000] {logging_mixin.py:188} INFO - guardian
[2024-11-02T09:12:01.222+0000] {logging_mixin.py:188} INFO - Helen Mirren: it’s so sad Kurt Cobain died before GPS was invented
[2024-11-02T09:12:01.223+0000] {logging_mixin.py:188} INFO - guardian
[2024-11-02T09:12:01.223+0000] {logging_mixin.py:188} INFO - Watershed moment as Georgia goes to polls in tussle between Russia and west
[2024-11-02T09:12:01.224+0000] {logging_mixin.py:188} INFO - guardian
[2024-11-02T09:12:01.224+0000] {logging_mixin.py:188} INFO - ‘Blood alliance’: why South Korea fears North’s involvement in Ukraine war
[2024-11-02T09:12:01.225+0000] {logging_mixin.py:188} INFO - guardian
[2024-11-02T09:12:01.226+0000] {logging_mixin.py:188} INFO - High-stakes pension plebiscite could turn Uruguay’s election in to its ‘Brexit moment’
[2024-11-02T09:12:01.227+0000] {logging_mixin.py:188} INFO - guardian
[2024-11-02T09:12:01.227+0000] {logging_mixin.py:188} INFO - Lady Gaga: Disease review – a return to form, and to her classic sound
[2024-11-02T09:12:01.228+0000] {logging_mixin.py:188} INFO - guardian
[2024-11-02T09:12:01.228+0000] {logging_mixin.py:188} INFO - Should my flatmate stop drying her underwear on our radiators?
[2024-11-02T09:12:01.229+0000] {logging_mixin.py:188} INFO - guardian
[2024-11-02T09:12:01.229+0000] {logging_mixin.py:188} INFO - Hellah Sidibe: the pioneering ultrarunner who was once scared of running
[2024-11-02T09:12:01.230+0000] {logging_mixin.py:188} INFO - guardian
[2024-11-02T09:12:01.230+0000] {logging_mixin.py:188} INFO - ‘It’s going to be much darker’: inside the deadly return of TV masterpiece Wolf Hall
[2024-11-02T09:12:01.231+0000] {logging_mixin.py:188} INFO - guardian
[2024-11-02T09:12:01.232+0000] {logging_mixin.py:188} INFO - ‘Who am I voting for? America!’ Chris Stapleton on patriotism, politics and being country’s great crossover star
[2024-11-02T09:12:01.233+0000] {logging_mixin.py:188} INFO - guardian
[2024-11-02T09:12:01.233+0000] {logging_mixin.py:188} INFO - I do hair and makeup for the dead
[2024-11-02T09:12:01.234+0000] {logging_mixin.py:188} INFO - guardian
[2024-11-02T09:12:01.234+0000] {logging_mixin.py:188} INFO - Kate Bush: Little Shrew review – this devastating film will make you weep at war’s violence against children
[2024-11-02T09:12:01.235+0000] {logging_mixin.py:188} INFO - guardian
[2024-11-02T09:12:01.235+0000] {logging_mixin.py:188} INFO - Growth the size of a melon: a scrotum-swelling disease threatening thousands
[2024-11-02T09:12:01.236+0000] {logging_mixin.py:188} INFO - guardian
[2024-11-02T09:12:01.236+0000] {logging_mixin.py:188} INFO - The US election interference row tells us this: Starmer’s political compass urgently needs resetting
[2024-11-02T09:12:01.237+0000] {logging_mixin.py:188} INFO - guardian
[2024-11-02T09:12:01.237+0000] {logging_mixin.py:188} INFO - Don’t ‘boy mum’ me. These stereotypes around raising children do enormous harm
[2024-11-02T09:12:01.238+0000] {logging_mixin.py:188} INFO - guardian
[2024-11-02T09:12:01.238+0000] {logging_mixin.py:188} INFO - A prime minister defending immigration? It can happen. It just did here in Spain
[2024-11-02T09:12:01.239+0000] {logging_mixin.py:188} INFO - guardian
[2024-11-02T09:12:01.239+0000] {logging_mixin.py:188} INFO - If Civilization is falling apart, I might as well control it myself
[2024-11-02T09:12:01.240+0000] {logging_mixin.py:188} INFO - guardian
[2024-11-02T09:12:01.240+0000] {logging_mixin.py:188} INFO - The corporate takeover of ‘craft beer’ leaves a nasty taste in the mouth
[2024-11-02T09:12:01.241+0000] {logging_mixin.py:188} INFO - guardian
[2024-11-02T09:12:01.242+0000] {logging_mixin.py:188} INFO - Obama fan-boys Eminem, American Airlines gets tough on ‘gate lice’
[2024-11-02T09:12:01.242+0000] {logging_mixin.py:188} INFO - guardian
[2024-11-02T09:12:01.243+0000] {logging_mixin.py:188} INFO - Pakistan turn tide on England with Saud century and late wickets
[2024-11-02T09:12:01.244+0000] {logging_mixin.py:188} INFO - guardian
[2024-11-02T09:12:01.244+0000] {logging_mixin.py:188} INFO - England v Germany buildup, Premier League news and Europa League reaction
[2024-11-02T09:12:01.245+0000] {logging_mixin.py:188} INFO - guardian
[2024-11-02T09:12:01.245+0000] {logging_mixin.py:188} INFO - Data, repeat viewings and gut feeling: how Liverpool signed Firmino
[2024-11-02T09:12:01.246+0000] {logging_mixin.py:188} INFO - guardian
[2024-11-02T09:12:01.246+0000] {logging_mixin.py:188} INFO - Will the Yankees or Dodgers win east v west coast heavyweight clash?
[2024-11-02T09:12:01.247+0000] {logging_mixin.py:188} INFO - guardian
[2024-11-02T09:12:01.247+0000] {logging_mixin.py:188} INFO - Howe tells Alexander Isak to ‘focus on football’ not a new deal
[2024-11-02T09:12:01.248+0000] {logging_mixin.py:188} INFO - guardian
[2024-11-02T09:12:01.248+0000] {logging_mixin.py:188} INFO - Pressure on Steidten and Lopetegui as West Ham revamp stalls
[2024-11-02T09:12:01.249+0000] {logging_mixin.py:188} INFO - guardian
[2024-11-02T09:12:01.249+0000] {logging_mixin.py:188} INFO - 10 things to look out for this weekend as Liverpool visit Arsenal
[2024-11-02T09:12:01.250+0000] {logging_mixin.py:188} INFO - guardian
[2024-11-02T09:12:01.250+0000] {logging_mixin.py:188} INFO - Mancini walks away from Saudi Arabia after 14 months as coach 
[2024-11-02T09:12:01.251+0000] {logging_mixin.py:188} INFO - guardian
[2024-11-02T09:12:01.251+0000] {logging_mixin.py:188} INFO - Tropical storm season in full swing in Indian and Pacific oceans
[2024-11-02T09:12:01.252+0000] {logging_mixin.py:188} INFO - guardian
[2024-11-02T09:12:01.252+0000] {logging_mixin.py:188} INFO - ‘Crunch time for real’: UN says time for climate delays has run out
[2024-11-02T09:12:01.253+0000] {logging_mixin.py:188} INFO - guardian
[2024-11-02T09:12:01.253+0000] {logging_mixin.py:188} INFO - Hawaii sets rules to stop spread of tree-killing coconut rhinoceros beetles
[2024-11-02T09:12:01.254+0000] {logging_mixin.py:188} INFO - guardian
[2024-11-02T09:12:01.254+0000] {logging_mixin.py:188} INFO - US power grid added battery equivalent of 20 nuclear reactors in past four years
[2024-11-02T09:12:01.255+0000] {logging_mixin.py:188} INFO - guardian
[2024-11-02T09:12:01.255+0000] {logging_mixin.py:188} INFO - Where do Harris and Trump stand on the key election issues?
[2024-11-02T09:12:01.256+0000] {logging_mixin.py:188} INFO - guardian
[2024-11-02T09:12:01.256+0000] {logging_mixin.py:188} INFO - I visited JD Vance’s hometown. Here’s what I learned about young male voters
[2024-11-02T09:12:01.257+0000] {logging_mixin.py:188} INFO - guardian
[2024-11-02T09:12:01.258+0000] {logging_mixin.py:188} INFO - If Trump wins the election, this is what’s at stake for gun control
[2024-11-02T09:12:01.259+0000] {logging_mixin.py:188} INFO - guardian
[2024-11-02T09:12:01.259+0000] {logging_mixin.py:188} INFO - Nobel prize winners endorse Harris and warn Trump would endanger future of science
[2024-11-02T09:12:01.260+0000] {logging_mixin.py:188} INFO - guardian
[2024-11-02T09:12:01.260+0000] {logging_mixin.py:188} INFO - ‘Ours is a fight for the future’: Harris and Obama share stage for first time at Georgia rally
[2024-11-02T09:12:01.261+0000] {logging_mixin.py:188} INFO - guardian
[2024-11-02T09:12:01.262+0000] {logging_mixin.py:188} INFO - ‘Inhumane and wicked’: anguish over Italy’s expanded surrogacy ban
[2024-11-02T09:12:01.262+0000] {logging_mixin.py:188} INFO - guardian
[2024-11-02T09:12:01.263+0000] {logging_mixin.py:188} INFO - Putin does not deny North Korea has sent soldiers to Russia
[2024-11-02T09:12:01.263+0000] {logging_mixin.py:188} INFO - guardian
[2024-11-02T09:12:01.264+0000] {logging_mixin.py:188} INFO - Justin Trudeau insists he will lead Liberals into next election amid dissent
[2024-11-02T09:12:01.264+0000] {logging_mixin.py:188} INFO - guardian
[2024-11-02T09:12:01.265+0000] {logging_mixin.py:188} INFO - Israel’s plan to ban Unrwa from accessing Gaza marks new low in its relations with UN
[2024-11-02T09:12:01.266+0000] {logging_mixin.py:188} INFO - guardian
[2024-11-02T09:12:01.267+0000] {logging_mixin.py:188} INFO - ‘Sherpas are rarely seen as elite athletes’: record-breaking teenager’s fight for equality
[2024-11-02T09:12:01.268+0000] {logging_mixin.py:188} INFO - guardian
[2024-11-02T09:12:01.268+0000] {logging_mixin.py:188} INFO - UK consumers in ‘a despondent mood’ ahead of the budget; pound on track for worst month in a year  
[2024-11-02T09:12:01.269+0000] {logging_mixin.py:188} INFO - guardian
[2024-11-02T09:12:01.269+0000] {logging_mixin.py:188} INFO - Gambling poses huge global threat to public health, experts warn
[2024-11-02T09:12:01.270+0000] {logging_mixin.py:188} INFO - guardian
[2024-11-02T09:12:01.270+0000] {logging_mixin.py:188} INFO - Astronauts return from nearly eight months on ISS after Starliner problems
[2024-11-02T09:12:01.271+0000] {logging_mixin.py:188} INFO - guardian
[2024-11-02T09:12:01.272+0000] {logging_mixin.py:188} INFO - Limits on testing for bird flu in humans could pose difficulty for containing spread
[2024-11-02T09:12:01.272+0000] {logging_mixin.py:188} INFO - guardian
[2024-11-02T09:12:01.273+0000] {logging_mixin.py:188} INFO - Raye loses songwriting books for second album in car theft
[2024-11-02T09:12:01.273+0000] {logging_mixin.py:188} INFO - guardian
[2024-11-02T09:12:01.274+0000] {logging_mixin.py:188} INFO - Kate Bush shares plans to make new music: ‘I’ve got lots of ideas’
[2024-11-02T09:12:01.275+0000] {logging_mixin.py:188} INFO - guardian
[2024-11-02T09:12:01.275+0000] {logging_mixin.py:188} INFO - Letters by Oliver Sacks review – science, sex and motorcycles
[2024-11-02T09:12:01.276+0000] {logging_mixin.py:188} INFO - guardian
[2024-11-02T09:12:01.276+0000] {logging_mixin.py:188} INFO - Before review – Billy Crystal’s move into horror is brilliant
[2024-11-02T09:12:01.277+0000] {logging_mixin.py:188} INFO - guardian
[2024-11-02T09:12:01.277+0000] {logging_mixin.py:188} INFO - Lissa Evans: ‘Charlotte’s Web had me beside myself with rage and disbelief’
[2024-11-02T09:12:01.278+0000] {logging_mixin.py:188} INFO - guardian
[2024-11-02T09:12:01.278+0000] {logging_mixin.py:188} INFO - Children’s and teens roundup – the best new picture books and novels
[2024-11-02T09:12:01.279+0000] {logging_mixin.py:188} INFO - guardian
[2024-11-02T09:12:01.280+0000] {logging_mixin.py:188} INFO - ‘I stood on the sunny hilltop imagining I was a Roman’: readers’ favourite ancient sites in Europe
[2024-11-02T09:12:01.281+0000] {logging_mixin.py:188} INFO - guardian
[2024-11-02T09:12:01.281+0000] {logging_mixin.py:188} INFO - On a group holiday we realised we had feelings for each other
[2024-11-02T09:12:01.282+0000] {logging_mixin.py:188} INFO - guardian
[2024-11-02T09:12:01.282+0000] {logging_mixin.py:188} INFO - ‘Oh, look at the lovely gammon!’ The National Trust’s new woke trail 
[2024-11-02T09:12:01.283+0000] {logging_mixin.py:188} INFO - guardian
[2024-11-02T09:12:01.283+0000] {logging_mixin.py:188} INFO - Time for action on my maturing veg patch. First job? Tackle the rhubarb
[2024-11-02T09:12:01.284+0000] {logging_mixin.py:188} INFO - guardian
[2024-11-02T09:12:01.284+0000] {logging_mixin.py:188} INFO - Out with the bats, in with the brats: 7 Halloween costumes that lean into the zeitgeist
[2024-11-02T09:12:01.285+0000] {logging_mixin.py:188} INFO - guardian
[2024-11-02T09:12:01.285+0000] {logging_mixin.py:188} INFO - He did give me pause for thought about whether my position might be too extreme
[2024-11-02T09:12:01.286+0000] {logging_mixin.py:188} INFO - guardian
[2024-11-02T09:12:01.286+0000] {logging_mixin.py:188} INFO - Share your experience of being a runner for film or TV
[2024-11-02T09:12:01.287+0000] {logging_mixin.py:188} INFO - guardian
[2024-11-02T09:12:01.287+0000] {logging_mixin.py:188} INFO - How has Microsoft Excel become part of your life? 
[2024-11-02T09:12:01.288+0000] {logging_mixin.py:188} INFO - guardian
[2024-11-02T09:12:01.288+0000] {logging_mixin.py:188} INFO - How have you been affected by the recent violence?
[2024-11-02T09:12:01.289+0000] {logging_mixin.py:188} INFO - guardian
[2024-11-02T09:12:01.289+0000] {logging_mixin.py:188} INFO - Tell us your experience with Australia’s housing affordability crisis
[2024-11-02T09:12:01.290+0000] {logging_mixin.py:188} INFO - guardian
[2024-11-02T09:12:01.290+0000] {logging_mixin.py:188} INFO - Which disease-modifying Alzheimer’s drugs are the most promising?
[2024-11-02T09:12:01.291+0000] {logging_mixin.py:188} INFO - guardian
[2024-11-02T09:12:01.291+0000] {logging_mixin.py:188} INFO - Polls show historic gender split between Trump and Harris voters
[2024-11-02T09:12:01.292+0000] {logging_mixin.py:188} INFO - guardian
[2024-11-02T09:12:01.292+0000] {logging_mixin.py:188} INFO - Growth the size of a melon: a scrotum-swelling disease threatening thousands
[2024-11-02T09:12:01.293+0000] {logging_mixin.py:188} INFO - guardian
[2024-11-02T09:12:01.293+0000] {logging_mixin.py:188} INFO - This race could affect Pennsylvanians more than the presidential election. Can Democrats win?
[2024-11-02T09:12:01.294+0000] {logging_mixin.py:188} INFO - guardian
[2024-11-02T09:12:01.294+0000] {logging_mixin.py:188} INFO - What we’ve learned so far from the Lucy Letby inquiry: ‘cold’ character, missed opportunities and staff shortages
[2024-11-02T09:12:01.295+0000] {logging_mixin.py:188} INFO - guardian
[2024-11-02T09:12:01.295+0000] {logging_mixin.py:188} INFO - An unlikely Oakland mayor is fighting for political survival amid a billionaire-backed recall
[2024-11-02T09:12:01.296+0000] {logging_mixin.py:188} INFO - guardian
[2024-11-02T09:12:01.296+0000] {logging_mixin.py:188} INFO - ‘We don’t know where the tipping point is’: climate expert on potential collapse of Atlantic circulation
[2024-11-02T09:12:01.297+0000] {logging_mixin.py:188} INFO - guardian
[2024-11-02T09:12:01.297+0000] {logging_mixin.py:188} INFO - ‘An apology is free’: experts on the UK’s approach to slavery reparations
[2024-11-02T09:12:01.298+0000] {logging_mixin.py:188} INFO - guardian
[2024-11-02T09:12:01.298+0000] {logging_mixin.py:188} INFO - ‘I don’t have much hope for a Harris presidency’: Ta-Nehisi Coates on Israeli apartheid and what the media gets wrong about Palestine
[2024-11-02T09:12:01.300+0000] {logging_mixin.py:188} INFO - guardian
[2024-11-02T09:12:01.300+0000] {logging_mixin.py:188} INFO - What does Elon Musk want from all this politicking?
[2024-11-02T09:12:01.301+0000] {logging_mixin.py:188} INFO - guardian
[2024-11-02T09:12:01.301+0000] {logging_mixin.py:188} INFO - The trial of Björn Höcke, the ‘real boss’ of Germany’s far right – podcast
[2024-11-02T09:12:01.302+0000] {logging_mixin.py:188} INFO - guardian
[2024-11-02T09:12:01.302+0000] {logging_mixin.py:188} INFO - Why Elon Musk needs Donald Trump to win – podcast
[2024-11-02T09:12:01.303+0000] {logging_mixin.py:188} INFO - guardian
[2024-11-02T09:12:01.303+0000] {logging_mixin.py:188} INFO - Undercover inside a ‘scientific racism’ network – podcast
[2024-11-02T09:12:01.304+0000] {logging_mixin.py:188} INFO - guardian
[2024-11-02T09:12:01.304+0000] {logging_mixin.py:188} INFO - US election extra: Pennsylvania in the balance – podcast
[2024-11-02T09:12:01.305+0000] {logging_mixin.py:188} INFO - guardian
[2024-11-02T09:12:01.305+0000] {logging_mixin.py:188} INFO - Haaland goes full Matrix and a belter in Barcelona – Football Weekly Extra
[2024-11-02T09:12:01.306+0000] {logging_mixin.py:188} INFO - guardian
[2024-11-02T09:12:01.306+0000] {logging_mixin.py:188} INFO - What’s at stake for the climate if Trump wins? – podcast
[2024-11-02T09:12:01.307+0000] {logging_mixin.py:188} INFO - guardian
[2024-11-02T09:12:01.308+0000] {logging_mixin.py:188} INFO - On the road in Birmingham: can the budget save this bankrupt city – Politics Weekly UK
[2024-11-02T09:12:01.308+0000] {logging_mixin.py:188} INFO - guardian
[2024-11-02T09:12:01.309+0000] {logging_mixin.py:188} INFO - 'Love me some Eminem': Obama raps on stage at Harris campaign rally 
[2024-11-02T09:12:01.309+0000] {logging_mixin.py:188} INFO - guardian
[2024-11-02T09:12:01.310+0000] {logging_mixin.py:188} INFO - Video shows moment Beirut building is flattened in an Israeli strike
[2024-11-02T09:12:01.310+0000] {logging_mixin.py:188} INFO - guardian
[2024-11-02T09:12:01.311+0000] {logging_mixin.py:188} INFO - 'Europe is not paradise': one man's mission to stop Senegal’s youth dying at sea 
[2024-11-02T09:12:01.312+0000] {logging_mixin.py:188} INFO - guardian
[2024-11-02T09:12:01.312+0000] {logging_mixin.py:188} INFO - King Charles and Queen Camilla touch down in Australia for royal tour
[2024-11-02T09:12:01.313+0000] {logging_mixin.py:188} INFO - guardian
[2024-11-02T09:12:01.313+0000] {logging_mixin.py:188} INFO - A night of light and a giant maze
[2024-11-02T09:12:01.314+0000] {logging_mixin.py:188} INFO - guardian
[2024-11-02T09:12:01.314+0000] {logging_mixin.py:188} INFO - ‘Pole of Cold’: life in the coldest inhabited village on Earth – photo essay
[2024-11-02T09:12:01.315+0000] {logging_mixin.py:188} INFO - guardian
[2024-11-02T09:12:01.315+0000] {logging_mixin.py:188} INFO - King Charles and Queen Camilla receive royal welcome in Samoa 
[2024-11-02T09:12:01.316+0000] {logging_mixin.py:188} INFO - guardian
[2024-11-02T09:12:01.316+0000] {logging_mixin.py:188} INFO - Fabricating life in the Japanese village of Ichinono 
[2024-11-02T09:12:01.317+0000] {logging_mixin.py:188} INFO - guardian
[2024-11-02T09:12:01.317+0000] {logging_mixin.py:188} INFO - Cosy cottages for autumn for sale 
[2024-11-02T09:12:01.318+0000] {logging_mixin.py:188} INFO - guardian
[2024-11-02T09:12:01.318+0000] {logging_mixin.py:188} INFO - Jaguar cuddles, a supermarket cockatoo and a seal in Canary Wharf
[2024-11-02T09:12:01.319+0000] {logging_mixin.py:188} INFO - nytimes
[2024-11-02T09:12:01.319+0000] {logging_mixin.py:188} INFO - Harris and Trump Deadlocked to the End, Final Times/Siena National Poll Finds
[2024-11-02T09:12:01.320+0000] {logging_mixin.py:188} INFO - nytimes
[2024-11-02T09:12:01.320+0000] {logging_mixin.py:188} INFO - Could Donald Trump Win the Popular Vote but Lose the Electoral College?
[2024-11-02T09:12:01.321+0000] {logging_mixin.py:188} INFO - nytimes
[2024-11-02T09:12:01.321+0000] {logging_mixin.py:188} INFO - Harris, Trump and Allies Spend Over a Half-Billion Dollars in 16 Days
[2024-11-02T09:12:01.322+0000] {logging_mixin.py:188} INFO - nytimes
[2024-11-02T09:12:01.322+0000] {logging_mixin.py:188} INFO - U.S. Bond Market Braces for the ‘Trump Trade’ of Large Tariffs and Deficits
[2024-11-02T09:12:01.323+0000] {logging_mixin.py:188} INFO - nytimes
[2024-11-02T09:12:01.323+0000] {logging_mixin.py:188} INFO - Obama Rallies With Harris for First Time, to the Chords of Bruce Springsteen
[2024-11-02T09:12:01.324+0000] {logging_mixin.py:188} INFO - nytimes
[2024-11-02T09:12:01.324+0000] {logging_mixin.py:188} INFO - Trump to Appear on Joe Rogan’s Podcast as Harris Visits Brené Brown’s Show
[2024-11-02T09:12:01.325+0000] {logging_mixin.py:188} INFO - nytimes
[2024-11-02T09:12:01.325+0000] {logging_mixin.py:188} INFO - Why Harris (With Beyoncé in Tow) Is Heading to Solidly Red Texas
[2024-11-02T09:12:01.326+0000] {logging_mixin.py:188} INFO - nytimes
[2024-11-02T09:12:01.326+0000] {logging_mixin.py:188} INFO - Poll Shows Dead Heat, Biden to Apologize for Native American School Abuses, and More
[2024-11-02T09:12:01.327+0000] {logging_mixin.py:188} INFO - nytimes
[2024-11-02T09:12:01.327+0000] {logging_mixin.py:188} INFO - The Army of Election Officials Ready to Reject the Vote
[2024-11-02T09:12:01.328+0000] {logging_mixin.py:188} INFO - nytimes
[2024-11-02T09:12:01.328+0000] {logging_mixin.py:188} INFO - What to Know About the Looming Election Certification Crisis
[2024-11-02T09:12:01.329+0000] {logging_mixin.py:188} INFO - nytimes
[2024-11-02T09:12:01.329+0000] {logging_mixin.py:188} INFO - The Other War for These Gazans Is Against Cancer
[2024-11-02T09:12:01.330+0000] {logging_mixin.py:188} INFO - nytimes
[2024-11-02T09:12:01.330+0000] {logging_mixin.py:188} INFO - Deadly Israeli Strikes Hit Southern Gaza, Health Officials Say
[2024-11-02T09:12:01.331+0000] {logging_mixin.py:188} INFO - nytimes
[2024-11-02T09:12:01.331+0000] {logging_mixin.py:188} INFO - Iran Is Preparing for War With Israel, but Hoping to Avert It
[2024-11-02T09:12:01.332+0000] {logging_mixin.py:188} INFO - nytimes
[2024-11-02T09:12:01.333+0000] {logging_mixin.py:188} INFO - Why M.L.B. May Finally Have Its Own Version of Magic Johnson vs. Larry Bird
[2024-11-02T09:12:01.333+0000] {logging_mixin.py:188} INFO - nytimes
[2024-11-02T09:12:01.334+0000] {logging_mixin.py:188} INFO - Yankees or Dodgers? Our Experts Predict the World Series.
[2024-11-02T09:12:01.334+0000] {logging_mixin.py:188} INFO - nytimes
[2024-11-02T09:12:01.335+0000] {logging_mixin.py:188} INFO - Why Is North Korea Deploying Troops to Help Russia? Here’s What to Know.
[2024-11-02T09:12:01.335+0000] {logging_mixin.py:188} INFO - nytimes
[2024-11-02T09:12:01.336+0000] {logging_mixin.py:188} INFO - Georgia’s Election Could Decide Whether the Country Pivots East or West
[2024-11-02T09:12:01.336+0000] {logging_mixin.py:188} INFO - nytimes
[2024-11-02T09:12:01.337+0000] {logging_mixin.py:188} INFO - How a Campaign of Fear Has Shaken Canada’s Sikhs
[2024-11-02T09:12:01.338+0000] {logging_mixin.py:188} INFO - nytimes
[2024-11-02T09:12:01.338+0000] {logging_mixin.py:188} INFO - The Crypto Website Where the Election Odds Swing in Trump’s Favor
[2024-11-02T09:12:01.339+0000] {logging_mixin.py:188} INFO - nytimes
[2024-11-02T09:12:01.339+0000] {logging_mixin.py:188} INFO - Betting Markets Favor Trump. But Their Record of Accuracy Is Mixed.
[2024-11-02T09:12:01.340+0000] {logging_mixin.py:188} INFO - nytimes
[2024-11-02T09:12:01.340+0000] {logging_mixin.py:188} INFO - Malaria Is Surging in Ethiopia, Reversing a Decade of Progress 
[2024-11-02T09:12:01.341+0000] {logging_mixin.py:188} INFO - nytimes
[2024-11-02T09:12:01.341+0000] {logging_mixin.py:188} INFO - Attacks on L.G.B.T.Q. People Shake Sense of Security in Ivory Coast
[2024-11-02T09:12:01.342+0000] {logging_mixin.py:188} INFO - nytimes
[2024-11-02T09:12:01.342+0000] {logging_mixin.py:188} INFO - ‘Conclave’: A Fly on the Wall Inside the Secret Process to Elect a Pope
[2024-11-02T09:12:01.343+0000] {logging_mixin.py:188} INFO - nytimes
[2024-11-02T09:12:01.343+0000] {logging_mixin.py:188} INFO - Serpents and Doves Run Amok in the Vatican
[2024-11-02T09:12:01.344+0000] {logging_mixin.py:188} INFO - nytimes
[2024-11-02T09:12:01.344+0000] {logging_mixin.py:188} INFO - Watch Ralph Fiennes Deliver a Startling Speech in ‘Conclave’
[2024-11-02T09:12:01.345+0000] {logging_mixin.py:188} INFO - nytimes
[2024-11-02T09:12:01.345+0000] {logging_mixin.py:188} INFO - A Poem Hitches a Ride on a Rocket, to Infinity and Beyond
[2024-11-02T09:12:01.346+0000] {logging_mixin.py:188} INFO - nytimes
[2024-11-02T09:12:01.347+0000] {logging_mixin.py:188} INFO - In this 2011 essay, a 39-year-old woman is asked by a date, “What’s wrong with you?”
[2024-11-02T09:12:01.347+0000] {logging_mixin.py:188} INFO - nytimes
[2024-11-02T09:12:01.348+0000] {logging_mixin.py:188} INFO - This giant jam bun makes a party out of teatime.
[2024-11-02T09:12:01.348+0000] {logging_mixin.py:188} INFO - nytimes
[2024-11-02T09:12:01.349+0000] {logging_mixin.py:188} INFO - The sisters behind “Nobody Wants This” are in high demand.
[2024-11-02T09:12:01.349+0000] {logging_mixin.py:188} INFO - nytimes
[2024-11-02T09:12:01.350+0000] {logging_mixin.py:188} INFO - Is there a feud between Martha Stewart and Ina Garten?
[2024-11-02T09:12:01.350+0000] {logging_mixin.py:188} INFO - nytimes
[2024-11-02T09:12:01.351+0000] {logging_mixin.py:188} INFO - The Editorial Board
[2024-11-02T09:12:01.351+0000] {logging_mixin.py:188} INFO - nytimes
[2024-11-02T09:12:01.351+0000] {logging_mixin.py:188} INFO - Trump Is Telling Us What He Would Do. Believe Him.
[2024-11-02T09:12:01.352+0000] {logging_mixin.py:188} INFO - nytimes
[2024-11-02T09:12:01.352+0000] {logging_mixin.py:188} INFO - Don Jr. Is Making Plans
[2024-11-02T09:12:01.353+0000] {logging_mixin.py:188} INFO - nytimes
[2024-11-02T09:12:01.353+0000] {logging_mixin.py:188} INFO - Republicans Assumed a Nebraska Senate Seat Was Safe. Then This Candidate Came Along.
[2024-11-02T09:12:01.354+0000] {logging_mixin.py:188} INFO - nytimes
[2024-11-02T09:12:01.354+0000] {logging_mixin.py:188} INFO - Maggie Haberman on How Trump Has Changed
[2024-11-02T09:12:01.355+0000] {logging_mixin.py:188} INFO - nytimes
[2024-11-02T09:12:01.355+0000] {logging_mixin.py:188} INFO - What Is It About Trump That the Generals Want Us to Understand?
[2024-11-02T09:12:01.356+0000] {logging_mixin.py:188} INFO - nytimes
[2024-11-02T09:12:01.356+0000] {logging_mixin.py:188} INFO - There’s a Very Good Reason College Students Don’t Read Anymore
[2024-11-02T09:12:01.357+0000] {logging_mixin.py:188} INFO - nytimes
[2024-11-02T09:12:01.357+0000] {logging_mixin.py:188} INFO - The Election Is Happening Too Soon
[2024-11-02T09:12:01.358+0000] {logging_mixin.py:188} INFO - nytimes
[2024-11-02T09:12:01.358+0000] {logging_mixin.py:188} INFO - 1 Person, 1 Button, 15 Minutes: Absolute Authority to End the World
[2024-11-02T09:12:01.359+0000] {logging_mixin.py:188} INFO - nytimes
[2024-11-02T09:12:01.359+0000] {logging_mixin.py:188} INFO - How Trump Could Bankrupt Social Security
[2024-11-02T09:12:01.360+0000] {logging_mixin.py:188} INFO - nytimes
[2024-11-02T09:12:01.360+0000] {logging_mixin.py:188} INFO - The Worst Tucker Carlson Metaphor of the Month. So Far.
[2024-11-02T09:12:01.361+0000] {logging_mixin.py:188} INFO - nytimes
[2024-11-02T09:12:01.361+0000] {logging_mixin.py:188} INFO - Biden Has a Crucial Decision to Make on Ukraine
[2024-11-02T09:12:01.362+0000] {logging_mixin.py:188} INFO - nytimes
[2024-11-02T09:12:01.362+0000] {logging_mixin.py:188} INFO - Beyond Trump vs. Harris: Control of Congress Comes Down to These Races
[2024-11-02T09:12:01.363+0000] {logging_mixin.py:188} INFO - nytimes
[2024-11-02T09:12:01.363+0000] {logging_mixin.py:188} INFO - It Sounded Like Dancing, Drinking and Sex. It Blew People’s Minds.
[2024-11-02T09:12:01.364+0000] {logging_mixin.py:188} INFO - nytimes
[2024-11-02T09:12:01.364+0000] {logging_mixin.py:188} INFO - Iran’s Fateful Decision
[2024-11-02T09:12:01.365+0000] {logging_mixin.py:188} INFO - nytimes
[2024-11-02T09:12:01.365+0000] {logging_mixin.py:188} INFO - I’m an OB-GYN. Here’s How I Think About the Women Who Died After Taking Abortion Pills.
[2024-11-02T09:12:01.366+0000] {logging_mixin.py:188} INFO - nytimes
[2024-11-02T09:12:01.367+0000] {logging_mixin.py:188} INFO - I Spoke to Many Working-Class Voters. This Is Why Trump Is Their Overwhelming Choice.
[2024-11-02T09:12:01.368+0000] {logging_mixin.py:188} INFO - nytimes
[2024-11-02T09:12:01.368+0000] {logging_mixin.py:188} INFO - Autocracies Against Ukraine
[2024-11-02T09:12:01.369+0000] {logging_mixin.py:188} INFO - nytimes
[2024-11-02T09:12:01.369+0000] {logging_mixin.py:188} INFO - Late Night: Jimmy Fallon Rallies for Queen Bey
[2024-11-02T09:12:01.370+0000] {logging_mixin.py:188} INFO - nytimes
[2024-11-02T09:12:01.371+0000] {logging_mixin.py:188} INFO - Despite Deadly Attack, Turkey Seeks Opening With Kurdish Militants
[2024-11-02T09:12:01.371+0000] {logging_mixin.py:188} INFO - nytimes
[2024-11-02T09:12:01.372+0000] {logging_mixin.py:188} INFO - Biden to Apologize for Indian Boarding Schools Where Hundreds of Children Died
[2024-11-02T09:12:01.373+0000] {logging_mixin.py:188} INFO - nytimes
[2024-11-02T09:12:01.373+0000] {logging_mixin.py:188} INFO - Many Wells in North Carolina Remain Unsafe After Helene's Deluge
[2024-11-02T09:12:01.374+0000] {logging_mixin.py:188} INFO - nytimes
[2024-11-02T09:12:01.374+0000] {logging_mixin.py:188} INFO - Companies to Pay $101.9 Million to Settle Baltimore Bridge Collapse Lawsuit
[2024-11-02T09:12:01.375+0000] {logging_mixin.py:188} INFO - nytimes
[2024-11-02T09:12:01.375+0000] {logging_mixin.py:188} INFO - Teenager Is Charged With Murder of 5 Relatives in Washington State
[2024-11-02T09:12:01.376+0000] {logging_mixin.py:188} INFO - nytimes
[2024-11-02T09:12:01.376+0000] {logging_mixin.py:188} INFO - Los Angeles District Attorney Will Ask Court to Resentence Menendez Brothers
[2024-11-02T09:12:01.377+0000] {logging_mixin.py:188} INFO - nytimes
[2024-11-02T09:12:01.377+0000] {logging_mixin.py:188} INFO - 2 Brothers Are Charged With Assaulting Officers in Jan. 6 Riot
[2024-11-02T09:12:01.378+0000] {logging_mixin.py:188} INFO - nytimes
[2024-11-02T09:12:01.379+0000] {logging_mixin.py:188} INFO - Onion Recall Linked to E. Coli and McDonald’s Spreads to Other Food Chains
[2024-11-02T09:12:01.380+0000] {logging_mixin.py:188} INFO - nytimes
[2024-11-02T09:12:01.380+0000] {logging_mixin.py:188} INFO - Army Sergeant’s Body Is Found in Dumpster at Missouri Base; One in Custody
[2024-11-02T09:12:01.381+0000] {logging_mixin.py:188} INFO - nytimes
[2024-11-02T09:12:01.381+0000] {logging_mixin.py:188} INFO - Patti McGee, Skateboarding’s First Female Champion, Dies at 79
[2024-11-02T09:12:01.382+0000] {logging_mixin.py:188} INFO - nytimes
[2024-11-02T09:12:01.382+0000] {logging_mixin.py:188} INFO - What’s in an N.F.L. Diet? 80,000 Uncrustables Each Year.
[2024-11-02T09:12:01.383+0000] {logging_mixin.py:188} INFO - nytimes
[2024-11-02T09:12:01.384+0000] {logging_mixin.py:188} INFO - The Former Liverpool Striker Who Now Plays in France’s 4th Tier
[2024-11-02T09:12:01.384+0000] {logging_mixin.py:188} INFO - nytimes
[2024-11-02T09:12:01.385+0000] {logging_mixin.py:188} INFO - The N.B.A.’s Newest Stadium Has a Seating Arrangement Unlike Any Other
[2024-11-02T09:12:01.386+0000] {logging_mixin.py:188} INFO - nytimes
[2024-11-02T09:12:01.386+0000] {logging_mixin.py:188} INFO - How Important Is Player Height in Soccer?
[2024-11-02T09:12:01.387+0000] {logging_mixin.py:188} INFO - nytimes
[2024-11-02T09:12:01.387+0000] {logging_mixin.py:188} INFO - A College Football Team With a $10 Million Roster Is on the Brink of Failure
[2024-11-02T09:12:01.388+0000] {logging_mixin.py:188} INFO - nytimes
[2024-11-02T09:12:01.388+0000] {logging_mixin.py:188} INFO - Where the Top 45 M.L.B. Free Agents Will Play Next Season
[2024-11-02T09:12:01.389+0000] {logging_mixin.py:188} INFO - nytimes
[2024-11-02T09:12:01.389+0000] {logging_mixin.py:188} INFO - Do People in ‘Blue Zones’ Actually Live Longer?
[2024-11-02T09:12:01.390+0000] {logging_mixin.py:188} INFO - nytimes
[2024-11-02T09:12:01.390+0000] {logging_mixin.py:188} INFO - A 20-Minute Workout to Keep Your Body Limber
[2024-11-02T09:12:01.391+0000] {logging_mixin.py:188} INFO - nytimes
[2024-11-02T09:12:01.391+0000] {logging_mixin.py:188} INFO - To Prevent Golfing Injuries, Loosen Up Your Spine
[2024-11-02T09:12:01.392+0000] {logging_mixin.py:188} INFO - nytimes
[2024-11-02T09:12:01.392+0000] {logging_mixin.py:188} INFO - C.D.C. Expands Covid Vaccine Recommendations
[2024-11-02T09:12:01.393+0000] {logging_mixin.py:188} INFO - nytimes
[2024-11-02T09:12:01.393+0000] {logging_mixin.py:188} INFO - United by Love, Divided by Politics
[2024-11-02T09:12:01.394+0000] {logging_mixin.py:188} INFO - nytimes
[2024-11-02T09:12:01.394+0000] {logging_mixin.py:188} INFO - Design, Unearthed and Unfettered, in Cooper Hewitt’s Triennial
[2024-11-02T09:12:01.395+0000] {logging_mixin.py:188} INFO - nytimes
[2024-11-02T09:12:01.396+0000] {logging_mixin.py:188} INFO - An American in Paris, Honored Like Nobody Before
[2024-11-02T09:12:01.396+0000] {logging_mixin.py:188} INFO - nytimes
[2024-11-02T09:12:01.397+0000] {logging_mixin.py:188} INFO - Skeletons Lead Mexico’s Graphic Arts Revolution
[2024-11-02T09:12:01.397+0000] {logging_mixin.py:188} INFO - nytimes
[2024-11-02T09:12:01.398+0000] {logging_mixin.py:188} INFO - A New Opera Reconsiders Alma Mahler
[2024-11-02T09:12:01.398+0000] {logging_mixin.py:188} INFO - nytimes
[2024-11-02T09:12:01.399+0000] {logging_mixin.py:188} INFO - Wordle
[2024-11-02T09:12:01.399+0000] {logging_mixin.py:188} INFO - nytimes
[2024-11-02T09:12:01.400+0000] {logging_mixin.py:188} INFO - Connections
[2024-11-02T09:12:01.400+0000] {logging_mixin.py:188} INFO - nytimes
[2024-11-02T09:12:01.401+0000] {logging_mixin.py:188} INFO - Strands
[2024-11-02T09:12:01.401+0000] {logging_mixin.py:188} INFO - nytimes
[2024-11-02T09:12:01.402+0000] {logging_mixin.py:188} INFO - Spelling Bee
[2024-11-02T09:12:01.402+0000] {logging_mixin.py:188} INFO - nytimes
[2024-11-02T09:12:01.402+0000] {logging_mixin.py:188} INFO - The Crossword
[2024-11-02T09:12:01.403+0000] {logging_mixin.py:188} INFO - nytimes
[2024-11-02T09:12:01.403+0000] {logging_mixin.py:188} INFO - The Mini Crossword
[2024-11-02T09:12:01.404+0000] {logging_mixin.py:188} INFO - nytimes
[2024-11-02T09:12:01.405+0000] {logging_mixin.py:188} INFO - The electorate has rarely seemed so evenly divided. A New York Times/Siena College poll found Kamala Harris and Donald Trump tied, 48 percent to 48 percent.
[2024-11-02T09:12:01.406+0000] {logging_mixin.py:188} INFO - nytimes
[2024-11-02T09:12:01.406+0000] {logging_mixin.py:188} INFO - It’s not likely, but it’s not something that can be completely dismissed either, recent polling suggests.
[2024-11-02T09:12:01.407+0000] {logging_mixin.py:188} INFO - nytimes
[2024-11-02T09:12:01.407+0000] {logging_mixin.py:188} INFO - At a star-filled rally in Georgia, former President Obama tried to give a jolt of energy to Kamala Harris, who is often seen as a successor.
[2024-11-02T09:12:01.409+0000] {logging_mixin.py:188} INFO - nytimes
[2024-11-02T09:12:01.409+0000] {logging_mixin.py:188} INFO - A movement driven by disinformation about Donald Trump’s 2020 defeat has taken over many of the boards that certify elections. It could cause chaos in the weeks ahead.
[2024-11-02T09:12:01.410+0000] {logging_mixin.py:188} INFO - nytimes
[2024-11-02T09:12:01.410+0000] {logging_mixin.py:188} INFO - Cancer patients from Gaza who are receiving care in Jordan’s capital, Amman, bear burdens beyond those of illness — feelings of guilt, fear and homesickness.
[2024-11-02T09:12:01.411+0000] {logging_mixin.py:188} INFO - nytimes
[2024-11-02T09:12:01.411+0000] {logging_mixin.py:188} INFO - Gaza’s health ministry said dozens of people were killed in airstrikes in a residential area of Khan Younis, where Israel has said it is targeting Hamas.
[2024-11-02T09:12:01.412+0000] {logging_mixin.py:188} INFO - nytimes
[2024-11-02T09:12:01.412+0000] {logging_mixin.py:188} INFO - A showdown between Aaron Judge and Shohei Ohtani features the two biggest generators of global baseball star power, a columnist for The Athletic writes.
[2024-11-02T09:12:01.413+0000] {logging_mixin.py:188} INFO - nytimes
[2024-11-02T09:12:01.414+0000] {logging_mixin.py:188} INFO - The move gives Kim Jong-un, the leader of North Korea, leverage to ask President Vladimir Putin of Russia for a lot in return.
[2024-11-02T09:12:01.415+0000] {logging_mixin.py:188} INFO - nytimes
[2024-11-02T09:12:01.415+0000] {logging_mixin.py:188} INFO - Violence has rocked communities in Ontario and British Columbia in the past 18 months. Now the authorities say the Indian government was behind it.
[2024-11-02T09:12:01.417+0000] {logging_mixin.py:188} INFO - nytimes
[2024-11-02T09:12:01.417+0000] {logging_mixin.py:188} INFO - Donald Trump, Elon Musk and CNN have cited predictions from Polymarket, a site where crypto enthusiasts have wagered more than $100 million on the presidency.
[2024-11-02T09:12:01.418+0000] {logging_mixin.py:188} INFO - nytimes
[2024-11-02T09:12:01.419+0000] {logging_mixin.py:188} INFO - Climate change, civil conflict and growing resistance to insecticides and treatments are all contributing to an alarming spread of cases.
[2024-11-02T09:12:01.420+0000] {logging_mixin.py:188} INFO - nytimes
[2024-11-02T09:12:01.420+0000] {logging_mixin.py:188} INFO - One of West Africa’s most tolerant societies has seen a string of assaults after social media influencers exhorted their followers to “hunt” gay men.
[2024-11-02T09:12:01.421+0000] {logging_mixin.py:188} INFO - nytimes
[2024-11-02T09:12:01.422+0000] {logging_mixin.py:188} INFO - A new drama starring Ralph Fiennes draws the audience inside this largely hidden tradition. How accurate is it?
[2024-11-02T09:12:01.423+0000] {logging_mixin.py:188} INFO - nytimes
[2024-11-02T09:12:01.423+0000] {logging_mixin.py:188} INFO - NASA and the U.S. Poet Laureate may not be obvious collaborators, but a Jupiter-bound mission helped them find common ground.
[2024-11-02T09:12:01.424+0000] {logging_mixin.py:188} INFO - nytimes
[2024-11-02T09:12:01.425+0000] {logging_mixin.py:188} INFO - We explain North Korea’s decision to send troops to help Russia.
[2024-11-02T09:12:01.426+0000] {logging_mixin.py:188} INFO - nytimes
[2024-11-02T09:12:01.426+0000] {logging_mixin.py:188} INFO - The “Tonight Show” host was excited about Beyoncé’s plans to appear with the vice president.
[2024-11-02T09:12:01.427+0000] {logging_mixin.py:188} INFO - nytimes
[2024-11-02T09:12:01.427+0000] {logging_mixin.py:188} INFO - Recent gestures by Turkish leaders suggest the possibility of new peace talks with the group fighting for Kurdish autonomy.
[2024-11-02T09:12:01.428+0000] {logging_mixin.py:188} INFO - nytimes
[2024-11-02T09:12:01.428+0000] {logging_mixin.py:188} INFO - President Biden’s trip to Arizona will be the first time a U.S. president has apologized for the abuses that happened at the schools over a period of 150 years.
[2024-11-02T09:12:01.429+0000] {logging_mixin.py:188} INFO - nytimes
[2024-11-02T09:12:01.430+0000] {logging_mixin.py:188} INFO - A third of state residents use private wells, and about four out of 10 wells tested after Hurricane Helene weren’t safe, highlighting the risks of extreme weather.
[2024-11-02T09:12:01.431+0000] {logging_mixin.py:188} INFO - nytimes
[2024-11-02T09:12:01.431+0000] {logging_mixin.py:188} INFO - The Justice Department filed suit last month after a container ship slammed into the Francis Scott Key Bridge in March, killing six workers.
[2024-11-02T09:12:01.432+0000] {logging_mixin.py:188} INFO - nytimes
[2024-11-02T09:12:01.432+0000] {logging_mixin.py:188} INFO - Fever around the sealed peanut butter and jelly sandwiches is spreading around the league. The findings are nuts.
[2024-11-02T09:12:01.433+0000] {logging_mixin.py:188} INFO - nytimes
[2024-11-02T09:12:01.433+0000] {logging_mixin.py:188} INFO - Andy Carroll discusses why he left England: “I don’t speak French. I just repeat what other people say and try to learn through that.”
[2024-11-02T09:12:01.434+0000] {logging_mixin.py:188} INFO - nytimes
[2024-11-02T09:12:01.434+0000] {logging_mixin.py:188} INFO - “The Wall!” is a 4,500 seat area at the Intuit Dome, a steep section full of just Clippers fans.
[2024-11-02T09:12:01.435+0000] {logging_mixin.py:188} INFO - nytimes
[2024-11-02T09:12:01.436+0000] {logging_mixin.py:188} INFO - Starting in November, 25 new site-specific installations that explore the idea of home will fill the former Carnegie mansion in Manhattan.
[2024-11-02T09:12:01.436+0000] {logging_mixin.py:188} INFO - nytimes
[2024-11-02T09:12:01.437+0000] {logging_mixin.py:188} INFO - The artist Barbara Chase-Riboud is being celebrated, including in the Louvre.
[2024-11-02T09:12:01.438+0000] {logging_mixin.py:188} INFO - nytimes
[2024-11-02T09:12:01.438+0000] {logging_mixin.py:188} INFO - The central role of printmaking in Mexican art is on view at the Met.
[2024-11-02T09:12:01.439+0000] {logging_mixin.py:188} INFO - nytimes
[2024-11-02T09:12:01.439+0000] {logging_mixin.py:188} INFO - “Alma” views its often-vilified protagonist through a feminist lens.
[2024-11-02T09:12:01.440+0000] {logging_mixin.py:188} INFO - nytimes
[2024-11-02T09:12:01.440+0000] {logging_mixin.py:188} INFO - Guess the 5-letter word with 6 chances.
[2024-11-02T09:12:01.441+0000] {logging_mixin.py:188} INFO - nytimes
[2024-11-02T09:12:01.441+0000] {logging_mixin.py:188} INFO - Group words that share a common thread.
[2024-11-02T09:12:01.442+0000] {logging_mixin.py:188} INFO - nytimes
[2024-11-02T09:12:01.442+0000] {logging_mixin.py:188} INFO - Uncover hidden words and reveal the theme.
[2024-11-02T09:12:01.443+0000] {logging_mixin.py:188} INFO - nytimes
[2024-11-02T09:12:01.443+0000] {logging_mixin.py:188} INFO - How many words can you make with 7 letters?
[2024-11-02T09:12:01.444+0000] {logging_mixin.py:188} INFO - nytimes
[2024-11-02T09:12:01.444+0000] {logging_mixin.py:188} INFO - Get clued in with wordplay, every day.
[2024-11-02T09:12:01.445+0000] {logging_mixin.py:188} INFO - nytimes
[2024-11-02T09:12:01.445+0000] {logging_mixin.py:188} INFO - Take a break from the news. Solve this bite-sized puzzle in just a few minutes.
[2024-11-02T09:12:01.446+0000] {logging_mixin.py:188} INFO - bbc
[2024-11-02T09:12:01.446+0000] {logging_mixin.py:188} INFO - Top LA prosecutor backs Menendez brothers being released on parole
[2024-11-02T09:12:01.447+0000] {logging_mixin.py:188} INFO - bbc
[2024-11-02T09:12:01.447+0000] {logging_mixin.py:188} INFO - Democrats anxious as Trump gains ground in tight race
[2024-11-02T09:12:01.448+0000] {logging_mixin.py:188} INFO - bbc
[2024-11-02T09:12:01.448+0000] {logging_mixin.py:188} INFO - Top LA prosecutor backs Menendez brothers being released on parole
[2024-11-02T09:12:01.449+0000] {logging_mixin.py:188} INFO - bbc
[2024-11-02T09:12:01.449+0000] {logging_mixin.py:188} INFO - Democrats anxious as Trump gains ground in tight race
[2024-11-02T09:12:01.450+0000] {logging_mixin.py:188} INFO - bbc
[2024-11-02T09:12:01.450+0000] {logging_mixin.py:188} INFO - ‘Death trap’ Channel boats traded by smugglers in German city, BBC investigation finds
[2024-11-02T09:12:01.451+0000] {logging_mixin.py:188} INFO - bbc
[2024-11-02T09:12:01.451+0000] {logging_mixin.py:188} INFO - Joe Rogan's path to a once-improbable Trump interview
[2024-11-02T09:12:01.452+0000] {logging_mixin.py:188} INFO - bbc
[2024-11-02T09:12:01.452+0000] {logging_mixin.py:188} INFO - Lost Silk Road cities discovered in Uzbek mountains
[2024-11-02T09:12:01.453+0000] {logging_mixin.py:188} INFO - bbc
[2024-11-02T09:12:01.453+0000] {logging_mixin.py:188} INFO - Moment BBC reporter returns tortured monkey into wild
[2024-11-02T09:12:01.454+0000] {logging_mixin.py:188} INFO - bbc
[2024-11-02T09:12:01.454+0000] {logging_mixin.py:188} INFO - Three Lebanese journalists killed in Israeli strike
[2024-11-02T09:12:01.455+0000] {logging_mixin.py:188} INFO - bbc
[2024-11-02T09:12:01.455+0000] {logging_mixin.py:188} INFO - The film lifting the lid on the Pope's election
[2024-11-02T09:12:01.456+0000] {logging_mixin.py:188} INFO - bbc
[2024-11-02T09:12:01.456+0000] {logging_mixin.py:188} INFO - What to do when a friendship ends
[2024-11-02T09:12:01.457+0000] {logging_mixin.py:188} INFO - bbc
[2024-11-02T09:12:01.457+0000] {logging_mixin.py:188} INFO - India's balancing act with the West as Brics flexes new muscles
[2024-11-02T09:12:01.458+0000] {logging_mixin.py:188} INFO - bbc
[2024-11-02T09:12:01.459+0000] {logging_mixin.py:188} INFO - UK willing to hand over Gaza intelligence to war crimes court
[2024-11-02T09:12:01.459+0000] {logging_mixin.py:188} INFO - bbc
[2024-11-02T09:12:01.460+0000] {logging_mixin.py:188} INFO - Tense election fight for Georgia's future in Europe
[2024-11-02T09:12:01.460+0000] {logging_mixin.py:188} INFO - bbc
[2024-11-02T09:12:01.461+0000] {logging_mixin.py:188} INFO - Trump and Harris take detour from swing states as they head for Texas
[2024-11-02T09:12:01.461+0000] {logging_mixin.py:188} INFO - bbc
[2024-11-02T09:12:01.462+0000] {logging_mixin.py:188} INFO - Kurdish militant group behind attack on Turkish aerospace firm
[2024-11-02T09:12:01.463+0000] {logging_mixin.py:188} INFO - bbc
[2024-11-02T09:12:01.463+0000] {logging_mixin.py:188} INFO - UK willing to hand over Gaza intelligence to war crimes court
[2024-11-02T09:12:01.464+0000] {logging_mixin.py:188} INFO - bbc
[2024-11-02T09:12:01.464+0000] {logging_mixin.py:188} INFO - We must learn lessons from history, King tells Commonwealth
[2024-11-02T09:12:01.465+0000] {logging_mixin.py:188} INFO - bbc
[2024-11-02T09:12:01.465+0000] {logging_mixin.py:188} INFO - Ketchup in space: 'You gotta squirt it out'
[2024-11-02T09:12:01.466+0000] {logging_mixin.py:188} INFO - bbc
[2024-11-02T09:12:01.466+0000] {logging_mixin.py:188} INFO - Putin challenged over Ukraine war by BBC's Steve Rosenberg 
[2024-11-02T09:12:01.467+0000] {logging_mixin.py:188} INFO - bbc
[2024-11-02T09:12:01.467+0000] {logging_mixin.py:188} INFO - Tense election fight for Georgia's future in Europe
[2024-11-02T09:12:01.468+0000] {logging_mixin.py:188} INFO - bbc
[2024-11-02T09:12:01.468+0000] {logging_mixin.py:188} INFO - Menendez case that has divided America takes new turn
[2024-11-02T09:12:01.469+0000] {logging_mixin.py:188} INFO - bbc
[2024-11-02T09:12:01.469+0000] {logging_mixin.py:188} INFO - The AI that's already in your phone
[2024-11-02T09:12:01.470+0000] {logging_mixin.py:188} INFO - bbc
[2024-11-02T09:12:01.470+0000] {logging_mixin.py:188} INFO - Mpox - what we know... and what we don't
[2024-11-02T09:12:01.471+0000] {logging_mixin.py:188} INFO - bbc
[2024-11-02T09:12:01.471+0000] {logging_mixin.py:188} INFO - King: 'It is vital that we understand our history'
[2024-11-02T09:12:01.472+0000] {logging_mixin.py:188} INFO - bbc
[2024-11-02T09:12:01.472+0000] {logging_mixin.py:188} INFO - 'I need to go to team at bottom of table in England' 
[2024-11-02T09:12:01.473+0000] {logging_mixin.py:188} INFO - bbc
[2024-11-02T09:12:01.473+0000] {logging_mixin.py:188} INFO - 'We must change the way we measure debt': UK chancellor
[2024-11-02T09:12:01.474+0000] {logging_mixin.py:188} INFO - bbc
[2024-11-02T09:12:01.474+0000] {logging_mixin.py:188} INFO - The battle over one of Italy's most famous pastas
[2024-11-02T09:12:01.475+0000] {logging_mixin.py:188} INFO - bbc
[2024-11-02T09:12:01.475+0000] {logging_mixin.py:188} INFO - The 5 nature wins that have actually worked
[2024-11-02T09:12:01.476+0000] {logging_mixin.py:188} INFO - bbc
[2024-11-02T09:12:01.476+0000] {logging_mixin.py:188} INFO - Would Harris's price gouging plan really help US consumers? 
[2024-11-02T09:12:01.477+0000] {logging_mixin.py:188} INFO - bbc
[2024-11-02T09:12:01.477+0000] {logging_mixin.py:188} INFO - US election polls: Who is ahead - Harris or Trump?
[2024-11-02T09:12:01.478+0000] {logging_mixin.py:188} INFO - bbc
[2024-11-02T09:12:01.478+0000] {logging_mixin.py:188} INFO - Angry Kenyans' comments crash Senate email address
[2024-11-02T09:12:01.479+0000] {logging_mixin.py:188} INFO - bbc
[2024-11-02T09:12:01.479+0000] {logging_mixin.py:188} INFO - Obama and stars help Democrats shore up Georgia votes
[2024-11-02T09:12:01.480+0000] {logging_mixin.py:188} INFO - bbc
[2024-11-02T09:12:01.480+0000] {logging_mixin.py:188} INFO - Ex-rebel gets 40-year jail term in landmark Ugandan case
[2024-11-02T09:12:01.481+0000] {logging_mixin.py:188} INFO - bbc
[2024-11-02T09:12:01.481+0000] {logging_mixin.py:188} INFO - Footballer denies plot to smuggle £600k cannabis
[2024-11-02T09:12:01.482+0000] {logging_mixin.py:188} INFO - bbc
[2024-11-02T09:12:01.482+0000] {logging_mixin.py:188} INFO - Premier League: Arteta news conference - Saka, Calafiori and Timber 'very uncertain' to face Liverpool
[2024-11-02T09:12:01.483+0000] {logging_mixin.py:188} INFO - bbc
[2024-11-02T09:12:01.483+0000] {logging_mixin.py:188} INFO - Shakeel puts Pakistan in charge of deciding Test
[2024-11-02T09:12:01.484+0000] {logging_mixin.py:188} INFO - bbc
[2024-11-02T09:12:01.484+0000] {logging_mixin.py:188} INFO - All eyes on Ten Hag & Man Utd - but Mourinho steals show again
[2024-11-02T09:12:01.485+0000] {logging_mixin.py:188} INFO - bbc
[2024-11-02T09:12:01.485+0000] {logging_mixin.py:188} INFO - 'I was worried about bleeding on McGregor's expensive shirt'
[2024-11-02T09:12:01.486+0000] {logging_mixin.py:188} INFO - bbc
[2024-11-02T09:12:01.486+0000] {logging_mixin.py:188} INFO - US gets $100m settlement for Baltimore bridge collapse
[2024-11-02T09:12:01.487+0000] {logging_mixin.py:188} INFO - bbc
[2024-11-02T09:12:01.487+0000] {logging_mixin.py:188} INFO - Twice homeless millionaire tops UK black power list
[2024-11-02T09:12:01.488+0000] {logging_mixin.py:188} INFO - bbc
[2024-11-02T09:12:01.488+0000] {logging_mixin.py:188} INFO - What we know about the McDonald's E. coli outbreak
[2024-11-02T09:12:01.489+0000] {logging_mixin.py:188} INFO - bbc
[2024-11-02T09:12:01.489+0000] {logging_mixin.py:188} INFO - The software extending the life of your phone
[2024-11-02T09:12:01.490+0000] {logging_mixin.py:188} INFO - bbc
[2024-11-02T09:12:01.490+0000] {logging_mixin.py:188} INFO - Call of Duty: Black Ops 6 launches with eyes on Game Pass
[2024-11-02T09:12:01.491+0000] {logging_mixin.py:188} INFO - bbc
[2024-11-02T09:12:01.491+0000] {logging_mixin.py:188} INFO - Can meetup apps help us make friends? 
[2024-11-02T09:12:01.492+0000] {logging_mixin.py:188} INFO - bbc
[2024-11-02T09:12:01.492+0000] {logging_mixin.py:188} INFO - The odd-tasting oil that turned out to be healthy
[2024-11-02T09:12:01.493+0000] {logging_mixin.py:188} INFO - bbc
[2024-11-02T09:12:01.493+0000] {logging_mixin.py:188} INFO - All aboard Tanzania's electric train breaking new ground for East Africa
[2024-11-02T09:12:01.494+0000] {logging_mixin.py:188} INFO - bbc
[2024-11-02T09:12:01.494+0000] {logging_mixin.py:188} INFO - Qasr al-Farid: The Lonely Castle of the ancient Nabateans
[2024-11-02T09:12:01.495+0000] {logging_mixin.py:188} INFO - bbc
[2024-11-02T09:12:01.495+0000] {logging_mixin.py:188} INFO - Mescal cast in Gladiator II after '30-minute Zoom call'
[2024-11-02T09:12:01.496+0000] {logging_mixin.py:188} INFO - bbc
[2024-11-02T09:12:01.496+0000] {logging_mixin.py:188} INFO - Raye's songwriting books for new album stolen
[2024-11-02T09:12:01.497+0000] {logging_mixin.py:188} INFO - bbc
[2024-11-02T09:12:01.497+0000] {logging_mixin.py:188} INFO - Kate Bush reveals plans to make new music
[2024-11-02T09:12:01.498+0000] {logging_mixin.py:188} INFO - bbc
[2024-11-02T09:12:01.498+0000] {logging_mixin.py:188} INFO - Bruce Springsteen: I rarely see my bandmates - we've seen each other enough
[2024-11-02T09:12:01.499+0000] {logging_mixin.py:188} INFO - bbc
[2024-11-02T09:12:01.499+0000] {logging_mixin.py:188} INFO - The battle over one of Italy's most famous pastas
[2024-11-02T09:12:01.500+0000] {logging_mixin.py:188} INFO - bbc
[2024-11-02T09:12:01.500+0000] {logging_mixin.py:188} INFO - A 315km bike ride into Earth's 'lost' continent
[2024-11-02T09:12:01.501+0000] {logging_mixin.py:188} INFO - bbc
[2024-11-02T09:12:01.501+0000] {logging_mixin.py:188} INFO - Where to hear traditional Irish music in Galway
[2024-11-02T09:12:01.502+0000] {logging_mixin.py:188} INFO - bbc
[2024-11-02T09:12:01.502+0000] {logging_mixin.py:188} INFO - Is an 'expedition' better than a holiday?
[2024-11-02T09:12:01.503+0000] {logging_mixin.py:188} INFO - bbc
[2024-11-02T09:12:01.503+0000] {logging_mixin.py:188} INFO - The 5 nature wins that have actually worked
[2024-11-02T09:12:01.504+0000] {logging_mixin.py:188} INFO - bbc
[2024-11-02T09:12:01.504+0000] {logging_mixin.py:188} INFO - The water industry is in crisis. Can it be fixed?
[2024-11-02T09:12:01.505+0000] {logging_mixin.py:188} INFO - bbc
[2024-11-02T09:12:01.505+0000] {logging_mixin.py:188} INFO - Is the UN warning of 3.1C global warming a surprise?
[2024-11-02T09:12:01.506+0000] {logging_mixin.py:188} INFO - bbc
[2024-11-02T09:12:01.506+0000] {logging_mixin.py:188} INFO - Why are disposable vapes so bad for the environment?
[2024-11-02T09:12:01.507+0000] {logging_mixin.py:188} INFO - bbc
[2024-11-02T09:12:01.507+0000] {logging_mixin.py:188} INFO - Father penguin uses unique call to distinguish chick
[2024-11-02T09:12:01.508+0000] {logging_mixin.py:188} INFO - bbc
[2024-11-02T09:12:01.508+0000] {logging_mixin.py:188} INFO - Bulgaria's valley of Thracian Kings and Damask roses
[2024-11-02T09:12:01.509+0000] {logging_mixin.py:188} INFO - bbc
[2024-11-02T09:12:01.509+0000] {logging_mixin.py:188} INFO - The Bahamas: The last lighthouse of its kind
[2024-11-02T09:12:01.510+0000] {logging_mixin.py:188} INFO - bbc
[2024-11-02T09:12:01.510+0000] {logging_mixin.py:188} INFO - Protecting Thailand's famous 'paradise beach'
[2024-11-02T09:12:01.511+0000] {logging_mixin.py:188} INFO - bbc
[2024-11-02T09:12:01.511+0000] {logging_mixin.py:188} INFO - World of Business
[2024-11-02T09:12:01.512+0000] {logging_mixin.py:188} INFO - bbc
[2024-11-02T09:12:01.512+0000] {logging_mixin.py:188} INFO - US Election Unspun
[2024-11-02T09:12:01.512+0000] {logging_mixin.py:188} INFO - bbc
[2024-11-02T09:12:01.513+0000] {logging_mixin.py:188} INFO - The Essential List
[2024-11-02T09:12:01.513+0000] {logging_mixin.py:188} INFO - bbc
[2024-11-02T09:12:01.514+0000] {logging_mixin.py:188} INFO - News Briefing
[2024-11-02T09:12:01.514+0000] {logging_mixin.py:188} INFO - bbc
[2024-11-02T09:12:01.515+0000] {logging_mixin.py:188} INFO - Obama and stars help Democrats shore up Georgia votes
[2024-11-02T09:12:01.515+0000] {logging_mixin.py:188} INFO - bbc
[2024-11-02T09:12:01.516+0000] {logging_mixin.py:188} INFO - US election polls: Who is ahead - Harris or Trump?
[2024-11-02T09:12:01.516+0000] {logging_mixin.py:188} INFO - bbc
[2024-11-02T09:12:01.517+0000] {logging_mixin.py:188} INFO - Democrats anxious as Trump gains ground in tight race
[2024-11-02T09:12:01.517+0000] {logging_mixin.py:188} INFO - bbc
[2024-11-02T09:12:01.518+0000] {logging_mixin.py:188} INFO - Joe Rogan's path to a once-improbable Trump interview
[2024-11-02T09:12:01.518+0000] {logging_mixin.py:188} INFO - bbc
[2024-11-02T09:12:01.519+0000] {logging_mixin.py:188} INFO - UK willing to hand over Gaza intelligence to war crimes court
[2024-11-02T09:12:01.519+0000] {logging_mixin.py:188} INFO - bbc
[2024-11-02T09:12:01.520+0000] {logging_mixin.py:188} INFO - Gaza ceasefire talks to resume in coming days
[2024-11-02T09:12:01.520+0000] {logging_mixin.py:188} INFO - bbc
[2024-11-02T09:12:01.521+0000] {logging_mixin.py:188} INFO - Gaza nurse who filmed moments after Israeli strike describes chaos and grief
[2024-11-02T09:12:01.521+0000] {logging_mixin.py:188} INFO - bbc
[2024-11-02T09:12:01.522+0000] {logging_mixin.py:188} INFO - Israel strike on Gaza school-turned-shelter kills 17, hospital says
[2024-11-02T09:12:01.522+0000] {logging_mixin.py:188} INFO - bbc
[2024-11-02T09:12:01.523+0000] {logging_mixin.py:188} INFO - North Korea troops in Ukraine would escalate conflict, Lukashenko tells BBC
[2024-11-02T09:12:01.523+0000] {logging_mixin.py:188} INFO - bbc
[2024-11-02T09:12:01.524+0000] {logging_mixin.py:188} INFO - Russians accused of crimes offered choice - go to war instead of court
[2024-11-02T09:12:01.524+0000] {logging_mixin.py:188} INFO - bbc
[2024-11-02T09:12:01.525+0000] {logging_mixin.py:188} INFO - PM says Russia risks global food security in Ukraine
[2024-11-02T09:12:01.525+0000] {logging_mixin.py:188} INFO - bbc
[2024-11-02T09:12:01.526+0000] {logging_mixin.py:188} INFO - Donated ambulance for injured Ukrainian soldiers
[2024-11-02T09:12:01.526+0000] {logging_mixin.py:188} INFO - bbc
[2024-11-02T09:12:01.527+0000] {logging_mixin.py:188} INFO - The water industry is in crisis. Can it be fixed?
[2024-11-02T09:12:01.527+0000] {logging_mixin.py:188} INFO - bbc
[2024-11-02T09:12:01.528+0000] {logging_mixin.py:188} INFO - Is the UK system letting down people who were harmed by Covid vaccines?
[2024-11-02T09:12:01.528+0000] {logging_mixin.py:188} INFO - bbc
[2024-11-02T09:12:01.529+0000] {logging_mixin.py:188} INFO - 'You lured him in': Rape myths and what we still get wrong about sexual assault
[2024-11-02T09:12:01.530+0000] {logging_mixin.py:188} INFO - bbc
[2024-11-02T09:12:01.530+0000] {logging_mixin.py:188} INFO - The work sickness timebomb that risks a lost generation of UK workers
[2024-11-02T09:12:01.531+0000] {logging_mixin.py:188} INFO - aljazeera
[2024-11-02T09:12:01.531+0000] {logging_mixin.py:188} INFO - Israeli raid kills 38 in Khan Younis after ‘major massacre’ in north Gaza
[2024-11-02T09:12:01.532+0000] {logging_mixin.py:188} INFO - aljazeera
[2024-11-02T09:12:01.532+0000] {logging_mixin.py:188} INFO - Live updates, 
[2024-11-02T09:12:01.533+0000] {logging_mixin.py:188} INFO - aljazeera
[2024-11-02T09:12:01.533+0000] {logging_mixin.py:188} INFO - list 1 of 6
[2024-11-02T09:12:01.534+0000] {logging_mixin.py:188} INFO - aljazeera
[2024-11-02T09:12:01.534+0000] {logging_mixin.py:188} INFO - Published 1 minutes ago
[2024-11-02T09:12:01.535+0000] {logging_mixin.py:188} INFO - aljazeera
[2024-11-02T09:12:01.535+0000] {logging_mixin.py:188} INFO - 1m ago
[2024-11-02T09:12:01.536+0000] {logging_mixin.py:188} INFO - aljazeera
[2024-11-02T09:12:01.536+0000] {logging_mixin.py:188} INFO - list 2 of 6
[2024-11-02T09:12:01.537+0000] {logging_mixin.py:188} INFO - aljazeera
[2024-11-02T09:12:01.537+0000] {logging_mixin.py:188} INFO - Published 21 minutes ago
[2024-11-02T09:12:01.538+0000] {logging_mixin.py:188} INFO - aljazeera
[2024-11-02T09:12:01.538+0000] {logging_mixin.py:188} INFO - 21m ago
[2024-11-02T09:12:01.539+0000] {logging_mixin.py:188} INFO - aljazeera
[2024-11-02T09:12:01.539+0000] {logging_mixin.py:188} INFO - list 3 of 6
[2024-11-02T09:12:01.540+0000] {logging_mixin.py:188} INFO - aljazeera
[2024-11-02T09:12:01.540+0000] {logging_mixin.py:188} INFO - Published 31 minutes ago
[2024-11-02T09:12:01.541+0000] {logging_mixin.py:188} INFO - aljazeera
[2024-11-02T09:12:01.541+0000] {logging_mixin.py:188} INFO - 31m ago
[2024-11-02T09:12:01.542+0000] {logging_mixin.py:188} INFO - aljazeera
[2024-11-02T09:12:01.542+0000] {logging_mixin.py:188} INFO - list 4 of 6
[2024-11-02T09:12:01.542+0000] {logging_mixin.py:188} INFO - aljazeera
[2024-11-02T09:12:01.543+0000] {logging_mixin.py:188} INFO - Published 41 minutes ago
[2024-11-02T09:12:01.543+0000] {logging_mixin.py:188} INFO - aljazeera
[2024-11-02T09:12:01.544+0000] {logging_mixin.py:188} INFO - 41m ago
[2024-11-02T09:12:01.544+0000] {logging_mixin.py:188} INFO - aljazeera
[2024-11-02T09:12:01.545+0000] {logging_mixin.py:188} INFO - list 5 of 6
[2024-11-02T09:12:01.545+0000] {logging_mixin.py:188} INFO - aljazeera
[2024-11-02T09:12:01.545+0000] {logging_mixin.py:188} INFO - Published 51 minutes ago
[2024-11-02T09:12:01.546+0000] {logging_mixin.py:188} INFO - aljazeera
[2024-11-02T09:12:01.546+0000] {logging_mixin.py:188} INFO - 51m ago
[2024-11-02T09:12:01.547+0000] {logging_mixin.py:188} INFO - aljazeera
[2024-11-02T09:12:01.547+0000] {logging_mixin.py:188} INFO - list 6 of 6
[2024-11-02T09:12:01.548+0000] {logging_mixin.py:188} INFO - aljazeera
[2024-11-02T09:12:01.548+0000] {logging_mixin.py:188} INFO - Published 1 hours ago
[2024-11-02T09:12:01.549+0000] {logging_mixin.py:188} INFO - aljazeera
[2024-11-02T09:12:01.549+0000] {logging_mixin.py:188} INFO - 1h ago
[2024-11-02T09:12:01.550+0000] {logging_mixin.py:188} INFO - aljazeera
[2024-11-02T09:12:01.550+0000] {logging_mixin.py:188} INFO - Israeli raid kills 38 in Khan Younis after ‘major massacre’ in north Gaza
[2024-11-02T09:12:01.551+0000] {logging_mixin.py:188} INFO - aljazeera
[2024-11-02T09:12:01.551+0000] {logging_mixin.py:188} INFO - PKK claims attack on Turkish defence company near Ankara that killed five
[2024-11-02T09:12:01.552+0000] {logging_mixin.py:188} INFO - aljazeera
[2024-11-02T09:12:01.552+0000] {logging_mixin.py:188} INFO - PKK claims attack on Turkish defence company near Ankara that killed five
[2024-11-02T09:12:01.553+0000] {logging_mixin.py:188} INFO - aljazeera
[2024-11-02T09:12:01.553+0000] {logging_mixin.py:188} INFO - Three journalists killed in Israeli attack in southern Lebanon
[2024-11-02T09:12:01.554+0000] {logging_mixin.py:188} INFO - aljazeera
[2024-11-02T09:12:01.554+0000] {logging_mixin.py:188} INFO - EXPLAINER
[2024-11-02T09:12:01.555+0000] {logging_mixin.py:188} INFO - aljazeera
[2024-11-02T09:12:01.555+0000] {logging_mixin.py:188} INFO - Can Liz Cheney help Kamala Harris’s campaign? Or will she hurt her?
[2024-11-02T09:12:01.556+0000] {logging_mixin.py:188} INFO - aljazeera
[2024-11-02T09:12:01.556+0000] {logging_mixin.py:188} INFO - Israel’s ‘war’ against the UN
[2024-11-02T09:12:01.557+0000] {logging_mixin.py:188} INFO - aljazeera
[2024-11-02T09:12:01.557+0000] {logging_mixin.py:188} INFO - At least 76 killed as Tropical Storm Trami batters the Philippines
[2024-11-02T09:12:01.558+0000] {logging_mixin.py:188} INFO - aljazeera
[2024-11-02T09:12:01.558+0000] {logging_mixin.py:188} INFO - Uganda sentences LRA commander Thomas Kwoyelo to 40 years for war crimes
[2024-11-02T09:12:01.559+0000] {logging_mixin.py:188} INFO - aljazeera
[2024-11-02T09:12:01.559+0000] {logging_mixin.py:188} INFO - Can China’s Xi and India’s Modi reset rocky ties after border detente?
[2024-11-02T09:12:01.560+0000] {logging_mixin.py:188} INFO - aljazeera
[2024-11-02T09:12:01.560+0000] {logging_mixin.py:188} INFO - South African Indigenous people fight Big Oil to defend ancestors’ spirits
[2024-11-02T09:12:01.561+0000] {logging_mixin.py:188} INFO - aljazeera
[2024-11-02T09:12:01.561+0000] {logging_mixin.py:188} INFO - Remembering Shamshad Abdullaev, the world-class Uzbek poet too few knew
[2024-11-02T09:12:01.562+0000] {logging_mixin.py:188} INFO - aljazeera
[2024-11-02T09:12:01.562+0000] {logging_mixin.py:188} INFO - Why are some Taiwanese afraid of giving legislators more power?
[2024-11-02T09:12:01.563+0000] {logging_mixin.py:188} INFO - aljazeera
[2024-11-02T09:12:01.563+0000] {logging_mixin.py:188} INFO - US election: 11 days left – What polls say, what Harris and Trump are up to
[2024-11-02T09:12:01.564+0000] {logging_mixin.py:188} INFO - aljazeera
[2024-11-02T09:12:01.564+0000] {logging_mixin.py:188} INFO - Britain argues over assisted dying: What to know about the emotive debate
[2024-11-02T09:12:01.565+0000] {logging_mixin.py:188} INFO - aljazeera
[2024-11-02T09:12:01.565+0000] {logging_mixin.py:188} INFO - From Catholic saints to Persian rulers: How are hurricanes named?
[2024-11-02T09:12:01.566+0000] {logging_mixin.py:188} INFO - aljazeera
[2024-11-02T09:12:01.567+0000] {logging_mixin.py:188} INFO - Israelis break into north Gaza as military’s deadly siege continues
[2024-11-02T09:12:01.567+0000] {logging_mixin.py:188} INFO - aljazeera
[2024-11-02T09:12:01.568+0000] {logging_mixin.py:188} INFO - Video Duration 02 minutes 07 seconds 
[2024-11-02T09:12:01.568+0000] {logging_mixin.py:188} INFO - aljazeera
[2024-11-02T09:12:01.569+0000] {logging_mixin.py:188} INFO - 02:07
[2024-11-02T09:12:01.569+0000] {logging_mixin.py:188} INFO - aljazeera
[2024-11-02T09:12:01.569+0000] {logging_mixin.py:188} INFO - Video Duration 02 minutes 07 seconds 
[2024-11-02T09:12:01.570+0000] {logging_mixin.py:188} INFO - aljazeera
[2024-11-02T09:12:01.570+0000] {logging_mixin.py:188} INFO - 02:07
[2024-11-02T09:12:01.571+0000] {logging_mixin.py:188} INFO - aljazeera
[2024-11-02T09:12:01.571+0000] {logging_mixin.py:188} INFO - Israeli forces storm Kamal Adwan Hospital during north Gaza siege
[2024-11-02T09:12:01.572+0000] {logging_mixin.py:188} INFO - aljazeera
[2024-11-02T09:12:01.572+0000] {logging_mixin.py:188} INFO - Video Duration 00 minutes 47 seconds 
[2024-11-02T09:12:01.573+0000] {logging_mixin.py:188} INFO - aljazeera
[2024-11-02T09:12:01.573+0000] {logging_mixin.py:188} INFO - 00:47
[2024-11-02T09:12:01.574+0000] {logging_mixin.py:188} INFO - aljazeera
[2024-11-02T09:12:01.574+0000] {logging_mixin.py:188} INFO - Video Duration 00 minutes 47 seconds 
[2024-11-02T09:12:01.575+0000] {logging_mixin.py:188} INFO - aljazeera
[2024-11-02T09:12:01.575+0000] {logging_mixin.py:188} INFO - 00:47
[2024-11-02T09:12:01.576+0000] {logging_mixin.py:188} INFO - aljazeera
[2024-11-02T09:12:01.576+0000] {logging_mixin.py:188} INFO - Bruce Springsteen, Samuel L Jackson, Spike Lee, rally for Harris
[2024-11-02T09:12:01.577+0000] {logging_mixin.py:188} INFO - aljazeera
[2024-11-02T09:12:01.577+0000] {logging_mixin.py:188} INFO - Video Duration 00 minutes 58 seconds 
[2024-11-02T09:12:01.578+0000] {logging_mixin.py:188} INFO - aljazeera
[2024-11-02T09:12:01.578+0000] {logging_mixin.py:188} INFO - 00:58
[2024-11-02T09:12:01.578+0000] {logging_mixin.py:188} INFO - aljazeera
[2024-11-02T09:12:01.579+0000] {logging_mixin.py:188} INFO - Video Duration 00 minutes 58 seconds 
[2024-11-02T09:12:01.579+0000] {logging_mixin.py:188} INFO - aljazeera
[2024-11-02T09:12:01.580+0000] {logging_mixin.py:188} INFO - 00:58
[2024-11-02T09:12:01.580+0000] {logging_mixin.py:188} INFO - aljazeera
[2024-11-02T09:12:01.581+0000] {logging_mixin.py:188} INFO - Al Jazeera locates young girl in Gaza seen carrying injured sister
[2024-11-02T09:12:01.581+0000] {logging_mixin.py:188} INFO - aljazeera
[2024-11-02T09:12:01.582+0000] {logging_mixin.py:188} INFO - Video Duration 02 minutes 24 seconds 
[2024-11-02T09:12:01.582+0000] {logging_mixin.py:188} INFO - aljazeera
[2024-11-02T09:12:01.583+0000] {logging_mixin.py:188} INFO - 02:24
[2024-11-02T09:12:01.583+0000] {logging_mixin.py:188} INFO - aljazeera
[2024-11-02T09:12:01.584+0000] {logging_mixin.py:188} INFO - Video Duration 02 minutes 24 seconds 
[2024-11-02T09:12:01.584+0000] {logging_mixin.py:188} INFO - aljazeera
[2024-11-02T09:12:01.585+0000] {logging_mixin.py:188} INFO - 02:24
[2024-11-02T09:12:01.586+0000] {logging_mixin.py:188} INFO - aljazeera
[2024-11-02T09:12:01.586+0000] {logging_mixin.py:188} INFO - South Korea condemns Russia’s move to seal defence pact with North Korea
[2024-11-02T09:12:01.587+0000] {logging_mixin.py:188} INFO - aljazeera
[2024-11-02T09:12:01.587+0000] {logging_mixin.py:188} INFO - Seoul ‘strongly urges’ immediate withdrawal of North Korean troops from Russia.
[2024-11-02T09:12:01.588+0000] {logging_mixin.py:188} INFO - aljazeera
[2024-11-02T09:12:01.588+0000] {logging_mixin.py:188} INFO - South Korea condemns Russia’s move to seal defence pact with North Korea
[2024-11-02T09:12:01.589+0000] {logging_mixin.py:188} INFO - aljazeera
[2024-11-02T09:12:01.590+0000] {logging_mixin.py:188} INFO - Seoul ‘strongly urges’ immediate withdrawal of North Korean troops from Russia.
[2024-11-02T09:12:01.591+0000] {logging_mixin.py:188} INFO - aljazeera
[2024-11-02T09:12:01.591+0000] {logging_mixin.py:188} INFO - Israeli raid kills 38 in Khan Younis after ‘major massacre’ in north Gaza
[2024-11-02T09:12:01.592+0000] {logging_mixin.py:188} INFO - aljazeera
[2024-11-02T09:12:01.592+0000] {logging_mixin.py:188} INFO - US election: 11 days left – What polls say, what Harris and Trump are up to
[2024-11-02T09:12:01.593+0000] {logging_mixin.py:188} INFO - aljazeera
[2024-11-02T09:12:01.593+0000] {logging_mixin.py:188} INFO - Israel’s ‘war’ against the UN
[2024-11-02T09:12:01.594+0000] {logging_mixin.py:188} INFO - aljazeera
[2024-11-02T09:12:01.595+0000] {logging_mixin.py:188} INFO - Can China’s Xi and India’s Modi reset rocky ties after border detente?
[2024-11-02T09:12:01.596+0000] {logging_mixin.py:188} INFO - aljazeera
[2024-11-02T09:12:01.597+0000] {logging_mixin.py:188} INFO - PKK claims attack on Turkish defence company near Ankara that killed five
[2024-11-02T09:12:01.598+0000] {logging_mixin.py:188} INFO - aljazeera
[2024-11-02T09:12:01.599+0000] {logging_mixin.py:188} INFO - North Korean troops in Ukraine ‘fair game’, US warns Russia as war rages on
[2024-11-02T09:12:01.600+0000] {logging_mixin.py:188} INFO - aljazeera
[2024-11-02T09:12:01.600+0000] {logging_mixin.py:188} INFO - Want to know who will win the US election? Take a look at the stock market
[2024-11-02T09:12:01.601+0000] {logging_mixin.py:188} INFO - aljazeera
[2024-11-02T09:12:01.601+0000] {logging_mixin.py:188} INFO - Russia-Ukraine war: List of key events, day 973
[2024-11-02T09:12:01.602+0000] {logging_mixin.py:188} INFO - aljazeera
[2024-11-02T09:12:01.602+0000] {logging_mixin.py:188} INFO - Photos: Exact moment Israeli missile strikes building in Beirut
[2024-11-02T09:12:01.603+0000] {logging_mixin.py:188} INFO - aljazeera
[2024-11-02T09:12:01.603+0000] {logging_mixin.py:188} INFO - At BRICS summit, Putin welcomes Trump’s comments on ending Ukraine war
[2024-11-02T09:12:02.295+0000] {python.py:237} INFO - Done. Returned value was: None
[2024-11-02T09:12:02.295+0000] {taskinstance.py:441} INFO - ::group::Post task execution logs
[2024-11-02T09:12:02.301+0000] {taskinstance.py:1206} INFO - Marking task as SUCCESS. dag_id=molecule_load_dag, task_id=transform_and_load_op, run_id=manual__2024-11-02T09:11:55.240202+00:00, execution_date=20241102T091155, start_date=20241102T091159, end_date=20241102T091202
[2024-11-02T09:12:02.342+0000] {local_task_job_runner.py:243} INFO - Task exited with return code 0
[2024-11-02T09:12:02.350+0000] {local_task_job_runner.py:222} INFO - ::endgroup::
