[2024-11-11T15:45:54.437+0000] {local_task_job_runner.py:120} INFO - ::group::Pre task execution logs
[2024-11-11T15:45:54.449+0000] {taskinstance.py:2076} INFO - Dependencies all met for dep_context=non-requeueable deps ti=<TaskInstance: news_dag.transform_and_load_op manual__2024-11-11T15:45:43.165454+00:00 [queued]>
[2024-11-11T15:45:54.454+0000] {taskinstance.py:2076} INFO - Dependencies all met for dep_context=requeueable deps ti=<TaskInstance: news_dag.transform_and_load_op manual__2024-11-11T15:45:43.165454+00:00 [queued]>
[2024-11-11T15:45:54.454+0000] {taskinstance.py:2306} INFO - Starting attempt 1 of 1
[2024-11-11T15:45:54.463+0000] {taskinstance.py:2330} INFO - Executing <Task(PythonOperator): transform_and_load_op> on 2024-11-11 15:45:43.165454+00:00
[2024-11-11T15:45:54.474+0000] {logging_mixin.py:188} WARNING - /home/***/.local/lib/python3.12/site-packages/***/task/task_runner/standard_task_runner.py:62 DeprecationWarning: This process (pid=432) is multi-threaded, use of fork() may lead to deadlocks in the child.
[2024-11-11T15:45:54.475+0000] {standard_task_runner.py:64} INFO - Started process 433 to run task
[2024-11-11T15:45:54.473+0000] {standard_task_runner.py:90} INFO - Running: ['***', 'tasks', 'run', 'news_dag', 'transform_and_load_op', 'manual__2024-11-11T15:45:43.165454+00:00', '--job-id', '116', '--raw', '--subdir', 'DAGS_FOLDER/etl_dag.py', '--cfg-path', '/tmp/tmpba7n39j6']
[2024-11-11T15:45:54.477+0000] {standard_task_runner.py:91} INFO - Job 116: Subtask transform_and_load_op
[2024-11-11T15:45:54.519+0000] {task_command.py:426} INFO - Running <TaskInstance: news_dag.transform_and_load_op manual__2024-11-11T15:45:43.165454+00:00 [running]> on host f1def9266cea
[2024-11-11T15:45:54.574+0000] {taskinstance.py:2648} INFO - Exporting env vars: AIRFLOW_CTX_DAG_OWNER='***' AIRFLOW_CTX_DAG_ID='news_dag' AIRFLOW_CTX_TASK_ID='transform_and_load_op' AIRFLOW_CTX_EXECUTION_DATE='2024-11-11T15:45:43.165454+00:00' AIRFLOW_CTX_TRY_NUMBER='1' AIRFLOW_CTX_DAG_RUN_ID='manual__2024-11-11T15:45:43.165454+00:00'
[2024-11-11T15:45:54.575+0000] {taskinstance.py:430} INFO - ::endgroup::
[2024-11-11T15:45:54.590+0000] {base.py:84} INFO - Using connection ID 'aws_connection' for task execution.
[2024-11-11T15:45:54.666+0000] {logging_mixin.py:188} INFO - news-bucket-etlraw/raw_news_2024-11-11.csv
[2024-11-11T15:45:55.369+0000] {logging_mixin.py:188} INFO - Transformed raw_df:
[2024-11-11T15:45:55.375+0000] {logging_mixin.py:188} INFO -       publisher                                        news_string
0     guardian  Kremlin says reports of Trump-Putin call about...
1     guardian  Israeli minister says ‘certain progress’ on Le...
2     guardian  Trump to reportedly appoint immigration hardli...
3     guardian  Huge crime network forging Banksy, Warhol and ...
4     guardian  Women walking Camino de Santiago speak of ‘ter...
..         ...                                                ...
395  aljazeera                                                NaN
396  aljazeera                                                NaN
397  aljazeera                                                NaN
398  aljazeera                                                NaN
399  aljazeera                                                NaN

[400 rows x 2 columns]
[2024-11-11T15:45:55.379+0000] {logging_mixin.py:188} INFO - guardian
[2024-11-11T15:45:55.380+0000] {logging_mixin.py:188} INFO - Kremlin says reports of Trump-Putin call about Ukraine are ‘pure fiction’
[2024-11-11T15:45:55.385+0000] {logging_mixin.py:188} WARNING - /opt/***/plugins/utils/transform_and_load.py:60 FutureWarning: The behavior of DataFrame concatenation with empty or all-NA entries is deprecated. In a future version, this will no longer exclude empty or all-NA columns when determining the result dtypes. To retain the old behavior, exclude the relevant entries before the concat operation.
[2024-11-11T15:45:55.386+0000] {logging_mixin.py:188} INFO - guardian
[2024-11-11T15:45:55.387+0000] {logging_mixin.py:188} INFO - Israeli minister says ‘certain progress’ on Lebanon ceasefire talks but Hezbollah says it has not been involved 
[2024-11-11T15:45:55.388+0000] {logging_mixin.py:188} INFO - guardian
[2024-11-11T15:45:55.389+0000] {logging_mixin.py:188} INFO - Trump to reportedly appoint immigration hardliner Stephen Miller to top White House job
[2024-11-11T15:45:55.390+0000] {logging_mixin.py:188} INFO - guardian
[2024-11-11T15:45:55.390+0000] {logging_mixin.py:188} INFO - Huge crime network forging Banksy, Warhol and Picasso uncovered in Italy
[2024-11-11T15:45:55.391+0000] {logging_mixin.py:188} INFO - guardian
[2024-11-11T15:45:55.392+0000] {logging_mixin.py:188} INFO - Women walking Camino de Santiago speak of ‘terrifying’ sexual harassment
[2024-11-11T15:45:55.393+0000] {logging_mixin.py:188} INFO - guardian
[2024-11-11T15:45:55.393+0000] {logging_mixin.py:188} INFO - Macron to attend ‘high-risk’ France-Israel football match
[2024-11-11T15:45:55.394+0000] {logging_mixin.py:188} INFO - guardian
[2024-11-11T15:45:55.394+0000] {logging_mixin.py:188} INFO - Starmer joins Macron in Paris on Armistice Day to show European solidarity after Trump re-election
[2024-11-11T15:45:55.395+0000] {logging_mixin.py:188} INFO - guardian
[2024-11-11T15:45:55.396+0000] {logging_mixin.py:188} INFO - German paper industry denies claims paper shortage could hinder election
[2024-11-11T15:45:55.397+0000] {logging_mixin.py:188} INFO - guardian
[2024-11-11T15:45:55.397+0000] {logging_mixin.py:188} INFO - Perugia mayor apologises for allowing Amanda Knox drama to be filmed in city
[2024-11-11T15:45:55.398+0000] {logging_mixin.py:188} INFO - guardian
[2024-11-11T15:45:55.398+0000] {logging_mixin.py:188} INFO - Magic Circle tries to track down first female member – who posed as a man
[2024-11-11T15:45:55.400+0000] {logging_mixin.py:188} INFO - guardian
[2024-11-11T15:45:55.400+0000] {logging_mixin.py:188} INFO - What happened in Amsterdam involving Israeli football fans?
[2024-11-11T15:45:55.401+0000] {logging_mixin.py:188} INFO - guardian
[2024-11-11T15:45:55.401+0000] {logging_mixin.py:188} INFO - I lost my six year old son when flash floods inundated Nova Scotia - This is climate breakdown
[2024-11-11T15:45:55.402+0000] {logging_mixin.py:188} INFO - guardian
[2024-11-11T15:45:55.402+0000] {logging_mixin.py:188} INFO - ‘I’m switched off’: frustration and fatigue as power cuts keep Ecuador in the dark
[2024-11-11T15:45:55.403+0000] {logging_mixin.py:188} INFO - guardian
[2024-11-11T15:45:55.403+0000] {logging_mixin.py:188} INFO - Trump victory ‘not the end of fight for a cleaner planet’, US climate envoy tells summit
[2024-11-11T15:45:55.404+0000] {logging_mixin.py:188} INFO - guardian
[2024-11-11T15:45:55.405+0000] {logging_mixin.py:188} INFO - Developing world needs private finance for green transition, says Cop president
[2024-11-11T15:45:55.405+0000] {logging_mixin.py:188} INFO - guardian
[2024-11-11T15:45:55.406+0000] {logging_mixin.py:188} INFO - A ‘Cop of peace’? How can authoritarian, human rights-trashing Azerbaijan possibly host that? 
[2024-11-11T15:45:55.407+0000] {logging_mixin.py:188} INFO - guardian
[2024-11-11T15:45:55.407+0000] {logging_mixin.py:188} INFO - Cop29: which climate finance ideas are most likely to work?
[2024-11-11T15:45:55.408+0000] {logging_mixin.py:188} INFO - guardian
[2024-11-11T15:45:55.408+0000] {logging_mixin.py:188} INFO - Gladiator II review – Paul Mescal slays in Ridley Scott’s gobsmacking reboot
[2024-11-11T15:45:55.409+0000] {logging_mixin.py:188} INFO - guardian
[2024-11-11T15:45:55.409+0000] {logging_mixin.py:188} INFO - ‘James Brown kept cutting our stage time’ – how the Stylistics made You Make Me Feel Brand New
[2024-11-11T15:45:55.410+0000] {logging_mixin.py:188} INFO - guardian
[2024-11-11T15:45:55.411+0000] {logging_mixin.py:188} INFO - ‘It gets more and more confused’: can AI replace translators?
[2024-11-11T15:45:55.411+0000] {logging_mixin.py:188} INFO - guardian
[2024-11-11T15:45:55.412+0000] {logging_mixin.py:188} INFO - PlayStation 5 Pro: is Sony’s console upgrade worth £700?
[2024-11-11T15:45:55.413+0000] {logging_mixin.py:188} INFO - guardian
[2024-11-11T15:45:55.413+0000] {logging_mixin.py:188} INFO - Even among artists in exile, the myth of Russian cultural supremacy lives on
[2024-11-11T15:45:55.414+0000] {logging_mixin.py:188} INFO - guardian
[2024-11-11T15:45:55.415+0000] {logging_mixin.py:188} INFO - One bite of chocolate led me to reinvent myself at 62
[2024-11-11T15:45:55.416+0000] {logging_mixin.py:188} INFO - guardian
[2024-11-11T15:45:55.416+0000] {logging_mixin.py:188} INFO - Caesar the goldfish, who meant as much to me as any dog
[2024-11-11T15:45:55.417+0000] {logging_mixin.py:188} INFO - guardian
[2024-11-11T15:45:55.417+0000] {logging_mixin.py:188} INFO - Alternative comedian Joe Kent-Walters: ‘I used to do a strip tease with carrier bags’
[2024-11-11T15:45:55.418+0000] {logging_mixin.py:188} INFO - guardian
[2024-11-11T15:45:55.418+0000] {logging_mixin.py:188} INFO - Billionaires like Elon Musk don’t just think they’re better than the rest of us – they hate us
[2024-11-11T15:45:55.419+0000] {logging_mixin.py:188} INFO - guardian
[2024-11-11T15:45:55.420+0000] {logging_mixin.py:188} INFO - Not changing course on Gaza was a colossal mistake by Kamala Harris
[2024-11-11T15:45:55.421+0000] {logging_mixin.py:188} INFO - guardian
[2024-11-11T15:45:55.421+0000] {logging_mixin.py:188} INFO - Far-right leaders are winning across the globe. Blaming ‘the economy’ or ‘the left-behinds’ won’t cut it
[2024-11-11T15:45:55.422+0000] {logging_mixin.py:188} INFO - guardian
[2024-11-11T15:45:55.422+0000] {logging_mixin.py:188} INFO - One thing I’m sure of: Harris ignored voters’ anger over Gaza, and it cost the Democrats dear
[2024-11-11T15:45:55.423+0000] {logging_mixin.py:188} INFO - guardian
[2024-11-11T15:45:55.423+0000] {logging_mixin.py:188} INFO - Trump didn’t just win. He expanded his voter base
[2024-11-11T15:45:55.424+0000] {logging_mixin.py:188} INFO - guardian
[2024-11-11T15:45:55.424+0000] {logging_mixin.py:188} INFO - First came the bots, then came the bosses - we’re entering Musk and Zuck’s new era of disinformation
[2024-11-11T15:45:55.426+0000] {logging_mixin.py:188} INFO - guardian
[2024-11-11T15:45:55.426+0000] {logging_mixin.py:188} INFO - Referee Coote suspended over apparent video of foul-mouthed Klopp rant
[2024-11-11T15:45:55.427+0000] {logging_mixin.py:188} INFO - guardian
[2024-11-11T15:45:55.427+0000] {logging_mixin.py:188} INFO - Ruud routs Alcaraz in straight sets at ATP Finals
[2024-11-11T15:45:55.428+0000] {logging_mixin.py:188} INFO - guardian
[2024-11-11T15:45:55.429+0000] {logging_mixin.py:188} INFO - Premier League: 10 talking points from the latest action
[2024-11-11T15:45:55.430+0000] {logging_mixin.py:188} INFO - guardian
[2024-11-11T15:45:55.430+0000] {logging_mixin.py:188} INFO - What kind of host will Trump be for the World Cup and Olympics?
[2024-11-11T15:45:55.431+0000] {logging_mixin.py:188} INFO - guardian
[2024-11-11T15:45:55.432+0000] {logging_mixin.py:188} INFO - Tyson v Paul is the apex event of content masquerading as sport
[2024-11-11T15:45:55.432+0000] {logging_mixin.py:188} INFO - guardian
[2024-11-11T15:45:55.433+0000] {logging_mixin.py:188} INFO - Millerntor masterstroke wins admirers despite St Pauli's defeat
[2024-11-11T15:45:55.435+0000] {logging_mixin.py:188} INFO - guardian
[2024-11-11T15:45:55.435+0000] {logging_mixin.py:188} INFO - Calhanoglu’s penalty miss shows nothing is certain in title race
[2024-11-11T15:45:55.436+0000] {logging_mixin.py:188} INFO - guardian
[2024-11-11T15:45:55.436+0000] {logging_mixin.py:188} INFO - ‘We all can do it,’ says 88-year-old after completing 12th Athens Marathon
[2024-11-11T15:45:55.437+0000] {logging_mixin.py:188} INFO - guardian
[2024-11-11T15:45:55.438+0000] {logging_mixin.py:188} INFO - EPA staff fear Trump will destroy how it protects Americans from pollution
[2024-11-11T15:45:55.439+0000] {logging_mixin.py:188} INFO - guardian
[2024-11-11T15:45:55.440+0000] {logging_mixin.py:188} INFO - Trump 2.0 could make even the most optimistic climate observers cynical - but it’s not the whole story
[2024-11-11T15:45:55.442+0000] {logging_mixin.py:188} INFO - guardian
[2024-11-11T15:45:55.443+0000] {logging_mixin.py:188} INFO - Philippines braced for landslides as fourth cyclone in three weeks hits
[2024-11-11T15:45:55.444+0000] {logging_mixin.py:188} INFO - guardian
[2024-11-11T15:45:55.444+0000] {logging_mixin.py:188} INFO - Key terms for this year’s climate conference in Azerbaijan
[2024-11-11T15:45:55.445+0000] {logging_mixin.py:188} INFO - guardian
[2024-11-11T15:45:55.446+0000] {logging_mixin.py:188} INFO - ‘Mass deportations would disrupt the food chain’: Californians warn of ripple effect of Trump threat
[2024-11-11T15:45:55.447+0000] {logging_mixin.py:188} INFO - guardian
[2024-11-11T15:45:55.448+0000] {logging_mixin.py:188} INFO - Former Harris aide suggests Biden resign so she can serve as president
[2024-11-11T15:45:55.449+0000] {logging_mixin.py:188} INFO - guardian
[2024-11-11T15:45:55.449+0000] {logging_mixin.py:188} INFO - What is voter certification – the process that Trump targeted in 2020?
[2024-11-11T15:45:55.450+0000] {logging_mixin.py:188} INFO - guardian
[2024-11-11T15:45:55.451+0000] {logging_mixin.py:188} INFO - Black women on what Harris’s loss says about the US
[2024-11-11T15:45:55.452+0000] {logging_mixin.py:188} INFO - guardian
[2024-11-11T15:45:55.456+0000] {logging_mixin.py:188} INFO - Bishop calls for Justin Welby to resign over failure to pursue serial abuser
[2024-11-11T15:45:55.458+0000] {logging_mixin.py:188} INFO - guardian
[2024-11-11T15:45:55.459+0000] {logging_mixin.py:188} INFO - Bitcoin price tops $82,000 for first time amid ‘Trump pump’
[2024-11-11T15:45:55.461+0000] {logging_mixin.py:188} INFO - guardian
[2024-11-11T15:45:55.462+0000] {logging_mixin.py:188} INFO - ‘I was a fool’: Art Garfunkel describes tearful reunion with Paul Simon 
[2024-11-11T15:45:55.465+0000] {logging_mixin.py:188} INFO - guardian
[2024-11-11T15:45:55.465+0000] {logging_mixin.py:188} INFO - Global biodiversity offsetting doesn’t work – keep schemes local, say experts
[2024-11-11T15:45:55.467+0000] {logging_mixin.py:188} INFO - guardian
[2024-11-11T15:45:55.468+0000] {logging_mixin.py:188} INFO - Badenoch: it’s ‘disappointing’ it took ITV drama to speed up Post Office payouts
[2024-11-11T15:45:55.470+0000] {logging_mixin.py:188} INFO - guardian
[2024-11-11T15:45:55.470+0000] {logging_mixin.py:188} INFO - Japan’s parliament re-elects PM Shigeru Ishiba despite bruising election result
[2024-11-11T15:45:55.472+0000] {logging_mixin.py:188} INFO - guardian
[2024-11-11T15:45:55.472+0000] {logging_mixin.py:188} INFO - 100,000 students join 50km night-time bike ride in search of good soup dumplings
[2024-11-11T15:45:55.474+0000] {logging_mixin.py:188} INFO - guardian
[2024-11-11T15:45:55.474+0000] {logging_mixin.py:188} INFO - Interim prime minister fired as security crisis mounts
[2024-11-11T15:45:55.475+0000] {logging_mixin.py:188} INFO - guardian
[2024-11-11T15:45:55.475+0000] {logging_mixin.py:188} INFO - Extreme weather cost $2tn globally over past decade, report finds
[2024-11-11T15:45:55.478+0000] {logging_mixin.py:188} INFO - guardian
[2024-11-11T15:45:55.478+0000] {logging_mixin.py:188} INFO - Book published in 1899 returned 50 years overdue to Massachusetts library
[2024-11-11T15:45:55.480+0000] {logging_mixin.py:188} INFO - guardian
[2024-11-11T15:45:55.480+0000] {logging_mixin.py:188} INFO - Final reckoning? Trailer for Mission: Impossible 8 suggests end to franchise
[2024-11-11T15:45:55.482+0000] {logging_mixin.py:188} INFO - guardian
[2024-11-11T15:45:55.483+0000] {logging_mixin.py:188} INFO - ‘In China, builders don’t look at drawings’: the architect challenging his country’s rampant urban obsession
[2024-11-11T15:45:55.484+0000] {logging_mixin.py:188} INFO - guardian
[2024-11-11T15:45:55.484+0000] {logging_mixin.py:188} INFO - Percival Everett and Samantha Harvey favourites to win 2024 Booker prize
[2024-11-11T15:45:55.485+0000] {logging_mixin.py:188} INFO - guardian
[2024-11-11T15:45:55.486+0000] {logging_mixin.py:188} INFO - ‘Two of the best songwriters Australia has ever produced’: punk pioneers the Saints return
[2024-11-11T15:45:55.489+0000] {logging_mixin.py:188} INFO - guardian
[2024-11-11T15:45:55.489+0000] {logging_mixin.py:188} INFO - Artist Kenny Scharf: ‘I’m carrying the torch for friends who couldn’t keep it going’
[2024-11-11T15:45:55.491+0000] {logging_mixin.py:188} INFO - guardian
[2024-11-11T15:45:55.491+0000] {logging_mixin.py:188} INFO - The Elements of Marie Curie by Dava Sobel review – the great scientist who created her own school
[2024-11-11T15:45:55.492+0000] {logging_mixin.py:188} INFO - guardian
[2024-11-11T15:45:55.493+0000] {logging_mixin.py:188} INFO - Is it true that … starting Botox in your 20s will stop you getting wrinkles?
[2024-11-11T15:45:55.495+0000] {logging_mixin.py:188} INFO - guardian
[2024-11-11T15:45:55.496+0000] {logging_mixin.py:188} INFO - Rukmini Iyer’s quick and easy recipe for chipotle mushroom tacos
[2024-11-11T15:45:55.497+0000] {logging_mixin.py:188} INFO - guardian
[2024-11-11T15:45:55.498+0000] {logging_mixin.py:188} INFO - Amy Poon’s recipe for golden pan-seared fish with ginger and spring onions
[2024-11-11T15:45:55.499+0000] {logging_mixin.py:188} INFO - guardian
[2024-11-11T15:45:55.499+0000] {logging_mixin.py:188} INFO - The Basque Country nature reserve at risk from Guggenheim expansion plans
[2024-11-11T15:45:55.501+0000] {logging_mixin.py:188} INFO - guardian
[2024-11-11T15:45:55.502+0000] {logging_mixin.py:188} INFO - From winter to watching sex scenes with your parents
[2024-11-11T15:45:55.503+0000] {logging_mixin.py:188} INFO - guardian
[2024-11-11T15:45:55.505+0000] {logging_mixin.py:188} INFO - Can you solve it? The knotty problem of Paddington in Peru
[2024-11-11T15:45:55.507+0000] {logging_mixin.py:188} INFO - guardian
[2024-11-11T15:45:55.507+0000] {logging_mixin.py:188} INFO - Share which issues have shaped your vote the most
[2024-11-11T15:45:55.509+0000] {logging_mixin.py:188} INFO - guardian
[2024-11-11T15:45:55.510+0000] {logging_mixin.py:188} INFO - Have you been affected by flooding?
[2024-11-11T15:45:55.513+0000] {logging_mixin.py:188} INFO - guardian
[2024-11-11T15:45:55.514+0000] {logging_mixin.py:188} INFO - Do you still live with your ex?
[2024-11-11T15:45:55.515+0000] {logging_mixin.py:188} INFO - guardian
[2024-11-11T15:45:55.516+0000] {logging_mixin.py:188} INFO - How have you been affected by the recent violence?
[2024-11-11T15:45:55.517+0000] {logging_mixin.py:188} INFO - guardian
[2024-11-11T15:45:55.517+0000] {logging_mixin.py:188} INFO - ‘I feared for my life’: stories of sexual harassment on the Camino de Santiago
[2024-11-11T15:45:55.518+0000] {logging_mixin.py:188} INFO - guardian
[2024-11-11T15:45:55.519+0000] {logging_mixin.py:188} INFO - Rafael Barrett: neglected crusader for oppressed Paraguayans finally gets his place in the sun
[2024-11-11T15:45:55.520+0000] {logging_mixin.py:188} INFO - guardian
[2024-11-11T15:45:55.520+0000] {logging_mixin.py:188} INFO - ‘I can hear dry-retching from inside’: queuing for hours to smell Geelong’s corpse plant
[2024-11-11T15:45:55.522+0000] {logging_mixin.py:188} INFO - guardian
[2024-11-11T15:45:55.523+0000] {logging_mixin.py:188} INFO - Kamala Harris is just the latest victim of global trend to oust incumbents
[2024-11-11T15:45:55.524+0000] {logging_mixin.py:188} INFO - guardian
[2024-11-11T15:45:55.524+0000] {logging_mixin.py:188} INFO - ‘I hate lying to her’: US couples on voting against their partners’ candidates
[2024-11-11T15:45:55.525+0000] {logging_mixin.py:188} INFO - guardian
[2024-11-11T15:45:55.525+0000] {logging_mixin.py:188} INFO - ‘The movement is not over’: leaders of Uncommitted look ahead at organizing during Trump term
[2024-11-11T15:45:55.526+0000] {logging_mixin.py:188} INFO - guardian
[2024-11-11T15:45:55.527+0000] {logging_mixin.py:188} INFO - ‘I feared for my life’: stories of sexual harassment on the Camino de Santiago
[2024-11-11T15:45:55.528+0000] {logging_mixin.py:188} INFO - guardian
[2024-11-11T15:45:55.528+0000] {logging_mixin.py:188} INFO - ‘We’ve done everything else, but haven’t had penetrative sex, because he’s very religious’
[2024-11-11T15:45:55.529+0000] {logging_mixin.py:188} INFO - guardian
[2024-11-11T15:45:55.530+0000] {logging_mixin.py:188} INFO - ‘The best advice I’ve ever been given’: celebrities share their wisdom
[2024-11-11T15:45:55.531+0000] {logging_mixin.py:188} INFO - guardian
[2024-11-11T15:45:55.531+0000] {logging_mixin.py:188} INFO - Crypto trader killed in apparent assassination at São Paulo airport
[2024-11-11T15:45:55.532+0000] {logging_mixin.py:188} INFO - guardian
[2024-11-11T15:45:55.532+0000] {logging_mixin.py:188} INFO - Brighton stun Manchester City and Liverpool go five clear – Football Weekly
[2024-11-11T15:45:55.533+0000] {logging_mixin.py:188} INFO - guardian
[2024-11-11T15:45:55.534+0000] {logging_mixin.py:188} INFO - Has poppymania gone too far? – podcast
[2024-11-11T15:45:55.535+0000] {logging_mixin.py:188} INFO - guardian
[2024-11-11T15:45:55.535+0000] {logging_mixin.py:188} INFO - Trump, Cop29 and Ukraine – Politics Weekly Westminster
[2024-11-11T15:45:55.536+0000] {logging_mixin.py:188} INFO - guardian
[2024-11-11T15:45:55.536+0000] {logging_mixin.py:188} INFO - Finding one trillion dollars at Cop29 – podcast
[2024-11-11T15:45:55.537+0000] {logging_mixin.py:188} INFO - guardian
[2024-11-11T15:45:55.537+0000] {logging_mixin.py:188} INFO - ‘My lips and cheeks caved in’ – when filler removal goes wrong, Marina Hyde on Trump-based amnesia, and my husband the conspiracy theorist– podcast
[2024-11-11T15:45:55.539+0000] {logging_mixin.py:188} INFO - guardian
[2024-11-11T15:45:55.539+0000] {logging_mixin.py:188} INFO - Justin McCurry's day of eating only Japanese convenience store food
[2024-11-11T15:45:55.540+0000] {logging_mixin.py:188} INFO - guardian
[2024-11-11T15:45:55.540+0000] {logging_mixin.py:188} INFO - Why America voted for Donald Trump (again)
[2024-11-11T15:45:55.541+0000] {logging_mixin.py:188} INFO - guardian
[2024-11-11T15:45:55.541+0000] {logging_mixin.py:188} INFO - How the night of Trump's presidential comeback unfolded 
[2024-11-11T15:45:55.542+0000] {logging_mixin.py:188} INFO - guardian
[2024-11-11T15:45:55.542+0000] {logging_mixin.py:188} INFO - How US politics got so insulting (Hint: it didn't start with Trump)
[2024-11-11T15:45:55.543+0000] {logging_mixin.py:188} INFO - guardian
[2024-11-11T15:45:55.544+0000] {logging_mixin.py:188} INFO - Why are North Korean soldiers entering Russia's war against Ukraine? 
[2024-11-11T15:45:55.545+0000] {logging_mixin.py:188} INFO - guardian
[2024-11-11T15:45:55.546+0000] {logging_mixin.py:188} INFO - Elon Musk’s money and the battle for Pennsylvania
[2024-11-11T15:45:55.547+0000] {logging_mixin.py:188} INFO - guardian
[2024-11-11T15:45:55.547+0000] {logging_mixin.py:188} INFO - Armistice Day and carnival season in Europe
[2024-11-11T15:45:55.548+0000] {logging_mixin.py:188} INFO - guardian
[2024-11-11T15:45:55.549+0000] {logging_mixin.py:188} INFO - The MTV Europe Music Awards 2024
[2024-11-11T15:45:55.552+0000] {logging_mixin.py:188} INFO - guardian
[2024-11-11T15:45:55.553+0000] {logging_mixin.py:188} INFO - ‘Every hammer blow makes a difference’: handcrafting whisky stills in Scotland – photo essay
[2024-11-11T15:45:55.554+0000] {logging_mixin.py:188} INFO - guardian
[2024-11-11T15:45:55.554+0000] {logging_mixin.py:188} INFO - A twisted tale of strange sisters: Hervé Guibert’s photographs of his reclusive great-aunts in 1970s Paris
[2024-11-11T15:45:55.555+0000] {logging_mixin.py:188} INFO - guardian
[2024-11-11T15:45:55.556+0000] {logging_mixin.py:188} INFO - Head On portrait prize
[2024-11-11T15:45:55.557+0000] {logging_mixin.py:188} INFO - guardian
[2024-11-11T15:45:55.557+0000] {logging_mixin.py:188} INFO - Marvin E Newman’s Californian dreamers
[2024-11-11T15:45:55.558+0000] {logging_mixin.py:188} INFO - nytimes
[2024-11-11T15:45:55.559+0000] {logging_mixin.py:188} INFO - As Donald Trump Threatens a Wider Trade War, the U.S. Confronts a Changed China
[2024-11-11T15:45:55.562+0000] {logging_mixin.py:188} INFO - nytimes
[2024-11-11T15:45:55.562+0000] {logging_mixin.py:188} INFO - How Trump Divides Chinese Who Aspire to Democracy
[2024-11-11T15:45:55.564+0000] {logging_mixin.py:188} INFO - nytimes
[2024-11-11T15:45:55.564+0000] {logging_mixin.py:188} INFO - Will Trump Rekindle a Bromance With Kim Jong-un? South Koreans Worry.
[2024-11-11T15:45:55.565+0000] {logging_mixin.py:188} INFO - nytimes
[2024-11-11T15:45:55.565+0000] {logging_mixin.py:188} INFO - Trump Offers Elise Stefanik Role as U.N. Ambassador
[2024-11-11T15:45:55.566+0000] {logging_mixin.py:188} INFO - nytimes
[2024-11-11T15:45:55.566+0000] {logging_mixin.py:188} INFO - Donald Trump Names Former Immigration Official as His ‘Border Czar’
[2024-11-11T15:45:55.567+0000] {logging_mixin.py:188} INFO - nytimes
[2024-11-11T15:45:55.567+0000] {logging_mixin.py:188} INFO - Unions Bet Big on Kamala Harris. Now They’re Bracing for Consequences.
[2024-11-11T15:45:55.569+0000] {logging_mixin.py:188} INFO - nytimes
[2024-11-11T15:45:55.570+0000] {logging_mixin.py:188} INFO - Trump’s Gains Among Latinos Push a Civil Rights Group to Reflect on Its Past
[2024-11-11T15:45:55.571+0000] {logging_mixin.py:188} INFO - nytimes
[2024-11-11T15:45:55.571+0000] {logging_mixin.py:188} INFO - Trump Transition Stalls Over Ethics Code, and Russia Prepares a New Offensive
[2024-11-11T15:45:55.573+0000] {logging_mixin.py:188} INFO - nytimes
[2024-11-11T15:45:55.574+0000] {logging_mixin.py:188} INFO - Iran Debates Whether It Could Make a Deal With Trump
[2024-11-11T15:45:55.578+0000] {logging_mixin.py:188} INFO - nytimes
[2024-11-11T15:45:55.579+0000] {logging_mixin.py:188} INFO - Iran and Trump Are Front of Mind at Saudi Summit
[2024-11-11T15:45:55.583+0000] {logging_mixin.py:188} INFO - nytimes
[2024-11-11T15:45:55.584+0000] {logging_mixin.py:188} INFO - Israel Orders New Evacuations in Lebanon as Diplomacy Ramps Up
[2024-11-11T15:45:55.585+0000] {logging_mixin.py:188} INFO - nytimes
[2024-11-11T15:45:55.586+0000] {logging_mixin.py:188} INFO - Caught Between Wars, Syrian Refugees in Lebanon Return Home
[2024-11-11T15:45:55.587+0000] {logging_mixin.py:188} INFO - nytimes
[2024-11-11T15:45:55.587+0000] {logging_mixin.py:188} INFO - Israel’s Military Announces Small Expansion of Gaza Humanitarian Zone
[2024-11-11T15:45:55.589+0000] {logging_mixin.py:188} INFO - nytimes
[2024-11-11T15:45:55.589+0000] {logging_mixin.py:188} INFO - Chaos, Provocations and Violence: How Attacks on Israeli Soccer Fans Unfolded
[2024-11-11T15:45:55.590+0000] {logging_mixin.py:188} INFO - nytimes
[2024-11-11T15:45:55.591+0000] {logging_mixin.py:188} INFO - Mortgage Rates Fell, Then Rose. What Comes Next?
[2024-11-11T15:45:55.592+0000] {logging_mixin.py:188} INFO - nytimes
[2024-11-11T15:45:55.592+0000] {logging_mixin.py:188} INFO - A Potential Fight Over the Fed’s Future Ramps Up
[2024-11-11T15:45:55.594+0000] {logging_mixin.py:188} INFO - nytimes
[2024-11-11T15:45:55.595+0000] {logging_mixin.py:188} INFO - Bitcoin Sets Another Record as Bullish Bets Continue
[2024-11-11T15:45:55.596+0000] {logging_mixin.py:188} INFO - nytimes
[2024-11-11T15:45:55.596+0000] {logging_mixin.py:188} INFO - He Made a Daring Escape From China. Then His Real Troubles Began.
[2024-11-11T15:45:55.597+0000] {logging_mixin.py:188} INFO - nytimes
[2024-11-11T15:45:55.598+0000] {logging_mixin.py:188} INFO - Trump’s Return Hangs Over U.N. Climate Negotiations
[2024-11-11T15:45:55.600+0000] {logging_mixin.py:188} INFO - nytimes
[2024-11-11T15:45:55.600+0000] {logging_mixin.py:188} INFO - Army Private Is Identified Almost 80 Years After Death in World War II
[2024-11-11T15:45:55.601+0000] {logging_mixin.py:188} INFO - nytimes
[2024-11-11T15:45:55.602+0000] {logging_mixin.py:188} INFO - How Armistice Day Became Veterans Day in the U.S.
[2024-11-11T15:45:55.603+0000] {logging_mixin.py:188} INFO - nytimes
[2024-11-11T15:45:55.603+0000] {logging_mixin.py:188} INFO - He’s Eric Adams’s Third N.Y.P.D. Boss. Does He Have Staying Power?
[2024-11-11T15:45:55.605+0000] {logging_mixin.py:188} INFO - nytimes
[2024-11-11T15:45:55.606+0000] {logging_mixin.py:188} INFO - After Trump’s Victory, Mayoral Candidates Unite Against Adams and Cuomo
[2024-11-11T15:45:55.607+0000] {logging_mixin.py:188} INFO - nytimes
[2024-11-11T15:45:55.607+0000] {logging_mixin.py:188} INFO - Who Has the Best View of the Chrysler Building? These Bees.
[2024-11-11T15:45:55.608+0000] {logging_mixin.py:188} INFO - nytimes
[2024-11-11T15:45:55.608+0000] {logging_mixin.py:188} INFO - The Trump Era Never Really Ended
[2024-11-11T15:45:55.610+0000] {logging_mixin.py:188} INFO - nytimes
[2024-11-11T15:45:55.610+0000] {logging_mixin.py:188} INFO - George W. Bush ‘Owes Me a Beer, at the Least’
[2024-11-11T15:45:55.611+0000] {logging_mixin.py:188} INFO - nytimes
[2024-11-11T15:45:55.611+0000] {logging_mixin.py:188} INFO - Kamala Harris Could Have Won. Here’s a Key Reason Why She Didn’t.
[2024-11-11T15:45:55.613+0000] {logging_mixin.py:188} INFO - nytimes
[2024-11-11T15:45:55.613+0000] {logging_mixin.py:188} INFO - Against Panic: A Survival Kit
[2024-11-11T15:45:55.614+0000] {logging_mixin.py:188} INFO - nytimes
[2024-11-11T15:45:55.614+0000] {logging_mixin.py:188} INFO - Quietly, America Is Losing the Loyalty of Its Friends
[2024-11-11T15:45:55.615+0000] {logging_mixin.py:188} INFO - nytimes
[2024-11-11T15:45:55.615+0000] {logging_mixin.py:188} INFO - Trump and Musk: The Bromance That Cannot Last
[2024-11-11T15:45:55.617+0000] {logging_mixin.py:188} INFO - nytimes
[2024-11-11T15:45:55.617+0000] {logging_mixin.py:188} INFO - To Understand Egypt, Meet My Friend, a Political Prisoner
[2024-11-11T15:45:55.619+0000] {logging_mixin.py:188} INFO - nytimes
[2024-11-11T15:45:55.619+0000] {logging_mixin.py:188} INFO - Trump’s Civil Service Plan: ‘A Train Wreck You Can See Coming’
[2024-11-11T15:45:55.620+0000] {logging_mixin.py:188} INFO - nytimes
[2024-11-11T15:45:55.620+0000] {logging_mixin.py:188} INFO - How I Discovered I Was Stolen at Birth
[2024-11-11T15:45:55.621+0000] {logging_mixin.py:188} INFO - nytimes
[2024-11-11T15:45:55.621+0000] {logging_mixin.py:188} INFO - The Democratic Blind Spot That Wrecked 2024
[2024-11-11T15:45:55.624+0000] {logging_mixin.py:188} INFO - nytimes
[2024-11-11T15:45:55.625+0000] {logging_mixin.py:188} INFO - Light in the Shadow of a Diagnosis
[2024-11-11T15:45:55.627+0000] {logging_mixin.py:188} INFO - nytimes
[2024-11-11T15:45:55.628+0000] {logging_mixin.py:188} INFO - Israel Keeps Attacking Journalists. When Will the U.S. Intervene?
[2024-11-11T15:45:55.629+0000] {logging_mixin.py:188} INFO - nytimes
[2024-11-11T15:45:55.630+0000] {logging_mixin.py:188} INFO - When Did Liberals Become So Comfortable With War?
[2024-11-11T15:45:55.631+0000] {logging_mixin.py:188} INFO - nytimes
[2024-11-11T15:45:55.631+0000] {logging_mixin.py:188} INFO - A Sex Strike Is a Losing Strategy for American Women
[2024-11-11T15:45:55.633+0000] {logging_mixin.py:188} INFO - nytimes
[2024-11-11T15:45:55.634+0000] {logging_mixin.py:188} INFO - I Refuse to Cede My Love of Fitness to the Far Right
[2024-11-11T15:45:55.638+0000] {logging_mixin.py:188} INFO - nytimes
[2024-11-11T15:45:55.638+0000] {logging_mixin.py:188} INFO - Why Shakespeare Remains Relevant Today
[2024-11-11T15:45:55.639+0000] {logging_mixin.py:188} INFO - nytimes
[2024-11-11T15:45:55.639+0000] {logging_mixin.py:188} INFO - The Democrats Who Won
[2024-11-11T15:45:55.640+0000] {logging_mixin.py:188} INFO - nytimes
[2024-11-11T15:45:55.641+0000] {logging_mixin.py:188} INFO - Shigeru Ishiba Wins Vote to Remain as Japan’s Prime Minister
[2024-11-11T15:45:55.643+0000] {logging_mixin.py:188} INFO - nytimes
[2024-11-11T15:45:55.644+0000] {logging_mixin.py:188} INFO - Jamie Oliver Pulls Children’s Book Amid Criticism of Insensitivity
[2024-11-11T15:45:55.648+0000] {logging_mixin.py:188} INFO - nytimes
[2024-11-11T15:45:55.649+0000] {logging_mixin.py:188} INFO - The Impromptu Nighttime Bike Rides That Drew Thousands of Chinese Students
[2024-11-11T15:45:55.652+0000] {logging_mixin.py:188} INFO - nytimes
[2024-11-11T15:45:55.653+0000] {logging_mixin.py:188} INFO - How a Colombian Influencer Made Recycling Cool
[2024-11-11T15:45:55.655+0000] {logging_mixin.py:188} INFO - nytimes
[2024-11-11T15:45:55.656+0000] {logging_mixin.py:188} INFO - A Mainstay of the Bloomsbury Group, With a Show of Her Own
[2024-11-11T15:45:55.657+0000] {logging_mixin.py:188} INFO - nytimes
[2024-11-11T15:45:55.658+0000] {logging_mixin.py:188} INFO - Wordle
[2024-11-11T15:45:55.660+0000] {logging_mixin.py:188} INFO - nytimes
[2024-11-11T15:45:55.660+0000] {logging_mixin.py:188} INFO - Connections
[2024-11-11T15:45:55.663+0000] {logging_mixin.py:188} INFO - nytimes
[2024-11-11T15:45:55.664+0000] {logging_mixin.py:188} INFO - Strands
[2024-11-11T15:45:55.665+0000] {logging_mixin.py:188} INFO - nytimes
[2024-11-11T15:45:55.666+0000] {logging_mixin.py:188} INFO - Spelling Bee
[2024-11-11T15:45:55.668+0000] {logging_mixin.py:188} INFO - nytimes
[2024-11-11T15:45:55.668+0000] {logging_mixin.py:188} INFO - The Crossword
[2024-11-11T15:45:55.669+0000] {logging_mixin.py:188} INFO - nytimes
[2024-11-11T15:45:55.670+0000] {logging_mixin.py:188} INFO - The Mini Crossword
[2024-11-11T15:45:55.671+0000] {logging_mixin.py:188} INFO - nytimes
[2024-11-11T15:45:55.671+0000] {logging_mixin.py:188} INFO - The Chinese economy is more dependent on exports, making tariffs more potent, yet it’s less reliant on American markets and increasingly bent on self-sufficiency.
[2024-11-11T15:45:55.672+0000] {logging_mixin.py:188} INFO - nytimes
[2024-11-11T15:45:55.672+0000] {logging_mixin.py:188} INFO - A new HBO documentary about opposition to autocrats says a lot about the complex politics the president-elect inspires for people fleeing countries, our columnist writes.
[2024-11-11T15:45:55.674+0000] {logging_mixin.py:188} INFO - nytimes
[2024-11-11T15:45:55.674+0000] {logging_mixin.py:188} INFO - In one of his first cabinet-level personnel decisions, President-elect Trump has chosen the Republican member of Congress from New York to represent the U.S.
[2024-11-11T15:45:55.676+0000] {logging_mixin.py:188} INFO - nytimes
[2024-11-11T15:45:55.677+0000] {logging_mixin.py:188} INFO - Thomas Homan, a senior immigration official in the last Trump administration, has said that workplace raids would restart under the new government.
[2024-11-11T15:45:55.679+0000] {logging_mixin.py:188} INFO - nytimes
[2024-11-11T15:45:55.681+0000] {logging_mixin.py:188} INFO - Some in Iran’s new, more moderate government think Donald Trump’s win provides an opportunity to make a lasting deal with the United States.
[2024-11-11T15:45:55.684+0000] {logging_mixin.py:188} INFO - nytimes
[2024-11-11T15:45:55.688+0000] {logging_mixin.py:188} INFO - Leaders from across the Arab and Muslim world were in Riyadh for a meeting officially convened to discuss the fighting in Gaza and Lebanon.
[2024-11-11T15:45:55.697+0000] {logging_mixin.py:188} INFO - nytimes
[2024-11-11T15:45:55.698+0000] {logging_mixin.py:188} INFO - Here’s what we know about the violence in Amsterdam last week, which included antisemitic assaults on visiting fans and incendiary chants by some Israelis.
[2024-11-11T15:45:55.700+0000] {logging_mixin.py:188} INFO - nytimes
[2024-11-11T15:45:55.700+0000] {logging_mixin.py:188} INFO - Many would-be home buyers are still hoping for mortgage rates to come down as the Federal Reserve cuts interest rates. How much they will fall is unclear.
[2024-11-11T15:45:55.702+0000] {logging_mixin.py:188} INFO - nytimes
[2024-11-11T15:45:55.702+0000] {logging_mixin.py:188} INFO - As allies of Donald Trump, including Elon Musk, endorse ending the Federal Reserve’s independence, its chair is said to be ready to battle in court.
[2024-11-11T15:45:55.703+0000] {logging_mixin.py:188} INFO - nytimes
[2024-11-11T15:45:55.704+0000] {logging_mixin.py:188} INFO - Hasan Imam fled brutal repression — only to discover, as so many Uyghur refugees have, that China’s power stretches far beyond its borders.
[2024-11-11T15:45:55.705+0000] {logging_mixin.py:188} INFO - nytimes
[2024-11-11T15:45:55.705+0000] {logging_mixin.py:188} INFO - The election of Donald Trump is sapping momentum from global climate talks at COP29 as diplomats brace for his pro-fossil-fuel agenda.
[2024-11-11T15:45:55.706+0000] {logging_mixin.py:188} INFO - nytimes
[2024-11-11T15:45:55.706+0000] {logging_mixin.py:188} INFO - Jeremiah P. Mahoney had been missing in action since 1945. His remains will be interred in Arlington National Cemetery in 2025.
[2024-11-11T15:45:55.707+0000] {logging_mixin.py:188} INFO - nytimes
[2024-11-11T15:45:55.708+0000] {logging_mixin.py:188} INFO - Thomas Donlon wants the job of police commissioner permanently, and he’s been acting as though he has it as he navigates friction and uncertainty.
[2024-11-11T15:45:55.709+0000] {logging_mixin.py:188} INFO - nytimes
[2024-11-11T15:45:55.709+0000] {logging_mixin.py:188} INFO - Unseating Eric Adams and stopping Andrew Cuomo were hot topics at a gathering in Puerto Rico, as New York Democrats reflected on the impact of Donald Trump’s win.
[2024-11-11T15:45:55.711+0000] {logging_mixin.py:188} INFO - nytimes
[2024-11-11T15:45:55.711+0000] {logging_mixin.py:188} INFO - On and around some of New York City’s most famous buildings, beehives are buzzing.
[2024-11-11T15:45:55.712+0000] {logging_mixin.py:188} INFO - nytimes
[2024-11-11T15:45:55.712+0000] {logging_mixin.py:188} INFO - We’re covering this year’s successful Democratic campaigns.
[2024-11-11T15:45:55.713+0000] {logging_mixin.py:188} INFO - nytimes
[2024-11-11T15:45:55.714+0000] {logging_mixin.py:188} INFO - Parliament voted to stick with Mr. Ishiba, who will lead a minority government after his party suffered heavy losses in an election last month.
[2024-11-11T15:45:55.715+0000] {logging_mixin.py:188} INFO - nytimes
[2024-11-11T15:45:55.715+0000] {logging_mixin.py:188} INFO - The celebrity chef’s second children’s book, “Billy and the Epic Escape,” faced accusations that it stereotyped First Nations people in Australia.
[2024-11-11T15:45:55.716+0000] {logging_mixin.py:188} INFO - nytimes
[2024-11-11T15:45:55.717+0000] {logging_mixin.py:188} INFO - Making the five-hour ride between two Chinese cities became a craze among young people. But as their numbers swelled, the authorities shut it down.
[2024-11-11T15:45:55.718+0000] {logging_mixin.py:188} INFO - nytimes
[2024-11-11T15:45:55.718+0000] {logging_mixin.py:188} INFO - The character Marce the Recycler has created an enthusiastic dedication to proper waste separation among her devoted fans.
[2024-11-11T15:45:55.720+0000] {logging_mixin.py:188} INFO - nytimes
[2024-11-11T15:45:55.720+0000] {logging_mixin.py:188} INFO - Vanessa Bell is often best remembered for the creative milieu she cultivated, but a new exhibition makes a case for her as a groundbreaking artist.
[2024-11-11T15:45:55.721+0000] {logging_mixin.py:188} INFO - nytimes
[2024-11-11T15:45:55.722+0000] {logging_mixin.py:188} INFO - Guess the 5-letter word with 6 chances.
[2024-11-11T15:45:55.723+0000] {logging_mixin.py:188} INFO - nytimes
[2024-11-11T15:45:55.723+0000] {logging_mixin.py:188} INFO - Group words that share a common thread.
[2024-11-11T15:45:55.734+0000] {logging_mixin.py:188} INFO - nytimes
[2024-11-11T15:45:55.735+0000] {logging_mixin.py:188} INFO - Uncover hidden words and reveal the theme.
[2024-11-11T15:45:55.736+0000] {logging_mixin.py:188} INFO - nytimes
[2024-11-11T15:45:55.736+0000] {logging_mixin.py:188} INFO - How many words can you make with 7 letters?
[2024-11-11T15:45:55.737+0000] {logging_mixin.py:188} INFO - nytimes
[2024-11-11T15:45:55.737+0000] {logging_mixin.py:188} INFO - Get clued in with wordplay, every day.
[2024-11-11T15:45:55.738+0000] {logging_mixin.py:188} INFO - nytimes
[2024-11-11T15:45:55.739+0000] {logging_mixin.py:188} INFO - Take a break from the news. Solve this bite-sized puzzle in just a few minutes.
[2024-11-11T15:45:55.740+0000] {logging_mixin.py:188} INFO - bbc
[2024-11-11T15:45:55.740+0000] {logging_mixin.py:188} INFO - US envoy vows to fight climate change with 'passion and belief' despite Trump win
[2024-11-11T15:45:55.741+0000] {logging_mixin.py:188} INFO - bbc
[2024-11-11T15:45:55.742+0000] {logging_mixin.py:188} INFO - Why climate talks are so hard to translate
[2024-11-11T15:45:55.742+0000] {logging_mixin.py:188} INFO - bbc
[2024-11-11T15:45:55.743+0000] {logging_mixin.py:188} INFO - US envoy vows to fight climate change with 'passion and belief' despite Trump win
[2024-11-11T15:45:55.744+0000] {logging_mixin.py:188} INFO - bbc
[2024-11-11T15:45:55.744+0000] {logging_mixin.py:188} INFO - Why climate talks are so hard to translate
[2024-11-11T15:45:55.745+0000] {logging_mixin.py:188} INFO - bbc
[2024-11-11T15:45:55.746+0000] {logging_mixin.py:188} INFO - Get out of our way, Trump's 'border tsar' tells Democrats fighting deportation plans
[2024-11-11T15:45:55.747+0000] {logging_mixin.py:188} INFO - bbc
[2024-11-11T15:45:55.747+0000] {logging_mixin.py:188} INFO - Russia denies Trump call with Putin urging restraint in Ukraine
[2024-11-11T15:45:55.748+0000] {logging_mixin.py:188} INFO - bbc
[2024-11-11T15:45:55.748+0000] {logging_mixin.py:188} INFO - Macron and Starmer vow 'unwavering' Ukraine support
[2024-11-11T15:45:55.749+0000] {logging_mixin.py:188} INFO - bbc
[2024-11-11T15:45:55.749+0000] {logging_mixin.py:188} INFO - China roads blocked by thousands of cyclists in night quest for dumplings
[2024-11-11T15:45:55.750+0000] {logging_mixin.py:188} INFO - bbc
[2024-11-11T15:45:55.750+0000] {logging_mixin.py:188} INFO - Gladiator II: 'The best popcorn film of the year' ★★★★☆
[2024-11-11T15:45:55.751+0000] {logging_mixin.py:188} INFO - bbc
[2024-11-11T15:45:55.752+0000] {logging_mixin.py:188} INFO - Europe wants you to travel by train - but why is it so expensive?
[2024-11-11T15:45:55.753+0000] {logging_mixin.py:188} INFO - bbc
[2024-11-11T15:45:55.753+0000] {logging_mixin.py:188} INFO - 'That was the greatest day of all our lives': The migrants who passed through Ellis Island
[2024-11-11T15:45:55.754+0000] {logging_mixin.py:188} INFO - bbc
[2024-11-11T15:45:55.754+0000] {logging_mixin.py:188} INFO - Rita Ora becomes tearful remembering Liam Payne
[2024-11-11T15:45:55.755+0000] {logging_mixin.py:188} INFO - bbc
[2024-11-11T15:45:55.755+0000] {logging_mixin.py:188} INFO - Five must-try Turkish dishes with food guru Refika Birgül
[2024-11-11T15:45:55.756+0000] {logging_mixin.py:188} INFO - bbc
[2024-11-11T15:45:55.756+0000] {logging_mixin.py:188} INFO - Runner with Down's syndrome dances through marathon
[2024-11-11T15:45:55.757+0000] {logging_mixin.py:188} INFO - bbc
[2024-11-11T15:45:55.757+0000] {logging_mixin.py:188} INFO - What meteor showers signified in ancient China
[2024-11-11T15:45:55.758+0000] {logging_mixin.py:188} INFO - bbc
[2024-11-11T15:45:55.758+0000] {logging_mixin.py:188} INFO - Meet the AI robot whose artwork sold for over $1m
[2024-11-11T15:45:55.760+0000] {logging_mixin.py:188} INFO - bbc
[2024-11-11T15:45:55.760+0000] {logging_mixin.py:188} INFO - Strictly Come Dancing's 'spectacular' blackout dance moment
[2024-11-11T15:45:55.761+0000] {logging_mixin.py:188} INFO - bbc
[2024-11-11T15:45:55.761+0000] {logging_mixin.py:188} INFO - Protesters call on Valencia governor to resign after deadly floods
[2024-11-11T15:45:55.762+0000] {logging_mixin.py:188} INFO - bbc
[2024-11-11T15:45:55.763+0000] {logging_mixin.py:188} INFO - Holocaust survivor shares story of journey to Auschwitz
[2024-11-11T15:45:55.763+0000] {logging_mixin.py:188} INFO - bbc
[2024-11-11T15:45:55.764+0000] {logging_mixin.py:188} INFO - India says not nervous about working with Trump
[2024-11-11T15:45:55.764+0000] {logging_mixin.py:188} INFO - bbc
[2024-11-11T15:45:55.765+0000] {logging_mixin.py:188} INFO - Japan's Ishiba stays as PM despite election setback
[2024-11-11T15:45:55.765+0000] {logging_mixin.py:188} INFO - bbc
[2024-11-11T15:45:55.766+0000] {logging_mixin.py:188} INFO - ‘I lost nine teeth filming Squid Game’: BBC on set with show’s director
[2024-11-11T15:45:55.767+0000] {logging_mixin.py:188} INFO - bbc
[2024-11-11T15:45:55.767+0000] {logging_mixin.py:188} INFO - Jamie Oliver pulls 'offensive' children's book from sale
[2024-11-11T15:45:55.768+0000] {logging_mixin.py:188} INFO - bbc
[2024-11-11T15:45:55.768+0000] {logging_mixin.py:188} INFO - India's luxury airline Vistara flies into the sunset 
[2024-11-11T15:45:55.769+0000] {logging_mixin.py:188} INFO - bbc
[2024-11-11T15:45:55.769+0000] {logging_mixin.py:188} INFO - A croissant that's the star of a Polish parade
[2024-11-11T15:45:55.770+0000] {logging_mixin.py:188} INFO - bbc
[2024-11-11T15:45:55.770+0000] {logging_mixin.py:188} INFO - The diversion ploy to save Scotland's capercaillie
[2024-11-11T15:45:55.771+0000] {logging_mixin.py:188} INFO - bbc
[2024-11-11T15:45:55.771+0000] {logging_mixin.py:188} INFO - Subscribe to Future Earth 
[2024-11-11T15:45:55.772+0000] {logging_mixin.py:188} INFO - bbc
[2024-11-11T15:45:55.772+0000] {logging_mixin.py:188} INFO - Download the BBC app
[2024-11-11T15:45:55.773+0000] {logging_mixin.py:188} INFO - bbc
[2024-11-11T15:45:55.773+0000] {logging_mixin.py:188} INFO - Listen to The Global Story
[2024-11-11T15:45:55.774+0000] {logging_mixin.py:188} INFO - bbc
[2024-11-11T15:45:55.774+0000] {logging_mixin.py:188} INFO - News Briefing: Sign up to our newsletter
[2024-11-11T15:45:55.775+0000] {logging_mixin.py:188} INFO - bbc
[2024-11-11T15:45:55.775+0000] {logging_mixin.py:188} INFO - Register for a BBC account
[2024-11-11T15:45:55.777+0000] {logging_mixin.py:188} INFO - bbc
[2024-11-11T15:45:55.778+0000] {logging_mixin.py:188} INFO - The Essential List
[2024-11-11T15:45:55.779+0000] {logging_mixin.py:188} INFO - bbc
[2024-11-11T15:45:55.779+0000] {logging_mixin.py:188} INFO - Six Steps to Calm
[2024-11-11T15:45:55.780+0000] {logging_mixin.py:188} INFO - bbc
[2024-11-11T15:45:55.780+0000] {logging_mixin.py:188} INFO - Subscribe to Football Extra
[2024-11-11T15:45:55.781+0000] {logging_mixin.py:188} INFO - bbc
[2024-11-11T15:45:55.782+0000] {logging_mixin.py:188} INFO - In History
[2024-11-11T15:45:55.783+0000] {logging_mixin.py:188} INFO - bbc
[2024-11-11T15:45:55.783+0000] {logging_mixin.py:188} INFO - Trump appoints UN ambassador Elise Stefanik and border tsar Tom Homan
[2024-11-11T15:45:55.784+0000] {logging_mixin.py:188} INFO - bbc
[2024-11-11T15:45:55.784+0000] {logging_mixin.py:188} INFO - Disney cruise ship rescues four people from sinking catamaran
[2024-11-11T15:45:55.785+0000] {logging_mixin.py:188} INFO - bbc
[2024-11-11T15:45:55.785+0000] {logging_mixin.py:188} INFO - Teenage park ranger dies as wildfires burn in New York State 
[2024-11-11T15:45:55.786+0000] {logging_mixin.py:188} INFO - bbc
[2024-11-11T15:45:55.786+0000] {logging_mixin.py:188} INFO - Republicans close in on House. Here are races still to watch
[2024-11-11T15:45:55.787+0000] {logging_mixin.py:188} INFO - bbc
[2024-11-11T15:45:55.787+0000] {logging_mixin.py:188} INFO - Israeli strikes on north Lebanon and Gaza kill dozens, officials and rescuers say
[2024-11-11T15:45:55.788+0000] {logging_mixin.py:188} INFO - bbc
[2024-11-11T15:45:55.788+0000] {logging_mixin.py:188} INFO - Qatar suspends role as mediator between Israel and Hamas
[2024-11-11T15:45:55.789+0000] {logging_mixin.py:188} INFO - bbc
[2024-11-11T15:45:55.789+0000] {logging_mixin.py:188} INFO - Nearly 70% of Gaza war dead are women and children, UN says
[2024-11-11T15:45:55.790+0000] {logging_mixin.py:188} INFO - bbc
[2024-11-11T15:45:55.790+0000] {logging_mixin.py:188} INFO - Gaza’s top Islamic scholar issues fatwa criticising 7 October attack
[2024-11-11T15:45:55.791+0000] {logging_mixin.py:188} INFO - bbc
[2024-11-11T15:45:55.791+0000] {logging_mixin.py:188} INFO - Russia denies Trump call with Putin urging restraint in Ukraine
[2024-11-11T15:45:55.793+0000] {logging_mixin.py:188} INFO - bbc
[2024-11-11T15:45:55.793+0000] {logging_mixin.py:188} INFO - Macron and Starmer vow 'unwavering' Ukraine support
[2024-11-11T15:45:55.794+0000] {logging_mixin.py:188} INFO - bbc
[2024-11-11T15:45:55.795+0000] {logging_mixin.py:188} INFO - Ukrainian refugee hosts needed in Torbay
[2024-11-11T15:45:55.796+0000] {logging_mixin.py:188} INFO - bbc
[2024-11-11T15:45:55.796+0000] {logging_mixin.py:188} INFO - Refugee homes branded eyesore by nearby residents
[2024-11-11T15:45:55.797+0000] {logging_mixin.py:188} INFO - bbc
[2024-11-11T15:45:55.797+0000] {logging_mixin.py:188} INFO - Mauritius prime minister accepts 'huge defeat' in election
[2024-11-11T15:45:55.798+0000] {logging_mixin.py:188} INFO - bbc
[2024-11-11T15:45:55.798+0000] {logging_mixin.py:188} INFO - Europe marks Armistice Day with two-minute silence
[2024-11-11T15:45:55.799+0000] {logging_mixin.py:188} INFO - bbc
[2024-11-11T15:45:55.799+0000] {logging_mixin.py:188} INFO - Ryanair boss defends remarks on teachers after backlash
[2024-11-11T15:45:55.800+0000] {logging_mixin.py:188} INFO - bbc
[2024-11-11T15:45:55.800+0000] {logging_mixin.py:188} INFO - Man arrested on suspicion of murdering missing woman
[2024-11-11T15:45:55.801+0000] {logging_mixin.py:188} INFO - bbc
[2024-11-11T15:45:55.801+0000] {logging_mixin.py:188} INFO - Five must-try Turkish dishes with food guru Refika Birgül
[2024-11-11T15:45:55.803+0000] {logging_mixin.py:188} INFO - bbc
[2024-11-11T15:45:55.803+0000] {logging_mixin.py:188} INFO - Ruud stuns out-of-sorts Alcaraz at ATP Finals
[2024-11-11T15:45:55.804+0000] {logging_mixin.py:188} INFO - bbc
[2024-11-11T15:45:55.804+0000] {logging_mixin.py:188} INFO - Premier League referee Coote suspended over alleged video
[2024-11-11T15:45:55.805+0000] {logging_mixin.py:188} INFO - bbc
[2024-11-11T15:45:55.805+0000] {logging_mixin.py:188} INFO - Jackett steps down as Gillingham director of football
[2024-11-11T15:45:55.807+0000] {logging_mixin.py:188} INFO - bbc
[2024-11-11T15:45:55.807+0000] {logging_mixin.py:188} INFO - Glasgow forward trio drop out of Scotland squad
[2024-11-11T15:45:55.808+0000] {logging_mixin.py:188} INFO - bbc
[2024-11-11T15:45:55.808+0000] {logging_mixin.py:188} INFO - India's luxury airline Vistara flies into the sunset 
[2024-11-11T15:45:55.809+0000] {logging_mixin.py:188} INFO - bbc
[2024-11-11T15:45:55.810+0000] {logging_mixin.py:188} INFO - Bitcoin tops record $80,000 as Trump nears sweep of US Congress
[2024-11-11T15:45:55.812+0000] {logging_mixin.py:188} INFO - bbc
[2024-11-11T15:45:55.812+0000] {logging_mixin.py:188} INFO - Will new battery-powered trains replace diesel, and are they safe?
[2024-11-11T15:45:55.813+0000] {logging_mixin.py:188} INFO - bbc
[2024-11-11T15:45:55.813+0000] {logging_mixin.py:188} INFO - Why luxury cheese is being targeted by black market criminals
[2024-11-11T15:45:55.814+0000] {logging_mixin.py:188} INFO - bbc
[2024-11-11T15:45:55.815+0000] {logging_mixin.py:188} INFO - 'I was moderating hundreds of horrific and traumatising videos'
[2024-11-11T15:45:55.815+0000] {logging_mixin.py:188} INFO - bbc
[2024-11-11T15:45:55.816+0000] {logging_mixin.py:188} INFO - 'We're remembering the soldiers - my heroes'
[2024-11-11T15:45:55.816+0000] {logging_mixin.py:188} INFO - bbc
[2024-11-11T15:45:55.817+0000] {logging_mixin.py:188} INFO - 'A disabled South Park character from 24 years ago is getting me harassed today'
[2024-11-11T15:45:55.817+0000] {logging_mixin.py:188} INFO - bbc
[2024-11-11T15:45:55.818+0000] {logging_mixin.py:188} INFO - Can a two-letter word really change your life?
[2024-11-11T15:45:55.819+0000] {logging_mixin.py:188} INFO - bbc
[2024-11-11T15:45:55.819+0000] {logging_mixin.py:188} INFO - Somebody moved UK's oldest satellite, and no-one knows who or why
[2024-11-11T15:45:55.820+0000] {logging_mixin.py:188} INFO - bbc
[2024-11-11T15:45:55.821+0000] {logging_mixin.py:188} INFO - 'I felt broken until my autism diagnosis at 70'
[2024-11-11T15:45:55.821+0000] {logging_mixin.py:188} INFO - bbc
[2024-11-11T15:45:55.821+0000] {logging_mixin.py:188} INFO - DNA firm holding highly sensitive data 'vanishes' without warning
[2024-11-11T15:45:55.822+0000] {logging_mixin.py:188} INFO - bbc
[2024-11-11T15:45:55.822+0000] {logging_mixin.py:188} INFO - 'Sometimes people don't see me as the surgeon'
[2024-11-11T15:45:55.823+0000] {logging_mixin.py:188} INFO - bbc
[2024-11-11T15:45:55.823+0000] {logging_mixin.py:188} INFO - MTV EMAs: Eight bits of gossip we uncovered on the night
[2024-11-11T15:45:55.824+0000] {logging_mixin.py:188} INFO - bbc
[2024-11-11T15:45:55.825+0000] {logging_mixin.py:188} INFO - Rita Ora is tearful in tribute to Liam Payne at MTV Awards
[2024-11-11T15:45:55.825+0000] {logging_mixin.py:188} INFO - bbc
[2024-11-11T15:45:55.826+0000] {logging_mixin.py:188} INFO - Stars hit MTV Awards red carpet in Manchester
[2024-11-11T15:45:55.828+0000] {logging_mixin.py:188} INFO - bbc
[2024-11-11T15:45:55.828+0000] {logging_mixin.py:188} INFO - Mattel 'deeply regrets' porn site misprint on Wicked dolls
[2024-11-11T15:45:55.829+0000] {logging_mixin.py:188} INFO - bbc
[2024-11-11T15:45:55.829+0000] {logging_mixin.py:188} INFO - The climate warnings in 19th-Century paintings
[2024-11-11T15:45:55.831+0000] {logging_mixin.py:188} INFO - bbc
[2024-11-11T15:45:55.831+0000] {logging_mixin.py:188} INFO - AI artwork of Alan Turing sells for $1m
[2024-11-11T15:45:55.832+0000] {logging_mixin.py:188} INFO - bbc
[2024-11-11T15:45:55.832+0000] {logging_mixin.py:188} INFO - The rebel painter who ushered in a new era of Indian art
[2024-11-11T15:45:55.833+0000] {logging_mixin.py:188} INFO - bbc
[2024-11-11T15:45:55.833+0000] {logging_mixin.py:188} INFO - A look inside Michelangelo's 'secret room'
[2024-11-11T15:45:55.834+0000] {logging_mixin.py:188} INFO - bbc
[2024-11-11T15:45:55.835+0000] {logging_mixin.py:188} INFO - Five of Seville's best flamenco spots
[2024-11-11T15:45:55.836+0000] {logging_mixin.py:188} INFO - bbc
[2024-11-11T15:45:55.837+0000] {logging_mixin.py:188} INFO - An alternative way to see a hidden side of Venice
[2024-11-11T15:45:55.838+0000] {logging_mixin.py:188} INFO - bbc
[2024-11-11T15:45:55.838+0000] {logging_mixin.py:188} INFO - A drive into 'the most beautiful place on Earth'
[2024-11-11T15:45:55.840+0000] {logging_mixin.py:188} INFO - bbc
[2024-11-11T15:45:55.841+0000] {logging_mixin.py:188} INFO - A journey 400,000 years back in human history
[2024-11-11T15:45:55.843+0000] {logging_mixin.py:188} INFO - bbc
[2024-11-11T15:45:55.843+0000] {logging_mixin.py:188} INFO - 'Dying of thirst' as climate-driven floods mix with oil
[2024-11-11T15:45:55.844+0000] {logging_mixin.py:188} INFO - bbc
[2024-11-11T15:45:55.844+0000] {logging_mixin.py:188} INFO - Will rich countries pay for climate change?
[2024-11-11T15:45:55.845+0000] {logging_mixin.py:188} INFO - bbc
[2024-11-11T15:45:55.845+0000] {logging_mixin.py:188} INFO - The green activists who defied a dictatorship
[2024-11-11T15:45:56.051+0000] {logging_mixin.py:188} INFO - bbc
[2024-11-11T15:45:56.052+0000] {logging_mixin.py:188} INFO - Stargazing photographer shares sense of wonder
[2024-11-11T15:45:56.053+0000] {logging_mixin.py:188} INFO - aljazeera
[2024-11-11T15:45:56.054+0000] {logging_mixin.py:188} INFO - Israel orders displacements in southern Lebanon, pounds central Gaza
[2024-11-11T15:45:56.055+0000] {logging_mixin.py:188} INFO - aljazeera
[2024-11-11T15:45:56.055+0000] {logging_mixin.py:188} INFO - Live updates, 
[2024-11-11T15:45:56.056+0000] {logging_mixin.py:188} INFO - aljazeera
[2024-11-11T15:45:56.056+0000] {logging_mixin.py:188} INFO - Israel orders displacements in southern Lebanon, pounds central Gaza
[2024-11-11T15:45:56.058+0000] {logging_mixin.py:188} INFO - aljazeera
[2024-11-11T15:45:56.058+0000] {logging_mixin.py:188} INFO - Saudi Arabia’s MBS demands immediate end to Israel’s war in Gaza, Lebanon
[2024-11-11T15:45:56.060+0000] {logging_mixin.py:188} INFO - aljazeera
[2024-11-11T15:45:56.061+0000] {logging_mixin.py:188} INFO - Saudi Arabia’s MBS demands immediate end to Israel’s war in Gaza, Lebanon
[2024-11-11T15:45:56.063+0000] {logging_mixin.py:188} INFO - aljazeera
[2024-11-11T15:45:56.063+0000] {logging_mixin.py:188} INFO - Zelenskyy says Ukraine up against 50,000-strong force in Russia’s Kursk
[2024-11-11T15:45:56.064+0000] {logging_mixin.py:188} INFO - aljazeera
[2024-11-11T15:45:56.065+0000] {logging_mixin.py:188} INFO - COP29 Azerbaijan: What’s at stake at the 2024 global climate summit?
[2024-11-11T15:45:56.066+0000] {logging_mixin.py:188} INFO - aljazeera
[2024-11-11T15:45:56.066+0000] {logging_mixin.py:188} INFO - Kremlin says reports that Trump spoke to Putin are ‘pure fiction’
[2024-11-11T15:45:56.067+0000] {logging_mixin.py:188} INFO - aljazeera
[2024-11-11T15:45:56.067+0000] {logging_mixin.py:188} INFO - Trump picks Elise Stefanik as UN ambassador, Tom Homan as ‘border czar’
[2024-11-11T15:45:56.068+0000] {logging_mixin.py:188} INFO - aljazeera
[2024-11-11T15:45:56.068+0000] {logging_mixin.py:188} INFO - Israel sees ‘progress’ in ceasefire talks with Lebanon, but no deal yet
[2024-11-11T15:45:56.069+0000] {logging_mixin.py:188} INFO - aljazeera
[2024-11-11T15:45:56.069+0000] {logging_mixin.py:188} INFO - Mauritius PM Pravind Jugnauth concedes defeat in parliamentary election
[2024-11-11T15:45:56.070+0000] {logging_mixin.py:188} INFO - aljazeera
[2024-11-11T15:45:56.070+0000] {logging_mixin.py:188} INFO - Europe braces for a ‘swift and brutal transition’ to the world of Trump
[2024-11-11T15:45:56.071+0000] {logging_mixin.py:188} INFO - aljazeera
[2024-11-11T15:45:56.071+0000] {logging_mixin.py:188} INFO - ‘Voice of truth, justice and healing’: Canada remembers Murray Sinclair
[2024-11-11T15:45:56.072+0000] {logging_mixin.py:188} INFO - aljazeera
[2024-11-11T15:45:56.073+0000] {logging_mixin.py:188} INFO - US election results map 2024: How does it compare to 2020?
[2024-11-11T15:45:56.074+0000] {logging_mixin.py:188} INFO - aljazeera
[2024-11-11T15:45:56.075+0000] {logging_mixin.py:188} INFO - COP29 opens in Azerbaijan for talks centred on climate funding
[2024-11-11T15:45:56.076+0000] {logging_mixin.py:188} INFO - aljazeera
[2024-11-11T15:45:56.076+0000] {logging_mixin.py:188} INFO - Trump, Scholz discuss ‘return to peace in Europe’
[2024-11-11T15:45:56.077+0000] {logging_mixin.py:188} INFO - aljazeera
[2024-11-11T15:45:56.077+0000] {logging_mixin.py:188} INFO - Russia-Ukraine war: List of key events, day 990
[2024-11-11T15:45:56.078+0000] {logging_mixin.py:188} INFO - aljazeera
[2024-11-11T15:45:56.078+0000] {logging_mixin.py:188} INFO - Saudi Crown Prince urges Israel to end wars on Gaza, Lebanon
[2024-11-11T15:45:56.079+0000] {logging_mixin.py:188} INFO - aljazeera
[2024-11-11T15:45:56.079+0000] {logging_mixin.py:188} INFO - Israeli attack in Gaza siege zone kills 36 members of same family
[2024-11-11T15:45:56.080+0000] {logging_mixin.py:188} INFO - aljazeera
[2024-11-11T15:45:56.081+0000] {logging_mixin.py:188} INFO - Video: Palestinian woman creates clothes from blankets in Gaza
[2024-11-11T15:45:56.082+0000] {logging_mixin.py:188} INFO - aljazeera
[2024-11-11T15:45:56.082+0000] {logging_mixin.py:188} INFO - Dutch police arrest pro-Palestinian protesters in Amsterdam
[2024-11-11T15:45:56.083+0000] {logging_mixin.py:188} INFO - aljazeera
[2024-11-11T15:45:56.084+0000] {logging_mixin.py:188} INFO - Jamie Oliver pulls children’s book after outcry from Indigenous Australians
[2024-11-11T15:45:56.085+0000] {logging_mixin.py:188} INFO - aljazeera
[2024-11-11T15:45:56.086+0000] {logging_mixin.py:188} INFO - British celebrity chef says he is ‘devastated’ his fantasy book caused offence.
[2024-11-11T15:45:56.087+0000] {logging_mixin.py:188} INFO - aljazeera
[2024-11-11T15:45:56.087+0000] {logging_mixin.py:188} INFO - Jamie Oliver pulls children’s book after outcry from Indigenous Australians
[2024-11-11T15:45:56.088+0000] {logging_mixin.py:188} INFO - aljazeera
[2024-11-11T15:45:56.088+0000] {logging_mixin.py:188} INFO - British celebrity chef says he is ‘devastated’ his fantasy book caused offence.
[2024-11-11T15:45:56.089+0000] {logging_mixin.py:188} INFO - aljazeera
[2024-11-11T15:45:56.089+0000] {logging_mixin.py:188} INFO - Israel orders displacements in southern Lebanon, pounds central Gaza
[2024-11-11T15:45:56.090+0000] {logging_mixin.py:188} INFO - aljazeera
[2024-11-11T15:45:56.090+0000] {logging_mixin.py:188} INFO - Saudi Arabia’s MBS demands immediate end to Israel’s war in Gaza, Lebanon
[2024-11-11T15:45:56.091+0000] {logging_mixin.py:188} INFO - aljazeera
[2024-11-11T15:45:56.091+0000] {logging_mixin.py:188} INFO - US election results map 2024: How does it compare to 2020?
[2024-11-11T15:45:56.093+0000] {logging_mixin.py:188} INFO - aljazeera
[2024-11-11T15:45:56.093+0000] {logging_mixin.py:188} INFO - Trump picks Elise Stefanik as UN ambassador, Tom Homan as ‘border czar’
[2024-11-11T15:45:56.094+0000] {logging_mixin.py:188} INFO - aljazeera
[2024-11-11T15:45:56.094+0000] {logging_mixin.py:188} INFO - With US House election gains, Republicans close in on unified power
[2024-11-11T15:45:56.095+0000] {logging_mixin.py:188} INFO - aljazeera
[2024-11-11T15:45:56.095+0000] {logging_mixin.py:188} INFO - Mauritius PM Pravind Jugnauth concedes defeat in parliamentary election
[2024-11-11T15:45:56.096+0000] {logging_mixin.py:188} INFO - aljazeera
[2024-11-11T15:45:56.096+0000] {logging_mixin.py:188} INFO - Fact Check: Did 20 million Democratic votes ‘disappear’ in the US election?
[2024-11-11T15:45:56.097+0000] {logging_mixin.py:188} INFO - aljazeera
[2024-11-11T15:45:56.097+0000] {logging_mixin.py:188} INFO - No, Trump will not be worse than Biden for Palestine and the Middle East
[2024-11-11T15:45:56.098+0000] {logging_mixin.py:188} INFO - aljazeera
[2024-11-11T15:45:56.098+0000] {logging_mixin.py:188} INFO - Europe braces for a ‘swift and brutal transition’ to the world of Trump
[2024-11-11T15:45:56.099+0000] {logging_mixin.py:188} INFO - aljazeera
[2024-11-11T15:45:56.099+0000] {logging_mixin.py:188} INFO - Zelenskyy says Ukraine up against 50,000-strong force in Russia’s Kursk
[2024-11-11T15:45:57.418+0000] {python.py:237} INFO - Done. Returned value was: None
[2024-11-11T15:45:57.418+0000] {taskinstance.py:441} INFO - ::group::Post task execution logs
[2024-11-11T15:45:57.425+0000] {taskinstance.py:1206} INFO - Marking task as SUCCESS. dag_id=news_dag, task_id=transform_and_load_op, run_id=manual__2024-11-11T15:45:43.165454+00:00, execution_date=20241111T154543, start_date=20241111T154554, end_date=20241111T154557
[2024-11-11T15:45:57.450+0000] {local_task_job_runner.py:243} INFO - Task exited with return code 0
[2024-11-11T15:45:57.475+0000] {taskinstance.py:3503} INFO - 1 downstream tasks scheduled from follow-on schedule check
[2024-11-11T15:45:57.477+0000] {local_task_job_runner.py:222} INFO - ::endgroup::
