[2024-11-10T16:37:23.250+0000] {local_task_job_runner.py:120} INFO - ::group::Pre task execution logs
[2024-11-10T16:37:23.262+0000] {taskinstance.py:2076} INFO - Dependencies all met for dep_context=non-requeueable deps ti=<TaskInstance: molecule_load_dag.extract_and_load_op manual__2024-11-10T16:37:22.723995+00:00 [queued]>
[2024-11-10T16:37:23.268+0000] {taskinstance.py:2076} INFO - Dependencies all met for dep_context=requeueable deps ti=<TaskInstance: molecule_load_dag.extract_and_load_op manual__2024-11-10T16:37:22.723995+00:00 [queued]>
[2024-11-10T16:37:23.269+0000] {taskinstance.py:2306} INFO - Starting attempt 1 of 1
[2024-11-10T16:37:23.280+0000] {taskinstance.py:2330} INFO - Executing <Task(PythonOperator): extract_and_load_op> on 2024-11-10 16:37:22.723995+00:00
[2024-11-10T16:37:23.287+0000] {standard_task_runner.py:90} INFO - Running: ['***', 'tasks', 'run', 'molecule_load_dag', 'extract_and_load_op', 'manual__2024-11-10T16:37:22.723995+00:00', '--job-id', '74', '--raw', '--subdir', 'DAGS_FOLDER/etl_dag.py', '--cfg-path', '/tmp/tmpjt3oo5x9']
[2024-11-10T16:37:23.291+0000] {standard_task_runner.py:91} INFO - Job 74: Subtask extract_and_load_op
[2024-11-10T16:37:23.290+0000] {logging_mixin.py:188} WARNING - /home/***/.local/lib/python3.12/site-packages/***/task/task_runner/standard_task_runner.py:62 DeprecationWarning: This process (pid=2571) is multi-threaded, use of fork() may lead to deadlocks in the child.
[2024-11-10T16:37:23.292+0000] {standard_task_runner.py:64} INFO - Started process 2572 to run task
[2024-11-10T16:37:23.320+0000] {task_command.py:426} INFO - Running <TaskInstance: molecule_load_dag.extract_and_load_op manual__2024-11-10T16:37:22.723995+00:00 [running]> on host de3c10e6563d
[2024-11-10T16:37:23.375+0000] {taskinstance.py:2648} INFO - Exporting env vars: AIRFLOW_CTX_DAG_OWNER='***' AIRFLOW_CTX_DAG_ID='molecule_load_dag' AIRFLOW_CTX_TASK_ID='extract_and_load_op' AIRFLOW_CTX_EXECUTION_DATE='2024-11-10T16:37:22.723995+00:00' AIRFLOW_CTX_TRY_NUMBER='1' AIRFLOW_CTX_DAG_RUN_ID='manual__2024-11-10T16:37:22.723995+00:00'
[2024-11-10T16:37:23.376+0000] {taskinstance.py:430} INFO - ::endgroup::
[2024-11-10T16:37:23.401+0000] {base.py:84} INFO - Using connection ID 'aws_connection' for task execution.
[2024-11-10T16:37:23.401+0000] {logging_mixin.py:188} INFO - us-east-2
AKIAS2VS4PHYE3LHQNFT
***
[2024-11-10T16:37:23.476+0000] {logging_mixin.py:188} INFO - issue here
[2024-11-10T16:37:26.124+0000] {python.py:237} INFO - Done. Returned value was: None
[2024-11-10T16:37:26.124+0000] {taskinstance.py:441} INFO - ::group::Post task execution logs
[2024-11-10T16:37:26.130+0000] {taskinstance.py:1206} INFO - Marking task as SUCCESS. dag_id=molecule_load_dag, task_id=extract_and_load_op, run_id=manual__2024-11-10T16:37:22.723995+00:00, execution_date=20241110T163722, start_date=20241110T163723, end_date=20241110T163726
[2024-11-10T16:37:26.175+0000] {local_task_job_runner.py:243} INFO - Task exited with return code 0
[2024-11-10T16:37:26.191+0000] {taskinstance.py:3503} INFO - 1 downstream tasks scheduled from follow-on schedule check
[2024-11-10T16:37:26.192+0000] {local_task_job_runner.py:222} INFO - ::endgroup::
