[2024-11-02T10:10:17.627+0000] {local_task_job_runner.py:120} INFO - ::group::Pre task execution logs
[2024-11-02T10:10:17.638+0000] {taskinstance.py:2076} INFO - Dependencies all met for dep_context=non-requeueable deps ti=<TaskInstance: molecule_load_dag.load_op manual__2024-11-02T10:10:10.651418+00:00 [queued]>
[2024-11-02T10:10:17.643+0000] {taskinstance.py:2076} INFO - Dependencies all met for dep_context=requeueable deps ti=<TaskInstance: molecule_load_dag.load_op manual__2024-11-02T10:10:10.651418+00:00 [queued]>
[2024-11-02T10:10:17.644+0000] {taskinstance.py:2306} INFO - Starting attempt 1 of 1
[2024-11-02T10:10:17.651+0000] {taskinstance.py:2330} INFO - Executing <Task(PythonOperator): load_op> on 2024-11-02 10:10:10.651418+00:00
[2024-11-02T10:10:17.658+0000] {logging_mixin.py:188} WARNING - /home/***/.local/lib/python3.12/site-packages/***/task/task_runner/standard_task_runner.py:62 DeprecationWarning: This process (pid=2921) is multi-threaded, use of fork() may lead to deadlocks in the child.
[2024-11-02T10:10:17.659+0000] {standard_task_runner.py:64} INFO - Started process 2922 to run task
[2024-11-02T10:10:17.658+0000] {standard_task_runner.py:90} INFO - Running: ['***', 'tasks', 'run', 'molecule_load_dag', 'load_op', 'manual__2024-11-02T10:10:10.651418+00:00', '--job-id', '42', '--raw', '--subdir', 'DAGS_FOLDER/etl_dag.py', '--cfg-path', '/tmp/tmp0umwesmz']
[2024-11-02T10:10:17.660+0000] {standard_task_runner.py:91} INFO - Job 42: Subtask load_op
[2024-11-02T10:10:17.687+0000] {task_command.py:426} INFO - Running <TaskInstance: molecule_load_dag.load_op manual__2024-11-02T10:10:10.651418+00:00 [running]> on host 11ad264474a7
[2024-11-02T10:10:17.739+0000] {taskinstance.py:2648} INFO - Exporting env vars: AIRFLOW_CTX_DAG_OWNER='***' AIRFLOW_CTX_DAG_ID='molecule_load_dag' AIRFLOW_CTX_TASK_ID='load_op' AIRFLOW_CTX_EXECUTION_DATE='2024-11-02T10:10:10.651418+00:00' AIRFLOW_CTX_TRY_NUMBER='1' AIRFLOW_CTX_DAG_RUN_ID='manual__2024-11-02T10:10:10.651418+00:00'
[2024-11-02T10:10:17.740+0000] {taskinstance.py:430} INFO - ::endgroup::
[2024-11-02T10:10:17.754+0000] {base.py:84} INFO - Using connection ID 'aws_connection' for task execution.
[2024-11-02T10:10:19.208+0000] {connection.py:274} WARNING - Connection schemes (type: google_cloud_platform) shall not contain '_' according to RFC3986.
[2024-11-02T10:10:19.210+0000] {base.py:84} INFO - Using connection ID 'gc_connection' for task execution.
[2024-11-02T10:10:19.276+0000] {taskinstance.py:441} INFO - ::group::Post task execution logs
[2024-11-02T10:10:19.276+0000] {taskinstance.py:2905} ERROR - Task failed with exception
Traceback (most recent call last):
  File "/home/airflow/.local/lib/python3.12/site-packages/airflow/models/taskinstance.py", line 465, in _execute_task
    result = _execute_callable(context=context, **execute_callable_kwargs)
             ^^^^^^^^^^^^^^^^^^^^^^^^^^^^^^^^^^^^^^^^^^^^^^^^^^^^^^^^^^^^^
  File "/home/airflow/.local/lib/python3.12/site-packages/airflow/models/taskinstance.py", line 432, in _execute_callable
    return execute_callable(context=context, **execute_callable_kwargs)
           ^^^^^^^^^^^^^^^^^^^^^^^^^^^^^^^^^^^^^^^^^^^^^^^^^^^^^^^^^^^^
  File "/home/airflow/.local/lib/python3.12/site-packages/airflow/models/baseoperator.py", line 401, in wrapper
    return func(self, *args, **kwargs)
           ^^^^^^^^^^^^^^^^^^^^^^^^^^^
  File "/home/airflow/.local/lib/python3.12/site-packages/airflow/operators/python.py", line 235, in execute
    return_value = self.execute_callable()
                   ^^^^^^^^^^^^^^^^^^^^^^^
  File "/home/airflow/.local/lib/python3.12/site-packages/airflow/operators/python.py", line 252, in execute_callable
    return self.python_callable(*self.op_args, **self.op_kwargs)
           ^^^^^^^^^^^^^^^^^^^^^^^^^^^^^^^^^^^^^^^^^^^^^^^^^^^^^
  File "/opt/airflow/plugins/utils/load.py", line 57, in load
    errors = bigquery_client.insert_rows_json(f"{project_id}.{dataset_id}.{table_id}", [row_data])
             ^^^^^^^^^^^^^^^^^^^^^^^^^^^^^^^^^^^^^^^^^^^^^^^^^^^^^^^^^^^^^^^^^^^^^^^^^^^^^^^^^^^^^
  File "/home/airflow/.local/lib/python3.12/site-packages/google/cloud/bigquery/client.py", line 3874, in insert_rows_json
    response = self._call_api(
               ^^^^^^^^^^^^^^^
  File "/home/airflow/.local/lib/python3.12/site-packages/google/cloud/bigquery/client.py", line 831, in _call_api
    return call()
           ^^^^^^
  File "/home/airflow/.local/lib/python3.12/site-packages/google/api_core/retry/retry_unary.py", line 293, in retry_wrapped_func
    return retry_target(
           ^^^^^^^^^^^^^
  File "/home/airflow/.local/lib/python3.12/site-packages/google/api_core/retry/retry_unary.py", line 153, in retry_target
    _retry_error_helper(
  File "/home/airflow/.local/lib/python3.12/site-packages/google/api_core/retry/retry_base.py", line 212, in _retry_error_helper
    raise final_exc from source_exc
  File "/home/airflow/.local/lib/python3.12/site-packages/google/api_core/retry/retry_unary.py", line 144, in retry_target
    result = target()
             ^^^^^^^^
  File "/home/airflow/.local/lib/python3.12/site-packages/google/cloud/_http/__init__.py", line 479, in api_request
    data = json.dumps(data)
           ^^^^^^^^^^^^^^^^
  File "/usr/local/lib/python3.12/json/__init__.py", line 231, in dumps
    return _default_encoder.encode(obj)
           ^^^^^^^^^^^^^^^^^^^^^^^^^^^^
  File "/usr/local/lib/python3.12/json/encoder.py", line 200, in encode
    chunks = self.iterencode(o, _one_shot=True)
             ^^^^^^^^^^^^^^^^^^^^^^^^^^^^^^^^^^
  File "/usr/local/lib/python3.12/json/encoder.py", line 258, in iterencode
    return _iterencode(o, 0)
           ^^^^^^^^^^^^^^^^^
  File "/usr/local/lib/python3.12/json/encoder.py", line 180, in default
    raise TypeError(f'Object of type {o.__class__.__name__} '
TypeError: Object of type date is not JSON serializable
[2024-11-02T10:10:19.285+0000] {taskinstance.py:1206} INFO - Marking task as FAILED. dag_id=molecule_load_dag, task_id=load_op, run_id=manual__2024-11-02T10:10:10.651418+00:00, execution_date=20241102T101010, start_date=20241102T101017, end_date=20241102T101019
[2024-11-02T10:10:19.293+0000] {standard_task_runner.py:110} ERROR - Failed to execute job 42 for task load_op (Object of type date is not JSON serializable; 2922)
[2024-11-02T10:10:19.342+0000] {local_task_job_runner.py:243} INFO - Task exited with return code 1
[2024-11-02T10:10:19.356+0000] {taskinstance.py:3503} INFO - 0 downstream tasks scheduled from follow-on schedule check
[2024-11-02T10:10:19.359+0000] {local_task_job_runner.py:222} INFO - ::endgroup::
