[2024-11-11T15:34:53.433+0000] {local_task_job_runner.py:120} INFO - ::group::Pre task execution logs
[2024-11-11T15:34:53.445+0000] {taskinstance.py:2076} INFO - Dependencies all met for dep_context=non-requeueable deps ti=<TaskInstance: molecule_load_dag.extract_and_load_op manual__2024-11-11T15:34:52.895190+00:00 [queued]>
[2024-11-11T15:34:53.451+0000] {taskinstance.py:2076} INFO - Dependencies all met for dep_context=requeueable deps ti=<TaskInstance: molecule_load_dag.extract_and_load_op manual__2024-11-11T15:34:52.895190+00:00 [queued]>
[2024-11-11T15:34:53.452+0000] {taskinstance.py:2306} INFO - Starting attempt 1 of 1
[2024-11-11T15:34:53.461+0000] {taskinstance.py:2330} INFO - Executing <Task(PythonOperator): extract_and_load_op> on 2024-11-11 15:34:52.895190+00:00
[2024-11-11T15:34:53.474+0000] {logging_mixin.py:188} WARNING - /home/***/.local/lib/python3.12/site-packages/***/task/task_runner/standard_task_runner.py:62 DeprecationWarning: This process (pid=2083) is multi-threaded, use of fork() may lead to deadlocks in the child.
[2024-11-11T15:34:53.471+0000] {standard_task_runner.py:90} INFO - Running: ['***', 'tasks', 'run', 'molecule_load_dag', 'extract_and_load_op', 'manual__2024-11-11T15:34:52.895190+00:00', '--job-id', '107', '--raw', '--subdir', 'DAGS_FOLDER/etl_dag.py', '--cfg-path', '/tmp/tmp05swen_j']
[2024-11-11T15:34:53.476+0000] {standard_task_runner.py:91} INFO - Job 107: Subtask extract_and_load_op
[2024-11-11T15:34:53.475+0000] {standard_task_runner.py:64} INFO - Started process 2084 to run task
[2024-11-11T15:34:53.519+0000] {task_command.py:426} INFO - Running <TaskInstance: molecule_load_dag.extract_and_load_op manual__2024-11-11T15:34:52.895190+00:00 [running]> on host 33ac3a22d0b5
[2024-11-11T15:34:53.588+0000] {taskinstance.py:2648} INFO - Exporting env vars: AIRFLOW_CTX_DAG_OWNER='***' AIRFLOW_CTX_DAG_ID='molecule_load_dag' AIRFLOW_CTX_TASK_ID='extract_and_load_op' AIRFLOW_CTX_EXECUTION_DATE='2024-11-11T15:34:52.895190+00:00' AIRFLOW_CTX_TRY_NUMBER='1' AIRFLOW_CTX_DAG_RUN_ID='manual__2024-11-11T15:34:52.895190+00:00'
[2024-11-11T15:34:53.589+0000] {taskinstance.py:430} INFO - ::endgroup::
[2024-11-11T15:34:56.744+0000] {taskinstance.py:441} INFO - ::group::Post task execution logs
[2024-11-11T15:34:56.746+0000] {taskinstance.py:2905} ERROR - Task failed with exception
Traceback (most recent call last):
  File "/home/airflow/.local/lib/python3.12/site-packages/airflow/models/taskinstance.py", line 465, in _execute_task
    result = _execute_callable(context=context, **execute_callable_kwargs)
             ^^^^^^^^^^^^^^^^^^^^^^^^^^^^^^^^^^^^^^^^^^^^^^^^^^^^^^^^^^^^^
  File "/home/airflow/.local/lib/python3.12/site-packages/airflow/models/taskinstance.py", line 432, in _execute_callable
    return execute_callable(context=context, **execute_callable_kwargs)
           ^^^^^^^^^^^^^^^^^^^^^^^^^^^^^^^^^^^^^^^^^^^^^^^^^^^^^^^^^^^^
  File "/home/airflow/.local/lib/python3.12/site-packages/airflow/models/baseoperator.py", line 401, in wrapper
    return func(self, *args, **kwargs)
           ^^^^^^^^^^^^^^^^^^^^^^^^^^^
  File "/home/airflow/.local/lib/python3.12/site-packages/airflow/operators/python.py", line 235, in execute
    return_value = self.execute_callable()
                   ^^^^^^^^^^^^^^^^^^^^^^^
  File "/home/airflow/.local/lib/python3.12/site-packages/airflow/operators/python.py", line 252, in execute_callable
    return self.python_callable(*self.op_args, **self.op_kwargs)
           ^^^^^^^^^^^^^^^^^^^^^^^^^^^^^^^^^^^^^^^^^^^^^^^^^^^^^
  File "/opt/airflow/plugins/utils/extract_and_load.py", line 16, in extract
    guardian_list = getGuardianNews("https://www.theguardian.com")
                    ^^^^^^^^^^^^^^^^^^^^^^^^^^^^^^^^^^^^^^^^^^^^^^
  File "/opt/airflow/plugins/data_utils/data_ingestor.py", line 34, in getGuardianNews
    soup = BeautifulSoup(html_content, 'html.parser')
                 ^^^^^^^^^^^^^^^^
NameError: name 'GoogleTranslator' is not defined
[2024-11-11T15:34:56.768+0000] {taskinstance.py:1206} INFO - Marking task as FAILED. dag_id=molecule_load_dag, task_id=extract_and_load_op, run_id=manual__2024-11-11T15:34:52.895190+00:00, execution_date=20241111T153452, start_date=20241111T153453, end_date=20241111T153456
[2024-11-11T15:34:56.779+0000] {standard_task_runner.py:110} ERROR - Failed to execute job 107 for task extract_and_load_op (name 'GoogleTranslator' is not defined; 2084)
[2024-11-11T15:34:56.791+0000] {local_task_job_runner.py:243} INFO - Task exited with return code 1
[2024-11-11T15:34:56.810+0000] {taskinstance.py:3503} INFO - 0 downstream tasks scheduled from follow-on schedule check
[2024-11-11T15:34:56.813+0000] {local_task_job_runner.py:222} INFO - ::endgroup::
