[2024-12-03T09:30:52.530+0000] {local_task_job_runner.py:120} INFO - ::group::Pre task execution logs
[2024-12-03T09:30:52.544+0000] {taskinstance.py:2076} INFO - Dependencies all met for dep_context=non-requeueable deps ti=<TaskInstance: news_dag.extract_and_load_op manual__2024-12-03T09:30:49.079882+00:00 [queued]>
[2024-12-03T09:30:52.550+0000] {taskinstance.py:2076} INFO - Dependencies all met for dep_context=requeueable deps ti=<TaskInstance: news_dag.extract_and_load_op manual__2024-12-03T09:30:49.079882+00:00 [queued]>
[2024-12-03T09:30:52.551+0000] {taskinstance.py:2306} INFO - Starting attempt 1 of 1
[2024-12-03T09:30:52.561+0000] {taskinstance.py:2330} INFO - Executing <Task(PythonOperator): extract_and_load_op> on 2024-12-03 09:30:49.079882+00:00
[2024-12-03T09:30:52.571+0000] {logging_mixin.py:188} WARNING - /home/***/.local/lib/python3.12/site-packages/***/task/task_runner/standard_task_runner.py:62 DeprecationWarning: This process (pid=628) is multi-threaded, use of fork() may lead to deadlocks in the child.
[2024-12-03T09:30:52.569+0000] {standard_task_runner.py:90} INFO - Running: ['***', 'tasks', 'run', 'news_dag', 'extract_and_load_op', 'manual__2024-12-03T09:30:49.079882+00:00', '--job-id', '2', '--raw', '--subdir', 'DAGS_FOLDER/etl_dag.py', '--cfg-path', '/tmp/tmp3ghokg4l']
[2024-12-03T09:30:52.573+0000] {standard_task_runner.py:91} INFO - Job 2: Subtask extract_and_load_op
[2024-12-03T09:30:52.572+0000] {standard_task_runner.py:64} INFO - Started process 637 to run task
[2024-12-03T09:30:52.606+0000] {task_command.py:426} INFO - Running <TaskInstance: news_dag.extract_and_load_op manual__2024-12-03T09:30:49.079882+00:00 [running]> on host 6f562db0c9a5
[2024-12-03T09:30:52.664+0000] {taskinstance.py:2648} INFO - Exporting env vars: AIRFLOW_CTX_DAG_OWNER='***' AIRFLOW_CTX_DAG_ID='news_dag' AIRFLOW_CTX_TASK_ID='extract_and_load_op' AIRFLOW_CTX_EXECUTION_DATE='2024-12-03T09:30:49.079882+00:00' AIRFLOW_CTX_TRY_NUMBER='1' AIRFLOW_CTX_DAG_RUN_ID='manual__2024-12-03T09:30:49.079882+00:00'
[2024-12-03T09:30:52.665+0000] {taskinstance.py:430} INFO - ::endgroup::
[2024-12-03T09:30:54.299+0000] {ingest_aggregator.py:10} ERROR - Failed to scrape Guardian: 'bool' object is not iterable
[2024-12-03T09:30:58.304+0000] {logging_mixin.py:188} INFO - An error occurred: HTTPSConnectionPool(host='www.nytimes.com', port=443): Max retries exceeded with url: / (Caused by NameResolutionError("<urllib3.connection.HTTPSConnection object at 0xffff4f620230>: Failed to resolve 'www.nytimes.com' ([Errno -2] Name or service not known)"))
[2024-12-03T09:31:05.732+0000] {ingest_aggregator.py:22} ERROR - Failed to scrape BBC: '>=' not supported between instances of 'str' and 'int'
[2024-12-03T09:31:07.221+0000] {base.py:84} INFO - Using connection ID 'aws_connection' for task execution.
[2024-12-03T09:31:07.355+0000] {logging_mixin.py:188} INFO - {'guardian': [], 'nytimes': None, 'bbc': [], 'aljazeera': ['Food availability across Gaza ‘at an all-time low’, UN says', 'Food availability across Gaza ‘at an all-time low’, UN says', 'Who are Hayat Tahrir al-Sham and the Syrian groups that took Aleppo?', 'Who are Hayat Tahrir al-Sham and the Syrian groups that took Aleppo?', 'Israel kills 11 people in Lebanon; Hezbollah attacks Israeli site', 'Vietnam court upholds tycoon’s death sentence for $12bn bank fraud', '‘Major compromise’: How Ukraine’s Zelenskyy shifted goals to end Russia war', 'Musk’s $101bn Tesla pay package again rejected by US judge', 'A glimpse of future airpower on display at biennial China airshow', 'COVID-19 likely came from a lab, US committee finds', 'Biden in Angola: What’s behind the last-ditch Africa trip?', 'Joe Biden pardons son Hunter: What it means and why it matters', 'Who are Turkiye’s ‘Newborn Gang’ and why are they on trial?', 'Dubois to face Parker in world heavyweight clash in Riyadh on February 22', 'Russia-Ukraine war: List of key events, day 1,013', 'Hamas says 33 captives killed in Gaza as Palestinian factions hold talks', 'How powers involved in Syria are reacting to opposition offensive', 'Victims of Israel-Hezbollah war reburied in Lebanon', 'Senegal marks 80th anniversary of French massacre', 'Renewed fighting in Syria has displaced thousands', 'Russia races ahead of NATO in arms production for Ukraine war: Report', 'A new SIPRI study lays bare how NATO is unable to turn spending power into firepower in a crisis.', 'Russia races ahead of NATO in arms production for Ukraine war: Report', 'A new SIPRI study lays bare how NATO is unable to turn spending power into firepower in a crisis.', 'This gallery article has 7 images', 'This gallery article has 7 images', 'Food availability across Gaza ‘at an all-time low’, UN says', 'Trump says ‘hell to pay’ if captives in Gaza not released', 'Who are Hayat Tahrir al-Sham and the Syrian groups that took Aleppo?', '‘Major compromise’: How Ukraine’s Zelenskyy shifted goals to end Russia war', 'COVID-19 likely came from a lab, US committee finds', 'Russia-Ukraine war: List of key events, day 1,013', 'Mapping who controls what in Syria', 'Biden in Angola: What’s behind the last-ditch Africa trip?', 'Russia races ahead of NATO in arms production for Ukraine war: Report', 'Vietnam court upholds tycoon’s death sentence for $12bn bank fraud']}
[2024-12-03T09:31:07.360+0000] {logging_mixin.py:188} INFO -   guardian nytimes  bbc                                          aljazeera
0      NaN     NaN  NaN  Food availability across Gaza ‘at an all-time ...
1      NaN     NaN  NaN  Food availability across Gaza ‘at an all-time ...
2      NaN     NaN  NaN  Who are Hayat Tahrir al-Sham and the Syrian gr...
3      NaN     NaN  NaN  Who are Hayat Tahrir al-Sham and the Syrian gr...
4      NaN     NaN  NaN  Israel kills 11 people in Lebanon; Hezbollah a...
[2024-12-03T09:31:09.988+0000] {python.py:237} INFO - Done. Returned value was: None
[2024-12-03T09:31:09.989+0000] {taskinstance.py:441} INFO - ::group::Post task execution logs
[2024-12-03T09:31:09.994+0000] {taskinstance.py:1206} INFO - Marking task as SUCCESS. dag_id=news_dag, task_id=extract_and_load_op, run_id=manual__2024-12-03T09:30:49.079882+00:00, execution_date=20241203T093049, start_date=20241203T093052, end_date=20241203T093109
[2024-12-03T09:31:10.071+0000] {local_task_job_runner.py:243} INFO - Task exited with return code 0
[2024-12-03T09:31:10.100+0000] {taskinstance.py:3503} INFO - 1 downstream tasks scheduled from follow-on schedule check
[2024-12-03T09:31:10.102+0000] {local_task_job_runner.py:222} INFO - ::endgroup::
