[2024-11-12T17:44:40.842+0000] {local_task_job_runner.py:120} INFO - ::group::Pre task execution logs
[2024-11-12T17:44:40.853+0000] {taskinstance.py:2076} INFO - Dependencies all met for dep_context=non-requeueable deps ti=<TaskInstance: news_dag.extract_and_load_op manual__2024-11-12T17:44:40.414970+00:00 [queued]>
[2024-11-12T17:44:40.858+0000] {taskinstance.py:2076} INFO - Dependencies all met for dep_context=requeueable deps ti=<TaskInstance: news_dag.extract_and_load_op manual__2024-11-12T17:44:40.414970+00:00 [queued]>
[2024-11-12T17:44:40.859+0000] {taskinstance.py:2306} INFO - Starting attempt 1 of 1
[2024-11-12T17:44:40.867+0000] {taskinstance.py:2330} INFO - Executing <Task(PythonOperator): extract_and_load_op> on 2024-11-12 17:44:40.414970+00:00
[2024-11-12T17:44:40.878+0000] {logging_mixin.py:188} WARNING - /home/***/.local/lib/python3.12/site-packages/***/task/task_runner/standard_task_runner.py:62 DeprecationWarning: This process (pid=226) is multi-threaded, use of fork() may lead to deadlocks in the child.
[2024-11-12T17:44:40.876+0000] {standard_task_runner.py:90} INFO - Running: ['***', 'tasks', 'run', 'news_dag', 'extract_and_load_op', 'manual__2024-11-12T17:44:40.414970+00:00', '--job-id', '70', '--raw', '--subdir', 'DAGS_FOLDER/etl_dag.py', '--cfg-path', '/tmp/tmpoxztj29z']
[2024-11-12T17:44:40.879+0000] {standard_task_runner.py:91} INFO - Job 70: Subtask extract_and_load_op
[2024-11-12T17:44:40.879+0000] {standard_task_runner.py:64} INFO - Started process 227 to run task
[2024-11-12T17:44:40.914+0000] {task_command.py:426} INFO - Running <TaskInstance: news_dag.extract_and_load_op manual__2024-11-12T17:44:40.414970+00:00 [running]> on host 101ef97bab0b
[2024-11-12T17:44:40.978+0000] {taskinstance.py:2648} INFO - Exporting env vars: AIRFLOW_CTX_DAG_OWNER='***' AIRFLOW_CTX_DAG_ID='news_dag' AIRFLOW_CTX_TASK_ID='extract_and_load_op' AIRFLOW_CTX_EXECUTION_DATE='2024-11-12T17:44:40.414970+00:00' AIRFLOW_CTX_TRY_NUMBER='1' AIRFLOW_CTX_DAG_RUN_ID='manual__2024-11-12T17:44:40.414970+00:00'
[2024-11-12T17:44:40.978+0000] {taskinstance.py:430} INFO - ::endgroup::
[2024-11-12T17:44:41.014+0000] {base.py:84} INFO - Using connection ID 'aws_connection' for task execution.
[2024-11-12T17:44:41.015+0000] {logging_mixin.py:188} INFO - us-east-2
AKIAS2VS4PHYE3LHQNFT
***
[2024-11-12T17:44:42.792+0000] {python.py:237} INFO - Done. Returned value was: None
[2024-11-12T17:44:42.793+0000] {taskinstance.py:441} INFO - ::group::Post task execution logs
[2024-11-12T17:44:42.799+0000] {taskinstance.py:1206} INFO - Marking task as SUCCESS. dag_id=news_dag, task_id=extract_and_load_op, run_id=manual__2024-11-12T17:44:40.414970+00:00, execution_date=20241112T174440, start_date=20241112T174440, end_date=20241112T174442
[2024-11-12T17:44:42.844+0000] {local_task_job_runner.py:243} INFO - Task exited with return code 0
[2024-11-12T17:44:42.863+0000] {taskinstance.py:3503} INFO - 0 downstream tasks scheduled from follow-on schedule check
[2024-11-12T17:44:42.865+0000] {local_task_job_runner.py:222} INFO - ::endgroup::
