[2024-11-02T08:59:06.978+0000] {local_task_job_runner.py:120} INFO - ::group::Pre task execution logs
[2024-11-02T08:59:07.008+0000] {taskinstance.py:2076} INFO - Dependencies all met for dep_context=non-requeueable deps ti=<TaskInstance: molecule_load_dag.load_op manual__2024-11-02T08:58:58.488549+00:00 [queued]>
[2024-11-02T08:59:07.014+0000] {taskinstance.py:2076} INFO - Dependencies all met for dep_context=requeueable deps ti=<TaskInstance: molecule_load_dag.load_op manual__2024-11-02T08:58:58.488549+00:00 [queued]>
[2024-11-02T08:59:07.015+0000] {taskinstance.py:2306} INFO - Starting attempt 1 of 1
[2024-11-02T08:59:07.024+0000] {taskinstance.py:2330} INFO - Executing <Task(PythonOperator): load_op> on 2024-11-02 08:58:58.488549+00:00
[2024-11-02T08:59:07.032+0000] {standard_task_runner.py:90} INFO - Running: ['***', 'tasks', 'run', 'molecule_load_dag', 'load_op', 'manual__2024-11-02T08:58:58.488549+00:00', '--job-id', '12', '--raw', '--subdir', 'DAGS_FOLDER/etl_dag.py', '--cfg-path', '/tmp/tmpml_tl0mv']
[2024-11-02T08:59:07.038+0000] {standard_task_runner.py:91} INFO - Job 12: Subtask load_op
[2024-11-02T08:59:07.038+0000] {logging_mixin.py:188} WARNING - /home/***/.local/lib/python3.12/site-packages/***/task/task_runner/standard_task_runner.py:62 DeprecationWarning: This process (pid=1318) is multi-threaded, use of fork() may lead to deadlocks in the child.
[2024-11-02T08:59:07.040+0000] {standard_task_runner.py:64} INFO - Started process 1319 to run task
[2024-11-02T08:59:07.073+0000] {task_command.py:426} INFO - Running <TaskInstance: molecule_load_dag.load_op manual__2024-11-02T08:58:58.488549+00:00 [running]> on host 11ad264474a7
[2024-11-02T08:59:07.127+0000] {taskinstance.py:2648} INFO - Exporting env vars: AIRFLOW_CTX_DAG_OWNER='***' AIRFLOW_CTX_DAG_ID='molecule_load_dag' AIRFLOW_CTX_TASK_ID='load_op' AIRFLOW_CTX_EXECUTION_DATE='2024-11-02T08:58:58.488549+00:00' AIRFLOW_CTX_TRY_NUMBER='1' AIRFLOW_CTX_DAG_RUN_ID='manual__2024-11-02T08:58:58.488549+00:00'
[2024-11-02T08:59:07.128+0000] {taskinstance.py:430} INFO - ::endgroup::
[2024-11-02T08:59:07.144+0000] {base.py:84} INFO - Using connection ID 'aws_connection' for task execution.
[2024-11-02T08:59:08.213+0000] {taskinstance.py:441} INFO - ::group::Post task execution logs
[2024-11-02T08:59:08.214+0000] {taskinstance.py:2905} ERROR - Task failed with exception
Traceback (most recent call last):
  File "/home/airflow/.local/lib/python3.12/site-packages/airflow/models/taskinstance.py", line 465, in _execute_task
    result = _execute_callable(context=context, **execute_callable_kwargs)
             ^^^^^^^^^^^^^^^^^^^^^^^^^^^^^^^^^^^^^^^^^^^^^^^^^^^^^^^^^^^^^
  File "/home/airflow/.local/lib/python3.12/site-packages/airflow/models/taskinstance.py", line 432, in _execute_callable
    return execute_callable(context=context, **execute_callable_kwargs)
           ^^^^^^^^^^^^^^^^^^^^^^^^^^^^^^^^^^^^^^^^^^^^^^^^^^^^^^^^^^^^
  File "/home/airflow/.local/lib/python3.12/site-packages/airflow/models/baseoperator.py", line 401, in wrapper
    return func(self, *args, **kwargs)
           ^^^^^^^^^^^^^^^^^^^^^^^^^^^
  File "/home/airflow/.local/lib/python3.12/site-packages/airflow/operators/python.py", line 235, in execute
    return_value = self.execute_callable()
                   ^^^^^^^^^^^^^^^^^^^^^^^
  File "/home/airflow/.local/lib/python3.12/site-packages/airflow/operators/python.py", line 252, in execute_callable
    return self.python_callable(*self.op_args, **self.op_kwargs)
           ^^^^^^^^^^^^^^^^^^^^^^^^^^^^^^^^^^^^^^^^^^^^^^^^^^^^^
  File "/opt/airflow/plugins/utils/load.py", line 41, in load
    dataset_id = Variable.get("bq_dataset_id")
                 ^^^^^^^^^^^^^^^^^^^^^^^^^^^^^
  File "/home/airflow/.local/lib/python3.12/site-packages/airflow/models/variable.py", line 143, in get
    raise KeyError(f"Variable {key} does not exist")
KeyError: 'Variable bq_dataset_id does not exist'
[2024-11-02T08:59:08.223+0000] {taskinstance.py:1206} INFO - Marking task as FAILED. dag_id=molecule_load_dag, task_id=load_op, run_id=manual__2024-11-02T08:58:58.488549+00:00, execution_date=20241102T085858, start_date=20241102T085907, end_date=20241102T085908
[2024-11-02T08:59:08.231+0000] {standard_task_runner.py:110} ERROR - Failed to execute job 12 for task load_op ('Variable bq_dataset_id does not exist'; 1319)
[2024-11-02T08:59:08.259+0000] {local_task_job_runner.py:243} INFO - Task exited with return code 1
[2024-11-02T08:59:08.273+0000] {taskinstance.py:3503} INFO - 0 downstream tasks scheduled from follow-on schedule check
[2024-11-02T08:59:08.276+0000] {local_task_job_runner.py:222} INFO - ::endgroup::
