[2024-11-11T15:45:43.986+0000] {local_task_job_runner.py:120} INFO - ::group::Pre task execution logs
[2024-11-11T15:45:43.999+0000] {taskinstance.py:2076} INFO - Dependencies all met for dep_context=non-requeueable deps ti=<TaskInstance: news_dag.extract_and_load_op manual__2024-11-11T15:45:43.165454+00:00 [queued]>
[2024-11-11T15:45:44.004+0000] {taskinstance.py:2076} INFO - Dependencies all met for dep_context=requeueable deps ti=<TaskInstance: news_dag.extract_and_load_op manual__2024-11-11T15:45:43.165454+00:00 [queued]>
[2024-11-11T15:45:44.005+0000] {taskinstance.py:2306} INFO - Starting attempt 1 of 1
[2024-11-11T15:45:44.014+0000] {taskinstance.py:2330} INFO - Executing <Task(PythonOperator): extract_and_load_op> on 2024-11-11 15:45:43.165454+00:00
[2024-11-11T15:45:44.025+0000] {logging_mixin.py:188} WARNING - /home/***/.local/lib/python3.12/site-packages/***/task/task_runner/standard_task_runner.py:62 DeprecationWarning: This process (pid=425) is multi-threaded, use of fork() may lead to deadlocks in the child.
[2024-11-11T15:45:44.023+0000] {standard_task_runner.py:90} INFO - Running: ['***', 'tasks', 'run', 'news_dag', 'extract_and_load_op', 'manual__2024-11-11T15:45:43.165454+00:00', '--job-id', '115', '--raw', '--subdir', 'DAGS_FOLDER/etl_dag.py', '--cfg-path', '/tmp/tmpfipv0bjb']
[2024-11-11T15:45:44.027+0000] {standard_task_runner.py:91} INFO - Job 115: Subtask extract_and_load_op
[2024-11-11T15:45:44.027+0000] {standard_task_runner.py:64} INFO - Started process 426 to run task
[2024-11-11T15:45:44.071+0000] {task_command.py:426} INFO - Running <TaskInstance: news_dag.extract_and_load_op manual__2024-11-11T15:45:43.165454+00:00 [running]> on host f1def9266cea
[2024-11-11T15:45:44.136+0000] {taskinstance.py:2648} INFO - Exporting env vars: AIRFLOW_CTX_DAG_OWNER='***' AIRFLOW_CTX_DAG_ID='news_dag' AIRFLOW_CTX_TASK_ID='extract_and_load_op' AIRFLOW_CTX_EXECUTION_DATE='2024-11-11T15:45:43.165454+00:00' AIRFLOW_CTX_TRY_NUMBER='1' AIRFLOW_CTX_DAG_RUN_ID='manual__2024-11-11T15:45:43.165454+00:00'
[2024-11-11T15:45:44.137+0000] {taskinstance.py:430} INFO - ::endgroup::
[2024-11-11T15:45:51.006+0000] {base.py:84} INFO - Using connection ID 'aws_connection' for task execution.
[2024-11-11T15:45:51.007+0000] {logging_mixin.py:188} INFO - us-east-2
AKIAS2VS4PHYE3LHQNFT
***
[2024-11-11T15:45:54.121+0000] {python.py:237} INFO - Done. Returned value was: None
[2024-11-11T15:45:54.122+0000] {taskinstance.py:441} INFO - ::group::Post task execution logs
[2024-11-11T15:45:54.128+0000] {taskinstance.py:1206} INFO - Marking task as SUCCESS. dag_id=news_dag, task_id=extract_and_load_op, run_id=manual__2024-11-11T15:45:43.165454+00:00, execution_date=20241111T154543, start_date=20241111T154543, end_date=20241111T154554
[2024-11-11T15:45:54.151+0000] {local_task_job_runner.py:243} INFO - Task exited with return code 0
[2024-11-11T15:45:54.169+0000] {taskinstance.py:3503} INFO - 1 downstream tasks scheduled from follow-on schedule check
[2024-11-11T15:45:54.170+0000] {local_task_job_runner.py:222} INFO - ::endgroup::
