[2024-11-02T09:12:02.758+0000] {local_task_job_runner.py:120} INFO - ::group::Pre task execution logs
[2024-11-02T09:12:02.773+0000] {taskinstance.py:2076} INFO - Dependencies all met for dep_context=non-requeueable deps ti=<TaskInstance: molecule_load_dag.load_op manual__2024-11-02T09:11:55.240202+00:00 [queued]>
[2024-11-02T09:12:02.785+0000] {taskinstance.py:2076} INFO - Dependencies all met for dep_context=requeueable deps ti=<TaskInstance: molecule_load_dag.load_op manual__2024-11-02T09:11:55.240202+00:00 [queued]>
[2024-11-02T09:12:02.786+0000] {taskinstance.py:2306} INFO - Starting attempt 1 of 1
[2024-11-02T09:12:02.796+0000] {taskinstance.py:2330} INFO - Executing <Task(PythonOperator): load_op> on 2024-11-02 09:11:55.240202+00:00
[2024-11-02T09:12:02.804+0000] {standard_task_runner.py:90} INFO - Running: ['***', 'tasks', 'run', 'molecule_load_dag', 'load_op', 'manual__2024-11-02T09:11:55.240202+00:00', '--job-id', '21', '--raw', '--subdir', 'DAGS_FOLDER/etl_dag.py', '--cfg-path', '/tmp/tmpszax1bts']
[2024-11-02T09:12:02.806+0000] {logging_mixin.py:188} WARNING - /home/***/.local/lib/python3.12/site-packages/***/task/task_runner/standard_task_runner.py:62 DeprecationWarning: This process (pid=1611) is multi-threaded, use of fork() may lead to deadlocks in the child.
[2024-11-02T09:12:02.806+0000] {standard_task_runner.py:91} INFO - Job 21: Subtask load_op
[2024-11-02T09:12:02.807+0000] {standard_task_runner.py:64} INFO - Started process 1612 to run task
[2024-11-02T09:12:02.836+0000] {task_command.py:426} INFO - Running <TaskInstance: molecule_load_dag.load_op manual__2024-11-02T09:11:55.240202+00:00 [running]> on host 11ad264474a7
[2024-11-02T09:12:02.895+0000] {taskinstance.py:2648} INFO - Exporting env vars: AIRFLOW_CTX_DAG_OWNER='***' AIRFLOW_CTX_DAG_ID='molecule_load_dag' AIRFLOW_CTX_TASK_ID='load_op' AIRFLOW_CTX_EXECUTION_DATE='2024-11-02T09:11:55.240202+00:00' AIRFLOW_CTX_TRY_NUMBER='1' AIRFLOW_CTX_DAG_RUN_ID='manual__2024-11-02T09:11:55.240202+00:00'
[2024-11-02T09:12:02.896+0000] {taskinstance.py:430} INFO - ::endgroup::
[2024-11-02T09:12:02.912+0000] {base.py:84} INFO - Using connection ID 'aws_connection' for task execution.
[2024-11-02T09:12:04.112+0000] {connection.py:274} WARNING - Connection schemes (type: google_cloud_platform) shall not contain '_' according to RFC3986.
[2024-11-02T09:12:04.114+0000] {base.py:84} INFO - Using connection ID 'gc_connection' for task execution.
[2024-11-02T09:12:04.180+0000] {taskinstance.py:441} INFO - ::group::Post task execution logs
[2024-11-02T09:12:04.180+0000] {taskinstance.py:2905} ERROR - Task failed with exception
Traceback (most recent call last):
  File "/home/airflow/.local/lib/python3.12/site-packages/airflow/models/taskinstance.py", line 465, in _execute_task
    result = _execute_callable(context=context, **execute_callable_kwargs)
             ^^^^^^^^^^^^^^^^^^^^^^^^^^^^^^^^^^^^^^^^^^^^^^^^^^^^^^^^^^^^^
  File "/home/airflow/.local/lib/python3.12/site-packages/airflow/models/taskinstance.py", line 432, in _execute_callable
    return execute_callable(context=context, **execute_callable_kwargs)
           ^^^^^^^^^^^^^^^^^^^^^^^^^^^^^^^^^^^^^^^^^^^^^^^^^^^^^^^^^^^^
  File "/home/airflow/.local/lib/python3.12/site-packages/airflow/models/baseoperator.py", line 401, in wrapper
    return func(self, *args, **kwargs)
           ^^^^^^^^^^^^^^^^^^^^^^^^^^^
  File "/home/airflow/.local/lib/python3.12/site-packages/airflow/operators/python.py", line 235, in execute
    return_value = self.execute_callable()
                   ^^^^^^^^^^^^^^^^^^^^^^^
  File "/home/airflow/.local/lib/python3.12/site-packages/airflow/operators/python.py", line 252, in execute_callable
    return self.python_callable(*self.op_args, **self.op_kwargs)
           ^^^^^^^^^^^^^^^^^^^^^^^^^^^^^^^^^^^^^^^^^^^^^^^^^^^^^
  File "/opt/airflow/plugins/utils/load.py", line 59, in load
    bigquery_client.insert_rows_json(f"{project_id}.{dataset_id}.{table_id}", [row_data])
  File "/home/airflow/.local/lib/python3.12/site-packages/google/cloud/bigquery/client.py", line 3825, in insert_rows_json
    table = _table_arg_to_table_ref(table, default_project=self.project)
            ^^^^^^^^^^^^^^^^^^^^^^^^^^^^^^^^^^^^^^^^^^^^^^^^^^^^^^^^^^^^
  File "/home/airflow/.local/lib/python3.12/site-packages/google/cloud/bigquery/table.py", line 3158, in _table_arg_to_table_ref
    value = TableReference.from_string(value, default_project=default_project)
            ^^^^^^^^^^^^^^^^^^^^^^^^^^^^^^^^^^^^^^^^^^^^^^^^^^^^^^^^^^^^^^^^^^
  File "/home/airflow/.local/lib/python3.12/site-packages/google/cloud/bigquery/table.py", line 267, in from_string
    ) = _helpers._parse_3_part_id(
        ^^^^^^^^^^^^^^^^^^^^^^^^^^
  File "/home/airflow/.local/lib/python3.12/site-packages/google/cloud/bigquery/_helpers.py", line 845, in _parse_3_part_id
    raise ValueError(
ValueError: table_id must be a fully-qualified ID in standard SQL format, e.g., "project.dataset.table_id", got ace-scarab-434612-r8.ace-scarab-434612-r8.processed_news_dataset.ace-scarab-434612-r8.processed_news_dataset.news_strings_data
[2024-11-02T09:12:04.189+0000] {taskinstance.py:1206} INFO - Marking task as FAILED. dag_id=molecule_load_dag, task_id=load_op, run_id=manual__2024-11-02T09:11:55.240202+00:00, execution_date=20241102T091155, start_date=20241102T091202, end_date=20241102T091204
[2024-11-02T09:12:04.199+0000] {standard_task_runner.py:110} ERROR - Failed to execute job 21 for task load_op (table_id must be a fully-qualified ID in standard SQL format, e.g., "project.dataset.table_id", got ace-scarab-434612-r8.ace-scarab-434612-r8.processed_news_dataset.ace-scarab-434612-r8.processed_news_dataset.news_strings_data; 1612)
[2024-11-02T09:12:04.232+0000] {local_task_job_runner.py:243} INFO - Task exited with return code 1
[2024-11-02T09:12:04.247+0000] {taskinstance.py:3503} INFO - 0 downstream tasks scheduled from follow-on schedule check
[2024-11-02T09:12:04.250+0000] {local_task_job_runner.py:222} INFO - ::endgroup::
