[2024-12-04T17:00:42.723+0000] {local_task_job_runner.py:120} INFO - ::group::Pre task execution logs
[2024-12-04T17:00:42.733+0000] {taskinstance.py:2076} INFO - Dependencies all met for dep_context=non-requeueable deps ti=<TaskInstance: news_dag.transform_and_load_op manual__2024-12-04T17:00:26.390879+00:00 [queued]>
[2024-12-04T17:00:42.738+0000] {taskinstance.py:2076} INFO - Dependencies all met for dep_context=requeueable deps ti=<TaskInstance: news_dag.transform_and_load_op manual__2024-12-04T17:00:26.390879+00:00 [queued]>
[2024-12-04T17:00:42.739+0000] {taskinstance.py:2306} INFO - Starting attempt 1 of 1
[2024-12-04T17:00:42.747+0000] {taskinstance.py:2330} INFO - Executing <Task(PythonOperator): transform_and_load_op> on 2024-12-04 17:00:26.390879+00:00
[2024-12-04T17:00:42.753+0000] {standard_task_runner.py:90} INFO - Running: ['***', 'tasks', 'run', 'news_dag', 'transform_and_load_op', 'manual__2024-12-04T17:00:26.390879+00:00', '--job-id', '55', '--raw', '--subdir', 'DAGS_FOLDER/etl_dag.py', '--cfg-path', '/tmp/tmp9l6i43dj']
[2024-12-04T17:00:42.755+0000] {standard_task_runner.py:91} INFO - Job 55: Subtask transform_and_load_op
[2024-12-04T17:00:42.755+0000] {logging_mixin.py:188} WARNING - /home/***/.local/lib/python3.12/site-packages/***/task/task_runner/standard_task_runner.py:62 DeprecationWarning: This process (pid=1885) is multi-threaded, use of fork() may lead to deadlocks in the child.
[2024-12-04T17:00:42.756+0000] {standard_task_runner.py:64} INFO - Started process 1894 to run task
[2024-12-04T17:00:42.782+0000] {task_command.py:426} INFO - Running <TaskInstance: news_dag.transform_and_load_op manual__2024-12-04T17:00:26.390879+00:00 [running]> on host 6f562db0c9a5
[2024-12-04T17:00:42.832+0000] {taskinstance.py:2648} INFO - Exporting env vars: AIRFLOW_CTX_DAG_OWNER='***' AIRFLOW_CTX_DAG_ID='news_dag' AIRFLOW_CTX_TASK_ID='transform_and_load_op' AIRFLOW_CTX_EXECUTION_DATE='2024-12-04T17:00:26.390879+00:00' AIRFLOW_CTX_TRY_NUMBER='1' AIRFLOW_CTX_DAG_RUN_ID='manual__2024-12-04T17:00:26.390879+00:00'
[2024-12-04T17:00:42.834+0000] {taskinstance.py:430} INFO - ::endgroup::
[2024-12-04T17:00:42.848+0000] {base.py:84} INFO - Using connection ID 'aws_connection' for task execution.
[2024-12-04T17:00:44.946+0000] {logging_mixin.py:188} WARNING - /opt/***/utils_shared/utils/transform_and_load.py:62 FutureWarning: The behavior of DataFrame concatenation with empty or all-NA entries is deprecated. In a future version, this will no longer exclude empty or all-NA columns when determining the result dtypes. To retain the old behavior, exclude the relevant entries before the concat operation.
[2024-12-04T17:00:46.302+0000] {logging_mixin.py:188} INFO - heyyyy
[2024-12-04T17:00:46.310+0000] {logging_mixin.py:188} INFO -                                          news_string  ...   timestamp
0  Are chicken sandwiches a) a tasty lunch? Or b)...  ...  2024-12-04
1  ‘A kitschy wonder’: inside Holy Land USA theme...  ...  2024-12-04
2  ‘We’ve seen this before’: residents of rebel-h...  ...  2024-12-04
3  Ding and Gukesh D play to rollercoaster draw i...  ...  2024-12-04
4  Gisèle Pelicot’s lawyer: ‘This level of deprav...  ...  2024-12-04

[5 rows x 6 columns]
[2024-12-04T17:00:46.380+0000] {logging_mixin.py:188} INFO - [('south', 22), ('trump', 18), ('president', 16), ('martial', 16), ('law', 16), ('korea', 13), ('us', 12), ('new', 11), ('says', 8), ('vote', 8), ('ukraine', 7), ('government', 7), ('yoon', 7), ('world', 7), ('could', 7), ('impeachment', 6), ('key', 6), ('syria', 6), ('house', 6), ('india', 5)]
[2024-12-04T17:00:46.840+0000] {logging_mixin.py:188} INFO - Uploaded freq data
[2024-12-04T17:00:46.864+0000] {python.py:237} INFO - Done. Returned value was: None
[2024-12-04T17:00:46.865+0000] {taskinstance.py:441} INFO - ::group::Post task execution logs
[2024-12-04T17:00:46.870+0000] {taskinstance.py:1206} INFO - Marking task as SUCCESS. dag_id=news_dag, task_id=transform_and_load_op, run_id=manual__2024-12-04T17:00:26.390879+00:00, execution_date=20241204T170026, start_date=20241204T170042, end_date=20241204T170046
[2024-12-04T17:00:46.905+0000] {local_task_job_runner.py:243} INFO - Task exited with return code 0
[2024-12-04T17:00:46.920+0000] {taskinstance.py:3503} INFO - 1 downstream tasks scheduled from follow-on schedule check
[2024-12-04T17:00:46.922+0000] {local_task_job_runner.py:222} INFO - ::endgroup::
