[2024-10-29T18:05:55.415+0000] {taskinstance.py:1956} INFO - Dependencies all met for dep_context=non-requeueable deps ti=<TaskInstance: molecule_load_dag.transform_and_load_op manual__2024-10-29T18:05:48.356564+00:00 [queued]>
[2024-10-29T18:05:55.421+0000] {taskinstance.py:1956} INFO - Dependencies all met for dep_context=requeueable deps ti=<TaskInstance: molecule_load_dag.transform_and_load_op manual__2024-10-29T18:05:48.356564+00:00 [queued]>
[2024-10-29T18:05:55.421+0000] {taskinstance.py:2170} INFO - Starting attempt 1 of 1
[2024-10-29T18:05:55.430+0000] {taskinstance.py:2191} INFO - Executing <Task(PythonOperator): transform_and_load_op> on 2024-10-29 18:05:48.356564+00:00
[2024-10-29T18:05:55.433+0000] {standard_task_runner.py:60} INFO - Started process 1258 to run task
[2024-10-29T18:05:55.436+0000] {standard_task_runner.py:87} INFO - Running: ['***', 'tasks', 'run', 'molecule_load_dag', 'transform_and_load_op', 'manual__2024-10-29T18:05:48.356564+00:00', '--job-id', '26', '--raw', '--subdir', 'DAGS_FOLDER/etl_dag.py', '--cfg-path', '/tmp/tmpcq2xi66s']
[2024-10-29T18:05:55.438+0000] {standard_task_runner.py:88} INFO - Job 26: Subtask transform_and_load_op
[2024-10-29T18:05:55.472+0000] {task_command.py:423} INFO - Running <TaskInstance: molecule_load_dag.transform_and_load_op manual__2024-10-29T18:05:48.356564+00:00 [running]> on host 42c9970b34e6
[2024-10-29T18:05:55.556+0000] {taskinstance.py:2480} INFO - Exporting env vars: AIRFLOW_CTX_DAG_OWNER='***' AIRFLOW_CTX_DAG_ID='molecule_load_dag' AIRFLOW_CTX_TASK_ID='transform_and_load_op' AIRFLOW_CTX_EXECUTION_DATE='2024-10-29T18:05:48.356564+00:00' AIRFLOW_CTX_TRY_NUMBER='1' AIRFLOW_CTX_DAG_RUN_ID='manual__2024-10-29T18:05:48.356564+00:00'
[2024-10-29T18:05:55.569+0000] {base.py:83} INFO - Using connection ID 'aws_connection' for task execution.
[2024-10-29T18:05:55.576+0000] {logging_mixin.py:188} INFO - us-east-2
AKIAS2VS4PHYE3LHQNFT
***
[2024-10-29T18:05:57.047+0000] {logging_mixin.py:188} INFO - <class 'str'>
[2024-10-29T18:05:57.057+0000] {logging_mixin.py:188} INFO - Transformed raw_df:
[2024-10-29T18:05:57.064+0000] {logging_mixin.py:188} INFO -       publisher                                        news_string
0     guardian  Harris heads to Texas as poll shows her tied w...
1     guardian  Children among dead as 38 killed in Israeli at...
2     guardian  King acknowledges ‘painful’ past as calls for ...
3     guardian  Anti-hate group vows to continue work after El...
4     guardian  ‘Someone who destroyed my life’: rapper Shyne ...
..         ...                                                ...
447  aljazeera                                                NaN
448  aljazeera                                                NaN
449  aljazeera                                                NaN
450  aljazeera                                                NaN
451  aljazeera                                                NaN

[452 rows x 2 columns]
[2024-10-29T18:05:57.066+0000] {logging_mixin.py:188} INFO - guardian
[2024-10-29T18:05:57.069+0000] {logging_mixin.py:188} INFO - guardian
[2024-10-29T18:05:57.070+0000] {logging_mixin.py:188} INFO - guardian
[2024-10-29T18:05:57.072+0000] {logging_mixin.py:188} INFO - guardian
[2024-10-29T18:05:57.073+0000] {logging_mixin.py:188} INFO - guardian
[2024-10-29T18:05:57.075+0000] {logging_mixin.py:188} INFO - guardian
[2024-10-29T18:05:57.077+0000] {logging_mixin.py:188} INFO - guardian
[2024-10-29T18:05:57.078+0000] {logging_mixin.py:188} INFO - guardian
[2024-10-29T18:05:57.079+0000] {logging_mixin.py:188} INFO - guardian
[2024-10-29T18:05:57.081+0000] {logging_mixin.py:188} INFO - guardian
[2024-10-29T18:05:57.082+0000] {logging_mixin.py:188} INFO - guardian
[2024-10-29T18:05:57.083+0000] {logging_mixin.py:188} INFO - guardian
[2024-10-29T18:05:57.084+0000] {logging_mixin.py:188} INFO - guardian
[2024-10-29T18:05:57.086+0000] {logging_mixin.py:188} INFO - guardian
[2024-10-29T18:05:57.087+0000] {logging_mixin.py:188} INFO - guardian
[2024-10-29T18:05:57.088+0000] {logging_mixin.py:188} INFO - guardian
[2024-10-29T18:05:57.089+0000] {logging_mixin.py:188} INFO - guardian
[2024-10-29T18:05:57.091+0000] {logging_mixin.py:188} INFO - guardian
[2024-10-29T18:05:57.092+0000] {logging_mixin.py:188} INFO - guardian
[2024-10-29T18:05:57.093+0000] {logging_mixin.py:188} INFO - guardian
[2024-10-29T18:05:57.094+0000] {logging_mixin.py:188} INFO - guardian
[2024-10-29T18:05:57.095+0000] {logging_mixin.py:188} INFO - guardian
[2024-10-29T18:05:57.096+0000] {logging_mixin.py:188} INFO - guardian
[2024-10-29T18:05:57.097+0000] {logging_mixin.py:188} INFO - guardian
[2024-10-29T18:05:57.098+0000] {logging_mixin.py:188} INFO - guardian
[2024-10-29T18:05:57.099+0000] {logging_mixin.py:188} INFO - guardian
[2024-10-29T18:05:57.100+0000] {logging_mixin.py:188} INFO - guardian
[2024-10-29T18:05:57.102+0000] {logging_mixin.py:188} INFO - guardian
[2024-10-29T18:05:57.103+0000] {logging_mixin.py:188} INFO - guardian
[2024-10-29T18:05:57.104+0000] {logging_mixin.py:188} INFO - guardian
[2024-10-29T18:05:57.105+0000] {logging_mixin.py:188} INFO - guardian
[2024-10-29T18:05:57.106+0000] {logging_mixin.py:188} INFO - guardian
[2024-10-29T18:05:57.107+0000] {logging_mixin.py:188} INFO - guardian
[2024-10-29T18:05:57.108+0000] {logging_mixin.py:188} INFO - guardian
[2024-10-29T18:05:57.109+0000] {logging_mixin.py:188} INFO - guardian
[2024-10-29T18:05:57.110+0000] {logging_mixin.py:188} INFO - guardian
[2024-10-29T18:05:57.111+0000] {logging_mixin.py:188} INFO - guardian
[2024-10-29T18:05:57.112+0000] {logging_mixin.py:188} INFO - guardian
[2024-10-29T18:05:57.113+0000] {logging_mixin.py:188} INFO - guardian
[2024-10-29T18:05:57.114+0000] {logging_mixin.py:188} INFO - guardian
[2024-10-29T18:05:57.115+0000] {logging_mixin.py:188} INFO - guardian
[2024-10-29T18:05:57.116+0000] {logging_mixin.py:188} INFO - guardian
[2024-10-29T18:05:57.117+0000] {logging_mixin.py:188} INFO - guardian
[2024-10-29T18:05:57.118+0000] {logging_mixin.py:188} INFO - guardian
[2024-10-29T18:05:57.120+0000] {logging_mixin.py:188} INFO - guardian
[2024-10-29T18:05:57.121+0000] {logging_mixin.py:188} INFO - guardian
[2024-10-29T18:05:57.122+0000] {logging_mixin.py:188} INFO - guardian
[2024-10-29T18:05:57.123+0000] {logging_mixin.py:188} INFO - guardian
[2024-10-29T18:05:57.124+0000] {logging_mixin.py:188} INFO - guardian
[2024-10-29T18:05:57.125+0000] {logging_mixin.py:188} INFO - guardian
[2024-10-29T18:05:57.126+0000] {logging_mixin.py:188} INFO - guardian
[2024-10-29T18:05:57.127+0000] {logging_mixin.py:188} INFO - guardian
[2024-10-29T18:05:57.129+0000] {logging_mixin.py:188} INFO - guardian
[2024-10-29T18:05:57.130+0000] {logging_mixin.py:188} INFO - guardian
[2024-10-29T18:05:57.131+0000] {logging_mixin.py:188} INFO - guardian
[2024-10-29T18:05:57.132+0000] {logging_mixin.py:188} INFO - guardian
[2024-10-29T18:05:57.133+0000] {logging_mixin.py:188} INFO - guardian
[2024-10-29T18:05:57.134+0000] {logging_mixin.py:188} INFO - guardian
[2024-10-29T18:05:57.135+0000] {logging_mixin.py:188} INFO - guardian
[2024-10-29T18:05:57.136+0000] {logging_mixin.py:188} INFO - guardian
[2024-10-29T18:05:57.137+0000] {logging_mixin.py:188} INFO - guardian
[2024-10-29T18:05:57.138+0000] {logging_mixin.py:188} INFO - guardian
[2024-10-29T18:05:57.139+0000] {logging_mixin.py:188} INFO - guardian
[2024-10-29T18:05:57.140+0000] {logging_mixin.py:188} INFO - guardian
[2024-10-29T18:05:57.141+0000] {logging_mixin.py:188} INFO - guardian
[2024-10-29T18:05:57.142+0000] {logging_mixin.py:188} INFO - guardian
[2024-10-29T18:05:57.143+0000] {logging_mixin.py:188} INFO - guardian
[2024-10-29T18:05:57.144+0000] {logging_mixin.py:188} INFO - guardian
[2024-10-29T18:05:57.145+0000] {logging_mixin.py:188} INFO - guardian
[2024-10-29T18:05:57.146+0000] {logging_mixin.py:188} INFO - guardian
[2024-10-29T18:05:57.147+0000] {logging_mixin.py:188} INFO - guardian
[2024-10-29T18:05:57.149+0000] {logging_mixin.py:188} INFO - guardian
[2024-10-29T18:05:57.150+0000] {logging_mixin.py:188} INFO - guardian
[2024-10-29T18:05:57.151+0000] {logging_mixin.py:188} INFO - guardian
[2024-10-29T18:05:57.152+0000] {logging_mixin.py:188} INFO - guardian
[2024-10-29T18:05:57.153+0000] {logging_mixin.py:188} INFO - guardian
[2024-10-29T18:05:57.154+0000] {logging_mixin.py:188} INFO - guardian
[2024-10-29T18:05:57.156+0000] {logging_mixin.py:188} INFO - guardian
[2024-10-29T18:05:57.157+0000] {logging_mixin.py:188} INFO - guardian
[2024-10-29T18:05:57.159+0000] {logging_mixin.py:188} INFO - guardian
[2024-10-29T18:05:57.160+0000] {logging_mixin.py:188} INFO - guardian
[2024-10-29T18:05:57.161+0000] {logging_mixin.py:188} INFO - guardian
[2024-10-29T18:05:57.162+0000] {logging_mixin.py:188} INFO - guardian
[2024-10-29T18:05:57.163+0000] {logging_mixin.py:188} INFO - guardian
[2024-10-29T18:05:57.165+0000] {logging_mixin.py:188} INFO - guardian
[2024-10-29T18:05:57.166+0000] {logging_mixin.py:188} INFO - guardian
[2024-10-29T18:05:57.167+0000] {logging_mixin.py:188} INFO - guardian
[2024-10-29T18:05:57.168+0000] {logging_mixin.py:188} INFO - guardian
[2024-10-29T18:05:57.169+0000] {logging_mixin.py:188} INFO - guardian
[2024-10-29T18:05:57.170+0000] {logging_mixin.py:188} INFO - guardian
[2024-10-29T18:05:57.171+0000] {logging_mixin.py:188} INFO - guardian
[2024-10-29T18:05:57.172+0000] {logging_mixin.py:188} INFO - guardian
[2024-10-29T18:05:57.173+0000] {logging_mixin.py:188} INFO - guardian
[2024-10-29T18:05:57.174+0000] {logging_mixin.py:188} INFO - guardian
[2024-10-29T18:05:57.176+0000] {logging_mixin.py:188} INFO - guardian
[2024-10-29T18:05:57.177+0000] {logging_mixin.py:188} INFO - guardian
[2024-10-29T18:05:57.178+0000] {logging_mixin.py:188} INFO - guardian
[2024-10-29T18:05:57.178+0000] {taskinstance.py:2698} ERROR - Task failed with exception
Traceback (most recent call last):
  File "/home/airflow/.local/lib/python3.8/site-packages/airflow/models/taskinstance.py", line 433, in _execute_task
    result = execute_callable(context=context, **execute_callable_kwargs)
  File "/home/airflow/.local/lib/python3.8/site-packages/airflow/operators/python.py", line 199, in execute
    return_value = self.execute_callable()
  File "/home/airflow/.local/lib/python3.8/site-packages/airflow/operators/python.py", line 216, in execute_callable
    return self.python_callable(*self.op_args, **self.op_kwargs)
  File "/opt/airflow/plugins/utils/transform_and_load.py", line 47, in transform
    sentiment_index = analyzer.polarity_scores(news_string)
  File "/home/airflow/.local/lib/python3.8/site-packages/nltk/sentiment/vader.py", line 366, in polarity_scores
    sentitext = SentiText(
  File "/home/airflow/.local/lib/python3.8/site-packages/nltk/sentiment/vader.py", line 270, in __init__
    text = str(text.encode("utf-8"))
AttributeError: 'float' object has no attribute 'encode'
[2024-10-29T18:05:57.185+0000] {taskinstance.py:1138} INFO - Marking task as FAILED. dag_id=molecule_load_dag, task_id=transform_and_load_op, execution_date=20241029T180548, start_date=20241029T180555, end_date=20241029T180557
[2024-10-29T18:05:57.193+0000] {standard_task_runner.py:107} ERROR - Failed to execute job 26 for task transform_and_load_op ('float' object has no attribute 'encode'; 1258)
[2024-10-29T18:05:57.232+0000] {local_task_job_runner.py:234} INFO - Task exited with return code 1
[2024-10-29T18:05:57.247+0000] {taskinstance.py:3280} INFO - 0 downstream tasks scheduled from follow-on schedule check
