[2024-11-12T16:48:47.988+0000] {local_task_job_runner.py:120} INFO - ::group::Pre task execution logs
[2024-11-12T16:48:48.000+0000] {taskinstance.py:2076} INFO - Dependencies all met for dep_context=non-requeueable deps ti=<TaskInstance: news_dag.load_op manual__2024-11-12T16:48:47.225557+00:00 [queued]>
[2024-11-12T16:48:48.006+0000] {taskinstance.py:2076} INFO - Dependencies all met for dep_context=requeueable deps ti=<TaskInstance: news_dag.load_op manual__2024-11-12T16:48:47.225557+00:00 [queued]>
[2024-11-12T16:48:48.008+0000] {taskinstance.py:2306} INFO - Starting attempt 1 of 1
[2024-11-12T16:48:48.020+0000] {taskinstance.py:2330} INFO - Executing <Task(PythonOperator): load_op> on 2024-11-12 16:48:47.225557+00:00
[2024-11-12T16:48:48.027+0000] {standard_task_runner.py:90} INFO - Running: ['***', 'tasks', 'run', 'news_dag', 'load_op', 'manual__2024-11-12T16:48:47.225557+00:00', '--job-id', '5', '--raw', '--subdir', 'DAGS_FOLDER/etl_dag.py', '--cfg-path', '/tmp/tmp8dx6xu06']
[2024-11-12T16:48:48.030+0000] {standard_task_runner.py:91} INFO - Job 5: Subtask load_op
[2024-11-12T16:48:48.029+0000] {logging_mixin.py:188} WARNING - /home/***/.local/lib/python3.12/site-packages/***/task/task_runner/standard_task_runner.py:62 DeprecationWarning: This process (pid=419) is multi-threaded, use of fork() may lead to deadlocks in the child.
[2024-11-12T16:48:48.035+0000] {standard_task_runner.py:64} INFO - Started process 420 to run task
[2024-11-12T16:48:48.069+0000] {task_command.py:426} INFO - Running <TaskInstance: news_dag.load_op manual__2024-11-12T16:48:47.225557+00:00 [running]> on host 978924a04c21
[2024-11-12T16:48:48.126+0000] {taskinstance.py:2648} INFO - Exporting env vars: AIRFLOW_CTX_DAG_OWNER='***' AIRFLOW_CTX_DAG_ID='news_dag' AIRFLOW_CTX_TASK_ID='load_op' AIRFLOW_CTX_EXECUTION_DATE='2024-11-12T16:48:47.225557+00:00' AIRFLOW_CTX_TRY_NUMBER='1' AIRFLOW_CTX_DAG_RUN_ID='manual__2024-11-12T16:48:47.225557+00:00'
[2024-11-12T16:48:48.127+0000] {taskinstance.py:430} INFO - ::endgroup::
[2024-11-12T16:48:48.142+0000] {base.py:84} INFO - Using connection ID 'aws_connection' for task execution.
[2024-11-12T16:48:48.230+0000] {taskinstance.py:441} INFO - ::group::Post task execution logs
[2024-11-12T16:48:48.231+0000] {taskinstance.py:2905} ERROR - Task failed with exception
Traceback (most recent call last):
  File "/home/airflow/.local/lib/python3.12/site-packages/airflow/models/taskinstance.py", line 465, in _execute_task
    result = _execute_callable(context=context, **execute_callable_kwargs)
             ^^^^^^^^^^^^^^^^^^^^^^^^^^^^^^^^^^^^^^^^^^^^^^^^^^^^^^^^^^^^^
  File "/home/airflow/.local/lib/python3.12/site-packages/airflow/models/taskinstance.py", line 432, in _execute_callable
    return execute_callable(context=context, **execute_callable_kwargs)
           ^^^^^^^^^^^^^^^^^^^^^^^^^^^^^^^^^^^^^^^^^^^^^^^^^^^^^^^^^^^^
  File "/home/airflow/.local/lib/python3.12/site-packages/airflow/models/baseoperator.py", line 401, in wrapper
    return func(self, *args, **kwargs)
           ^^^^^^^^^^^^^^^^^^^^^^^^^^^
  File "/home/airflow/.local/lib/python3.12/site-packages/airflow/operators/python.py", line 235, in execute
    return_value = self.execute_callable()
                   ^^^^^^^^^^^^^^^^^^^^^^^
  File "/home/airflow/.local/lib/python3.12/site-packages/airflow/operators/python.py", line 252, in execute_callable
    return self.python_callable(*self.op_args, **self.op_kwargs)
           ^^^^^^^^^^^^^^^^^^^^^^^^^^^^^^^^^^^^^^^^^^^^^^^^^^^^^
  File "/opt/airflow/plugins/utils/load.py", line 36, in load
    response = s3_client.get_object(Bucket=bucket, Key=key)
               ^^^^^^^^^^^^^^^^^^^^^^^^^^^^^^^^^^^^^^^^^^^^
  File "/home/airflow/.local/lib/python3.12/site-packages/botocore/client.py", line 565, in _api_call
    return self._make_api_call(operation_name, kwargs)
           ^^^^^^^^^^^^^^^^^^^^^^^^^^^^^^^^^^^^^^^^^^^
  File "/home/airflow/.local/lib/python3.12/site-packages/botocore/client.py", line 958, in _make_api_call
    api_params = self._emit_api_params(
                 ^^^^^^^^^^^^^^^^^^^^^^
  File "/home/airflow/.local/lib/python3.12/site-packages/botocore/client.py", line 1084, in _emit_api_params
    self.meta.events.emit(
  File "/home/airflow/.local/lib/python3.12/site-packages/botocore/hooks.py", line 412, in emit
    return self._emitter.emit(aliased_event_name, **kwargs)
           ^^^^^^^^^^^^^^^^^^^^^^^^^^^^^^^^^^^^^^^^^^^^^^^^
  File "/home/airflow/.local/lib/python3.12/site-packages/botocore/hooks.py", line 256, in emit
    return self._emit(event_name, kwargs)
           ^^^^^^^^^^^^^^^^^^^^^^^^^^^^^^
  File "/home/airflow/.local/lib/python3.12/site-packages/botocore/hooks.py", line 239, in _emit
    response = handler(**kwargs)
               ^^^^^^^^^^^^^^^^^
  File "/home/airflow/.local/lib/python3.12/site-packages/botocore/handlers.py", line 282, in validate_bucket_name
    if not VALID_BUCKET.search(bucket) and not VALID_S3_ARN.search(bucket):
           ^^^^^^^^^^^^^^^^^^^^^^^^^^^
TypeError: expected string or bytes-like object, got 'NoneType'
[2024-11-12T16:48:48.238+0000] {taskinstance.py:1206} INFO - Marking task as FAILED. dag_id=news_dag, task_id=load_op, run_id=manual__2024-11-12T16:48:47.225557+00:00, execution_date=20241112T164847, start_date=20241112T164848, end_date=20241112T164848
[2024-11-12T16:48:48.244+0000] {standard_task_runner.py:110} ERROR - Failed to execute job 5 for task load_op (expected string or bytes-like object, got 'NoneType'; 420)
[2024-11-12T16:48:48.258+0000] {local_task_job_runner.py:243} INFO - Task exited with return code 1
[2024-11-12T16:48:48.269+0000] {taskinstance.py:3503} INFO - 0 downstream tasks scheduled from follow-on schedule check
[2024-11-12T16:48:48.270+0000] {local_task_job_runner.py:222} INFO - ::endgroup::
