[2024-12-02T18:48:00.424+0000] {local_task_job_runner.py:120} INFO - ::group::Pre task execution logs
[2024-12-02T18:48:00.437+0000] {taskinstance.py:2076} INFO - Dependencies all met for dep_context=non-requeueable deps ti=<TaskInstance: news_dag.load_op manual__2024-12-02T18:47:37.824592+00:00 [queued]>
[2024-12-02T18:48:00.443+0000] {taskinstance.py:2076} INFO - Dependencies all met for dep_context=requeueable deps ti=<TaskInstance: news_dag.load_op manual__2024-12-02T18:47:37.824592+00:00 [queued]>
[2024-12-02T18:48:00.444+0000] {taskinstance.py:2306} INFO - Starting attempt 1 of 1
[2024-12-02T18:48:00.454+0000] {taskinstance.py:2330} INFO - Executing <Task(PythonOperator): load_op> on 2024-12-02 18:47:37.824592+00:00
[2024-12-02T18:48:00.462+0000] {standard_task_runner.py:90} INFO - Running: ['***', 'tasks', 'run', 'news_dag', 'load_op', 'manual__2024-12-02T18:47:37.824592+00:00', '--job-id', '4', '--raw', '--subdir', 'DAGS_FOLDER/etl_dag.py', '--cfg-path', '/tmp/tmpxixkvibd']
[2024-12-02T18:48:00.464+0000] {standard_task_runner.py:91} INFO - Job 4: Subtask load_op
[2024-12-02T18:48:00.463+0000] {logging_mixin.py:188} WARNING - /home/***/.local/lib/python3.12/site-packages/***/task/task_runner/standard_task_runner.py:62 DeprecationWarning: This process (pid=633) is multi-threaded, use of fork() may lead to deadlocks in the child.
[2024-12-02T18:48:00.465+0000] {standard_task_runner.py:64} INFO - Started process 642 to run task
[2024-12-02T18:48:00.499+0000] {task_command.py:426} INFO - Running <TaskInstance: news_dag.load_op manual__2024-12-02T18:47:37.824592+00:00 [running]> on host 3d14745ceaae
[2024-12-02T18:48:00.559+0000] {taskinstance.py:2648} INFO - Exporting env vars: AIRFLOW_CTX_DAG_OWNER='***' AIRFLOW_CTX_DAG_ID='news_dag' AIRFLOW_CTX_TASK_ID='load_op' AIRFLOW_CTX_EXECUTION_DATE='2024-12-02T18:47:37.824592+00:00' AIRFLOW_CTX_TRY_NUMBER='1' AIRFLOW_CTX_DAG_RUN_ID='manual__2024-12-02T18:47:37.824592+00:00'
[2024-12-02T18:48:00.560+0000] {taskinstance.py:430} INFO - ::endgroup::
[2024-12-02T18:48:00.578+0000] {base.py:84} INFO - Using connection ID 'aws_connection' for task execution.
[2024-12-02T18:48:01.972+0000] {connection.py:274} WARNING - Connection schemes (type: google_cloud_platform) shall not contain '_' according to RFC3986.
[2024-12-02T18:48:01.974+0000] {base.py:84} INFO - Using connection ID 'gc_connection' for task execution.
[2024-12-02T18:48:04.130+0000] {logging_mixin.py:188} INFO - Errors occurred while inserting rows: [{'index': 0, 'errors': [{'reason': 'invalid', 'location': 'news_string', 'debugInfo': '', 'message': 'no such field: news_string.'}]}]
[2024-12-02T18:48:04.434+0000] {logging_mixin.py:188} INFO - Errors occurred while inserting rows: [{'index': 0, 'errors': [{'reason': 'invalid', 'location': 'news_string', 'debugInfo': '', 'message': 'no such field: news_string.'}]}]
[2024-12-02T18:48:04.696+0000] {logging_mixin.py:188} INFO - Errors occurred while inserting rows: [{'index': 0, 'errors': [{'reason': 'invalid', 'location': 'news_string', 'debugInfo': '', 'message': 'no such field: news_string.'}]}]
[2024-12-02T18:48:04.942+0000] {logging_mixin.py:188} INFO - Errors occurred while inserting rows: [{'index': 0, 'errors': [{'reason': 'invalid', 'location': 'news_string', 'debugInfo': '', 'message': 'no such field: news_string.'}]}]
[2024-12-02T18:48:05.210+0000] {logging_mixin.py:188} INFO - Errors occurred while inserting rows: [{'index': 0, 'errors': [{'reason': 'invalid', 'location': 'news_string', 'debugInfo': '', 'message': 'no such field: news_string.'}]}]
[2024-12-02T18:48:05.466+0000] {logging_mixin.py:188} INFO - Errors occurred while inserting rows: [{'index': 0, 'errors': [{'reason': 'invalid', 'location': 'news_string', 'debugInfo': '', 'message': 'no such field: news_string.'}]}]
[2024-12-02T18:48:05.724+0000] {logging_mixin.py:188} INFO - Errors occurred while inserting rows: [{'index': 0, 'errors': [{'reason': 'invalid', 'location': 'news_string', 'debugInfo': '', 'message': 'no such field: news_string.'}]}]
[2024-12-02T18:48:05.967+0000] {logging_mixin.py:188} INFO - Errors occurred while inserting rows: [{'index': 0, 'errors': [{'reason': 'invalid', 'location': 'news_string', 'debugInfo': '', 'message': 'no such field: news_string.'}]}]
[2024-12-02T18:48:06.222+0000] {logging_mixin.py:188} INFO - Errors occurred while inserting rows: [{'index': 0, 'errors': [{'reason': 'invalid', 'location': 'news_string', 'debugInfo': '', 'message': 'no such field: news_string.'}]}]
[2024-12-02T18:48:06.475+0000] {logging_mixin.py:188} INFO - Errors occurred while inserting rows: [{'index': 0, 'errors': [{'reason': 'invalid', 'location': 'news_string', 'debugInfo': '', 'message': 'no such field: news_string.'}]}]
[2024-12-02T18:48:06.725+0000] {logging_mixin.py:188} INFO - Errors occurred while inserting rows: [{'index': 0, 'errors': [{'reason': 'invalid', 'location': 'news_string', 'debugInfo': '', 'message': 'no such field: news_string.'}]}]
[2024-12-02T18:48:06.982+0000] {logging_mixin.py:188} INFO - Errors occurred while inserting rows: [{'index': 0, 'errors': [{'reason': 'invalid', 'location': 'news_string', 'debugInfo': '', 'message': 'no such field: news_string.'}]}]
[2024-12-02T18:48:07.239+0000] {logging_mixin.py:188} INFO - Errors occurred while inserting rows: [{'index': 0, 'errors': [{'reason': 'invalid', 'location': 'news_string', 'debugInfo': '', 'message': 'no such field: news_string.'}]}]
[2024-12-02T18:48:07.510+0000] {logging_mixin.py:188} INFO - Errors occurred while inserting rows: [{'index': 0, 'errors': [{'reason': 'invalid', 'location': 'news_string', 'debugInfo': '', 'message': 'no such field: news_string.'}]}]
[2024-12-02T18:48:07.779+0000] {logging_mixin.py:188} INFO - Errors occurred while inserting rows: [{'index': 0, 'errors': [{'reason': 'invalid', 'location': 'news_string', 'debugInfo': '', 'message': 'no such field: news_string.'}]}]
[2024-12-02T18:48:08.050+0000] {logging_mixin.py:188} INFO - Errors occurred while inserting rows: [{'index': 0, 'errors': [{'reason': 'invalid', 'location': 'news_string', 'debugInfo': '', 'message': 'no such field: news_string.'}]}]
[2024-12-02T18:48:08.323+0000] {logging_mixin.py:188} INFO - Errors occurred while inserting rows: [{'index': 0, 'errors': [{'reason': 'invalid', 'location': 'news_string', 'debugInfo': '', 'message': 'no such field: news_string.'}]}]
[2024-12-02T18:48:08.582+0000] {logging_mixin.py:188} INFO - Errors occurred while inserting rows: [{'index': 0, 'errors': [{'reason': 'invalid', 'location': 'news_string', 'debugInfo': '', 'message': 'no such field: news_string.'}]}]
[2024-12-02T18:48:08.835+0000] {logging_mixin.py:188} INFO - Errors occurred while inserting rows: [{'index': 0, 'errors': [{'reason': 'invalid', 'location': 'news_string', 'debugInfo': '', 'message': 'no such field: news_string.'}]}]
[2024-12-02T18:48:09.120+0000] {logging_mixin.py:188} INFO - Errors occurred while inserting rows: [{'index': 0, 'errors': [{'reason': 'invalid', 'location': 'news_string', 'debugInfo': '', 'message': 'no such field: news_string.'}]}]
[2024-12-02T18:48:09.373+0000] {logging_mixin.py:188} INFO - Errors occurred while inserting rows: [{'index': 0, 'errors': [{'reason': 'invalid', 'location': 'news_string', 'debugInfo': '', 'message': 'no such field: news_string.'}]}]
[2024-12-02T18:48:10.079+0000] {logging_mixin.py:188} INFO - Errors occurred while inserting rows: [{'index': 0, 'errors': [{'reason': 'invalid', 'location': 'news_string', 'debugInfo': '', 'message': 'no such field: news_string.'}]}]
[2024-12-02T18:48:10.349+0000] {logging_mixin.py:188} INFO - Errors occurred while inserting rows: [{'index': 0, 'errors': [{'reason': 'invalid', 'location': 'news_string', 'debugInfo': '', 'message': 'no such field: news_string.'}]}]
[2024-12-02T18:48:10.624+0000] {logging_mixin.py:188} INFO - Errors occurred while inserting rows: [{'index': 0, 'errors': [{'reason': 'invalid', 'location': 'news_string', 'debugInfo': '', 'message': 'no such field: news_string.'}]}]
[2024-12-02T18:48:10.880+0000] {logging_mixin.py:188} INFO - Errors occurred while inserting rows: [{'index': 0, 'errors': [{'reason': 'invalid', 'location': 'news_string', 'debugInfo': '', 'message': 'no such field: news_string.'}]}]
[2024-12-02T18:48:11.138+0000] {logging_mixin.py:188} INFO - Errors occurred while inserting rows: [{'index': 0, 'errors': [{'reason': 'invalid', 'location': 'news_string', 'debugInfo': '', 'message': 'no such field: news_string.'}]}]
[2024-12-02T18:48:11.403+0000] {logging_mixin.py:188} INFO - Errors occurred while inserting rows: [{'index': 0, 'errors': [{'reason': 'invalid', 'location': 'news_string', 'debugInfo': '', 'message': 'no such field: news_string.'}]}]
[2024-12-02T18:48:11.652+0000] {logging_mixin.py:188} INFO - Errors occurred while inserting rows: [{'index': 0, 'errors': [{'reason': 'invalid', 'location': 'news_string', 'debugInfo': '', 'message': 'no such field: news_string.'}]}]
[2024-12-02T18:48:11.913+0000] {logging_mixin.py:188} INFO - Errors occurred while inserting rows: [{'index': 0, 'errors': [{'reason': 'invalid', 'location': 'news_string', 'debugInfo': '', 'message': 'no such field: news_string.'}]}]
[2024-12-02T18:48:12.174+0000] {logging_mixin.py:188} INFO - Errors occurred while inserting rows: [{'index': 0, 'errors': [{'reason': 'invalid', 'location': 'news_string', 'debugInfo': '', 'message': 'no such field: news_string.'}]}]
[2024-12-02T18:48:12.431+0000] {logging_mixin.py:188} INFO - Errors occurred while inserting rows: [{'index': 0, 'errors': [{'reason': 'invalid', 'location': 'news_string', 'debugInfo': '', 'message': 'no such field: news_string.'}]}]
[2024-12-02T18:48:12.703+0000] {logging_mixin.py:188} INFO - Errors occurred while inserting rows: [{'index': 0, 'errors': [{'reason': 'invalid', 'location': 'news_string', 'debugInfo': '', 'message': 'no such field: news_string.'}]}]
[2024-12-02T18:48:12.979+0000] {logging_mixin.py:188} INFO - Errors occurred while inserting rows: [{'index': 0, 'errors': [{'reason': 'invalid', 'location': 'news_string', 'debugInfo': '', 'message': 'no such field: news_string.'}]}]
[2024-12-02T18:48:13.242+0000] {logging_mixin.py:188} INFO - Errors occurred while inserting rows: [{'index': 0, 'errors': [{'reason': 'invalid', 'location': 'news_string', 'debugInfo': '', 'message': 'no such field: news_string.'}]}]
[2024-12-02T18:48:13.509+0000] {logging_mixin.py:188} INFO - Errors occurred while inserting rows: [{'index': 0, 'errors': [{'reason': 'invalid', 'location': 'news_string', 'debugInfo': '', 'message': 'no such field: news_string.'}]}]
[2024-12-02T18:48:13.756+0000] {logging_mixin.py:188} INFO - Errors occurred while inserting rows: [{'index': 0, 'errors': [{'reason': 'invalid', 'location': 'news_string', 'debugInfo': '', 'message': 'no such field: news_string.'}]}]
[2024-12-02T18:48:14.017+0000] {logging_mixin.py:188} INFO - Errors occurred while inserting rows: [{'index': 0, 'errors': [{'reason': 'invalid', 'location': 'news_string', 'debugInfo': '', 'message': 'no such field: news_string.'}]}]
[2024-12-02T18:48:14.275+0000] {logging_mixin.py:188} INFO - Errors occurred while inserting rows: [{'index': 0, 'errors': [{'reason': 'invalid', 'location': 'news_string', 'debugInfo': '', 'message': 'no such field: news_string.'}]}]
[2024-12-02T18:48:14.530+0000] {logging_mixin.py:188} INFO - Errors occurred while inserting rows: [{'index': 0, 'errors': [{'reason': 'invalid', 'location': 'news_string', 'debugInfo': '', 'message': 'no such field: news_string.'}]}]
[2024-12-02T18:48:14.778+0000] {logging_mixin.py:188} INFO - Errors occurred while inserting rows: [{'index': 0, 'errors': [{'reason': 'invalid', 'location': 'news_string', 'debugInfo': '', 'message': 'no such field: news_string.'}]}]
[2024-12-02T18:48:15.050+0000] {logging_mixin.py:188} INFO - Errors occurred while inserting rows: [{'index': 0, 'errors': [{'reason': 'invalid', 'location': 'news_string', 'debugInfo': '', 'message': 'no such field: news_string.'}]}]
[2024-12-02T18:48:15.319+0000] {logging_mixin.py:188} INFO - Errors occurred while inserting rows: [{'index': 0, 'errors': [{'reason': 'invalid', 'location': 'news_string', 'debugInfo': '', 'message': 'no such field: news_string.'}]}]
[2024-12-02T18:48:15.581+0000] {logging_mixin.py:188} INFO - Errors occurred while inserting rows: [{'index': 0, 'errors': [{'reason': 'invalid', 'location': 'news_string', 'debugInfo': '', 'message': 'no such field: news_string.'}]}]
[2024-12-02T18:48:15.851+0000] {logging_mixin.py:188} INFO - Errors occurred while inserting rows: [{'index': 0, 'errors': [{'reason': 'invalid', 'location': 'news_string', 'debugInfo': '', 'message': 'no such field: news_string.'}]}]
[2024-12-02T18:48:16.099+0000] {logging_mixin.py:188} INFO - Errors occurred while inserting rows: [{'index': 0, 'errors': [{'reason': 'invalid', 'location': 'news_string', 'debugInfo': '', 'message': 'no such field: news_string.'}]}]
[2024-12-02T18:48:16.350+0000] {logging_mixin.py:188} INFO - Errors occurred while inserting rows: [{'index': 0, 'errors': [{'reason': 'invalid', 'location': 'news_string', 'debugInfo': '', 'message': 'no such field: news_string.'}]}]
[2024-12-02T18:48:16.635+0000] {logging_mixin.py:188} INFO - Errors occurred while inserting rows: [{'index': 0, 'errors': [{'reason': 'invalid', 'location': 'news_string', 'debugInfo': '', 'message': 'no such field: news_string.'}]}]
[2024-12-02T18:48:16.887+0000] {logging_mixin.py:188} INFO - Errors occurred while inserting rows: [{'index': 0, 'errors': [{'reason': 'invalid', 'location': 'news_string', 'debugInfo': '', 'message': 'no such field: news_string.'}]}]
[2024-12-02T18:48:17.144+0000] {logging_mixin.py:188} INFO - Errors occurred while inserting rows: [{'index': 0, 'errors': [{'reason': 'invalid', 'location': 'news_string', 'debugInfo': '', 'message': 'no such field: news_string.'}]}]
[2024-12-02T18:48:17.395+0000] {logging_mixin.py:188} INFO - Errors occurred while inserting rows: [{'index': 0, 'errors': [{'reason': 'invalid', 'location': 'news_string', 'debugInfo': '', 'message': 'no such field: news_string.'}]}]
[2024-12-02T18:48:17.698+0000] {logging_mixin.py:188} INFO - Errors occurred while inserting rows: [{'index': 0, 'errors': [{'reason': 'invalid', 'location': 'news_string', 'debugInfo': '', 'message': 'no such field: news_string.'}]}]
[2024-12-02T18:48:17.958+0000] {logging_mixin.py:188} INFO - Errors occurred while inserting rows: [{'index': 0, 'errors': [{'reason': 'invalid', 'location': 'news_string', 'debugInfo': '', 'message': 'no such field: news_string.'}]}]
[2024-12-02T18:48:18.214+0000] {logging_mixin.py:188} INFO - Errors occurred while inserting rows: [{'index': 0, 'errors': [{'reason': 'invalid', 'location': 'news_string', 'debugInfo': '', 'message': 'no such field: news_string.'}]}]
[2024-12-02T18:48:18.435+0000] {logging_mixin.py:188} INFO - Errors occurred while inserting rows: [{'index': 0, 'errors': [{'reason': 'invalid', 'location': 'news_string', 'debugInfo': '', 'message': 'no such field: news_string.'}]}]
[2024-12-02T18:48:18.688+0000] {logging_mixin.py:188} INFO - Errors occurred while inserting rows: [{'index': 0, 'errors': [{'reason': 'invalid', 'location': 'news_string', 'debugInfo': '', 'message': 'no such field: news_string.'}]}]
[2024-12-02T18:48:18.973+0000] {logging_mixin.py:188} INFO - Errors occurred while inserting rows: [{'index': 0, 'errors': [{'reason': 'invalid', 'location': 'news_string', 'debugInfo': '', 'message': 'no such field: news_string.'}]}]
[2024-12-02T18:48:19.245+0000] {logging_mixin.py:188} INFO - Errors occurred while inserting rows: [{'index': 0, 'errors': [{'reason': 'invalid', 'location': 'news_string', 'debugInfo': '', 'message': 'no such field: news_string.'}]}]
[2024-12-02T18:48:19.559+0000] {logging_mixin.py:188} INFO - Errors occurred while inserting rows: [{'index': 0, 'errors': [{'reason': 'invalid', 'location': 'news_string', 'debugInfo': '', 'message': 'no such field: news_string.'}]}]
[2024-12-02T18:48:19.804+0000] {logging_mixin.py:188} INFO - Errors occurred while inserting rows: [{'index': 0, 'errors': [{'reason': 'invalid', 'location': 'news_string', 'debugInfo': '', 'message': 'no such field: news_string.'}]}]
[2024-12-02T18:48:20.069+0000] {logging_mixin.py:188} INFO - Errors occurred while inserting rows: [{'index': 0, 'errors': [{'reason': 'invalid', 'location': 'news_string', 'debugInfo': '', 'message': 'no such field: news_string.'}]}]
[2024-12-02T18:48:20.288+0000] {logging_mixin.py:188} INFO - Errors occurred while inserting rows: [{'index': 0, 'errors': [{'reason': 'invalid', 'location': 'news_string', 'debugInfo': '', 'message': 'no such field: news_string.'}]}]
[2024-12-02T18:48:20.539+0000] {logging_mixin.py:188} INFO - Errors occurred while inserting rows: [{'index': 0, 'errors': [{'reason': 'invalid', 'location': 'news_string', 'debugInfo': '', 'message': 'no such field: news_string.'}]}]
[2024-12-02T18:48:20.787+0000] {logging_mixin.py:188} INFO - Errors occurred while inserting rows: [{'index': 0, 'errors': [{'reason': 'invalid', 'location': 'news_string', 'debugInfo': '', 'message': 'no such field: news_string.'}]}]
[2024-12-02T18:48:21.078+0000] {logging_mixin.py:188} INFO - Errors occurred while inserting rows: [{'index': 0, 'errors': [{'reason': 'invalid', 'location': 'news_string', 'debugInfo': '', 'message': 'no such field: news_string.'}]}]
[2024-12-02T18:48:21.337+0000] {logging_mixin.py:188} INFO - Errors occurred while inserting rows: [{'index': 0, 'errors': [{'reason': 'invalid', 'location': 'news_string', 'debugInfo': '', 'message': 'no such field: news_string.'}]}]
[2024-12-02T18:48:21.620+0000] {logging_mixin.py:188} INFO - Errors occurred while inserting rows: [{'index': 0, 'errors': [{'reason': 'invalid', 'location': 'news_string', 'debugInfo': '', 'message': 'no such field: news_string.'}]}]
[2024-12-02T18:48:21.886+0000] {logging_mixin.py:188} INFO - Errors occurred while inserting rows: [{'index': 0, 'errors': [{'reason': 'invalid', 'location': 'news_string', 'debugInfo': '', 'message': 'no such field: news_string.'}]}]
[2024-12-02T18:48:22.129+0000] {logging_mixin.py:188} INFO - Errors occurred while inserting rows: [{'index': 0, 'errors': [{'reason': 'invalid', 'location': 'news_string', 'debugInfo': '', 'message': 'no such field: news_string.'}]}]
[2024-12-02T18:48:22.402+0000] {logging_mixin.py:188} INFO - Errors occurred while inserting rows: [{'index': 0, 'errors': [{'reason': 'invalid', 'location': 'news_string', 'debugInfo': '', 'message': 'no such field: news_string.'}]}]
[2024-12-02T18:48:22.666+0000] {logging_mixin.py:188} INFO - Errors occurred while inserting rows: [{'index': 0, 'errors': [{'reason': 'invalid', 'location': 'news_string', 'debugInfo': '', 'message': 'no such field: news_string.'}]}]
[2024-12-02T18:48:22.948+0000] {logging_mixin.py:188} INFO - Errors occurred while inserting rows: [{'index': 0, 'errors': [{'reason': 'invalid', 'location': 'news_string', 'debugInfo': '', 'message': 'no such field: news_string.'}]}]
[2024-12-02T18:48:23.216+0000] {logging_mixin.py:188} INFO - Errors occurred while inserting rows: [{'index': 0, 'errors': [{'reason': 'invalid', 'location': 'news_string', 'debugInfo': '', 'message': 'no such field: news_string.'}]}]
[2024-12-02T18:48:23.488+0000] {logging_mixin.py:188} INFO - Errors occurred while inserting rows: [{'index': 0, 'errors': [{'reason': 'invalid', 'location': 'news_string', 'debugInfo': '', 'message': 'no such field: news_string.'}]}]
[2024-12-02T18:48:23.723+0000] {logging_mixin.py:188} INFO - Errors occurred while inserting rows: [{'index': 0, 'errors': [{'reason': 'invalid', 'location': 'news_string', 'debugInfo': '', 'message': 'no such field: news_string.'}]}]
[2024-12-02T18:48:23.979+0000] {logging_mixin.py:188} INFO - Errors occurred while inserting rows: [{'index': 0, 'errors': [{'reason': 'invalid', 'location': 'news_string', 'debugInfo': '', 'message': 'no such field: news_string.'}]}]
[2024-12-02T18:48:24.245+0000] {logging_mixin.py:188} INFO - Errors occurred while inserting rows: [{'index': 0, 'errors': [{'reason': 'invalid', 'location': 'news_string', 'debugInfo': '', 'message': 'no such field: news_string.'}]}]
[2024-12-02T18:48:24.517+0000] {logging_mixin.py:188} INFO - Errors occurred while inserting rows: [{'index': 0, 'errors': [{'reason': 'invalid', 'location': 'news_string', 'debugInfo': '', 'message': 'no such field: news_string.'}]}]
[2024-12-02T18:48:24.800+0000] {logging_mixin.py:188} INFO - Errors occurred while inserting rows: [{'index': 0, 'errors': [{'reason': 'invalid', 'location': 'news_string', 'debugInfo': '', 'message': 'no such field: news_string.'}]}]
[2024-12-02T18:48:25.023+0000] {logging_mixin.py:188} INFO - Errors occurred while inserting rows: [{'index': 0, 'errors': [{'reason': 'invalid', 'location': 'news_string', 'debugInfo': '', 'message': 'no such field: news_string.'}]}]
[2024-12-02T18:48:25.296+0000] {logging_mixin.py:188} INFO - Errors occurred while inserting rows: [{'index': 0, 'errors': [{'reason': 'invalid', 'location': 'news_string', 'debugInfo': '', 'message': 'no such field: news_string.'}]}]
[2024-12-02T18:48:25.578+0000] {logging_mixin.py:188} INFO - Errors occurred while inserting rows: [{'index': 0, 'errors': [{'reason': 'invalid', 'location': 'news_string', 'debugInfo': '', 'message': 'no such field: news_string.'}]}]
[2024-12-02T18:48:25.826+0000] {logging_mixin.py:188} INFO - Errors occurred while inserting rows: [{'index': 0, 'errors': [{'reason': 'invalid', 'location': 'news_string', 'debugInfo': '', 'message': 'no such field: news_string.'}]}]
[2024-12-02T18:48:26.073+0000] {logging_mixin.py:188} INFO - Errors occurred while inserting rows: [{'index': 0, 'errors': [{'reason': 'invalid', 'location': 'news_string', 'debugInfo': '', 'message': 'no such field: news_string.'}]}]
[2024-12-02T18:48:26.321+0000] {logging_mixin.py:188} INFO - Errors occurred while inserting rows: [{'index': 0, 'errors': [{'reason': 'invalid', 'location': 'news_string', 'debugInfo': '', 'message': 'no such field: news_string.'}]}]
[2024-12-02T18:48:26.571+0000] {logging_mixin.py:188} INFO - Errors occurred while inserting rows: [{'index': 0, 'errors': [{'reason': 'invalid', 'location': 'news_string', 'debugInfo': '', 'message': 'no such field: news_string.'}]}]
[2024-12-02T18:48:26.795+0000] {logging_mixin.py:188} INFO - Errors occurred while inserting rows: [{'index': 0, 'errors': [{'reason': 'invalid', 'location': 'news_string', 'debugInfo': '', 'message': 'no such field: news_string.'}]}]
[2024-12-02T18:48:27.052+0000] {logging_mixin.py:188} INFO - Errors occurred while inserting rows: [{'index': 0, 'errors': [{'reason': 'invalid', 'location': 'news_string', 'debugInfo': '', 'message': 'no such field: news_string.'}]}]
[2024-12-02T18:48:27.331+0000] {logging_mixin.py:188} INFO - Errors occurred while inserting rows: [{'index': 0, 'errors': [{'reason': 'invalid', 'location': 'news_string', 'debugInfo': '', 'message': 'no such field: news_string.'}]}]
[2024-12-02T18:48:27.563+0000] {logging_mixin.py:188} INFO - Errors occurred while inserting rows: [{'index': 0, 'errors': [{'reason': 'invalid', 'location': 'news_string', 'debugInfo': '', 'message': 'no such field: news_string.'}]}]
[2024-12-02T18:48:27.819+0000] {logging_mixin.py:188} INFO - Errors occurred while inserting rows: [{'index': 0, 'errors': [{'reason': 'invalid', 'location': 'news_string', 'debugInfo': '', 'message': 'no such field: news_string.'}]}]
[2024-12-02T18:48:28.054+0000] {logging_mixin.py:188} INFO - Errors occurred while inserting rows: [{'index': 0, 'errors': [{'reason': 'invalid', 'location': 'news_string', 'debugInfo': '', 'message': 'no such field: news_string.'}]}]
[2024-12-02T18:48:28.309+0000] {logging_mixin.py:188} INFO - Errors occurred while inserting rows: [{'index': 0, 'errors': [{'reason': 'invalid', 'location': 'news_string', 'debugInfo': '', 'message': 'no such field: news_string.'}]}]
[2024-12-02T18:48:28.549+0000] {logging_mixin.py:188} INFO - Errors occurred while inserting rows: [{'index': 0, 'errors': [{'reason': 'invalid', 'location': 'news_string', 'debugInfo': '', 'message': 'no such field: news_string.'}]}]
[2024-12-02T18:48:28.794+0000] {logging_mixin.py:188} INFO - Errors occurred while inserting rows: [{'index': 0, 'errors': [{'reason': 'invalid', 'location': 'news_string', 'debugInfo': '', 'message': 'no such field: news_string.'}]}]
[2024-12-02T18:48:29.047+0000] {logging_mixin.py:188} INFO - Errors occurred while inserting rows: [{'index': 0, 'errors': [{'reason': 'invalid', 'location': 'news_string', 'debugInfo': '', 'message': 'no such field: news_string.'}]}]
[2024-12-02T18:48:29.311+0000] {logging_mixin.py:188} INFO - Errors occurred while inserting rows: [{'index': 0, 'errors': [{'reason': 'invalid', 'location': 'news_string', 'debugInfo': '', 'message': 'no such field: news_string.'}]}]
[2024-12-02T18:48:29.572+0000] {logging_mixin.py:188} INFO - Errors occurred while inserting rows: [{'index': 0, 'errors': [{'reason': 'invalid', 'location': 'news_string', 'debugInfo': '', 'message': 'no such field: news_string.'}]}]
[2024-12-02T18:48:29.876+0000] {logging_mixin.py:188} INFO - Errors occurred while inserting rows: [{'index': 0, 'errors': [{'reason': 'invalid', 'location': 'news_string', 'debugInfo': '', 'message': 'no such field: news_string.'}]}]
[2024-12-02T18:48:30.133+0000] {logging_mixin.py:188} INFO - Errors occurred while inserting rows: [{'index': 0, 'errors': [{'reason': 'invalid', 'location': 'news_string', 'debugInfo': '', 'message': 'no such field: news_string.'}]}]
[2024-12-02T18:48:30.389+0000] {logging_mixin.py:188} INFO - Errors occurred while inserting rows: [{'index': 0, 'errors': [{'reason': 'invalid', 'location': 'news_string', 'debugInfo': '', 'message': 'no such field: news_string.'}]}]
[2024-12-02T18:48:30.617+0000] {logging_mixin.py:188} INFO - Errors occurred while inserting rows: [{'index': 0, 'errors': [{'reason': 'invalid', 'location': 'news_string', 'debugInfo': '', 'message': 'no such field: news_string.'}]}]
[2024-12-02T18:48:30.875+0000] {logging_mixin.py:188} INFO - Errors occurred while inserting rows: [{'index': 0, 'errors': [{'reason': 'invalid', 'location': 'news_string', 'debugInfo': '', 'message': 'no such field: news_string.'}]}]
[2024-12-02T18:48:31.087+0000] {logging_mixin.py:188} INFO - Errors occurred while inserting rows: [{'index': 0, 'errors': [{'reason': 'invalid', 'location': 'news_string', 'debugInfo': '', 'message': 'no such field: news_string.'}]}]
[2024-12-02T18:48:31.333+0000] {logging_mixin.py:188} INFO - Errors occurred while inserting rows: [{'index': 0, 'errors': [{'reason': 'invalid', 'location': 'news_string', 'debugInfo': '', 'message': 'no such field: news_string.'}]}]
[2024-12-02T18:48:31.587+0000] {logging_mixin.py:188} INFO - Errors occurred while inserting rows: [{'index': 0, 'errors': [{'reason': 'invalid', 'location': 'news_string', 'debugInfo': '', 'message': 'no such field: news_string.'}]}]
[2024-12-02T18:48:31.828+0000] {logging_mixin.py:188} INFO - Errors occurred while inserting rows: [{'index': 0, 'errors': [{'reason': 'invalid', 'location': 'news_string', 'debugInfo': '', 'message': 'no such field: news_string.'}]}]
[2024-12-02T18:48:32.063+0000] {logging_mixin.py:188} INFO - Errors occurred while inserting rows: [{'index': 0, 'errors': [{'reason': 'invalid', 'location': 'news_string', 'debugInfo': '', 'message': 'no such field: news_string.'}]}]
[2024-12-02T18:48:32.320+0000] {logging_mixin.py:188} INFO - Errors occurred while inserting rows: [{'index': 0, 'errors': [{'reason': 'invalid', 'location': 'news_string', 'debugInfo': '', 'message': 'no such field: news_string.'}]}]
[2024-12-02T18:48:32.549+0000] {logging_mixin.py:188} INFO - Errors occurred while inserting rows: [{'index': 0, 'errors': [{'reason': 'invalid', 'location': 'news_string', 'debugInfo': '', 'message': 'no such field: news_string.'}]}]
[2024-12-02T18:48:32.789+0000] {logging_mixin.py:188} INFO - Errors occurred while inserting rows: [{'index': 0, 'errors': [{'reason': 'invalid', 'location': 'news_string', 'debugInfo': '', 'message': 'no such field: news_string.'}]}]
[2024-12-02T18:48:33.037+0000] {logging_mixin.py:188} INFO - Errors occurred while inserting rows: [{'index': 0, 'errors': [{'reason': 'invalid', 'location': 'news_string', 'debugInfo': '', 'message': 'no such field: news_string.'}]}]
[2024-12-02T18:48:33.299+0000] {logging_mixin.py:188} INFO - Errors occurred while inserting rows: [{'index': 0, 'errors': [{'reason': 'invalid', 'location': 'news_string', 'debugInfo': '', 'message': 'no such field: news_string.'}]}]
[2024-12-02T18:48:33.543+0000] {logging_mixin.py:188} INFO - Errors occurred while inserting rows: [{'index': 0, 'errors': [{'reason': 'invalid', 'location': 'news_string', 'debugInfo': '', 'message': 'no such field: news_string.'}]}]
[2024-12-02T18:48:33.761+0000] {logging_mixin.py:188} INFO - Errors occurred while inserting rows: [{'index': 0, 'errors': [{'reason': 'invalid', 'location': 'news_string', 'debugInfo': '', 'message': 'no such field: news_string.'}]}]
[2024-12-02T18:48:34.009+0000] {logging_mixin.py:188} INFO - Errors occurred while inserting rows: [{'index': 0, 'errors': [{'reason': 'invalid', 'location': 'news_string', 'debugInfo': '', 'message': 'no such field: news_string.'}]}]
[2024-12-02T18:48:34.235+0000] {logging_mixin.py:188} INFO - Errors occurred while inserting rows: [{'index': 0, 'errors': [{'reason': 'invalid', 'location': 'news_string', 'debugInfo': '', 'message': 'no such field: news_string.'}]}]
[2024-12-02T18:48:34.459+0000] {logging_mixin.py:188} INFO - Errors occurred while inserting rows: [{'index': 0, 'errors': [{'reason': 'invalid', 'location': 'news_string', 'debugInfo': '', 'message': 'no such field: news_string.'}]}]
[2024-12-02T18:48:34.715+0000] {logging_mixin.py:188} INFO - Errors occurred while inserting rows: [{'index': 0, 'errors': [{'reason': 'invalid', 'location': 'news_string', 'debugInfo': '', 'message': 'no such field: news_string.'}]}]
[2024-12-02T18:48:34.995+0000] {logging_mixin.py:188} INFO - Errors occurred while inserting rows: [{'index': 0, 'errors': [{'reason': 'invalid', 'location': 'news_string', 'debugInfo': '', 'message': 'no such field: news_string.'}]}]
[2024-12-02T18:48:35.240+0000] {logging_mixin.py:188} INFO - Errors occurred while inserting rows: [{'index': 0, 'errors': [{'reason': 'invalid', 'location': 'news_string', 'debugInfo': '', 'message': 'no such field: news_string.'}]}]
[2024-12-02T18:48:35.482+0000] {logging_mixin.py:188} INFO - Errors occurred while inserting rows: [{'index': 0, 'errors': [{'reason': 'invalid', 'location': 'news_string', 'debugInfo': '', 'message': 'no such field: news_string.'}]}]
[2024-12-02T18:48:35.705+0000] {logging_mixin.py:188} INFO - Errors occurred while inserting rows: [{'index': 0, 'errors': [{'reason': 'invalid', 'location': 'news_string', 'debugInfo': '', 'message': 'no such field: news_string.'}]}]
[2024-12-02T18:48:35.954+0000] {logging_mixin.py:188} INFO - Errors occurred while inserting rows: [{'index': 0, 'errors': [{'reason': 'invalid', 'location': 'news_string', 'debugInfo': '', 'message': 'no such field: news_string.'}]}]
[2024-12-02T18:48:36.200+0000] {logging_mixin.py:188} INFO - Errors occurred while inserting rows: [{'index': 0, 'errors': [{'reason': 'invalid', 'location': 'news_string', 'debugInfo': '', 'message': 'no such field: news_string.'}]}]
[2024-12-02T18:48:36.427+0000] {logging_mixin.py:188} INFO - Errors occurred while inserting rows: [{'index': 0, 'errors': [{'reason': 'invalid', 'location': 'news_string', 'debugInfo': '', 'message': 'no such field: news_string.'}]}]
[2024-12-02T18:48:36.679+0000] {logging_mixin.py:188} INFO - Errors occurred while inserting rows: [{'index': 0, 'errors': [{'reason': 'invalid', 'location': 'news_string', 'debugInfo': '', 'message': 'no such field: news_string.'}]}]
[2024-12-02T18:48:36.944+0000] {logging_mixin.py:188} INFO - Errors occurred while inserting rows: [{'index': 0, 'errors': [{'reason': 'invalid', 'location': 'news_string', 'debugInfo': '', 'message': 'no such field: news_string.'}]}]
[2024-12-02T18:48:37.200+0000] {logging_mixin.py:188} INFO - Errors occurred while inserting rows: [{'index': 0, 'errors': [{'reason': 'invalid', 'location': 'news_string', 'debugInfo': '', 'message': 'no such field: news_string.'}]}]
[2024-12-02T18:48:37.442+0000] {logging_mixin.py:188} INFO - Errors occurred while inserting rows: [{'index': 0, 'errors': [{'reason': 'invalid', 'location': 'news_string', 'debugInfo': '', 'message': 'no such field: news_string.'}]}]
[2024-12-02T18:48:37.684+0000] {logging_mixin.py:188} INFO - Errors occurred while inserting rows: [{'index': 0, 'errors': [{'reason': 'invalid', 'location': 'news_string', 'debugInfo': '', 'message': 'no such field: news_string.'}]}]
[2024-12-02T18:48:37.923+0000] {logging_mixin.py:188} INFO - Errors occurred while inserting rows: [{'index': 0, 'errors': [{'reason': 'invalid', 'location': 'news_string', 'debugInfo': '', 'message': 'no such field: news_string.'}]}]
[2024-12-02T18:48:38.176+0000] {logging_mixin.py:188} INFO - Errors occurred while inserting rows: [{'index': 0, 'errors': [{'reason': 'invalid', 'location': 'news_string', 'debugInfo': '', 'message': 'no such field: news_string.'}]}]
[2024-12-02T18:48:38.425+0000] {logging_mixin.py:188} INFO - Errors occurred while inserting rows: [{'index': 0, 'errors': [{'reason': 'invalid', 'location': 'news_string', 'debugInfo': '', 'message': 'no such field: news_string.'}]}]
[2024-12-02T18:48:38.678+0000] {logging_mixin.py:188} INFO - Errors occurred while inserting rows: [{'index': 0, 'errors': [{'reason': 'invalid', 'location': 'news_string', 'debugInfo': '', 'message': 'no such field: news_string.'}]}]
[2024-12-02T18:48:38.911+0000] {logging_mixin.py:188} INFO - Errors occurred while inserting rows: [{'index': 0, 'errors': [{'reason': 'invalid', 'location': 'news_string', 'debugInfo': '', 'message': 'no such field: news_string.'}]}]
[2024-12-02T18:48:39.158+0000] {logging_mixin.py:188} INFO - Errors occurred while inserting rows: [{'index': 0, 'errors': [{'reason': 'invalid', 'location': 'news_string', 'debugInfo': '', 'message': 'no such field: news_string.'}]}]
[2024-12-02T18:48:39.415+0000] {logging_mixin.py:188} INFO - Errors occurred while inserting rows: [{'index': 0, 'errors': [{'reason': 'invalid', 'location': 'news_string', 'debugInfo': '', 'message': 'no such field: news_string.'}]}]
[2024-12-02T18:48:39.672+0000] {logging_mixin.py:188} INFO - Errors occurred while inserting rows: [{'index': 0, 'errors': [{'reason': 'invalid', 'location': 'news_string', 'debugInfo': '', 'message': 'no such field: news_string.'}]}]
[2024-12-02T18:48:39.917+0000] {logging_mixin.py:188} INFO - Errors occurred while inserting rows: [{'index': 0, 'errors': [{'reason': 'invalid', 'location': 'news_string', 'debugInfo': '', 'message': 'no such field: news_string.'}]}]
[2024-12-02T18:48:40.183+0000] {logging_mixin.py:188} INFO - Errors occurred while inserting rows: [{'index': 0, 'errors': [{'reason': 'invalid', 'location': 'news_string', 'debugInfo': '', 'message': 'no such field: news_string.'}]}]
[2024-12-02T18:48:40.435+0000] {logging_mixin.py:188} INFO - Errors occurred while inserting rows: [{'index': 0, 'errors': [{'reason': 'invalid', 'location': 'news_string', 'debugInfo': '', 'message': 'no such field: news_string.'}]}]
[2024-12-02T18:48:40.659+0000] {logging_mixin.py:188} INFO - Errors occurred while inserting rows: [{'index': 0, 'errors': [{'reason': 'invalid', 'location': 'news_string', 'debugInfo': '', 'message': 'no such field: news_string.'}]}]
[2024-12-02T18:48:40.923+0000] {logging_mixin.py:188} INFO - Errors occurred while inserting rows: [{'index': 0, 'errors': [{'reason': 'invalid', 'location': 'news_string', 'debugInfo': '', 'message': 'no such field: news_string.'}]}]
[2024-12-02T18:48:41.192+0000] {logging_mixin.py:188} INFO - Errors occurred while inserting rows: [{'index': 0, 'errors': [{'reason': 'invalid', 'location': 'news_string', 'debugInfo': '', 'message': 'no such field: news_string.'}]}]
[2024-12-02T18:48:41.450+0000] {logging_mixin.py:188} INFO - Errors occurred while inserting rows: [{'index': 0, 'errors': [{'reason': 'invalid', 'location': 'news_string', 'debugInfo': '', 'message': 'no such field: news_string.'}]}]
[2024-12-02T18:48:41.676+0000] {logging_mixin.py:188} INFO - Errors occurred while inserting rows: [{'index': 0, 'errors': [{'reason': 'invalid', 'location': 'news_string', 'debugInfo': '', 'message': 'no such field: news_string.'}]}]
[2024-12-02T18:48:41.902+0000] {logging_mixin.py:188} INFO - Errors occurred while inserting rows: [{'index': 0, 'errors': [{'reason': 'invalid', 'location': 'news_string', 'debugInfo': '', 'message': 'no such field: news_string.'}]}]
[2024-12-02T18:48:42.156+0000] {logging_mixin.py:188} INFO - Errors occurred while inserting rows: [{'index': 0, 'errors': [{'reason': 'invalid', 'location': 'news_string', 'debugInfo': '', 'message': 'no such field: news_string.'}]}]
[2024-12-02T18:48:42.372+0000] {logging_mixin.py:188} INFO - Errors occurred while inserting rows: [{'index': 0, 'errors': [{'reason': 'invalid', 'location': 'news_string', 'debugInfo': '', 'message': 'no such field: news_string.'}]}]
[2024-12-02T18:48:42.635+0000] {logging_mixin.py:188} INFO - Errors occurred while inserting rows: [{'index': 0, 'errors': [{'reason': 'invalid', 'location': 'news_string', 'debugInfo': '', 'message': 'no such field: news_string.'}]}]
[2024-12-02T18:48:42.884+0000] {logging_mixin.py:188} INFO - Errors occurred while inserting rows: [{'index': 0, 'errors': [{'reason': 'invalid', 'location': 'news_string', 'debugInfo': '', 'message': 'no such field: news_string.'}]}]
[2024-12-02T18:48:43.142+0000] {logging_mixin.py:188} INFO - Errors occurred while inserting rows: [{'index': 0, 'errors': [{'reason': 'invalid', 'location': 'news_string', 'debugInfo': '', 'message': 'no such field: news_string.'}]}]
[2024-12-02T18:48:43.395+0000] {logging_mixin.py:188} INFO - Errors occurred while inserting rows: [{'index': 0, 'errors': [{'reason': 'invalid', 'location': 'news_string', 'debugInfo': '', 'message': 'no such field: news_string.'}]}]
[2024-12-02T18:48:43.629+0000] {logging_mixin.py:188} INFO - Errors occurred while inserting rows: [{'index': 0, 'errors': [{'reason': 'invalid', 'location': 'news_string', 'debugInfo': '', 'message': 'no such field: news_string.'}]}]
[2024-12-02T18:48:43.860+0000] {logging_mixin.py:188} INFO - Errors occurred while inserting rows: [{'index': 0, 'errors': [{'reason': 'invalid', 'location': 'news_string', 'debugInfo': '', 'message': 'no such field: news_string.'}]}]
[2024-12-02T18:48:44.125+0000] {logging_mixin.py:188} INFO - Errors occurred while inserting rows: [{'index': 0, 'errors': [{'reason': 'invalid', 'location': 'news_string', 'debugInfo': '', 'message': 'no such field: news_string.'}]}]
[2024-12-02T18:48:44.347+0000] {logging_mixin.py:188} INFO - Errors occurred while inserting rows: [{'index': 0, 'errors': [{'reason': 'invalid', 'location': 'news_string', 'debugInfo': '', 'message': 'no such field: news_string.'}]}]
[2024-12-02T18:48:44.598+0000] {logging_mixin.py:188} INFO - Errors occurred while inserting rows: [{'index': 0, 'errors': [{'reason': 'invalid', 'location': 'news_string', 'debugInfo': '', 'message': 'no such field: news_string.'}]}]
[2024-12-02T18:48:44.867+0000] {logging_mixin.py:188} INFO - Errors occurred while inserting rows: [{'index': 0, 'errors': [{'reason': 'invalid', 'location': 'news_string', 'debugInfo': '', 'message': 'no such field: news_string.'}]}]
[2024-12-02T18:48:45.116+0000] {logging_mixin.py:188} INFO - Errors occurred while inserting rows: [{'index': 0, 'errors': [{'reason': 'invalid', 'location': 'news_string', 'debugInfo': '', 'message': 'no such field: news_string.'}]}]
[2024-12-02T18:48:45.350+0000] {logging_mixin.py:188} INFO - Errors occurred while inserting rows: [{'index': 0, 'errors': [{'reason': 'invalid', 'location': 'news_string', 'debugInfo': '', 'message': 'no such field: news_string.'}]}]
[2024-12-02T18:48:45.591+0000] {logging_mixin.py:188} INFO - Errors occurred while inserting rows: [{'index': 0, 'errors': [{'reason': 'invalid', 'location': 'news_string', 'debugInfo': '', 'message': 'no such field: news_string.'}]}]
[2024-12-02T18:48:45.849+0000] {logging_mixin.py:188} INFO - Errors occurred while inserting rows: [{'index': 0, 'errors': [{'reason': 'invalid', 'location': 'news_string', 'debugInfo': '', 'message': 'no such field: news_string.'}]}]
[2024-12-02T18:48:46.068+0000] {logging_mixin.py:188} INFO - Errors occurred while inserting rows: [{'index': 0, 'errors': [{'reason': 'invalid', 'location': 'news_string', 'debugInfo': '', 'message': 'no such field: news_string.'}]}]
[2024-12-02T18:48:46.329+0000] {logging_mixin.py:188} INFO - Errors occurred while inserting rows: [{'index': 0, 'errors': [{'reason': 'invalid', 'location': 'news_string', 'debugInfo': '', 'message': 'no such field: news_string.'}]}]
[2024-12-02T18:48:46.584+0000] {logging_mixin.py:188} INFO - Errors occurred while inserting rows: [{'index': 0, 'errors': [{'reason': 'invalid', 'location': 'news_string', 'debugInfo': '', 'message': 'no such field: news_string.'}]}]
[2024-12-02T18:48:46.834+0000] {logging_mixin.py:188} INFO - Errors occurred while inserting rows: [{'index': 0, 'errors': [{'reason': 'invalid', 'location': 'news_string', 'debugInfo': '', 'message': 'no such field: news_string.'}]}]
[2024-12-02T18:48:47.089+0000] {logging_mixin.py:188} INFO - Errors occurred while inserting rows: [{'index': 0, 'errors': [{'reason': 'invalid', 'location': 'news_string', 'debugInfo': '', 'message': 'no such field: news_string.'}]}]
[2024-12-02T18:48:47.324+0000] {logging_mixin.py:188} INFO - Errors occurred while inserting rows: [{'index': 0, 'errors': [{'reason': 'invalid', 'location': 'news_string', 'debugInfo': '', 'message': 'no such field: news_string.'}]}]
[2024-12-02T18:48:47.577+0000] {logging_mixin.py:188} INFO - Errors occurred while inserting rows: [{'index': 0, 'errors': [{'reason': 'invalid', 'location': 'news_string', 'debugInfo': '', 'message': 'no such field: news_string.'}]}]
[2024-12-02T18:48:47.813+0000] {logging_mixin.py:188} INFO - Errors occurred while inserting rows: [{'index': 0, 'errors': [{'reason': 'invalid', 'location': 'news_string', 'debugInfo': '', 'message': 'no such field: news_string.'}]}]
[2024-12-02T18:48:48.062+0000] {logging_mixin.py:188} INFO - Errors occurred while inserting rows: [{'index': 0, 'errors': [{'reason': 'invalid', 'location': 'news_string', 'debugInfo': '', 'message': 'no such field: news_string.'}]}]
[2024-12-02T18:48:48.330+0000] {logging_mixin.py:188} INFO - Errors occurred while inserting rows: [{'index': 0, 'errors': [{'reason': 'invalid', 'location': 'news_string', 'debugInfo': '', 'message': 'no such field: news_string.'}]}]
[2024-12-02T18:48:48.580+0000] {logging_mixin.py:188} INFO - Errors occurred while inserting rows: [{'index': 0, 'errors': [{'reason': 'invalid', 'location': 'news_string', 'debugInfo': '', 'message': 'no such field: news_string.'}]}]
[2024-12-02T18:48:48.845+0000] {logging_mixin.py:188} INFO - Errors occurred while inserting rows: [{'index': 0, 'errors': [{'reason': 'invalid', 'location': 'news_string', 'debugInfo': '', 'message': 'no such field: news_string.'}]}]
[2024-12-02T18:48:49.102+0000] {logging_mixin.py:188} INFO - Errors occurred while inserting rows: [{'index': 0, 'errors': [{'reason': 'invalid', 'location': 'news_string', 'debugInfo': '', 'message': 'no such field: news_string.'}]}]
[2024-12-02T18:48:49.341+0000] {logging_mixin.py:188} INFO - Errors occurred while inserting rows: [{'index': 0, 'errors': [{'reason': 'invalid', 'location': 'news_string', 'debugInfo': '', 'message': 'no such field: news_string.'}]}]
[2024-12-02T18:48:49.589+0000] {logging_mixin.py:188} INFO - Errors occurred while inserting rows: [{'index': 0, 'errors': [{'reason': 'invalid', 'location': 'news_string', 'debugInfo': '', 'message': 'no such field: news_string.'}]}]
[2024-12-02T18:48:49.840+0000] {logging_mixin.py:188} INFO - Errors occurred while inserting rows: [{'index': 0, 'errors': [{'reason': 'invalid', 'location': 'news_string', 'debugInfo': '', 'message': 'no such field: news_string.'}]}]
[2024-12-02T18:48:50.084+0000] {logging_mixin.py:188} INFO - Errors occurred while inserting rows: [{'index': 0, 'errors': [{'reason': 'invalid', 'location': 'news_string', 'debugInfo': '', 'message': 'no such field: news_string.'}]}]
[2024-12-02T18:48:50.326+0000] {logging_mixin.py:188} INFO - Errors occurred while inserting rows: [{'index': 0, 'errors': [{'reason': 'invalid', 'location': 'news_string', 'debugInfo': '', 'message': 'no such field: news_string.'}]}]
[2024-12-02T18:48:50.575+0000] {logging_mixin.py:188} INFO - Errors occurred while inserting rows: [{'index': 0, 'errors': [{'reason': 'invalid', 'location': 'news_string', 'debugInfo': '', 'message': 'no such field: news_string.'}]}]
[2024-12-02T18:48:50.828+0000] {logging_mixin.py:188} INFO - Errors occurred while inserting rows: [{'index': 0, 'errors': [{'reason': 'invalid', 'location': 'news_string', 'debugInfo': '', 'message': 'no such field: news_string.'}]}]
[2024-12-02T18:48:51.092+0000] {logging_mixin.py:188} INFO - Errors occurred while inserting rows: [{'index': 0, 'errors': [{'reason': 'invalid', 'location': 'news_string', 'debugInfo': '', 'message': 'no such field: news_string.'}]}]
[2024-12-02T18:48:51.373+0000] {logging_mixin.py:188} INFO - Errors occurred while inserting rows: [{'index': 0, 'errors': [{'reason': 'invalid', 'location': 'news_string', 'debugInfo': '', 'message': 'no such field: news_string.'}]}]
[2024-12-02T18:48:51.598+0000] {logging_mixin.py:188} INFO - Errors occurred while inserting rows: [{'index': 0, 'errors': [{'reason': 'invalid', 'location': 'news_string', 'debugInfo': '', 'message': 'no such field: news_string.'}]}]
[2024-12-02T18:48:51.850+0000] {logging_mixin.py:188} INFO - Errors occurred while inserting rows: [{'index': 0, 'errors': [{'reason': 'invalid', 'location': 'news_string', 'debugInfo': '', 'message': 'no such field: news_string.'}]}]
[2024-12-02T18:48:52.102+0000] {logging_mixin.py:188} INFO - Errors occurred while inserting rows: [{'index': 0, 'errors': [{'reason': 'invalid', 'location': 'news_string', 'debugInfo': '', 'message': 'no such field: news_string.'}]}]
[2024-12-02T18:48:52.368+0000] {logging_mixin.py:188} INFO - Errors occurred while inserting rows: [{'index': 0, 'errors': [{'reason': 'invalid', 'location': 'news_string', 'debugInfo': '', 'message': 'no such field: news_string.'}]}]
[2024-12-02T18:48:52.598+0000] {logging_mixin.py:188} INFO - Errors occurred while inserting rows: [{'index': 0, 'errors': [{'reason': 'invalid', 'location': 'news_string', 'debugInfo': '', 'message': 'no such field: news_string.'}]}]
[2024-12-02T18:48:52.858+0000] {logging_mixin.py:188} INFO - Errors occurred while inserting rows: [{'index': 0, 'errors': [{'reason': 'invalid', 'location': 'news_string', 'debugInfo': '', 'message': 'no such field: news_string.'}]}]
[2024-12-02T18:48:53.098+0000] {logging_mixin.py:188} INFO - Errors occurred while inserting rows: [{'index': 0, 'errors': [{'reason': 'invalid', 'location': 'news_string', 'debugInfo': '', 'message': 'no such field: news_string.'}]}]
[2024-12-02T18:48:53.353+0000] {logging_mixin.py:188} INFO - Errors occurred while inserting rows: [{'index': 0, 'errors': [{'reason': 'invalid', 'location': 'news_string', 'debugInfo': '', 'message': 'no such field: news_string.'}]}]
[2024-12-02T18:48:53.596+0000] {logging_mixin.py:188} INFO - Errors occurred while inserting rows: [{'index': 0, 'errors': [{'reason': 'invalid', 'location': 'news_string', 'debugInfo': '', 'message': 'no such field: news_string.'}]}]
[2024-12-02T18:48:53.858+0000] {logging_mixin.py:188} INFO - Errors occurred while inserting rows: [{'index': 0, 'errors': [{'reason': 'invalid', 'location': 'news_string', 'debugInfo': '', 'message': 'no such field: news_string.'}]}]
[2024-12-02T18:48:54.106+0000] {logging_mixin.py:188} INFO - Errors occurred while inserting rows: [{'index': 0, 'errors': [{'reason': 'invalid', 'location': 'news_string', 'debugInfo': '', 'message': 'no such field: news_string.'}]}]
[2024-12-02T18:48:54.353+0000] {logging_mixin.py:188} INFO - Errors occurred while inserting rows: [{'index': 0, 'errors': [{'reason': 'invalid', 'location': 'news_string', 'debugInfo': '', 'message': 'no such field: news_string.'}]}]
[2024-12-02T18:48:54.604+0000] {logging_mixin.py:188} INFO - Errors occurred while inserting rows: [{'index': 0, 'errors': [{'reason': 'invalid', 'location': 'news_string', 'debugInfo': '', 'message': 'no such field: news_string.'}]}]
[2024-12-02T18:48:54.869+0000] {logging_mixin.py:188} INFO - Errors occurred while inserting rows: [{'index': 0, 'errors': [{'reason': 'invalid', 'location': 'news_string', 'debugInfo': '', 'message': 'no such field: news_string.'}]}]
[2024-12-02T18:48:55.115+0000] {logging_mixin.py:188} INFO - Errors occurred while inserting rows: [{'index': 0, 'errors': [{'reason': 'invalid', 'location': 'news_string', 'debugInfo': '', 'message': 'no such field: news_string.'}]}]
[2024-12-02T18:48:55.372+0000] {logging_mixin.py:188} INFO - Errors occurred while inserting rows: [{'index': 0, 'errors': [{'reason': 'invalid', 'location': 'news_string', 'debugInfo': '', 'message': 'no such field: news_string.'}]}]
[2024-12-02T18:48:55.629+0000] {logging_mixin.py:188} INFO - Errors occurred while inserting rows: [{'index': 0, 'errors': [{'reason': 'invalid', 'location': 'news_string', 'debugInfo': '', 'message': 'no such field: news_string.'}]}]
[2024-12-02T18:48:55.873+0000] {logging_mixin.py:188} INFO - Errors occurred while inserting rows: [{'index': 0, 'errors': [{'reason': 'invalid', 'location': 'news_string', 'debugInfo': '', 'message': 'no such field: news_string.'}]}]
[2024-12-02T18:48:56.098+0000] {logging_mixin.py:188} INFO - Errors occurred while inserting rows: [{'index': 0, 'errors': [{'reason': 'invalid', 'location': 'news_string', 'debugInfo': '', 'message': 'no such field: news_string.'}]}]
[2024-12-02T18:48:56.331+0000] {logging_mixin.py:188} INFO - Errors occurred while inserting rows: [{'index': 0, 'errors': [{'reason': 'invalid', 'location': 'news_string', 'debugInfo': '', 'message': 'no such field: news_string.'}]}]
[2024-12-02T18:48:56.584+0000] {logging_mixin.py:188} INFO - Errors occurred while inserting rows: [{'index': 0, 'errors': [{'reason': 'invalid', 'location': 'news_string', 'debugInfo': '', 'message': 'no such field: news_string.'}]}]
[2024-12-02T18:48:56.835+0000] {logging_mixin.py:188} INFO - Errors occurred while inserting rows: [{'index': 0, 'errors': [{'reason': 'invalid', 'location': 'news_string', 'debugInfo': '', 'message': 'no such field: news_string.'}]}]
[2024-12-02T18:48:57.097+0000] {logging_mixin.py:188} INFO - Errors occurred while inserting rows: [{'index': 0, 'errors': [{'reason': 'invalid', 'location': 'news_string', 'debugInfo': '', 'message': 'no such field: news_string.'}]}]
[2024-12-02T18:48:57.341+0000] {logging_mixin.py:188} INFO - Errors occurred while inserting rows: [{'index': 0, 'errors': [{'reason': 'invalid', 'location': 'news_string', 'debugInfo': '', 'message': 'no such field: news_string.'}]}]
[2024-12-02T18:48:57.640+0000] {logging_mixin.py:188} INFO - Errors occurred while inserting rows: [{'index': 0, 'errors': [{'reason': 'invalid', 'location': 'news_string', 'debugInfo': '', 'message': 'no such field: news_string.'}]}]
[2024-12-02T18:48:57.900+0000] {logging_mixin.py:188} INFO - Errors occurred while inserting rows: [{'index': 0, 'errors': [{'reason': 'invalid', 'location': 'news_string', 'debugInfo': '', 'message': 'no such field: news_string.'}]}]
[2024-12-02T18:48:58.146+0000] {logging_mixin.py:188} INFO - Errors occurred while inserting rows: [{'index': 0, 'errors': [{'reason': 'invalid', 'location': 'news_string', 'debugInfo': '', 'message': 'no such field: news_string.'}]}]
[2024-12-02T18:48:58.400+0000] {logging_mixin.py:188} INFO - Errors occurred while inserting rows: [{'index': 0, 'errors': [{'reason': 'invalid', 'location': 'news_string', 'debugInfo': '', 'message': 'no such field: news_string.'}]}]
[2024-12-02T18:48:58.646+0000] {logging_mixin.py:188} INFO - Errors occurred while inserting rows: [{'index': 0, 'errors': [{'reason': 'invalid', 'location': 'news_string', 'debugInfo': '', 'message': 'no such field: news_string.'}]}]
[2024-12-02T18:48:58.888+0000] {logging_mixin.py:188} INFO - Errors occurred while inserting rows: [{'index': 0, 'errors': [{'reason': 'invalid', 'location': 'news_string', 'debugInfo': '', 'message': 'no such field: news_string.'}]}]
[2024-12-02T18:48:59.157+0000] {logging_mixin.py:188} INFO - Errors occurred while inserting rows: [{'index': 0, 'errors': [{'reason': 'invalid', 'location': 'news_string', 'debugInfo': '', 'message': 'no such field: news_string.'}]}]
[2024-12-02T18:48:59.428+0000] {logging_mixin.py:188} INFO - Errors occurred while inserting rows: [{'index': 0, 'errors': [{'reason': 'invalid', 'location': 'news_string', 'debugInfo': '', 'message': 'no such field: news_string.'}]}]
[2024-12-02T18:48:59.668+0000] {logging_mixin.py:188} INFO - Errors occurred while inserting rows: [{'index': 0, 'errors': [{'reason': 'invalid', 'location': 'news_string', 'debugInfo': '', 'message': 'no such field: news_string.'}]}]
[2024-12-02T18:48:59.920+0000] {logging_mixin.py:188} INFO - Errors occurred while inserting rows: [{'index': 0, 'errors': [{'reason': 'invalid', 'location': 'news_string', 'debugInfo': '', 'message': 'no such field: news_string.'}]}]
[2024-12-02T18:49:00.161+0000] {logging_mixin.py:188} INFO - Errors occurred while inserting rows: [{'index': 0, 'errors': [{'reason': 'invalid', 'location': 'news_string', 'debugInfo': '', 'message': 'no such field: news_string.'}]}]
[2024-12-02T18:49:00.439+0000] {logging_mixin.py:188} INFO - Errors occurred while inserting rows: [{'index': 0, 'errors': [{'reason': 'invalid', 'location': 'news_string', 'debugInfo': '', 'message': 'no such field: news_string.'}]}]
[2024-12-02T18:49:00.797+0000] {logging_mixin.py:188} INFO - Errors occurred while inserting rows: [{'index': 0, 'errors': [{'reason': 'invalid', 'location': 'news_string', 'debugInfo': '', 'message': 'no such field: news_string.'}]}]
[2024-12-02T18:49:01.025+0000] {logging_mixin.py:188} INFO - Errors occurred while inserting rows: [{'index': 0, 'errors': [{'reason': 'invalid', 'location': 'news_string', 'debugInfo': '', 'message': 'no such field: news_string.'}]}]
[2024-12-02T18:49:01.255+0000] {logging_mixin.py:188} INFO - Errors occurred while inserting rows: [{'index': 0, 'errors': [{'reason': 'invalid', 'location': 'news_string', 'debugInfo': '', 'message': 'no such field: news_string.'}]}]
[2024-12-02T18:49:01.483+0000] {logging_mixin.py:188} INFO - Errors occurred while inserting rows: [{'index': 0, 'errors': [{'reason': 'invalid', 'location': 'news_string', 'debugInfo': '', 'message': 'no such field: news_string.'}]}]
[2024-12-02T18:49:01.707+0000] {logging_mixin.py:188} INFO - Errors occurred while inserting rows: [{'index': 0, 'errors': [{'reason': 'invalid', 'location': 'news_string', 'debugInfo': '', 'message': 'no such field: news_string.'}]}]
[2024-12-02T18:49:01.964+0000] {logging_mixin.py:188} INFO - Errors occurred while inserting rows: [{'index': 0, 'errors': [{'reason': 'invalid', 'location': 'news_string', 'debugInfo': '', 'message': 'no such field: news_string.'}]}]
[2024-12-02T18:49:02.209+0000] {logging_mixin.py:188} INFO - Errors occurred while inserting rows: [{'index': 0, 'errors': [{'reason': 'invalid', 'location': 'news_string', 'debugInfo': '', 'message': 'no such field: news_string.'}]}]
[2024-12-02T18:49:02.451+0000] {logging_mixin.py:188} INFO - Errors occurred while inserting rows: [{'index': 0, 'errors': [{'reason': 'invalid', 'location': 'news_string', 'debugInfo': '', 'message': 'no such field: news_string.'}]}]
[2024-12-02T18:49:02.713+0000] {logging_mixin.py:188} INFO - Errors occurred while inserting rows: [{'index': 0, 'errors': [{'reason': 'invalid', 'location': 'news_string', 'debugInfo': '', 'message': 'no such field: news_string.'}]}]
[2024-12-02T18:49:02.944+0000] {logging_mixin.py:188} INFO - Errors occurred while inserting rows: [{'index': 0, 'errors': [{'reason': 'invalid', 'location': 'news_string', 'debugInfo': '', 'message': 'no such field: news_string.'}]}]
[2024-12-02T18:49:03.203+0000] {logging_mixin.py:188} INFO - Errors occurred while inserting rows: [{'index': 0, 'errors': [{'reason': 'invalid', 'location': 'news_string', 'debugInfo': '', 'message': 'no such field: news_string.'}]}]
[2024-12-02T18:49:03.453+0000] {logging_mixin.py:188} INFO - Errors occurred while inserting rows: [{'index': 0, 'errors': [{'reason': 'invalid', 'location': 'news_string', 'debugInfo': '', 'message': 'no such field: news_string.'}]}]
[2024-12-02T18:49:03.690+0000] {logging_mixin.py:188} INFO - Errors occurred while inserting rows: [{'index': 0, 'errors': [{'reason': 'invalid', 'location': 'news_string', 'debugInfo': '', 'message': 'no such field: news_string.'}]}]
[2024-12-02T18:49:03.974+0000] {logging_mixin.py:188} INFO - Errors occurred while inserting rows: [{'index': 0, 'errors': [{'reason': 'invalid', 'location': 'news_string', 'debugInfo': '', 'message': 'no such field: news_string.'}]}]
[2024-12-02T18:49:04.233+0000] {logging_mixin.py:188} INFO - Errors occurred while inserting rows: [{'index': 0, 'errors': [{'reason': 'invalid', 'location': 'news_string', 'debugInfo': '', 'message': 'no such field: news_string.'}]}]
[2024-12-02T18:49:04.528+0000] {logging_mixin.py:188} INFO - Errors occurred while inserting rows: [{'index': 0, 'errors': [{'reason': 'invalid', 'location': 'news_string', 'debugInfo': '', 'message': 'no such field: news_string.'}]}]
[2024-12-02T18:49:04.780+0000] {logging_mixin.py:188} INFO - Errors occurred while inserting rows: [{'index': 0, 'errors': [{'reason': 'invalid', 'location': 'news_string', 'debugInfo': '', 'message': 'no such field: news_string.'}]}]
[2024-12-02T18:49:05.054+0000] {logging_mixin.py:188} INFO - Errors occurred while inserting rows: [{'index': 0, 'errors': [{'reason': 'invalid', 'location': 'news_string', 'debugInfo': '', 'message': 'no such field: news_string.'}]}]
[2024-12-02T18:49:05.301+0000] {logging_mixin.py:188} INFO - Errors occurred while inserting rows: [{'index': 0, 'errors': [{'reason': 'invalid', 'location': 'news_string', 'debugInfo': '', 'message': 'no such field: news_string.'}]}]
[2024-12-02T18:49:05.546+0000] {logging_mixin.py:188} INFO - Errors occurred while inserting rows: [{'index': 0, 'errors': [{'reason': 'invalid', 'location': 'news_string', 'debugInfo': '', 'message': 'no such field: news_string.'}]}]
[2024-12-02T18:49:05.788+0000] {logging_mixin.py:188} INFO - Errors occurred while inserting rows: [{'index': 0, 'errors': [{'reason': 'invalid', 'location': 'news_string', 'debugInfo': '', 'message': 'no such field: news_string.'}]}]
[2024-12-02T18:49:06.043+0000] {logging_mixin.py:188} INFO - Errors occurred while inserting rows: [{'index': 0, 'errors': [{'reason': 'invalid', 'location': 'news_string', 'debugInfo': '', 'message': 'no such field: news_string.'}]}]
[2024-12-02T18:49:06.313+0000] {logging_mixin.py:188} INFO - Errors occurred while inserting rows: [{'index': 0, 'errors': [{'reason': 'invalid', 'location': 'news_string', 'debugInfo': '', 'message': 'no such field: news_string.'}]}]
[2024-12-02T18:49:06.533+0000] {logging_mixin.py:188} INFO - Errors occurred while inserting rows: [{'index': 0, 'errors': [{'reason': 'invalid', 'location': 'news_string', 'debugInfo': '', 'message': 'no such field: news_string.'}]}]
[2024-12-02T18:49:06.783+0000] {logging_mixin.py:188} INFO - Errors occurred while inserting rows: [{'index': 0, 'errors': [{'reason': 'invalid', 'location': 'news_string', 'debugInfo': '', 'message': 'no such field: news_string.'}]}]
[2024-12-02T18:49:07.035+0000] {logging_mixin.py:188} INFO - Errors occurred while inserting rows: [{'index': 0, 'errors': [{'reason': 'invalid', 'location': 'news_string', 'debugInfo': '', 'message': 'no such field: news_string.'}]}]
[2024-12-02T18:49:07.320+0000] {logging_mixin.py:188} INFO - Errors occurred while inserting rows: [{'index': 0, 'errors': [{'reason': 'invalid', 'location': 'news_string', 'debugInfo': '', 'message': 'no such field: news_string.'}]}]
[2024-12-02T18:49:07.571+0000] {logging_mixin.py:188} INFO - Errors occurred while inserting rows: [{'index': 0, 'errors': [{'reason': 'invalid', 'location': 'news_string', 'debugInfo': '', 'message': 'no such field: news_string.'}]}]
[2024-12-02T18:49:07.825+0000] {logging_mixin.py:188} INFO - Errors occurred while inserting rows: [{'index': 0, 'errors': [{'reason': 'invalid', 'location': 'news_string', 'debugInfo': '', 'message': 'no such field: news_string.'}]}]
[2024-12-02T18:49:08.075+0000] {logging_mixin.py:188} INFO - Errors occurred while inserting rows: [{'index': 0, 'errors': [{'reason': 'invalid', 'location': 'news_string', 'debugInfo': '', 'message': 'no such field: news_string.'}]}]
[2024-12-02T18:49:08.330+0000] {logging_mixin.py:188} INFO - Errors occurred while inserting rows: [{'index': 0, 'errors': [{'reason': 'invalid', 'location': 'news_string', 'debugInfo': '', 'message': 'no such field: news_string.'}]}]
[2024-12-02T18:49:08.570+0000] {logging_mixin.py:188} INFO - Errors occurred while inserting rows: [{'index': 0, 'errors': [{'reason': 'invalid', 'location': 'news_string', 'debugInfo': '', 'message': 'no such field: news_string.'}]}]
[2024-12-02T18:49:08.834+0000] {logging_mixin.py:188} INFO - Errors occurred while inserting rows: [{'index': 0, 'errors': [{'reason': 'invalid', 'location': 'news_string', 'debugInfo': '', 'message': 'no such field: news_string.'}]}]
[2024-12-02T18:49:09.056+0000] {logging_mixin.py:188} INFO - Errors occurred while inserting rows: [{'index': 0, 'errors': [{'reason': 'invalid', 'location': 'news_string', 'debugInfo': '', 'message': 'no such field: news_string.'}]}]
[2024-12-02T18:49:09.320+0000] {logging_mixin.py:188} INFO - Errors occurred while inserting rows: [{'index': 0, 'errors': [{'reason': 'invalid', 'location': 'news_string', 'debugInfo': '', 'message': 'no such field: news_string.'}]}]
[2024-12-02T18:49:09.567+0000] {logging_mixin.py:188} INFO - Errors occurred while inserting rows: [{'index': 0, 'errors': [{'reason': 'invalid', 'location': 'news_string', 'debugInfo': '', 'message': 'no such field: news_string.'}]}]
[2024-12-02T18:49:09.827+0000] {logging_mixin.py:188} INFO - Errors occurred while inserting rows: [{'index': 0, 'errors': [{'reason': 'invalid', 'location': 'news_string', 'debugInfo': '', 'message': 'no such field: news_string.'}]}]
[2024-12-02T18:49:10.087+0000] {logging_mixin.py:188} INFO - Errors occurred while inserting rows: [{'index': 0, 'errors': [{'reason': 'invalid', 'location': 'news_string', 'debugInfo': '', 'message': 'no such field: news_string.'}]}]
[2024-12-02T18:49:10.458+0000] {logging_mixin.py:188} INFO - Errors occurred while inserting rows: [{'index': 0, 'errors': [{'reason': 'invalid', 'location': 'news_string', 'debugInfo': '', 'message': 'no such field: news_string.'}]}]
[2024-12-02T18:49:10.718+0000] {logging_mixin.py:188} INFO - Errors occurred while inserting rows: [{'index': 0, 'errors': [{'reason': 'invalid', 'location': 'news_string', 'debugInfo': '', 'message': 'no such field: news_string.'}]}]
[2024-12-02T18:49:10.946+0000] {logging_mixin.py:188} INFO - Errors occurred while inserting rows: [{'index': 0, 'errors': [{'reason': 'invalid', 'location': 'news_string', 'debugInfo': '', 'message': 'no such field: news_string.'}]}]
[2024-12-02T18:49:11.197+0000] {logging_mixin.py:188} INFO - Errors occurred while inserting rows: [{'index': 0, 'errors': [{'reason': 'invalid', 'location': 'news_string', 'debugInfo': '', 'message': 'no such field: news_string.'}]}]
[2024-12-02T18:49:11.428+0000] {logging_mixin.py:188} INFO - Errors occurred while inserting rows: [{'index': 0, 'errors': [{'reason': 'invalid', 'location': 'news_string', 'debugInfo': '', 'message': 'no such field: news_string.'}]}]
[2024-12-02T18:49:11.673+0000] {logging_mixin.py:188} INFO - Errors occurred while inserting rows: [{'index': 0, 'errors': [{'reason': 'invalid', 'location': 'news_string', 'debugInfo': '', 'message': 'no such field: news_string.'}]}]
[2024-12-02T18:49:11.921+0000] {logging_mixin.py:188} INFO - Errors occurred while inserting rows: [{'index': 0, 'errors': [{'reason': 'invalid', 'location': 'news_string', 'debugInfo': '', 'message': 'no such field: news_string.'}]}]
[2024-12-02T18:49:12.381+0000] {logging_mixin.py:188} INFO - Errors occurred while inserting rows: [{'index': 0, 'errors': [{'reason': 'invalid', 'location': 'news_string', 'debugInfo': '', 'message': 'no such field: news_string.'}]}]
[2024-12-02T18:49:12.662+0000] {logging_mixin.py:188} INFO - Errors occurred while inserting rows: [{'index': 0, 'errors': [{'reason': 'invalid', 'location': 'news_string', 'debugInfo': '', 'message': 'no such field: news_string.'}]}]
[2024-12-02T18:49:12.941+0000] {logging_mixin.py:188} INFO - Errors occurred while inserting rows: [{'index': 0, 'errors': [{'reason': 'invalid', 'location': 'news_string', 'debugInfo': '', 'message': 'no such field: news_string.'}]}]
[2024-12-02T18:49:13.188+0000] {logging_mixin.py:188} INFO - Errors occurred while inserting rows: [{'index': 0, 'errors': [{'reason': 'invalid', 'location': 'news_string', 'debugInfo': '', 'message': 'no such field: news_string.'}]}]
[2024-12-02T18:49:13.427+0000] {logging_mixin.py:188} INFO - Errors occurred while inserting rows: [{'index': 0, 'errors': [{'reason': 'invalid', 'location': 'news_string', 'debugInfo': '', 'message': 'no such field: news_string.'}]}]
[2024-12-02T18:49:13.690+0000] {logging_mixin.py:188} INFO - Errors occurred while inserting rows: [{'index': 0, 'errors': [{'reason': 'invalid', 'location': 'news_string', 'debugInfo': '', 'message': 'no such field: news_string.'}]}]
[2024-12-02T18:49:13.943+0000] {logging_mixin.py:188} INFO - Errors occurred while inserting rows: [{'index': 0, 'errors': [{'reason': 'invalid', 'location': 'news_string', 'debugInfo': '', 'message': 'no such field: news_string.'}]}]
[2024-12-02T18:49:14.223+0000] {logging_mixin.py:188} INFO - Errors occurred while inserting rows: [{'index': 0, 'errors': [{'reason': 'invalid', 'location': 'news_string', 'debugInfo': '', 'message': 'no such field: news_string.'}]}]
[2024-12-02T18:49:14.458+0000] {logging_mixin.py:188} INFO - Errors occurred while inserting rows: [{'index': 0, 'errors': [{'reason': 'invalid', 'location': 'news_string', 'debugInfo': '', 'message': 'no such field: news_string.'}]}]
[2024-12-02T18:49:14.707+0000] {logging_mixin.py:188} INFO - Errors occurred while inserting rows: [{'index': 0, 'errors': [{'reason': 'invalid', 'location': 'news_string', 'debugInfo': '', 'message': 'no such field: news_string.'}]}]
[2024-12-02T18:49:14.936+0000] {logging_mixin.py:188} INFO - Errors occurred while inserting rows: [{'index': 0, 'errors': [{'reason': 'invalid', 'location': 'news_string', 'debugInfo': '', 'message': 'no such field: news_string.'}]}]
[2024-12-02T18:49:15.165+0000] {logging_mixin.py:188} INFO - Errors occurred while inserting rows: [{'index': 0, 'errors': [{'reason': 'invalid', 'location': 'news_string', 'debugInfo': '', 'message': 'no such field: news_string.'}]}]
[2024-12-02T18:49:15.423+0000] {logging_mixin.py:188} INFO - Errors occurred while inserting rows: [{'index': 0, 'errors': [{'reason': 'invalid', 'location': 'news_string', 'debugInfo': '', 'message': 'no such field: news_string.'}]}]
[2024-12-02T18:49:15.654+0000] {logging_mixin.py:188} INFO - Errors occurred while inserting rows: [{'index': 0, 'errors': [{'reason': 'invalid', 'location': 'news_string', 'debugInfo': '', 'message': 'no such field: news_string.'}]}]
[2024-12-02T18:49:15.886+0000] {logging_mixin.py:188} INFO - Errors occurred while inserting rows: [{'index': 0, 'errors': [{'reason': 'invalid', 'location': 'news_string', 'debugInfo': '', 'message': 'no such field: news_string.'}]}]
[2024-12-02T18:49:16.144+0000] {logging_mixin.py:188} INFO - Errors occurred while inserting rows: [{'index': 0, 'errors': [{'reason': 'invalid', 'location': 'news_string', 'debugInfo': '', 'message': 'no such field: news_string.'}]}]
[2024-12-02T18:49:17.137+0000] {taskinstance.py:441} INFO - ::group::Post task execution logs
[2024-12-02T18:49:17.139+0000] {taskinstance.py:2905} ERROR - Task failed with exception
Traceback (most recent call last):
  File "/home/airflow/.local/lib/python3.12/site-packages/airflow/models/taskinstance.py", line 465, in _execute_task
    result = _execute_callable(context=context, **execute_callable_kwargs)
             ^^^^^^^^^^^^^^^^^^^^^^^^^^^^^^^^^^^^^^^^^^^^^^^^^^^^^^^^^^^^^
  File "/home/airflow/.local/lib/python3.12/site-packages/airflow/models/taskinstance.py", line 432, in _execute_callable
    return execute_callable(context=context, **execute_callable_kwargs)
           ^^^^^^^^^^^^^^^^^^^^^^^^^^^^^^^^^^^^^^^^^^^^^^^^^^^^^^^^^^^^
  File "/home/airflow/.local/lib/python3.12/site-packages/airflow/models/baseoperator.py", line 401, in wrapper
    return func(self, *args, **kwargs)
           ^^^^^^^^^^^^^^^^^^^^^^^^^^^
  File "/home/airflow/.local/lib/python3.12/site-packages/airflow/operators/python.py", line 235, in execute
    return_value = self.execute_callable()
                   ^^^^^^^^^^^^^^^^^^^^^^^
  File "/home/airflow/.local/lib/python3.12/site-packages/airflow/operators/python.py", line 252, in execute_callable
    return self.python_callable(*self.op_args, **self.op_kwargs)
           ^^^^^^^^^^^^^^^^^^^^^^^^^^^^^^^^^^^^^^^^^^^^^^^^^^^^^
  File "/opt/airflow/utils_shared/utils/load.py", line 74, in load
    table_id = Variable.get("table_id_freq")
               ^^^^^^^^^^^^^^^^^^^^^^^^^^^^^
  File "/home/airflow/.local/lib/python3.12/site-packages/airflow/models/variable.py", line 143, in get
    raise KeyError(f"Variable {key} does not exist")
KeyError: 'Variable table_id_freq does not exist'
[2024-12-02T18:49:17.150+0000] {taskinstance.py:1206} INFO - Marking task as FAILED. dag_id=news_dag, task_id=load_op, run_id=manual__2024-12-02T18:47:37.824592+00:00, execution_date=20241202T184737, start_date=20241202T184800, end_date=20241202T184917
[2024-12-02T18:49:17.160+0000] {standard_task_runner.py:110} ERROR - Failed to execute job 4 for task load_op ('Variable table_id_freq does not exist'; 642)
[2024-12-02T18:49:17.186+0000] {local_task_job_runner.py:243} INFO - Task exited with return code 1
[2024-12-02T18:49:17.201+0000] {taskinstance.py:3503} INFO - 0 downstream tasks scheduled from follow-on schedule check
[2024-12-02T18:49:17.203+0000] {local_task_job_runner.py:222} INFO - ::endgroup::
