[2024-11-12T17:41:12.691+0000] {local_task_job_runner.py:120} INFO - ::group::Pre task execution logs
[2024-11-12T17:41:12.702+0000] {taskinstance.py:2076} INFO - Dependencies all met for dep_context=non-requeueable deps ti=<TaskInstance: news_dag.transform_and_load_op manual__2024-11-12T17:41:08.776208+00:00 [queued]>
[2024-11-12T17:41:12.708+0000] {taskinstance.py:2076} INFO - Dependencies all met for dep_context=requeueable deps ti=<TaskInstance: news_dag.transform_and_load_op manual__2024-11-12T17:41:08.776208+00:00 [queued]>
[2024-11-12T17:41:12.708+0000] {taskinstance.py:2306} INFO - Starting attempt 1 of 1
[2024-11-12T17:41:12.716+0000] {taskinstance.py:2330} INFO - Executing <Task(PythonOperator): transform_and_load_op> on 2024-11-12 17:41:08.776208+00:00
[2024-11-12T17:41:12.722+0000] {standard_task_runner.py:90} INFO - Running: ['***', 'tasks', 'run', 'news_dag', 'transform_and_load_op', 'manual__2024-11-12T17:41:08.776208+00:00', '--job-id', '62', '--raw', '--subdir', 'DAGS_FOLDER/etl_dag.py', '--cfg-path', '/tmp/tmpgb1o87ja']
[2024-11-12T17:41:12.724+0000] {logging_mixin.py:188} WARNING - /home/***/.local/lib/python3.12/site-packages/***/task/task_runner/standard_task_runner.py:62 DeprecationWarning: This process (pid=482) is multi-threaded, use of fork() may lead to deadlocks in the child.
[2024-11-12T17:41:12.725+0000] {standard_task_runner.py:91} INFO - Job 62: Subtask transform_and_load_op
[2024-11-12T17:41:12.725+0000] {standard_task_runner.py:64} INFO - Started process 483 to run task
[2024-11-12T17:41:12.756+0000] {task_command.py:426} INFO - Running <TaskInstance: news_dag.transform_and_load_op manual__2024-11-12T17:41:08.776208+00:00 [running]> on host 67b3588406ea
[2024-11-12T17:41:12.811+0000] {taskinstance.py:2648} INFO - Exporting env vars: AIRFLOW_CTX_DAG_OWNER='***' AIRFLOW_CTX_DAG_ID='news_dag' AIRFLOW_CTX_TASK_ID='transform_and_load_op' AIRFLOW_CTX_EXECUTION_DATE='2024-11-12T17:41:08.776208+00:00' AIRFLOW_CTX_TRY_NUMBER='1' AIRFLOW_CTX_DAG_RUN_ID='manual__2024-11-12T17:41:08.776208+00:00'
[2024-11-12T17:41:12.811+0000] {taskinstance.py:430} INFO - ::endgroup::
[2024-11-12T17:41:12.826+0000] {base.py:84} INFO - Using connection ID 'aws_connection' for task execution.
[2024-11-12T17:41:13.622+0000] {logging_mixin.py:188} INFO - hey
[2024-11-12T17:41:13.622+0000] {logging_mixin.py:188} INFO - None
[2024-11-12T17:41:13.623+0000] {taskinstance.py:441} INFO - ::group::Post task execution logs
[2024-11-12T17:41:13.623+0000] {taskinstance.py:2905} ERROR - Task failed with exception
Traceback (most recent call last):
  File "/home/airflow/.local/lib/python3.12/site-packages/airflow/models/taskinstance.py", line 465, in _execute_task
    result = _execute_callable(context=context, **execute_callable_kwargs)
             ^^^^^^^^^^^^^^^^^^^^^^^^^^^^^^^^^^^^^^^^^^^^^^^^^^^^^^^^^^^^^
  File "/home/airflow/.local/lib/python3.12/site-packages/airflow/models/taskinstance.py", line 432, in _execute_callable
    return execute_callable(context=context, **execute_callable_kwargs)
           ^^^^^^^^^^^^^^^^^^^^^^^^^^^^^^^^^^^^^^^^^^^^^^^^^^^^^^^^^^^^
  File "/home/airflow/.local/lib/python3.12/site-packages/airflow/models/baseoperator.py", line 401, in wrapper
    return func(self, *args, **kwargs)
           ^^^^^^^^^^^^^^^^^^^^^^^^^^^
  File "/home/airflow/.local/lib/python3.12/site-packages/airflow/operators/python.py", line 235, in execute
    return_value = self.execute_callable()
                   ^^^^^^^^^^^^^^^^^^^^^^^
  File "/home/airflow/.local/lib/python3.12/site-packages/airflow/operators/python.py", line 252, in execute_callable
    return self.python_callable(*self.op_args, **self.op_kwargs)
           ^^^^^^^^^^^^^^^^^^^^^^^^^^^^^^^^^^^^^^^^^^^^^^^^^^^^^
  File "/opt/airflow/plugins/utils/transform_and_load.py", line 52, in transform
    for item in freq_words_list:
TypeError: 'NoneType' object is not iterable
[2024-11-12T17:41:13.633+0000] {taskinstance.py:1206} INFO - Marking task as FAILED. dag_id=news_dag, task_id=transform_and_load_op, run_id=manual__2024-11-12T17:41:08.776208+00:00, execution_date=20241112T174108, start_date=20241112T174112, end_date=20241112T174113
[2024-11-12T17:41:13.642+0000] {standard_task_runner.py:110} ERROR - Failed to execute job 62 for task transform_and_load_op ('NoneType' object is not iterable; 483)
[2024-11-12T17:41:13.682+0000] {local_task_job_runner.py:243} INFO - Task exited with return code 1
[2024-11-12T17:41:13.696+0000] {taskinstance.py:3503} INFO - 0 downstream tasks scheduled from follow-on schedule check
[2024-11-12T17:41:13.697+0000] {local_task_job_runner.py:222} INFO - ::endgroup::
