[2024-10-29T17:54:55.943+0000] {taskinstance.py:1956} INFO - Dependencies all met for dep_context=non-requeueable deps ti=<TaskInstance: molecule_load_dag.transform_and_load_op manual__2024-10-29T17:54:50.982083+00:00 [queued]>
[2024-10-29T17:54:55.949+0000] {taskinstance.py:1956} INFO - Dependencies all met for dep_context=requeueable deps ti=<TaskInstance: molecule_load_dag.transform_and_load_op manual__2024-10-29T17:54:50.982083+00:00 [queued]>
[2024-10-29T17:54:55.950+0000] {taskinstance.py:2170} INFO - Starting attempt 1 of 1
[2024-10-29T17:54:55.958+0000] {taskinstance.py:2191} INFO - Executing <Task(PythonOperator): transform_and_load_op> on 2024-10-29 17:54:50.982083+00:00
[2024-10-29T17:54:55.961+0000] {standard_task_runner.py:60} INFO - Started process 1000 to run task
[2024-10-29T17:54:55.964+0000] {standard_task_runner.py:87} INFO - Running: ['***', 'tasks', 'run', 'molecule_load_dag', 'transform_and_load_op', 'manual__2024-10-29T17:54:50.982083+00:00', '--job-id', '16', '--raw', '--subdir', 'DAGS_FOLDER/etl_dag.py', '--cfg-path', '/tmp/tmpw7wmv4ra']
[2024-10-29T17:54:55.965+0000] {standard_task_runner.py:88} INFO - Job 16: Subtask transform_and_load_op
[2024-10-29T17:54:55.996+0000] {task_command.py:423} INFO - Running <TaskInstance: molecule_load_dag.transform_and_load_op manual__2024-10-29T17:54:50.982083+00:00 [running]> on host 42c9970b34e6
[2024-10-29T17:54:56.049+0000] {taskinstance.py:2480} INFO - Exporting env vars: AIRFLOW_CTX_DAG_OWNER='***' AIRFLOW_CTX_DAG_ID='molecule_load_dag' AIRFLOW_CTX_TASK_ID='transform_and_load_op' AIRFLOW_CTX_EXECUTION_DATE='2024-10-29T17:54:50.982083+00:00' AIRFLOW_CTX_TRY_NUMBER='1' AIRFLOW_CTX_DAG_RUN_ID='manual__2024-10-29T17:54:50.982083+00:00'
[2024-10-29T17:54:56.055+0000] {base.py:83} INFO - Using connection ID 'aws_connection' for task execution.
[2024-10-29T17:54:56.056+0000] {logging_mixin.py:188} INFO - us-east-2
AKIAS2VS4PHYE3LHQNFT
***
[2024-10-29T17:54:56.994+0000] {logging_mixin.py:188} INFO - <class 'str'>
[2024-10-29T17:54:57.006+0000] {logging_mixin.py:188} INFO - Transformed raw_df:
[2024-10-29T17:54:57.013+0000] {logging_mixin.py:188} INFO -       publisher                                        news_string
0     guardian  Harris heads to Texas as poll shows her tied w...
1     guardian  Children among dead as 38 killed in Israeli at...
2     guardian  King acknowledges ‘painful’ past as calls for ...
3     guardian  Anti-hate group vows to continue work after El...
4     guardian  ‘Someone who destroyed my life’: rapper Shyne ...
..         ...                                                ...
447  aljazeera                                                NaN
448  aljazeera                                                NaN
449  aljazeera                                                NaN
450  aljazeera                                                NaN
451  aljazeera                                                NaN

[452 rows x 2 columns]
[2024-10-29T17:54:57.015+0000] {logging_mixin.py:188} INFO - guardian
[2024-10-29T17:54:57.019+0000] {taskinstance.py:2698} ERROR - Task failed with exception
Traceback (most recent call last):
  File "/home/airflow/.local/lib/python3.8/site-packages/airflow/models/taskinstance.py", line 433, in _execute_task
    result = execute_callable(context=context, **execute_callable_kwargs)
  File "/home/airflow/.local/lib/python3.8/site-packages/airflow/operators/python.py", line 199, in execute
    return_value = self.execute_callable()
  File "/home/airflow/.local/lib/python3.8/site-packages/airflow/operators/python.py", line 216, in execute_callable
    return self.python_callable(*self.op_args, **self.op_kwargs)
  File "/opt/airflow/plugins/utils/transform_and_load.py", line 48, in transform
    print("SEMTIMENT INDEX" + sentiment_index)
TypeError: can only concatenate str (not "dict") to str
[2024-10-29T17:54:57.030+0000] {taskinstance.py:1138} INFO - Marking task as FAILED. dag_id=molecule_load_dag, task_id=transform_and_load_op, execution_date=20241029T175450, start_date=20241029T175455, end_date=20241029T175457
[2024-10-29T17:54:57.040+0000] {standard_task_runner.py:107} ERROR - Failed to execute job 16 for task transform_and_load_op (can only concatenate str (not "dict") to str; 1000)
[2024-10-29T17:54:57.091+0000] {local_task_job_runner.py:234} INFO - Task exited with return code 1
[2024-10-29T17:54:57.108+0000] {taskinstance.py:3280} INFO - 0 downstream tasks scheduled from follow-on schedule check
