[2024-11-12T15:23:28.761+0000] {local_task_job_runner.py:120} INFO - ::group::Pre task execution logs
[2024-11-12T15:23:28.772+0000] {taskinstance.py:2076} INFO - Dependencies all met for dep_context=non-requeueable deps ti=<TaskInstance: news_dag.transform_and_load_op manual__2024-11-12T15:23:24.752425+00:00 [queued]>
[2024-11-12T15:23:28.777+0000] {taskinstance.py:2076} INFO - Dependencies all met for dep_context=requeueable deps ti=<TaskInstance: news_dag.transform_and_load_op manual__2024-11-12T15:23:24.752425+00:00 [queued]>
[2024-11-12T15:23:28.777+0000] {taskinstance.py:2306} INFO - Starting attempt 1 of 1
[2024-11-12T15:23:28.786+0000] {taskinstance.py:2330} INFO - Executing <Task(PythonOperator): transform_and_load_op> on 2024-11-12 15:23:24.752425+00:00
[2024-11-12T15:23:28.791+0000] {standard_task_runner.py:90} INFO - Running: ['***', 'tasks', 'run', 'news_dag', 'transform_and_load_op', 'manual__2024-11-12T15:23:24.752425+00:00', '--job-id', '17', '--raw', '--subdir', 'DAGS_FOLDER/etl_dag.py', '--cfg-path', '/tmp/tmp_o0ylgs3']
[2024-11-12T15:23:28.793+0000] {logging_mixin.py:188} WARNING - /home/***/.local/lib/python3.12/site-packages/***/task/task_runner/standard_task_runner.py:62 DeprecationWarning: This process (pid=670) is multi-threaded, use of fork() may lead to deadlocks in the child.
[2024-11-12T15:23:28.793+0000] {standard_task_runner.py:91} INFO - Job 17: Subtask transform_and_load_op
[2024-11-12T15:23:28.794+0000] {standard_task_runner.py:64} INFO - Started process 671 to run task
[2024-11-12T15:23:28.820+0000] {task_command.py:426} INFO - Running <TaskInstance: news_dag.transform_and_load_op manual__2024-11-12T15:23:24.752425+00:00 [running]> on host 3742f9b15fb5
[2024-11-12T15:23:28.869+0000] {taskinstance.py:2648} INFO - Exporting env vars: AIRFLOW_CTX_DAG_OWNER='***' AIRFLOW_CTX_DAG_ID='news_dag' AIRFLOW_CTX_TASK_ID='transform_and_load_op' AIRFLOW_CTX_EXECUTION_DATE='2024-11-12T15:23:24.752425+00:00' AIRFLOW_CTX_TRY_NUMBER='1' AIRFLOW_CTX_DAG_RUN_ID='manual__2024-11-12T15:23:24.752425+00:00'
[2024-11-12T15:23:28.870+0000] {taskinstance.py:430} INFO - ::endgroup::
[2024-11-12T15:23:28.885+0000] {base.py:84} INFO - Using connection ID 'aws_connection' for task execution.
[2024-11-12T15:23:29.777+0000] {logging_mixin.py:188} INFO - neutral
[2024-11-12T15:23:29.788+0000] {logging_mixin.py:188} WARNING - /opt/***/plugins/utils/transform_and_load.py:60 FutureWarning: The behavior of DataFrame concatenation with empty or all-NA entries is deprecated. In a future version, this will no longer exclude empty or all-NA columns when determining the result dtypes. To retain the old behavior, exclude the relevant entries before the concat operation.
[2024-11-12T15:23:29.790+0000] {logging_mixin.py:188} INFO - negative
[2024-11-12T15:23:29.791+0000] {logging_mixin.py:188} INFO - mostly negative
[2024-11-12T15:23:29.792+0000] {logging_mixin.py:188} INFO - neutral
[2024-11-12T15:23:29.793+0000] {logging_mixin.py:188} INFO - mostly negative
[2024-11-12T15:23:29.794+0000] {logging_mixin.py:188} INFO - slightly positive
[2024-11-12T15:23:29.795+0000] {logging_mixin.py:188} INFO - slightly positive
[2024-11-12T15:23:29.796+0000] {logging_mixin.py:188} INFO - mostly negative
[2024-11-12T15:23:29.797+0000] {logging_mixin.py:188} INFO - mostly positive
[2024-11-12T15:23:29.798+0000] {logging_mixin.py:188} INFO - negative
[2024-11-12T15:23:29.799+0000] {logging_mixin.py:188} INFO - neutral
[2024-11-12T15:23:29.800+0000] {logging_mixin.py:188} INFO - mostly negative
[2024-11-12T15:23:29.801+0000] {logging_mixin.py:188} INFO - neutral
[2024-11-12T15:23:29.802+0000] {logging_mixin.py:188} INFO - neutral
[2024-11-12T15:23:29.803+0000] {logging_mixin.py:188} INFO - slightly negative
[2024-11-12T15:23:29.804+0000] {logging_mixin.py:188} INFO - mostly negative
[2024-11-12T15:23:29.805+0000] {logging_mixin.py:188} INFO - mostly positive
[2024-11-12T15:23:29.806+0000] {logging_mixin.py:188} INFO - mostly positive
[2024-11-12T15:23:29.807+0000] {logging_mixin.py:188} INFO - mostly negative
[2024-11-12T15:23:29.807+0000] {logging_mixin.py:188} INFO - negative
[2024-11-12T15:23:29.808+0000] {logging_mixin.py:188} INFO - slightly negative
[2024-11-12T15:23:29.809+0000] {logging_mixin.py:188} INFO - neutral
[2024-11-12T15:23:29.810+0000] {logging_mixin.py:188} INFO - mostly negative
[2024-11-12T15:23:29.811+0000] {logging_mixin.py:188} INFO - neutral
[2024-11-12T15:23:29.812+0000] {logging_mixin.py:188} INFO - slightly positive
[2024-11-12T15:23:29.813+0000] {logging_mixin.py:188} INFO - mostly negative
[2024-11-12T15:23:29.814+0000] {logging_mixin.py:188} INFO - slightly negative
[2024-11-12T15:23:29.815+0000] {logging_mixin.py:188} INFO - neutral
[2024-11-12T15:23:29.816+0000] {logging_mixin.py:188} INFO - neutral
[2024-11-12T15:23:29.817+0000] {logging_mixin.py:188} INFO - slightly positive
[2024-11-12T15:23:29.817+0000] {logging_mixin.py:188} INFO - mostly positive
[2024-11-12T15:23:29.818+0000] {logging_mixin.py:188} INFO - neutral
[2024-11-12T15:23:29.819+0000] {logging_mixin.py:188} INFO - slightly negative
[2024-11-12T15:23:29.820+0000] {logging_mixin.py:188} INFO - neutral
[2024-11-12T15:23:29.821+0000] {logging_mixin.py:188} INFO - neutral
[2024-11-12T15:23:29.822+0000] {logging_mixin.py:188} INFO - neutral
[2024-11-12T15:23:29.823+0000] {logging_mixin.py:188} INFO - neutral
[2024-11-12T15:23:29.823+0000] {logging_mixin.py:188} INFO - slightly negative
[2024-11-12T15:23:29.824+0000] {logging_mixin.py:188} INFO - neutral
[2024-11-12T15:23:29.825+0000] {logging_mixin.py:188} INFO - neutral
[2024-11-12T15:23:29.826+0000] {logging_mixin.py:188} INFO - neutral
[2024-11-12T15:23:29.827+0000] {logging_mixin.py:188} INFO - slightly positive
[2024-11-12T15:23:29.828+0000] {logging_mixin.py:188} INFO - positive
[2024-11-12T15:23:29.829+0000] {logging_mixin.py:188} INFO - slightly negative
[2024-11-12T15:23:29.830+0000] {logging_mixin.py:188} INFO - negative
[2024-11-12T15:23:29.831+0000] {logging_mixin.py:188} INFO - slightly positive
[2024-11-12T15:23:29.831+0000] {logging_mixin.py:188} INFO - neutral
[2024-11-12T15:23:29.832+0000] {logging_mixin.py:188} INFO - mostly negative
[2024-11-12T15:23:29.833+0000] {logging_mixin.py:188} INFO - slightly negative
[2024-11-12T15:23:29.834+0000] {logging_mixin.py:188} INFO - negative
[2024-11-12T15:23:29.992+0000] {logging_mixin.py:188} INFO - slightly negative
[2024-11-12T15:23:29.994+0000] {logging_mixin.py:188} INFO - mostly negative
[2024-11-12T15:23:29.995+0000] {logging_mixin.py:188} INFO - mostly negative
[2024-11-12T15:23:29.996+0000] {logging_mixin.py:188} INFO - slightly negative
[2024-11-12T15:23:29.997+0000] {logging_mixin.py:188} INFO - slightly positive
[2024-11-12T15:23:29.998+0000] {logging_mixin.py:188} INFO - neutral
[2024-11-12T15:23:29.998+0000] {logging_mixin.py:188} INFO - slightly positive
[2024-11-12T15:23:29.999+0000] {logging_mixin.py:188} INFO - mostly negative
[2024-11-12T15:23:30.000+0000] {logging_mixin.py:188} INFO - mostly positive
[2024-11-12T15:23:30.001+0000] {logging_mixin.py:188} INFO - mostly positive
[2024-11-12T15:23:30.002+0000] {logging_mixin.py:188} INFO - mostly positive
[2024-11-12T15:23:30.003+0000] {logging_mixin.py:188} INFO - mostly positive
[2024-11-12T15:23:30.004+0000] {logging_mixin.py:188} INFO - neutral
[2024-11-12T15:23:30.005+0000] {logging_mixin.py:188} INFO - neutral
[2024-11-12T15:23:30.006+0000] {logging_mixin.py:188} INFO - neutral
[2024-11-12T15:23:30.007+0000] {logging_mixin.py:188} INFO - slightly positive
[2024-11-12T15:23:30.008+0000] {logging_mixin.py:188} INFO - mostly positive
[2024-11-12T15:23:30.009+0000] {logging_mixin.py:188} INFO - mostly negative
[2024-11-12T15:23:30.010+0000] {logging_mixin.py:188} INFO - mostly negative
[2024-11-12T15:23:30.010+0000] {logging_mixin.py:188} INFO - mostly positive
[2024-11-12T15:23:30.011+0000] {logging_mixin.py:188} INFO - neutral
[2024-11-12T15:23:30.012+0000] {logging_mixin.py:188} INFO - slightly negative
[2024-11-12T15:23:30.013+0000] {logging_mixin.py:188} INFO - mostly positive
[2024-11-12T15:23:30.014+0000] {logging_mixin.py:188} INFO - slightly negative
[2024-11-12T15:23:30.015+0000] {logging_mixin.py:188} INFO - slightly negative
[2024-11-12T15:23:30.016+0000] {logging_mixin.py:188} INFO - mostly negative
[2024-11-12T15:23:30.017+0000] {logging_mixin.py:188} INFO - mostly negative
[2024-11-12T15:23:30.018+0000] {logging_mixin.py:188} INFO - slightly negative
[2024-11-12T15:23:30.019+0000] {logging_mixin.py:188} INFO - slightly positive
[2024-11-12T15:23:30.019+0000] {logging_mixin.py:188} INFO - neutral
[2024-11-12T15:23:30.020+0000] {logging_mixin.py:188} INFO - mostly positive
[2024-11-12T15:23:30.021+0000] {logging_mixin.py:188} INFO - neutral
[2024-11-12T15:23:30.022+0000] {logging_mixin.py:188} INFO - neutral
[2024-11-12T15:23:30.023+0000] {logging_mixin.py:188} INFO - neutral
[2024-11-12T15:23:30.024+0000] {logging_mixin.py:188} INFO - mostly positive
[2024-11-12T15:23:30.025+0000] {logging_mixin.py:188} INFO - slightly negative
[2024-11-12T15:23:30.025+0000] {logging_mixin.py:188} INFO - mostly positive
[2024-11-12T15:23:30.026+0000] {logging_mixin.py:188} INFO - slightly negative
[2024-11-12T15:23:30.027+0000] {logging_mixin.py:188} INFO - slightly negative
[2024-11-12T15:23:30.028+0000] {logging_mixin.py:188} INFO - neutral
[2024-11-12T15:23:30.029+0000] {logging_mixin.py:188} INFO - neutral
[2024-11-12T15:23:30.030+0000] {logging_mixin.py:188} INFO - neutral
[2024-11-12T15:23:30.031+0000] {logging_mixin.py:188} INFO - mostly positive
[2024-11-12T15:23:30.031+0000] {logging_mixin.py:188} INFO - neutral
[2024-11-12T15:23:30.032+0000] {logging_mixin.py:188} INFO - neutral
[2024-11-12T15:23:30.033+0000] {logging_mixin.py:188} INFO - neutral
[2024-11-12T15:23:30.034+0000] {logging_mixin.py:188} INFO - neutral
[2024-11-12T15:23:30.035+0000] {logging_mixin.py:188} INFO - slightly negative
[2024-11-12T15:23:30.036+0000] {logging_mixin.py:188} INFO - neutral
[2024-11-12T15:23:30.037+0000] {logging_mixin.py:188} INFO - neutral
[2024-11-12T15:23:30.038+0000] {logging_mixin.py:188} INFO - neutral
[2024-11-12T15:23:30.039+0000] {logging_mixin.py:188} INFO - neutral
[2024-11-12T15:23:30.040+0000] {logging_mixin.py:188} INFO - neutral
[2024-11-12T15:23:30.041+0000] {logging_mixin.py:188} INFO - negative
[2024-11-12T15:23:30.042+0000] {logging_mixin.py:188} INFO - slightly negative
[2024-11-12T15:23:30.042+0000] {logging_mixin.py:188} INFO - mostly negative
[2024-11-12T15:23:30.043+0000] {logging_mixin.py:188} INFO - negative
[2024-11-12T15:23:30.044+0000] {logging_mixin.py:188} INFO - slightly negative
[2024-11-12T15:23:30.045+0000] {logging_mixin.py:188} INFO - slightly positive
[2024-11-12T15:23:30.046+0000] {logging_mixin.py:188} INFO - neutral
[2024-11-12T15:23:30.047+0000] {logging_mixin.py:188} INFO - neutral
[2024-11-12T15:23:30.048+0000] {logging_mixin.py:188} INFO - mostly positive
[2024-11-12T15:23:30.049+0000] {logging_mixin.py:188} INFO - neutral
[2024-11-12T15:23:30.050+0000] {logging_mixin.py:188} INFO - mostly negative
[2024-11-12T15:23:30.051+0000] {logging_mixin.py:188} INFO - mostly positive
[2024-11-12T15:23:30.051+0000] {logging_mixin.py:188} INFO - slightly positive
[2024-11-12T15:23:30.052+0000] {logging_mixin.py:188} INFO - mostly positive
[2024-11-12T15:23:30.053+0000] {logging_mixin.py:188} INFO - slightly negative
[2024-11-12T15:23:30.054+0000] {logging_mixin.py:188} INFO - neutral
[2024-11-12T15:23:30.055+0000] {logging_mixin.py:188} INFO - neutral
[2024-11-12T15:23:30.056+0000] {logging_mixin.py:188} INFO - slightly positive
[2024-11-12T15:23:30.057+0000] {logging_mixin.py:188} INFO - neutral
[2024-11-12T15:23:30.057+0000] {logging_mixin.py:188} INFO - mostly negative
[2024-11-12T15:23:30.058+0000] {logging_mixin.py:188} INFO - mostly positive
[2024-11-12T15:23:30.059+0000] {logging_mixin.py:188} INFO - slightly negative
[2024-11-12T15:23:30.060+0000] {logging_mixin.py:188} INFO - slightly negative
[2024-11-12T15:23:30.061+0000] {logging_mixin.py:188} INFO - neutral
[2024-11-12T15:23:30.062+0000] {logging_mixin.py:188} INFO - neutral
[2024-11-12T15:23:30.062+0000] {logging_mixin.py:188} INFO - neutral
[2024-11-12T15:23:30.063+0000] {logging_mixin.py:188} INFO - mostly positive
[2024-11-12T15:23:30.064+0000] {logging_mixin.py:188} INFO - neutral
[2024-11-12T15:23:30.065+0000] {logging_mixin.py:188} INFO - slightly positive
[2024-11-12T15:23:30.066+0000] {logging_mixin.py:188} INFO - mostly positive
[2024-11-12T15:23:30.067+0000] {logging_mixin.py:188} INFO - neutral
[2024-11-12T15:23:30.068+0000] {logging_mixin.py:188} INFO - slightly positive
[2024-11-12T15:23:30.068+0000] {logging_mixin.py:188} INFO - slightly negative
[2024-11-12T15:23:30.069+0000] {logging_mixin.py:188} INFO - mostly negative
[2024-11-12T15:23:30.070+0000] {logging_mixin.py:188} INFO - neutral
[2024-11-12T15:23:30.071+0000] {logging_mixin.py:188} INFO - neutral
[2024-11-12T15:23:30.072+0000] {logging_mixin.py:188} INFO - slightly positive
[2024-11-12T15:23:30.073+0000] {logging_mixin.py:188} INFO - neutral
[2024-11-12T15:23:30.073+0000] {logging_mixin.py:188} INFO - mostly negative
[2024-11-12T15:23:30.074+0000] {logging_mixin.py:188} INFO - neutral
[2024-11-12T15:23:30.075+0000] {logging_mixin.py:188} INFO - neutral
[2024-11-12T15:23:30.076+0000] {logging_mixin.py:188} INFO - neutral
[2024-11-12T15:23:30.077+0000] {logging_mixin.py:188} INFO - slightly positive
[2024-11-12T15:23:30.078+0000] {logging_mixin.py:188} INFO - mostly negative
[2024-11-12T15:23:30.078+0000] {logging_mixin.py:188} INFO - slightly positive
[2024-11-12T15:23:30.079+0000] {logging_mixin.py:188} INFO - mostly negative
[2024-11-12T15:23:30.080+0000] {logging_mixin.py:188} INFO - mostly negative
[2024-11-12T15:23:30.081+0000] {logging_mixin.py:188} INFO - slightly negative
[2024-11-12T15:23:30.082+0000] {logging_mixin.py:188} INFO - negative
[2024-11-12T15:23:30.083+0000] {logging_mixin.py:188} INFO - neutral
[2024-11-12T15:23:30.084+0000] {logging_mixin.py:188} INFO - slightly negative
[2024-11-12T15:23:30.085+0000] {logging_mixin.py:188} INFO - mostly positive
[2024-11-12T15:23:30.085+0000] {logging_mixin.py:188} INFO - neutral
[2024-11-12T15:23:30.086+0000] {logging_mixin.py:188} INFO - slightly positive
[2024-11-12T15:23:30.087+0000] {logging_mixin.py:188} INFO - neutral
[2024-11-12T15:23:30.088+0000] {logging_mixin.py:188} INFO - slightly positive
[2024-11-12T15:23:30.089+0000] {logging_mixin.py:188} INFO - mostly negative
[2024-11-12T15:23:30.090+0000] {logging_mixin.py:188} INFO - mostly positive
[2024-11-12T15:23:30.090+0000] {logging_mixin.py:188} INFO - neutral
[2024-11-12T15:23:30.091+0000] {logging_mixin.py:188} INFO - neutral
[2024-11-12T15:23:30.092+0000] {logging_mixin.py:188} INFO - slightly positive
[2024-11-12T15:23:30.093+0000] {logging_mixin.py:188} INFO - slightly positive
[2024-11-12T15:23:30.094+0000] {logging_mixin.py:188} INFO - mostly positive
[2024-11-12T15:23:30.095+0000] {logging_mixin.py:188} INFO - neutral
[2024-11-12T15:23:30.095+0000] {logging_mixin.py:188} INFO - mostly positive
[2024-11-12T15:23:30.096+0000] {logging_mixin.py:188} INFO - neutral
[2024-11-12T15:23:30.097+0000] {logging_mixin.py:188} INFO - neutral
[2024-11-12T15:23:30.098+0000] {logging_mixin.py:188} INFO - neutral
[2024-11-12T15:23:30.099+0000] {logging_mixin.py:188} INFO - neutral
[2024-11-12T15:23:30.099+0000] {logging_mixin.py:188} INFO - neutral
[2024-11-12T15:23:30.100+0000] {logging_mixin.py:188} INFO - neutral
[2024-11-12T15:23:30.101+0000] {logging_mixin.py:188} INFO - neutral
[2024-11-12T15:23:30.101+0000] {logging_mixin.py:188} INFO - neutral
[2024-11-12T15:23:30.102+0000] {logging_mixin.py:188} INFO - neutral
[2024-11-12T15:23:30.103+0000] {logging_mixin.py:188} INFO - neutral
[2024-11-12T15:23:30.104+0000] {logging_mixin.py:188} INFO - mostly positive
[2024-11-12T15:23:30.105+0000] {logging_mixin.py:188} INFO - mostly negative
[2024-11-12T15:23:30.106+0000] {logging_mixin.py:188} INFO - negative
[2024-11-12T15:23:30.107+0000] {logging_mixin.py:188} INFO - mostly negative
[2024-11-12T15:23:30.108+0000] {logging_mixin.py:188} INFO - neutral
[2024-11-12T15:23:30.109+0000] {logging_mixin.py:188} INFO - neutral
[2024-11-12T15:23:30.110+0000] {logging_mixin.py:188} INFO - mostly negative
[2024-11-12T15:23:30.111+0000] {logging_mixin.py:188} INFO - slightly positive
[2024-11-12T15:23:30.112+0000] {logging_mixin.py:188} INFO - slightly negative
[2024-11-12T15:23:30.113+0000] {logging_mixin.py:188} INFO - slightly negative
[2024-11-12T15:23:30.114+0000] {logging_mixin.py:188} INFO - neutral
[2024-11-12T15:23:30.115+0000] {logging_mixin.py:188} INFO - neutral
[2024-11-12T15:23:30.116+0000] {logging_mixin.py:188} INFO - mostly positive
[2024-11-12T15:23:30.117+0000] {logging_mixin.py:188} INFO - slightly positive
[2024-11-12T15:23:30.118+0000] {logging_mixin.py:188} INFO - slightly positive
[2024-11-12T15:23:30.119+0000] {logging_mixin.py:188} INFO - slightly negative
[2024-11-12T15:23:30.120+0000] {logging_mixin.py:188} INFO - mostly positive
[2024-11-12T15:23:30.121+0000] {logging_mixin.py:188} INFO - slightly negative
[2024-11-12T15:23:30.122+0000] {logging_mixin.py:188} INFO - slightly negative
[2024-11-12T15:23:30.123+0000] {logging_mixin.py:188} INFO - neutral
[2024-11-12T15:23:30.123+0000] {logging_mixin.py:188} INFO - neutral
[2024-11-12T15:23:30.124+0000] {logging_mixin.py:188} INFO - neutral
[2024-11-12T15:23:30.125+0000] {logging_mixin.py:188} INFO - mostly positive
[2024-11-12T15:23:30.126+0000] {logging_mixin.py:188} INFO - neutral
[2024-11-12T15:23:30.127+0000] {logging_mixin.py:188} INFO - neutral
[2024-11-12T15:23:30.128+0000] {logging_mixin.py:188} INFO - slightly positive
[2024-11-12T15:23:30.129+0000] {logging_mixin.py:188} INFO - slightly positive
[2024-11-12T15:23:30.129+0000] {logging_mixin.py:188} INFO - neutral
[2024-11-12T15:23:30.130+0000] {logging_mixin.py:188} INFO - neutral
[2024-11-12T15:23:30.131+0000] {logging_mixin.py:188} INFO - neutral
[2024-11-12T15:23:30.132+0000] {logging_mixin.py:188} INFO - slightly positive
[2024-11-12T15:23:30.133+0000] {logging_mixin.py:188} INFO - slightly positive
[2024-11-12T15:23:30.133+0000] {logging_mixin.py:188} INFO - slightly positive
[2024-11-12T15:23:30.134+0000] {logging_mixin.py:188} INFO - slightly positive
[2024-11-12T15:23:30.135+0000] {logging_mixin.py:188} INFO - slightly positive
[2024-11-12T15:23:30.136+0000] {logging_mixin.py:188} INFO - slightly negative
[2024-11-12T15:23:30.137+0000] {logging_mixin.py:188} INFO - neutral
[2024-11-12T15:23:30.138+0000] {logging_mixin.py:188} INFO - slightly negative
[2024-11-12T15:23:30.138+0000] {logging_mixin.py:188} INFO - mostly negative
[2024-11-12T15:23:30.139+0000] {logging_mixin.py:188} INFO - mostly negative
[2024-11-12T15:23:30.140+0000] {logging_mixin.py:188} INFO - neutral
[2024-11-12T15:23:30.141+0000] {logging_mixin.py:188} INFO - mostly positive
[2024-11-12T15:23:30.142+0000] {logging_mixin.py:188} INFO - neutral
[2024-11-12T15:23:30.143+0000] {logging_mixin.py:188} INFO - slightly positive
[2024-11-12T15:23:30.143+0000] {logging_mixin.py:188} INFO - mostly negative
[2024-11-12T15:23:30.144+0000] {logging_mixin.py:188} INFO - neutral
[2024-11-12T15:23:30.145+0000] {logging_mixin.py:188} INFO - mostly negative
[2024-11-12T15:23:30.146+0000] {logging_mixin.py:188} INFO - slightly positive
[2024-11-12T15:23:30.147+0000] {logging_mixin.py:188} INFO - neutral
[2024-11-12T15:23:30.147+0000] {logging_mixin.py:188} INFO - neutral
[2024-11-12T15:23:30.148+0000] {logging_mixin.py:188} INFO - mostly negative
[2024-11-12T15:23:30.149+0000] {logging_mixin.py:188} INFO - mostly negative
[2024-11-12T15:23:30.150+0000] {logging_mixin.py:188} INFO - neutral
[2024-11-12T15:23:30.151+0000] {logging_mixin.py:188} INFO - neutral
[2024-11-12T15:23:30.152+0000] {logging_mixin.py:188} INFO - neutral
[2024-11-12T15:23:30.152+0000] {logging_mixin.py:188} INFO - slightly positive
[2024-11-12T15:23:30.153+0000] {logging_mixin.py:188} INFO - neutral
[2024-11-12T15:23:30.154+0000] {logging_mixin.py:188} INFO - neutral
[2024-11-12T15:23:30.155+0000] {logging_mixin.py:188} INFO - slightly negative
[2024-11-12T15:23:30.156+0000] {logging_mixin.py:188} INFO - mostly positive
[2024-11-12T15:23:30.156+0000] {logging_mixin.py:188} INFO - mostly positive
[2024-11-12T15:23:30.157+0000] {logging_mixin.py:188} INFO - neutral
[2024-11-12T15:23:30.158+0000] {logging_mixin.py:188} INFO - mostly negative
[2024-11-12T15:23:30.159+0000] {logging_mixin.py:188} INFO - mostly positive
[2024-11-12T15:23:30.160+0000] {logging_mixin.py:188} INFO - slightly positive
[2024-11-12T15:23:30.161+0000] {logging_mixin.py:188} INFO - mostly negative
[2024-11-12T15:23:30.161+0000] {logging_mixin.py:188} INFO - slightly negative
[2024-11-12T15:23:30.162+0000] {logging_mixin.py:188} INFO - neutral
[2024-11-12T15:23:30.163+0000] {logging_mixin.py:188} INFO - mostly negative
[2024-11-12T15:23:30.164+0000] {logging_mixin.py:188} INFO - slightly negative
[2024-11-12T15:23:30.165+0000] {logging_mixin.py:188} INFO - mostly negative
[2024-11-12T15:23:30.166+0000] {logging_mixin.py:188} INFO - mostly positive
[2024-11-12T15:23:30.167+0000] {logging_mixin.py:188} INFO - neutral
[2024-11-12T15:23:30.167+0000] {logging_mixin.py:188} INFO - neutral
[2024-11-12T15:23:30.168+0000] {logging_mixin.py:188} INFO - neutral
[2024-11-12T15:23:30.169+0000] {logging_mixin.py:188} INFO - mostly positive
[2024-11-12T15:23:30.170+0000] {logging_mixin.py:188} INFO - mostly positive
[2024-11-12T15:23:30.171+0000] {logging_mixin.py:188} INFO - slightly positive
[2024-11-12T15:23:30.172+0000] {logging_mixin.py:188} INFO - slightly negative
[2024-11-12T15:23:30.172+0000] {logging_mixin.py:188} INFO - neutral
[2024-11-12T15:23:30.173+0000] {logging_mixin.py:188} INFO - mostly negative
[2024-11-12T15:23:30.174+0000] {logging_mixin.py:188} INFO - neutral
[2024-11-12T15:23:30.175+0000] {logging_mixin.py:188} INFO - neutral
[2024-11-12T15:23:30.176+0000] {logging_mixin.py:188} INFO - slightly negative
[2024-11-12T15:23:30.176+0000] {logging_mixin.py:188} INFO - neutral
[2024-11-12T15:23:30.177+0000] {logging_mixin.py:188} INFO - neutral
[2024-11-12T15:23:30.178+0000] {logging_mixin.py:188} INFO - mostly positive
[2024-11-12T15:23:30.179+0000] {logging_mixin.py:188} INFO - mostly positive
[2024-11-12T15:23:30.180+0000] {logging_mixin.py:188} INFO - mostly negative
[2024-11-12T15:23:30.181+0000] {logging_mixin.py:188} INFO - slightly positive
[2024-11-12T15:23:30.181+0000] {logging_mixin.py:188} INFO - mostly negative
[2024-11-12T15:23:30.182+0000] {logging_mixin.py:188} INFO - neutral
[2024-11-12T15:23:30.183+0000] {logging_mixin.py:188} INFO - neutral
[2024-11-12T15:23:30.184+0000] {logging_mixin.py:188} INFO - mostly positive
[2024-11-12T15:23:30.185+0000] {logging_mixin.py:188} INFO - mostly positive
[2024-11-12T15:23:30.186+0000] {logging_mixin.py:188} INFO - neutral
[2024-11-12T15:23:30.186+0000] {logging_mixin.py:188} INFO - neutral
[2024-11-12T15:23:30.187+0000] {logging_mixin.py:188} INFO - neutral
[2024-11-12T15:23:30.188+0000] {logging_mixin.py:188} INFO - neutral
[2024-11-12T15:23:30.189+0000] {logging_mixin.py:188} INFO - mostly positive
[2024-11-12T15:23:30.189+0000] {logging_mixin.py:188} INFO - neutral
[2024-11-12T15:23:30.190+0000] {logging_mixin.py:188} INFO - slightly positive
[2024-11-12T15:23:30.191+0000] {logging_mixin.py:188} INFO - neutral
[2024-11-12T15:23:30.192+0000] {logging_mixin.py:188} INFO - slightly positive
[2024-11-12T15:23:30.193+0000] {logging_mixin.py:188} INFO - neutral
[2024-11-12T15:23:30.194+0000] {logging_mixin.py:188} INFO - negative
[2024-11-12T15:23:30.194+0000] {logging_mixin.py:188} INFO - mostly negative
[2024-11-12T15:23:30.195+0000] {logging_mixin.py:188} INFO - slightly negative
[2024-11-12T15:23:30.196+0000] {logging_mixin.py:188} INFO - mostly negative
[2024-11-12T15:23:30.197+0000] {logging_mixin.py:188} INFO - slightly positive
[2024-11-12T15:23:30.198+0000] {logging_mixin.py:188} INFO - mostly negative
[2024-11-12T15:23:30.199+0000] {logging_mixin.py:188} INFO - mostly negative
[2024-11-12T15:23:30.199+0000] {logging_mixin.py:188} INFO - mostly negative
[2024-11-12T15:23:30.200+0000] {logging_mixin.py:188} INFO - negative
[2024-11-12T15:23:30.201+0000] {logging_mixin.py:188} INFO - mostly negative
[2024-11-12T15:23:30.203+0000] {logging_mixin.py:188} INFO - mostly negative
[2024-11-12T15:23:30.204+0000] {logging_mixin.py:188} INFO - neutral
[2024-11-12T15:23:30.204+0000] {logging_mixin.py:188} INFO - neutral
[2024-11-12T15:23:30.205+0000] {logging_mixin.py:188} INFO - neutral
[2024-11-12T15:23:30.206+0000] {logging_mixin.py:188} INFO - neutral
[2024-11-12T15:23:30.207+0000] {logging_mixin.py:188} INFO - neutral
[2024-11-12T15:23:30.208+0000] {logging_mixin.py:188} INFO - neutral
[2024-11-12T15:23:30.208+0000] {logging_mixin.py:188} INFO - neutral
[2024-11-12T15:23:30.209+0000] {logging_mixin.py:188} INFO - neutral
[2024-11-12T15:23:30.210+0000] {logging_mixin.py:188} INFO - neutral
[2024-11-12T15:23:30.211+0000] {logging_mixin.py:188} INFO - neutral
[2024-11-12T15:23:30.211+0000] {logging_mixin.py:188} INFO - neutral
[2024-11-12T15:23:30.212+0000] {logging_mixin.py:188} INFO - neutral
[2024-11-12T15:23:30.213+0000] {logging_mixin.py:188} INFO - neutral
[2024-11-12T15:23:30.214+0000] {logging_mixin.py:188} INFO - neutral
[2024-11-12T15:23:30.215+0000] {logging_mixin.py:188} INFO - neutral
[2024-11-12T15:23:30.215+0000] {logging_mixin.py:188} INFO - neutral
[2024-11-12T15:23:30.216+0000] {logging_mixin.py:188} INFO - neutral
[2024-11-12T15:23:30.217+0000] {logging_mixin.py:188} INFO - neutral
[2024-11-12T15:23:30.218+0000] {logging_mixin.py:188} INFO - neutral
[2024-11-12T15:23:30.218+0000] {logging_mixin.py:188} INFO - mostly negative
[2024-11-12T15:23:30.219+0000] {logging_mixin.py:188} INFO - negative
[2024-11-12T15:23:30.220+0000] {logging_mixin.py:188} INFO - negative
[2024-11-12T15:23:30.221+0000] {logging_mixin.py:188} INFO - negative
[2024-11-12T15:23:30.222+0000] {logging_mixin.py:188} INFO - neutral
[2024-11-12T15:23:30.223+0000] {logging_mixin.py:188} INFO - slightly negative
[2024-11-12T15:23:30.223+0000] {logging_mixin.py:188} INFO - neutral
[2024-11-12T15:23:30.224+0000] {logging_mixin.py:188} INFO - mostly negative
[2024-11-12T15:23:30.225+0000] {logging_mixin.py:188} INFO - mostly negative
[2024-11-12T15:23:30.226+0000] {logging_mixin.py:188} INFO - neutral
[2024-11-12T15:23:30.227+0000] {logging_mixin.py:188} INFO - slightly negative
[2024-11-12T15:23:30.228+0000] {logging_mixin.py:188} INFO - neutral
[2024-11-12T15:23:30.229+0000] {logging_mixin.py:188} INFO - slightly positive
[2024-11-12T15:23:30.230+0000] {logging_mixin.py:188} INFO - neutral
[2024-11-12T15:23:30.230+0000] {logging_mixin.py:188} INFO - slightly negative
[2024-11-12T15:23:30.231+0000] {logging_mixin.py:188} INFO - neutral
[2024-11-12T15:23:30.232+0000] {logging_mixin.py:188} INFO - neutral
[2024-11-12T15:23:30.233+0000] {logging_mixin.py:188} INFO - neutral
[2024-11-12T15:23:30.234+0000] {logging_mixin.py:188} INFO - neutral
[2024-11-12T15:23:30.234+0000] {logging_mixin.py:188} INFO - neutral
[2024-11-12T15:23:30.235+0000] {logging_mixin.py:188} INFO - neutral
[2024-11-12T15:23:30.236+0000] {logging_mixin.py:188} INFO - neutral
[2024-11-12T15:23:30.237+0000] {logging_mixin.py:188} INFO - neutral
[2024-11-12T15:23:30.237+0000] {logging_mixin.py:188} INFO - neutral
[2024-11-12T15:23:30.238+0000] {logging_mixin.py:188} INFO - neutral
[2024-11-12T15:23:30.239+0000] {logging_mixin.py:188} INFO - neutral
[2024-11-12T15:23:30.240+0000] {logging_mixin.py:188} INFO - neutral
[2024-11-12T15:23:30.241+0000] {logging_mixin.py:188} INFO - neutral
[2024-11-12T15:23:30.242+0000] {logging_mixin.py:188} INFO - neutral
[2024-11-12T15:23:30.242+0000] {logging_mixin.py:188} INFO - neutral
[2024-11-12T15:23:30.243+0000] {logging_mixin.py:188} INFO - neutral
[2024-11-12T15:23:30.248+0000] {logging_mixin.py:188} INFO - mostly negative
[2024-11-12T15:23:30.248+0000] {logging_mixin.py:188} INFO - neutral
[2024-11-12T15:23:30.249+0000] {logging_mixin.py:188} INFO - neutral
[2024-11-12T15:23:30.250+0000] {logging_mixin.py:188} INFO - neutral
[2024-11-12T15:23:30.251+0000] {logging_mixin.py:188} INFO - neutral
[2024-11-12T15:23:30.252+0000] {logging_mixin.py:188} INFO - mostly negative
[2024-11-12T15:23:30.252+0000] {logging_mixin.py:188} INFO - slightly positive
[2024-11-12T15:23:30.253+0000] {logging_mixin.py:188} INFO - mostly negative
[2024-11-12T15:23:30.254+0000] {logging_mixin.py:188} INFO - slightly positive
[2024-11-12T15:23:30.255+0000] {logging_mixin.py:188} INFO - mostly negative
[2024-11-12T15:23:30.256+0000] {logging_mixin.py:188} INFO - neutral
[2024-11-12T15:23:30.257+0000] {logging_mixin.py:188} INFO - neutral
[2024-11-12T15:23:30.258+0000] {logging_mixin.py:188} INFO - neutral
[2024-11-12T15:23:30.258+0000] {logging_mixin.py:188} INFO - negative
[2024-11-12T15:23:30.259+0000] {logging_mixin.py:188} INFO - negative
[2024-11-12T15:23:30.260+0000] {logging_mixin.py:188} INFO - mostly positive
[2024-11-12T15:23:30.261+0000] {logging_mixin.py:188} INFO - mostly negative
[2024-11-12T15:23:30.262+0000] {logging_mixin.py:188} INFO - slightly negative
[2024-11-12T15:23:30.263+0000] {logging_mixin.py:188} INFO - slightly negative
[2024-11-12T15:23:30.272+0000] {logging_mixin.py:188} INFO -                                          news_string  ...   timestamp
0  Harris heads to Texas as poll shows her tied w...  ...  2024-11-12
1  Children among dead as 38 killed in Israeli at...  ...  2024-11-12
2  King acknowledges ‘painful’ past as calls for ...  ...  2024-11-12
3  Anti-hate group vows to continue work after El...  ...  2024-11-12
4  ‘Someone who destroyed my life’: rapper Shyne ...  ...  2024-11-12

[5 rows x 6 columns]
[2024-11-12T15:23:31.904+0000] {python.py:237} INFO - Done. Returned value was: None
[2024-11-12T15:23:31.904+0000] {taskinstance.py:441} INFO - ::group::Post task execution logs
[2024-11-12T15:23:31.910+0000] {taskinstance.py:1206} INFO - Marking task as SUCCESS. dag_id=news_dag, task_id=transform_and_load_op, run_id=manual__2024-11-12T15:23:24.752425+00:00, execution_date=20241112T152324, start_date=20241112T152328, end_date=20241112T152331
[2024-11-12T15:23:31.946+0000] {local_task_job_runner.py:243} INFO - Task exited with return code 0
[2024-11-12T15:23:31.961+0000] {taskinstance.py:3503} INFO - 1 downstream tasks scheduled from follow-on schedule check
[2024-11-12T15:23:31.962+0000] {local_task_job_runner.py:222} INFO - ::endgroup::
