[2024-12-02T18:59:28.758+0000] {local_task_job_runner.py:120} INFO - ::group::Pre task execution logs
[2024-12-02T18:59:28.769+0000] {taskinstance.py:2076} INFO - Dependencies all met for dep_context=non-requeueable deps ti=<TaskInstance: news_dag.load_op manual__2024-12-02T18:59:06.818003+00:00 [queued]>
[2024-12-02T18:59:28.774+0000] {taskinstance.py:2076} INFO - Dependencies all met for dep_context=requeueable deps ti=<TaskInstance: news_dag.load_op manual__2024-12-02T18:59:06.818003+00:00 [queued]>
[2024-12-02T18:59:28.774+0000] {taskinstance.py:2306} INFO - Starting attempt 1 of 1
[2024-12-02T18:59:28.782+0000] {taskinstance.py:2330} INFO - Executing <Task(PythonOperator): load_op> on 2024-12-02 18:59:06.818003+00:00
[2024-12-02T18:59:28.792+0000] {logging_mixin.py:188} WARNING - /home/***/.local/lib/python3.12/site-packages/***/task/task_runner/standard_task_runner.py:62 DeprecationWarning: This process (pid=1103) is multi-threaded, use of fork() may lead to deadlocks in the child.
[2024-12-02T18:59:28.790+0000] {standard_task_runner.py:90} INFO - Running: ['***', 'tasks', 'run', 'news_dag', 'load_op', 'manual__2024-12-02T18:59:06.818003+00:00', '--job-id', '10', '--raw', '--subdir', 'DAGS_FOLDER/etl_dag.py', '--cfg-path', '/tmp/tmpo6cjzevt']
[2024-12-02T18:59:28.793+0000] {standard_task_runner.py:91} INFO - Job 10: Subtask load_op
[2024-12-02T18:59:28.792+0000] {standard_task_runner.py:64} INFO - Started process 1112 to run task
[2024-12-02T18:59:28.823+0000] {task_command.py:426} INFO - Running <TaskInstance: news_dag.load_op manual__2024-12-02T18:59:06.818003+00:00 [running]> on host 3d14745ceaae
[2024-12-02T18:59:28.873+0000] {taskinstance.py:2648} INFO - Exporting env vars: AIRFLOW_CTX_DAG_OWNER='***' AIRFLOW_CTX_DAG_ID='news_dag' AIRFLOW_CTX_TASK_ID='load_op' AIRFLOW_CTX_EXECUTION_DATE='2024-12-02T18:59:06.818003+00:00' AIRFLOW_CTX_TRY_NUMBER='1' AIRFLOW_CTX_DAG_RUN_ID='manual__2024-12-02T18:59:06.818003+00:00'
[2024-12-02T18:59:28.873+0000] {taskinstance.py:430} INFO - ::endgroup::
[2024-12-02T18:59:28.889+0000] {base.py:84} INFO - Using connection ID 'aws_connection' for task execution.
[2024-12-02T18:59:30.103+0000] {connection.py:274} WARNING - Connection schemes (type: google_cloud_platform) shall not contain '_' according to RFC3986.
[2024-12-02T18:59:30.104+0000] {base.py:84} INFO - Using connection ID 'gc_connection' for task execution.
[2024-12-02T19:00:40.807+0000] {taskinstance.py:441} INFO - ::group::Post task execution logs
[2024-12-02T19:00:40.811+0000] {taskinstance.py:2905} ERROR - Task failed with exception
Traceback (most recent call last):
  File "/home/airflow/.local/lib/python3.12/site-packages/airflow/models/taskinstance.py", line 465, in _execute_task
    result = _execute_callable(context=context, **execute_callable_kwargs)
             ^^^^^^^^^^^^^^^^^^^^^^^^^^^^^^^^^^^^^^^^^^^^^^^^^^^^^^^^^^^^^
  File "/home/airflow/.local/lib/python3.12/site-packages/airflow/models/taskinstance.py", line 432, in _execute_callable
    return execute_callable(context=context, **execute_callable_kwargs)
           ^^^^^^^^^^^^^^^^^^^^^^^^^^^^^^^^^^^^^^^^^^^^^^^^^^^^^^^^^^^^
  File "/home/airflow/.local/lib/python3.12/site-packages/airflow/models/baseoperator.py", line 401, in wrapper
    return func(self, *args, **kwargs)
           ^^^^^^^^^^^^^^^^^^^^^^^^^^^
  File "/home/airflow/.local/lib/python3.12/site-packages/airflow/operators/python.py", line 235, in execute
    return_value = self.execute_callable()
                   ^^^^^^^^^^^^^^^^^^^^^^^
  File "/home/airflow/.local/lib/python3.12/site-packages/airflow/operators/python.py", line 252, in execute_callable
    return self.python_callable(*self.op_args, **self.op_kwargs)
           ^^^^^^^^^^^^^^^^^^^^^^^^^^^^^^^^^^^^^^^^^^^^^^^^^^^^^
  File "/opt/airflow/utils_shared/utils/load.py", line 74, in load
    table_id = Variable.get("table_id_freq")
               ^^^^^^^^^^^^^^^^^^^^^^^^^^^^^
  File "/home/airflow/.local/lib/python3.12/site-packages/airflow/models/variable.py", line 143, in get
    raise KeyError(f"Variable {key} does not exist")
KeyError: 'Variable table_id_freq does not exist'
[2024-12-02T19:00:40.822+0000] {taskinstance.py:1206} INFO - Marking task as FAILED. dag_id=news_dag, task_id=load_op, run_id=manual__2024-12-02T18:59:06.818003+00:00, execution_date=20241202T185906, start_date=20241202T185928, end_date=20241202T190040
[2024-12-02T19:00:40.834+0000] {standard_task_runner.py:110} ERROR - Failed to execute job 10 for task load_op ('Variable table_id_freq does not exist'; 1112)
[2024-12-02T19:00:40.884+0000] {local_task_job_runner.py:243} INFO - Task exited with return code 1
[2024-12-02T19:00:40.910+0000] {taskinstance.py:3503} INFO - 0 downstream tasks scheduled from follow-on schedule check
[2024-12-02T19:00:40.913+0000] {local_task_job_runner.py:222} INFO - ::endgroup::
