[2024-11-12T10:05:41.382+0000] {local_task_job_runner.py:120} INFO - ::group::Pre task execution logs
[2024-11-12T10:05:41.393+0000] {taskinstance.py:2076} INFO - Dependencies all met for dep_context=non-requeueable deps ti=<TaskInstance: news_dag.load_op manual__2024-11-12T10:05:26.457346+00:00 [queued]>
[2024-11-12T10:05:41.398+0000] {taskinstance.py:2076} INFO - Dependencies all met for dep_context=requeueable deps ti=<TaskInstance: news_dag.load_op manual__2024-11-12T10:05:26.457346+00:00 [queued]>
[2024-11-12T10:05:41.399+0000] {taskinstance.py:2306} INFO - Starting attempt 1 of 1
[2024-11-12T10:05:41.406+0000] {taskinstance.py:2330} INFO - Executing <Task(PythonOperator): load_op> on 2024-11-12 10:05:26.457346+00:00
[2024-11-12T10:05:41.412+0000] {standard_task_runner.py:90} INFO - Running: ['***', 'tasks', 'run', 'news_dag', 'load_op', 'manual__2024-11-12T10:05:26.457346+00:00', '--job-id', '5', '--raw', '--subdir', 'DAGS_FOLDER/etl_dag.py', '--cfg-path', '/tmp/tmp99b9ohda']
[2024-11-12T10:05:41.414+0000] {logging_mixin.py:188} WARNING - /home/***/.local/lib/python3.12/site-packages/***/task/task_runner/standard_task_runner.py:62 DeprecationWarning: This process (pid=1067) is multi-threaded, use of fork() may lead to deadlocks in the child.
[2024-11-12T10:05:41.414+0000] {standard_task_runner.py:91} INFO - Job 5: Subtask load_op
[2024-11-12T10:05:41.414+0000] {standard_task_runner.py:64} INFO - Started process 1068 to run task
[2024-11-12T10:05:41.441+0000] {task_command.py:426} INFO - Running <TaskInstance: news_dag.load_op manual__2024-11-12T10:05:26.457346+00:00 [running]> on host 3742f9b15fb5
[2024-11-12T10:05:41.489+0000] {taskinstance.py:2648} INFO - Exporting env vars: AIRFLOW_CTX_DAG_OWNER='***' AIRFLOW_CTX_DAG_ID='news_dag' AIRFLOW_CTX_TASK_ID='load_op' AIRFLOW_CTX_EXECUTION_DATE='2024-11-12T10:05:26.457346+00:00' AIRFLOW_CTX_TRY_NUMBER='1' AIRFLOW_CTX_DAG_RUN_ID='manual__2024-11-12T10:05:26.457346+00:00'
[2024-11-12T10:05:41.490+0000] {taskinstance.py:430} INFO - ::endgroup::
[2024-11-12T10:05:41.504+0000] {base.py:84} INFO - Using connection ID 'aws_connection' for task execution.
[2024-11-12T10:05:42.776+0000] {taskinstance.py:441} INFO - ::group::Post task execution logs
[2024-11-12T10:05:42.777+0000] {taskinstance.py:2905} ERROR - Task failed with exception
Traceback (most recent call last):
  File "/home/airflow/.local/lib/python3.12/site-packages/airflow/models/taskinstance.py", line 465, in _execute_task
    result = _execute_callable(context=context, **execute_callable_kwargs)
             ^^^^^^^^^^^^^^^^^^^^^^^^^^^^^^^^^^^^^^^^^^^^^^^^^^^^^^^^^^^^^
  File "/home/airflow/.local/lib/python3.12/site-packages/airflow/models/taskinstance.py", line 432, in _execute_callable
    return execute_callable(context=context, **execute_callable_kwargs)
           ^^^^^^^^^^^^^^^^^^^^^^^^^^^^^^^^^^^^^^^^^^^^^^^^^^^^^^^^^^^^
  File "/home/airflow/.local/lib/python3.12/site-packages/airflow/models/baseoperator.py", line 401, in wrapper
    return func(self, *args, **kwargs)
           ^^^^^^^^^^^^^^^^^^^^^^^^^^^
  File "/home/airflow/.local/lib/python3.12/site-packages/airflow/operators/python.py", line 235, in execute
    return_value = self.execute_callable()
                   ^^^^^^^^^^^^^^^^^^^^^^^
  File "/home/airflow/.local/lib/python3.12/site-packages/airflow/operators/python.py", line 252, in execute_callable
    return self.python_callable(*self.op_args, **self.op_kwargs)
           ^^^^^^^^^^^^^^^^^^^^^^^^^^^^^^^^^^^^^^^^^^^^^^^^^^^^^
  File "/opt/airflow/plugins/utils/load.py", line 41, in load
    project_id = Variable.get("gcp_project_id")
                 ^^^^^^^^^^^^^^^^^^^^^^^^^^^^^^
  File "/home/airflow/.local/lib/python3.12/site-packages/airflow/models/variable.py", line 143, in get
    raise KeyError(f"Variable {key} does not exist")
KeyError: 'Variable gcp_project_id does not exist'
[2024-11-12T10:05:42.787+0000] {taskinstance.py:1206} INFO - Marking task as FAILED. dag_id=news_dag, task_id=load_op, run_id=manual__2024-11-12T10:05:26.457346+00:00, execution_date=20241112T100526, start_date=20241112T100541, end_date=20241112T100542
[2024-11-12T10:05:42.797+0000] {standard_task_runner.py:110} ERROR - Failed to execute job 5 for task load_op ('Variable gcp_project_id does not exist'; 1068)
[2024-11-12T10:05:42.819+0000] {local_task_job_runner.py:243} INFO - Task exited with return code 1
[2024-11-12T10:05:42.833+0000] {taskinstance.py:3503} INFO - 0 downstream tasks scheduled from follow-on schedule check
[2024-11-12T10:05:42.837+0000] {local_task_job_runner.py:222} INFO - ::endgroup::
