[2024-11-11T14:43:02.088+0000] {local_task_job_runner.py:120} INFO - ::group::Pre task execution logs
[2024-11-11T14:43:02.098+0000] {taskinstance.py:2076} INFO - Dependencies all met for dep_context=non-requeueable deps ti=<TaskInstance: molecule_load_dag.transform_and_load_op manual__2024-11-11T14:42:57.087827+00:00 [queued]>
[2024-11-11T14:43:02.103+0000] {taskinstance.py:2076} INFO - Dependencies all met for dep_context=requeueable deps ti=<TaskInstance: molecule_load_dag.transform_and_load_op manual__2024-11-11T14:42:57.087827+00:00 [queued]>
[2024-11-11T14:43:02.104+0000] {taskinstance.py:2306} INFO - Starting attempt 1 of 1
[2024-11-11T14:43:02.111+0000] {taskinstance.py:2330} INFO - Executing <Task(PythonOperator): transform_and_load_op> on 2024-11-11 14:42:57.087827+00:00
[2024-11-11T14:43:02.117+0000] {standard_task_runner.py:90} INFO - Running: ['***', 'tasks', 'run', 'molecule_load_dag', 'transform_and_load_op', 'manual__2024-11-11T14:42:57.087827+00:00', '--job-id', '92', '--raw', '--subdir', 'DAGS_FOLDER/etl_dag.py', '--cfg-path', '/tmp/tmp0navk7do']
[2024-11-11T14:43:02.118+0000] {logging_mixin.py:188} WARNING - /home/***/.local/lib/python3.12/site-packages/***/task/task_runner/standard_task_runner.py:62 DeprecationWarning: This process (pid=917) is multi-threaded, use of fork() may lead to deadlocks in the child.
[2024-11-11T14:43:02.119+0000] {standard_task_runner.py:91} INFO - Job 92: Subtask transform_and_load_op
[2024-11-11T14:43:02.119+0000] {standard_task_runner.py:64} INFO - Started process 918 to run task
[2024-11-11T14:43:02.145+0000] {task_command.py:426} INFO - Running <TaskInstance: molecule_load_dag.transform_and_load_op manual__2024-11-11T14:42:57.087827+00:00 [running]> on host 33ac3a22d0b5
[2024-11-11T14:43:02.196+0000] {taskinstance.py:2648} INFO - Exporting env vars: AIRFLOW_CTX_DAG_OWNER='***' AIRFLOW_CTX_DAG_ID='molecule_load_dag' AIRFLOW_CTX_TASK_ID='transform_and_load_op' AIRFLOW_CTX_EXECUTION_DATE='2024-11-11T14:42:57.087827+00:00' AIRFLOW_CTX_TRY_NUMBER='1' AIRFLOW_CTX_DAG_RUN_ID='manual__2024-11-11T14:42:57.087827+00:00'
[2024-11-11T14:43:02.197+0000] {taskinstance.py:430} INFO - ::endgroup::
[2024-11-11T14:43:02.211+0000] {base.py:84} INFO - Using connection ID 'aws_connection' for task execution.
[2024-11-11T14:43:02.440+0000] {taskinstance.py:441} INFO - ::group::Post task execution logs
[2024-11-11T14:43:02.441+0000] {taskinstance.py:2905} ERROR - Task failed with exception
Traceback (most recent call last):
  File "/home/airflow/.local/lib/python3.12/site-packages/airflow/models/taskinstance.py", line 465, in _execute_task
    result = _execute_callable(context=context, **execute_callable_kwargs)
             ^^^^^^^^^^^^^^^^^^^^^^^^^^^^^^^^^^^^^^^^^^^^^^^^^^^^^^^^^^^^^
  File "/home/airflow/.local/lib/python3.12/site-packages/airflow/models/taskinstance.py", line 432, in _execute_callable
    return execute_callable(context=context, **execute_callable_kwargs)
           ^^^^^^^^^^^^^^^^^^^^^^^^^^^^^^^^^^^^^^^^^^^^^^^^^^^^^^^^^^^^
  File "/home/airflow/.local/lib/python3.12/site-packages/airflow/models/baseoperator.py", line 401, in wrapper
    return func(self, *args, **kwargs)
           ^^^^^^^^^^^^^^^^^^^^^^^^^^^
  File "/home/airflow/.local/lib/python3.12/site-packages/airflow/operators/python.py", line 235, in execute
    return_value = self.execute_callable()
                   ^^^^^^^^^^^^^^^^^^^^^^^
  File "/home/airflow/.local/lib/python3.12/site-packages/airflow/operators/python.py", line 252, in execute_callable
    return self.python_callable(*self.op_args, **self.op_kwargs)
           ^^^^^^^^^^^^^^^^^^^^^^^^^^^^^^^^^^^^^^^^^^^^^^^^^^^^^
  File "/opt/airflow/plugins/utils/transform_and_load.py", line 31, in transform
    print(bucket+key)
          ~~~~~~^~~~
TypeError: unsupported operand type(s) for +: 'NoneType' and 'NoneType'
[2024-11-11T14:43:02.446+0000] {taskinstance.py:1206} INFO - Marking task as FAILED. dag_id=molecule_load_dag, task_id=transform_and_load_op, run_id=manual__2024-11-11T14:42:57.087827+00:00, execution_date=20241111T144257, start_date=20241111T144302, end_date=20241111T144302
[2024-11-11T14:43:02.454+0000] {standard_task_runner.py:110} ERROR - Failed to execute job 92 for task transform_and_load_op (unsupported operand type(s) for +: 'NoneType' and 'NoneType'; 918)
[2024-11-11T14:43:02.472+0000] {local_task_job_runner.py:243} INFO - Task exited with return code 1
[2024-11-11T14:43:02.487+0000] {taskinstance.py:3503} INFO - 0 downstream tasks scheduled from follow-on schedule check
[2024-11-11T14:43:02.490+0000] {local_task_job_runner.py:222} INFO - ::endgroup::
