[2024-11-12T17:27:11.894+0000] {local_task_job_runner.py:120} INFO - ::group::Pre task execution logs
[2024-11-12T17:27:11.905+0000] {taskinstance.py:2076} INFO - Dependencies all met for dep_context=non-requeueable deps ti=<TaskInstance: news_dag.transform_and_load_op manual__2024-11-12T17:27:07.330039+00:00 [queued]>
[2024-11-12T17:27:11.910+0000] {taskinstance.py:2076} INFO - Dependencies all met for dep_context=requeueable deps ti=<TaskInstance: news_dag.transform_and_load_op manual__2024-11-12T17:27:07.330039+00:00 [queued]>
[2024-11-12T17:27:11.911+0000] {taskinstance.py:2306} INFO - Starting attempt 1 of 1
[2024-11-12T17:27:11.918+0000] {taskinstance.py:2330} INFO - Executing <Task(PythonOperator): transform_and_load_op> on 2024-11-12 17:27:07.330039+00:00
[2024-11-12T17:27:11.924+0000] {logging_mixin.py:188} WARNING - /home/***/.local/lib/python3.12/site-packages/***/task/task_runner/standard_task_runner.py:62 DeprecationWarning: This process (pid=1334) is multi-threaded, use of fork() may lead to deadlocks in the child.
[2024-11-12T17:27:11.925+0000] {standard_task_runner.py:64} INFO - Started process 1335 to run task
[2024-11-12T17:27:11.925+0000] {standard_task_runner.py:90} INFO - Running: ['***', 'tasks', 'run', 'news_dag', 'transform_and_load_op', 'manual__2024-11-12T17:27:07.330039+00:00', '--job-id', '47', '--raw', '--subdir', 'DAGS_FOLDER/etl_dag.py', '--cfg-path', '/tmp/tmpg56wqsio']
[2024-11-12T17:27:11.926+0000] {standard_task_runner.py:91} INFO - Job 47: Subtask transform_and_load_op
[2024-11-12T17:27:11.956+0000] {task_command.py:426} INFO - Running <TaskInstance: news_dag.transform_and_load_op manual__2024-11-12T17:27:07.330039+00:00 [running]> on host 978924a04c21
[2024-11-12T17:27:12.008+0000] {taskinstance.py:2648} INFO - Exporting env vars: AIRFLOW_CTX_DAG_OWNER='***' AIRFLOW_CTX_DAG_ID='news_dag' AIRFLOW_CTX_TASK_ID='transform_and_load_op' AIRFLOW_CTX_EXECUTION_DATE='2024-11-12T17:27:07.330039+00:00' AIRFLOW_CTX_TRY_NUMBER='1' AIRFLOW_CTX_DAG_RUN_ID='manual__2024-11-12T17:27:07.330039+00:00'
[2024-11-12T17:27:12.009+0000] {taskinstance.py:430} INFO - ::endgroup::
[2024-11-12T17:27:12.024+0000] {base.py:84} INFO - Using connection ID 'aws_connection' for task execution.
[2024-11-12T17:27:13.367+0000] {taskinstance.py:441} INFO - ::group::Post task execution logs
[2024-11-12T17:27:13.368+0000] {taskinstance.py:2905} ERROR - Task failed with exception
Traceback (most recent call last):
  File "/home/airflow/.local/lib/python3.12/site-packages/airflow/models/taskinstance.py", line 465, in _execute_task
    result = _execute_callable(context=context, **execute_callable_kwargs)
             ^^^^^^^^^^^^^^^^^^^^^^^^^^^^^^^^^^^^^^^^^^^^^^^^^^^^^^^^^^^^^
  File "/home/airflow/.local/lib/python3.12/site-packages/airflow/models/taskinstance.py", line 432, in _execute_callable
    return execute_callable(context=context, **execute_callable_kwargs)
           ^^^^^^^^^^^^^^^^^^^^^^^^^^^^^^^^^^^^^^^^^^^^^^^^^^^^^^^^^^^^
  File "/home/airflow/.local/lib/python3.12/site-packages/airflow/models/baseoperator.py", line 401, in wrapper
    return func(self, *args, **kwargs)
           ^^^^^^^^^^^^^^^^^^^^^^^^^^^
  File "/home/airflow/.local/lib/python3.12/site-packages/airflow/operators/python.py", line 235, in execute
    return_value = self.execute_callable()
                   ^^^^^^^^^^^^^^^^^^^^^^^
  File "/home/airflow/.local/lib/python3.12/site-packages/airflow/operators/python.py", line 252, in execute_callable
    return self.python_callable(*self.op_args, **self.op_kwargs)
           ^^^^^^^^^^^^^^^^^^^^^^^^^^^^^^^^^^^^^^^^^^^^^^^^^^^^^
  File "/opt/airflow/plugins/utils/transform_and_load.py", line 50, in transform
    freq_words_list = get_most_frequent_words("rferf")
                      ^^^^^^^^^^^^^^^^^^^^^^^^^^^^^^^^
  File "/opt/airflow/plugins/data_utils/data_processor.py", line 60, in get_most_frequent_words
    def get_most_frequent_words(df):
             ^^^^^^^^^^^^^^^^^
  File "/home/airflow/.local/lib/python3.12/site-packages/pandas/io/parsers/readers.py", line 948, in read_csv
    return _read(filepath_or_buffer, kwds)
           ^^^^^^^^^^^^^^^^^^^^^^^^^^^^^^^
  File "/home/airflow/.local/lib/python3.12/site-packages/pandas/io/parsers/readers.py", line 611, in _read
    parser = TextFileReader(filepath_or_buffer, **kwds)
             ^^^^^^^^^^^^^^^^^^^^^^^^^^^^^^^^^^^^^^^^^^
  File "/home/airflow/.local/lib/python3.12/site-packages/pandas/io/parsers/readers.py", line 1448, in __init__
    self._engine = self._make_engine(f, self.engine)
                   ^^^^^^^^^^^^^^^^^^^^^^^^^^^^^^^^^
  File "/home/airflow/.local/lib/python3.12/site-packages/pandas/io/parsers/readers.py", line 1705, in _make_engine
    self.handles = get_handle(
                   ^^^^^^^^^^^
  File "/home/airflow/.local/lib/python3.12/site-packages/pandas/io/common.py", line 863, in get_handle
    handle = open(
             ^^^^^
FileNotFoundError: [Errno 2] No such file or directory: 'rferf'
[2024-11-12T17:27:13.382+0000] {taskinstance.py:1206} INFO - Marking task as FAILED. dag_id=news_dag, task_id=transform_and_load_op, run_id=manual__2024-11-12T17:27:07.330039+00:00, execution_date=20241112T172707, start_date=20241112T172711, end_date=20241112T172713
[2024-11-12T17:27:13.391+0000] {standard_task_runner.py:110} ERROR - Failed to execute job 47 for task transform_and_load_op ([Errno 2] No such file or directory: 'rferf'; 1335)
[2024-11-12T17:27:13.413+0000] {local_task_job_runner.py:243} INFO - Task exited with return code 1
[2024-11-12T17:27:13.430+0000] {taskinstance.py:3503} INFO - 0 downstream tasks scheduled from follow-on schedule check
[2024-11-12T17:27:13.433+0000] {local_task_job_runner.py:222} INFO - ::endgroup::
