[2024-11-02T09:30:50.274+0000] {local_task_job_runner.py:120} INFO - ::group::Pre task execution logs
[2024-11-02T09:30:50.284+0000] {taskinstance.py:2076} INFO - Dependencies all met for dep_context=non-requeueable deps ti=<TaskInstance: molecule_load_dag.load_op manual__2024-11-02T09:30:42.223116+00:00 [queued]>
[2024-11-02T09:30:50.289+0000] {taskinstance.py:2076} INFO - Dependencies all met for dep_context=requeueable deps ti=<TaskInstance: molecule_load_dag.load_op manual__2024-11-02T09:30:42.223116+00:00 [queued]>
[2024-11-02T09:30:50.289+0000] {taskinstance.py:2306} INFO - Starting attempt 1 of 1
[2024-11-02T09:30:50.297+0000] {taskinstance.py:2330} INFO - Executing <Task(PythonOperator): load_op> on 2024-11-02 09:30:42.223116+00:00
[2024-11-02T09:30:50.304+0000] {standard_task_runner.py:90} INFO - Running: ['***', 'tasks', 'run', 'molecule_load_dag', 'load_op', 'manual__2024-11-02T09:30:42.223116+00:00', '--job-id', '30', '--raw', '--subdir', 'DAGS_FOLDER/etl_dag.py', '--cfg-path', '/tmp/tmprfv4an6q']
[2024-11-02T09:30:50.306+0000] {standard_task_runner.py:91} INFO - Job 30: Subtask load_op
[2024-11-02T09:30:50.306+0000] {logging_mixin.py:188} WARNING - /home/***/.local/lib/python3.12/site-packages/***/task/task_runner/standard_task_runner.py:62 DeprecationWarning: This process (pid=2041) is multi-threaded, use of fork() may lead to deadlocks in the child.
[2024-11-02T09:30:50.308+0000] {standard_task_runner.py:64} INFO - Started process 2042 to run task
[2024-11-02T09:30:50.334+0000] {task_command.py:426} INFO - Running <TaskInstance: molecule_load_dag.load_op manual__2024-11-02T09:30:42.223116+00:00 [running]> on host 11ad264474a7
[2024-11-02T09:30:50.386+0000] {taskinstance.py:2648} INFO - Exporting env vars: AIRFLOW_CTX_DAG_OWNER='***' AIRFLOW_CTX_DAG_ID='molecule_load_dag' AIRFLOW_CTX_TASK_ID='load_op' AIRFLOW_CTX_EXECUTION_DATE='2024-11-02T09:30:42.223116+00:00' AIRFLOW_CTX_TRY_NUMBER='1' AIRFLOW_CTX_DAG_RUN_ID='manual__2024-11-02T09:30:42.223116+00:00'
[2024-11-02T09:30:50.388+0000] {taskinstance.py:430} INFO - ::endgroup::
[2024-11-02T09:30:50.402+0000] {base.py:84} INFO - Using connection ID 'aws_connection' for task execution.
[2024-11-02T09:30:51.761+0000] {connection.py:274} WARNING - Connection schemes (type: google_cloud_platform) shall not contain '_' according to RFC3986.
[2024-11-02T09:30:51.763+0000] {base.py:84} INFO - Using connection ID 'gc_connection' for task execution.
[2024-11-02T09:30:51.830+0000] {logging_mixin.py:188} INFO - Entered loop
[2024-11-02T09:30:52.828+0000] {logging_mixin.py:188} INFO - Entered loop
[2024-11-02T09:30:53.125+0000] {logging_mixin.py:188} INFO - Entered loop
[2024-11-02T09:30:53.382+0000] {logging_mixin.py:188} INFO - Entered loop
[2024-11-02T09:30:53.647+0000] {logging_mixin.py:188} INFO - Entered loop
[2024-11-02T09:30:53.939+0000] {logging_mixin.py:188} INFO - Entered loop
[2024-11-02T09:30:54.187+0000] {logging_mixin.py:188} INFO - Entered loop
[2024-11-02T09:30:54.451+0000] {logging_mixin.py:188} INFO - Entered loop
[2024-11-02T09:30:54.710+0000] {logging_mixin.py:188} INFO - Entered loop
[2024-11-02T09:30:54.973+0000] {logging_mixin.py:188} INFO - Entered loop
[2024-11-02T09:30:55.244+0000] {logging_mixin.py:188} INFO - Entered loop
[2024-11-02T09:30:55.518+0000] {logging_mixin.py:188} INFO - Entered loop
[2024-11-02T09:30:55.777+0000] {logging_mixin.py:188} INFO - Entered loop
[2024-11-02T09:30:56.040+0000] {logging_mixin.py:188} INFO - Entered loop
[2024-11-02T09:30:56.301+0000] {logging_mixin.py:188} INFO - Entered loop
[2024-11-02T09:30:56.554+0000] {logging_mixin.py:188} INFO - Entered loop
[2024-11-02T09:30:56.833+0000] {logging_mixin.py:188} INFO - Entered loop
[2024-11-02T09:30:57.129+0000] {logging_mixin.py:188} INFO - Entered loop
[2024-11-02T09:30:57.388+0000] {logging_mixin.py:188} INFO - Entered loop
[2024-11-02T09:30:57.633+0000] {logging_mixin.py:188} INFO - Entered loop
[2024-11-02T09:30:57.890+0000] {logging_mixin.py:188} INFO - Entered loop
[2024-11-02T09:30:58.149+0000] {logging_mixin.py:188} INFO - Entered loop
[2024-11-02T09:30:58.418+0000] {logging_mixin.py:188} INFO - Entered loop
[2024-11-02T09:30:58.673+0000] {logging_mixin.py:188} INFO - Entered loop
[2024-11-02T09:30:58.918+0000] {logging_mixin.py:188} INFO - Entered loop
[2024-11-02T09:30:59.180+0000] {logging_mixin.py:188} INFO - Entered loop
[2024-11-02T09:30:59.442+0000] {logging_mixin.py:188} INFO - Entered loop
[2024-11-02T09:30:59.714+0000] {logging_mixin.py:188} INFO - Entered loop
[2024-11-02T09:30:59.996+0000] {logging_mixin.py:188} INFO - Entered loop
[2024-11-02T09:31:00.259+0000] {logging_mixin.py:188} INFO - Entered loop
[2024-11-02T09:31:00.536+0000] {logging_mixin.py:188} INFO - Entered loop
[2024-11-02T09:31:00.786+0000] {logging_mixin.py:188} INFO - Entered loop
[2024-11-02T09:31:01.039+0000] {logging_mixin.py:188} INFO - Entered loop
[2024-11-02T09:31:01.306+0000] {logging_mixin.py:188} INFO - Entered loop
[2024-11-02T09:31:01.540+0000] {logging_mixin.py:188} INFO - Entered loop
[2024-11-02T09:31:01.797+0000] {logging_mixin.py:188} INFO - Entered loop
[2024-11-02T09:31:02.048+0000] {logging_mixin.py:188} INFO - Entered loop
[2024-11-02T09:31:02.296+0000] {logging_mixin.py:188} INFO - Entered loop
[2024-11-02T09:31:02.568+0000] {logging_mixin.py:188} INFO - Entered loop
[2024-11-02T09:31:02.838+0000] {logging_mixin.py:188} INFO - Entered loop
[2024-11-02T09:31:03.107+0000] {logging_mixin.py:188} INFO - Entered loop
[2024-11-02T09:31:03.382+0000] {logging_mixin.py:188} INFO - Entered loop
[2024-11-02T09:31:03.656+0000] {logging_mixin.py:188} INFO - Entered loop
[2024-11-02T09:31:03.908+0000] {logging_mixin.py:188} INFO - Entered loop
[2024-11-02T09:31:04.152+0000] {logging_mixin.py:188} INFO - Entered loop
[2024-11-02T09:31:04.423+0000] {logging_mixin.py:188} INFO - Entered loop
[2024-11-02T09:31:04.683+0000] {logging_mixin.py:188} INFO - Entered loop
[2024-11-02T09:31:04.946+0000] {logging_mixin.py:188} INFO - Entered loop
[2024-11-02T09:31:05.200+0000] {logging_mixin.py:188} INFO - Entered loop
[2024-11-02T09:31:05.466+0000] {logging_mixin.py:188} INFO - Entered loop
[2024-11-02T09:31:05.704+0000] {logging_mixin.py:188} INFO - Entered loop
[2024-11-02T09:31:05.973+0000] {logging_mixin.py:188} INFO - Entered loop
[2024-11-02T09:31:06.270+0000] {logging_mixin.py:188} INFO - Entered loop
[2024-11-02T09:31:06.548+0000] {logging_mixin.py:188} INFO - Entered loop
[2024-11-02T09:31:06.820+0000] {logging_mixin.py:188} INFO - Entered loop
[2024-11-02T09:31:07.081+0000] {logging_mixin.py:188} INFO - Entered loop
[2024-11-02T09:31:07.351+0000] {logging_mixin.py:188} INFO - Entered loop
[2024-11-02T09:31:07.605+0000] {logging_mixin.py:188} INFO - Entered loop
[2024-11-02T09:31:07.855+0000] {logging_mixin.py:188} INFO - Entered loop
[2024-11-02T09:31:08.105+0000] {logging_mixin.py:188} INFO - Entered loop
[2024-11-02T09:31:08.362+0000] {logging_mixin.py:188} INFO - Entered loop
[2024-11-02T09:31:08.624+0000] {logging_mixin.py:188} INFO - Entered loop
[2024-11-02T09:31:08.893+0000] {logging_mixin.py:188} INFO - Entered loop
[2024-11-02T09:31:09.129+0000] {logging_mixin.py:188} INFO - Entered loop
[2024-11-02T09:31:09.392+0000] {logging_mixin.py:188} INFO - Entered loop
[2024-11-02T09:31:09.653+0000] {logging_mixin.py:188} INFO - Entered loop
[2024-11-02T09:31:09.971+0000] {logging_mixin.py:188} INFO - Entered loop
[2024-11-02T09:31:10.232+0000] {logging_mixin.py:188} INFO - Entered loop
[2024-11-02T09:31:10.607+0000] {logging_mixin.py:188} INFO - Entered loop
[2024-11-02T09:31:10.859+0000] {logging_mixin.py:188} INFO - Entered loop
[2024-11-02T09:31:11.126+0000] {logging_mixin.py:188} INFO - Entered loop
[2024-11-02T09:31:11.390+0000] {logging_mixin.py:188} INFO - Entered loop
[2024-11-02T09:31:11.635+0000] {logging_mixin.py:188} INFO - Entered loop
[2024-11-02T09:31:11.889+0000] {logging_mixin.py:188} INFO - Entered loop
[2024-11-02T09:31:12.146+0000] {logging_mixin.py:188} INFO - Entered loop
[2024-11-02T09:31:12.410+0000] {logging_mixin.py:188} INFO - Entered loop
[2024-11-02T09:31:12.668+0000] {logging_mixin.py:188} INFO - Entered loop
[2024-11-02T09:31:12.926+0000] {logging_mixin.py:188} INFO - Entered loop
[2024-11-02T09:31:13.198+0000] {logging_mixin.py:188} INFO - Entered loop
[2024-11-02T09:31:13.447+0000] {logging_mixin.py:188} INFO - Entered loop
[2024-11-02T09:31:13.695+0000] {logging_mixin.py:188} INFO - Entered loop
[2024-11-02T09:31:13.943+0000] {logging_mixin.py:188} INFO - Entered loop
[2024-11-02T09:31:14.222+0000] {logging_mixin.py:188} INFO - Entered loop
[2024-11-02T09:31:14.493+0000] {logging_mixin.py:188} INFO - Entered loop
[2024-11-02T09:31:14.739+0000] {logging_mixin.py:188} INFO - Entered loop
[2024-11-02T09:31:14.992+0000] {logging_mixin.py:188} INFO - Entered loop
[2024-11-02T09:31:15.253+0000] {logging_mixin.py:188} INFO - Entered loop
[2024-11-02T09:31:15.552+0000] {logging_mixin.py:188} INFO - Entered loop
[2024-11-02T09:31:15.823+0000] {logging_mixin.py:188} INFO - Entered loop
[2024-11-02T09:31:16.069+0000] {logging_mixin.py:188} INFO - Entered loop
[2024-11-02T09:31:16.321+0000] {logging_mixin.py:188} INFO - Entered loop
[2024-11-02T09:31:16.590+0000] {logging_mixin.py:188} INFO - Entered loop
[2024-11-02T09:31:16.847+0000] {logging_mixin.py:188} INFO - Entered loop
[2024-11-02T09:31:17.103+0000] {logging_mixin.py:188} INFO - Entered loop
[2024-11-02T09:31:17.366+0000] {logging_mixin.py:188} INFO - Entered loop
[2024-11-02T09:31:17.647+0000] {logging_mixin.py:188} INFO - Entered loop
[2024-11-02T09:31:17.894+0000] {logging_mixin.py:188} INFO - Entered loop
[2024-11-02T09:31:18.153+0000] {logging_mixin.py:188} INFO - Entered loop
[2024-11-02T09:31:18.412+0000] {logging_mixin.py:188} INFO - Entered loop
[2024-11-02T09:31:18.642+0000] {logging_mixin.py:188} INFO - Entered loop
[2024-11-02T09:31:18.886+0000] {logging_mixin.py:188} INFO - Entered loop
[2024-11-02T09:31:19.179+0000] {logging_mixin.py:188} INFO - Entered loop
[2024-11-02T09:31:19.419+0000] {logging_mixin.py:188} INFO - Entered loop
[2024-11-02T09:31:19.676+0000] {logging_mixin.py:188} INFO - Entered loop
[2024-11-02T09:31:19.948+0000] {logging_mixin.py:188} INFO - Entered loop
[2024-11-02T09:31:20.215+0000] {logging_mixin.py:188} INFO - Entered loop
[2024-11-02T09:31:20.459+0000] {logging_mixin.py:188} INFO - Entered loop
[2024-11-02T09:31:20.724+0000] {logging_mixin.py:188} INFO - Entered loop
[2024-11-02T09:31:20.991+0000] {logging_mixin.py:188} INFO - Entered loop
[2024-11-02T09:31:21.224+0000] {logging_mixin.py:188} INFO - Entered loop
[2024-11-02T09:31:21.499+0000] {logging_mixin.py:188} INFO - Entered loop
[2024-11-02T09:31:21.766+0000] {logging_mixin.py:188} INFO - Entered loop
[2024-11-02T09:31:22.015+0000] {logging_mixin.py:188} INFO - Entered loop
[2024-11-02T09:31:22.276+0000] {logging_mixin.py:188} INFO - Entered loop
[2024-11-02T09:31:22.528+0000] {logging_mixin.py:188} INFO - Entered loop
[2024-11-02T09:31:22.789+0000] {logging_mixin.py:188} INFO - Entered loop
[2024-11-02T09:31:23.044+0000] {logging_mixin.py:188} INFO - Entered loop
[2024-11-02T09:31:23.301+0000] {logging_mixin.py:188} INFO - Entered loop
[2024-11-02T09:31:23.555+0000] {logging_mixin.py:188} INFO - Entered loop
[2024-11-02T09:31:23.816+0000] {logging_mixin.py:188} INFO - Entered loop
[2024-11-02T09:31:24.081+0000] {logging_mixin.py:188} INFO - Entered loop
[2024-11-02T09:31:24.335+0000] {logging_mixin.py:188} INFO - Entered loop
[2024-11-02T09:31:24.577+0000] {logging_mixin.py:188} INFO - Entered loop
[2024-11-02T09:31:24.834+0000] {logging_mixin.py:188} INFO - Entered loop
[2024-11-02T09:31:25.086+0000] {logging_mixin.py:188} INFO - Entered loop
[2024-11-02T09:31:25.397+0000] {logging_mixin.py:188} INFO - Entered loop
[2024-11-02T09:31:25.684+0000] {logging_mixin.py:188} INFO - Entered loop
[2024-11-02T09:31:25.948+0000] {logging_mixin.py:188} INFO - Entered loop
[2024-11-02T09:31:26.213+0000] {logging_mixin.py:188} INFO - Entered loop
[2024-11-02T09:31:26.484+0000] {logging_mixin.py:188} INFO - Entered loop
[2024-11-02T09:31:26.728+0000] {logging_mixin.py:188} INFO - Entered loop
[2024-11-02T09:31:26.961+0000] {logging_mixin.py:188} INFO - Entered loop
[2024-11-02T09:31:27.215+0000] {logging_mixin.py:188} INFO - Entered loop
[2024-11-02T09:31:27.454+0000] {logging_mixin.py:188} INFO - Entered loop
[2024-11-02T09:31:27.706+0000] {logging_mixin.py:188} INFO - Entered loop
[2024-11-02T09:31:27.939+0000] {logging_mixin.py:188} INFO - Entered loop
[2024-11-02T09:31:28.192+0000] {logging_mixin.py:188} INFO - Entered loop
[2024-11-02T09:31:28.449+0000] {logging_mixin.py:188} INFO - Entered loop
[2024-11-02T09:31:28.695+0000] {logging_mixin.py:188} INFO - Entered loop
[2024-11-02T09:31:28.943+0000] {logging_mixin.py:188} INFO - Entered loop
[2024-11-02T09:31:29.192+0000] {logging_mixin.py:188} INFO - Entered loop
[2024-11-02T09:31:29.451+0000] {logging_mixin.py:188} INFO - Entered loop
[2024-11-02T09:31:29.718+0000] {logging_mixin.py:188} INFO - Entered loop
[2024-11-02T09:31:29.964+0000] {logging_mixin.py:188} INFO - Entered loop
[2024-11-02T09:31:30.225+0000] {logging_mixin.py:188} INFO - Entered loop
[2024-11-02T09:31:30.490+0000] {logging_mixin.py:188} INFO - Entered loop
[2024-11-02T09:31:30.785+0000] {logging_mixin.py:188} INFO - Entered loop
[2024-11-02T09:31:31.096+0000] {logging_mixin.py:188} INFO - Entered loop
[2024-11-02T09:31:31.355+0000] {logging_mixin.py:188} INFO - Entered loop
[2024-11-02T09:31:31.624+0000] {logging_mixin.py:188} INFO - Entered loop
[2024-11-02T09:31:31.880+0000] {logging_mixin.py:188} INFO - Entered loop
[2024-11-02T09:31:32.125+0000] {logging_mixin.py:188} INFO - Entered loop
[2024-11-02T09:31:32.377+0000] {logging_mixin.py:188} INFO - Entered loop
[2024-11-02T09:31:32.637+0000] {logging_mixin.py:188} INFO - Entered loop
[2024-11-02T09:31:32.888+0000] {logging_mixin.py:188} INFO - Entered loop
[2024-11-02T09:31:33.129+0000] {logging_mixin.py:188} INFO - Entered loop
[2024-11-02T09:31:33.400+0000] {logging_mixin.py:188} INFO - Entered loop
[2024-11-02T09:31:33.671+0000] {logging_mixin.py:188} INFO - Entered loop
[2024-11-02T09:31:33.922+0000] {logging_mixin.py:188} INFO - Entered loop
[2024-11-02T09:31:34.180+0000] {logging_mixin.py:188} INFO - Entered loop
[2024-11-02T09:31:34.445+0000] {logging_mixin.py:188} INFO - Entered loop
[2024-11-02T09:31:34.706+0000] {logging_mixin.py:188} INFO - Entered loop
[2024-11-02T09:31:34.958+0000] {logging_mixin.py:188} INFO - Entered loop
[2024-11-02T09:31:35.215+0000] {logging_mixin.py:188} INFO - Entered loop
[2024-11-02T09:31:35.453+0000] {logging_mixin.py:188} INFO - Entered loop
[2024-11-02T09:31:35.705+0000] {logging_mixin.py:188} INFO - Entered loop
[2024-11-02T09:31:35.959+0000] {logging_mixin.py:188} INFO - Entered loop
[2024-11-02T09:31:36.184+0000] {logging_mixin.py:188} INFO - Entered loop
[2024-11-02T09:31:36.440+0000] {logging_mixin.py:188} INFO - Entered loop
[2024-11-02T09:31:36.696+0000] {logging_mixin.py:188} INFO - Entered loop
[2024-11-02T09:31:36.941+0000] {logging_mixin.py:188} INFO - Entered loop
[2024-11-02T09:31:37.192+0000] {logging_mixin.py:188} INFO - Entered loop
[2024-11-02T09:31:37.439+0000] {logging_mixin.py:188} INFO - Entered loop
[2024-11-02T09:31:37.690+0000] {logging_mixin.py:188} INFO - Entered loop
[2024-11-02T09:31:37.926+0000] {logging_mixin.py:188} INFO - Entered loop
[2024-11-02T09:31:38.194+0000] {logging_mixin.py:188} INFO - Entered loop
[2024-11-02T09:31:38.438+0000] {logging_mixin.py:188} INFO - Entered loop
[2024-11-02T09:31:38.688+0000] {logging_mixin.py:188} INFO - Entered loop
[2024-11-02T09:31:38.947+0000] {logging_mixin.py:188} INFO - Entered loop
[2024-11-02T09:31:39.212+0000] {logging_mixin.py:188} INFO - Entered loop
[2024-11-02T09:31:39.479+0000] {logging_mixin.py:188} INFO - Entered loop
[2024-11-02T09:31:39.737+0000] {logging_mixin.py:188} INFO - Entered loop
[2024-11-02T09:31:39.962+0000] {logging_mixin.py:188} INFO - Entered loop
[2024-11-02T09:31:40.214+0000] {logging_mixin.py:188} INFO - Entered loop
[2024-11-02T09:31:40.473+0000] {logging_mixin.py:188} INFO - Entered loop
[2024-11-02T09:31:40.721+0000] {logging_mixin.py:188} INFO - Entered loop
[2024-11-02T09:31:40.987+0000] {logging_mixin.py:188} INFO - Entered loop
[2024-11-02T09:31:41.229+0000] {logging_mixin.py:188} INFO - Entered loop
[2024-11-02T09:31:41.473+0000] {logging_mixin.py:188} INFO - Entered loop
[2024-11-02T09:31:41.719+0000] {logging_mixin.py:188} INFO - Entered loop
[2024-11-02T09:31:41.968+0000] {logging_mixin.py:188} INFO - Entered loop
[2024-11-02T09:31:42.210+0000] {logging_mixin.py:188} INFO - Entered loop
[2024-11-02T09:31:42.452+0000] {logging_mixin.py:188} INFO - Entered loop
[2024-11-02T09:31:42.739+0000] {logging_mixin.py:188} INFO - Entered loop
[2024-11-02T09:31:43.005+0000] {logging_mixin.py:188} INFO - Entered loop
[2024-11-02T09:31:43.252+0000] {logging_mixin.py:188} INFO - Entered loop
[2024-11-02T09:31:43.483+0000] {logging_mixin.py:188} INFO - Entered loop
[2024-11-02T09:31:43.727+0000] {logging_mixin.py:188} INFO - Entered loop
[2024-11-02T09:31:43.980+0000] {logging_mixin.py:188} INFO - Entered loop
[2024-11-02T09:31:44.224+0000] {logging_mixin.py:188} INFO - Entered loop
[2024-11-02T09:31:44.472+0000] {logging_mixin.py:188} INFO - Entered loop
[2024-11-02T09:31:44.712+0000] {logging_mixin.py:188} INFO - Entered loop
[2024-11-02T09:31:44.964+0000] {logging_mixin.py:188} INFO - Entered loop
[2024-11-02T09:31:45.216+0000] {logging_mixin.py:188} INFO - Entered loop
[2024-11-02T09:31:45.443+0000] {logging_mixin.py:188} INFO - Entered loop
[2024-11-02T09:31:45.725+0000] {logging_mixin.py:188} INFO - Entered loop
[2024-11-02T09:31:45.972+0000] {logging_mixin.py:188} INFO - Entered loop
[2024-11-02T09:31:46.221+0000] {logging_mixin.py:188} INFO - Entered loop
[2024-11-02T09:31:46.488+0000] {logging_mixin.py:188} INFO - Entered loop
[2024-11-02T09:31:46.752+0000] {logging_mixin.py:188} INFO - Entered loop
[2024-11-02T09:31:47.007+0000] {logging_mixin.py:188} INFO - Entered loop
[2024-11-02T09:31:47.283+0000] {logging_mixin.py:188} INFO - Entered loop
[2024-11-02T09:31:47.542+0000] {logging_mixin.py:188} INFO - Entered loop
[2024-11-02T09:31:47.807+0000] {logging_mixin.py:188} INFO - Entered loop
[2024-11-02T09:31:48.076+0000] {logging_mixin.py:188} INFO - Entered loop
[2024-11-02T09:31:48.318+0000] {logging_mixin.py:188} INFO - Entered loop
[2024-11-02T09:31:48.583+0000] {logging_mixin.py:188} INFO - Entered loop
[2024-11-02T09:31:48.854+0000] {logging_mixin.py:188} INFO - Entered loop
[2024-11-02T09:31:49.122+0000] {logging_mixin.py:188} INFO - Entered loop
[2024-11-02T09:31:49.374+0000] {logging_mixin.py:188} INFO - Entered loop
[2024-11-02T09:31:49.623+0000] {logging_mixin.py:188} INFO - Entered loop
[2024-11-02T09:31:49.879+0000] {logging_mixin.py:188} INFO - Entered loop
[2024-11-02T09:31:50.129+0000] {logging_mixin.py:188} INFO - Entered loop
[2024-11-02T09:31:50.408+0000] {logging_mixin.py:188} INFO - Entered loop
[2024-11-02T09:31:50.663+0000] {logging_mixin.py:188} INFO - Entered loop
[2024-11-02T09:31:50.931+0000] {logging_mixin.py:188} INFO - Entered loop
[2024-11-02T09:31:51.165+0000] {logging_mixin.py:188} INFO - Entered loop
[2024-11-02T09:31:51.419+0000] {logging_mixin.py:188} INFO - Entered loop
[2024-11-02T09:31:51.684+0000] {logging_mixin.py:188} INFO - Entered loop
[2024-11-02T09:31:51.939+0000] {logging_mixin.py:188} INFO - Entered loop
[2024-11-02T09:31:52.199+0000] {logging_mixin.py:188} INFO - Entered loop
[2024-11-02T09:31:52.475+0000] {logging_mixin.py:188} INFO - Entered loop
[2024-11-02T09:31:52.738+0000] {logging_mixin.py:188} INFO - Entered loop
[2024-11-02T09:31:52.999+0000] {logging_mixin.py:188} INFO - Entered loop
[2024-11-02T09:31:53.242+0000] {logging_mixin.py:188} INFO - Entered loop
[2024-11-02T09:31:53.506+0000] {logging_mixin.py:188} INFO - Entered loop
[2024-11-02T09:31:53.771+0000] {logging_mixin.py:188} INFO - Entered loop
[2024-11-02T09:31:54.041+0000] {logging_mixin.py:188} INFO - Entered loop
[2024-11-02T09:31:54.304+0000] {logging_mixin.py:188} INFO - Entered loop
[2024-11-02T09:31:54.534+0000] {logging_mixin.py:188} INFO - Entered loop
[2024-11-02T09:31:54.801+0000] {logging_mixin.py:188} INFO - Entered loop
[2024-11-02T09:31:55.064+0000] {logging_mixin.py:188} INFO - Entered loop
[2024-11-02T09:31:55.323+0000] {logging_mixin.py:188} INFO - Entered loop
[2024-11-02T09:31:55.563+0000] {logging_mixin.py:188} INFO - Entered loop
[2024-11-02T09:31:55.827+0000] {logging_mixin.py:188} INFO - Entered loop
[2024-11-02T09:31:56.078+0000] {logging_mixin.py:188} INFO - Entered loop
[2024-11-02T09:31:56.346+0000] {logging_mixin.py:188} INFO - Entered loop
[2024-11-02T09:31:56.600+0000] {logging_mixin.py:188} INFO - Entered loop
[2024-11-02T09:31:56.863+0000] {logging_mixin.py:188} INFO - Entered loop
[2024-11-02T09:31:57.130+0000] {logging_mixin.py:188} INFO - Entered loop
[2024-11-02T09:31:57.402+0000] {logging_mixin.py:188} INFO - Entered loop
[2024-11-02T09:31:57.639+0000] {logging_mixin.py:188} INFO - Entered loop
[2024-11-02T09:31:57.900+0000] {logging_mixin.py:188} INFO - Entered loop
[2024-11-02T09:31:58.175+0000] {logging_mixin.py:188} INFO - Entered loop
[2024-11-02T09:31:58.429+0000] {logging_mixin.py:188} INFO - Entered loop
[2024-11-02T09:31:58.699+0000] {logging_mixin.py:188} INFO - Entered loop
[2024-11-02T09:31:58.952+0000] {logging_mixin.py:188} INFO - Entered loop
[2024-11-02T09:31:59.215+0000] {logging_mixin.py:188} INFO - Entered loop
[2024-11-02T09:31:59.481+0000] {logging_mixin.py:188} INFO - Entered loop
[2024-11-02T09:31:59.730+0000] {logging_mixin.py:188} INFO - Entered loop
[2024-11-02T09:31:59.997+0000] {logging_mixin.py:188} INFO - Entered loop
[2024-11-02T09:32:00.290+0000] {logging_mixin.py:188} INFO - Entered loop
[2024-11-02T09:32:00.561+0000] {logging_mixin.py:188} INFO - Entered loop
[2024-11-02T09:32:00.833+0000] {logging_mixin.py:188} INFO - Entered loop
[2024-11-02T09:32:01.093+0000] {logging_mixin.py:188} INFO - Entered loop
[2024-11-02T09:32:01.361+0000] {logging_mixin.py:188} INFO - Entered loop
[2024-11-02T09:32:01.609+0000] {logging_mixin.py:188} INFO - Entered loop
[2024-11-02T09:32:01.861+0000] {logging_mixin.py:188} INFO - Entered loop
[2024-11-02T09:32:02.117+0000] {logging_mixin.py:188} INFO - Entered loop
[2024-11-02T09:32:02.373+0000] {logging_mixin.py:188} INFO - Entered loop
[2024-11-02T09:32:02.621+0000] {logging_mixin.py:188} INFO - Entered loop
[2024-11-02T09:32:02.858+0000] {logging_mixin.py:188} INFO - Entered loop
[2024-11-02T09:32:03.119+0000] {logging_mixin.py:188} INFO - Entered loop
[2024-11-02T09:32:03.344+0000] {logging_mixin.py:188} INFO - Entered loop
[2024-11-02T09:32:03.595+0000] {logging_mixin.py:188} INFO - Entered loop
[2024-11-02T09:32:03.849+0000] {logging_mixin.py:188} INFO - Entered loop
[2024-11-02T09:32:04.080+0000] {logging_mixin.py:188} INFO - Entered loop
[2024-11-02T09:32:04.332+0000] {logging_mixin.py:188} INFO - Entered loop
[2024-11-02T09:32:04.582+0000] {logging_mixin.py:188} INFO - Entered loop
[2024-11-02T09:32:04.822+0000] {logging_mixin.py:188} INFO - Entered loop
[2024-11-02T09:32:05.087+0000] {logging_mixin.py:188} INFO - Entered loop
[2024-11-02T09:32:05.331+0000] {logging_mixin.py:188} INFO - Entered loop
[2024-11-02T09:32:05.557+0000] {logging_mixin.py:188} INFO - Entered loop
[2024-11-02T09:32:05.801+0000] {logging_mixin.py:188} INFO - Entered loop
[2024-11-02T09:32:06.044+0000] {logging_mixin.py:188} INFO - Entered loop
[2024-11-02T09:32:06.280+0000] {logging_mixin.py:188} INFO - Entered loop
[2024-11-02T09:32:06.542+0000] {logging_mixin.py:188} INFO - Entered loop
[2024-11-02T09:32:06.780+0000] {logging_mixin.py:188} INFO - Entered loop
[2024-11-02T09:32:07.009+0000] {logging_mixin.py:188} INFO - Entered loop
[2024-11-02T09:32:07.293+0000] {logging_mixin.py:188} INFO - Entered loop
[2024-11-02T09:32:07.549+0000] {logging_mixin.py:188} INFO - Entered loop
[2024-11-02T09:32:07.814+0000] {logging_mixin.py:188} INFO - Entered loop
[2024-11-02T09:32:08.066+0000] {logging_mixin.py:188} INFO - Entered loop
[2024-11-02T09:32:08.308+0000] {logging_mixin.py:188} INFO - Entered loop
[2024-11-02T09:32:08.558+0000] {logging_mixin.py:188} INFO - Entered loop
[2024-11-02T09:32:08.822+0000] {logging_mixin.py:188} INFO - Entered loop
[2024-11-02T09:32:09.080+0000] {logging_mixin.py:188} INFO - Entered loop
[2024-11-02T09:32:09.348+0000] {logging_mixin.py:188} INFO - Entered loop
[2024-11-02T09:32:09.612+0000] {logging_mixin.py:188} INFO - Entered loop
[2024-11-02T09:32:09.838+0000] {logging_mixin.py:188} INFO - Entered loop
[2024-11-02T09:32:10.097+0000] {logging_mixin.py:188} INFO - Entered loop
[2024-11-02T09:32:10.354+0000] {logging_mixin.py:188} INFO - Entered loop
[2024-11-02T09:32:10.604+0000] {logging_mixin.py:188} INFO - Entered loop
[2024-11-02T09:32:10.852+0000] {logging_mixin.py:188} INFO - Entered loop
[2024-11-02T09:32:11.115+0000] {logging_mixin.py:188} INFO - Entered loop
[2024-11-02T09:32:11.361+0000] {logging_mixin.py:188} INFO - Entered loop
[2024-11-02T09:32:11.624+0000] {logging_mixin.py:188} INFO - Entered loop
[2024-11-02T09:32:11.893+0000] {logging_mixin.py:188} INFO - Entered loop
[2024-11-02T09:32:12.168+0000] {logging_mixin.py:188} INFO - Entered loop
[2024-11-02T09:32:12.422+0000] {logging_mixin.py:188} INFO - Entered loop
[2024-11-02T09:32:12.685+0000] {logging_mixin.py:188} INFO - Entered loop
[2024-11-02T09:32:12.904+0000] {logging_mixin.py:188} INFO - Entered loop
[2024-11-02T09:32:13.148+0000] {logging_mixin.py:188} INFO - Entered loop
[2024-11-02T09:32:13.405+0000] {logging_mixin.py:188} INFO - Entered loop
[2024-11-02T09:32:13.669+0000] {logging_mixin.py:188} INFO - Entered loop
[2024-11-02T09:32:13.915+0000] {logging_mixin.py:188} INFO - Entered loop
[2024-11-02T09:32:14.167+0000] {logging_mixin.py:188} INFO - Entered loop
[2024-11-02T09:32:14.415+0000] {logging_mixin.py:188} INFO - Entered loop
[2024-11-02T09:32:14.675+0000] {logging_mixin.py:188} INFO - Entered loop
[2024-11-02T09:32:14.901+0000] {logging_mixin.py:188} INFO - Entered loop
[2024-11-02T09:32:15.171+0000] {logging_mixin.py:188} INFO - Entered loop
[2024-11-02T09:32:15.392+0000] {logging_mixin.py:188} INFO - Entered loop
[2024-11-02T09:32:15.648+0000] {logging_mixin.py:188} INFO - Entered loop
[2024-11-02T09:32:15.888+0000] {logging_mixin.py:188} INFO - Entered loop
[2024-11-02T09:32:16.141+0000] {logging_mixin.py:188} INFO - Entered loop
[2024-11-02T09:32:16.397+0000] {logging_mixin.py:188} INFO - Entered loop
[2024-11-02T09:32:16.656+0000] {logging_mixin.py:188} INFO - Entered loop
[2024-11-02T09:32:16.904+0000] {logging_mixin.py:188} INFO - Entered loop
[2024-11-02T09:32:17.167+0000] {logging_mixin.py:188} INFO - Entered loop
[2024-11-02T09:32:17.422+0000] {logging_mixin.py:188} INFO - Entered loop
[2024-11-02T09:32:17.700+0000] {logging_mixin.py:188} INFO - Entered loop
[2024-11-02T09:32:17.947+0000] {logging_mixin.py:188} INFO - Entered loop
[2024-11-02T09:32:18.192+0000] {logging_mixin.py:188} INFO - Entered loop
[2024-11-02T09:32:18.438+0000] {logging_mixin.py:188} INFO - Entered loop
[2024-11-02T09:32:18.660+0000] {logging_mixin.py:188} INFO - Entered loop
[2024-11-02T09:32:18.915+0000] {logging_mixin.py:188} INFO - Entered loop
[2024-11-02T09:32:19.155+0000] {logging_mixin.py:188} INFO - Entered loop
[2024-11-02T09:32:19.404+0000] {logging_mixin.py:188} INFO - Entered loop
[2024-11-02T09:32:19.664+0000] {logging_mixin.py:188} INFO - Entered loop
[2024-11-02T09:32:19.933+0000] {logging_mixin.py:188} INFO - Entered loop
[2024-11-02T09:32:20.190+0000] {logging_mixin.py:188} INFO - Entered loop
[2024-11-02T09:32:20.416+0000] {logging_mixin.py:188} INFO - Entered loop
[2024-11-02T09:32:20.654+0000] {logging_mixin.py:188} INFO - Entered loop
[2024-11-02T09:32:20.908+0000] {logging_mixin.py:188} INFO - Entered loop
[2024-11-02T09:32:21.167+0000] {logging_mixin.py:188} INFO - Entered loop
[2024-11-02T09:32:21.405+0000] {logging_mixin.py:188} INFO - Entered loop
[2024-11-02T09:32:21.657+0000] {logging_mixin.py:188} INFO - Entered loop
[2024-11-02T09:32:21.918+0000] {logging_mixin.py:188} INFO - Entered loop
[2024-11-02T09:32:22.186+0000] {logging_mixin.py:188} INFO - Entered loop
[2024-11-02T09:32:22.457+0000] {logging_mixin.py:188} INFO - Entered loop
[2024-11-02T09:32:22.708+0000] {logging_mixin.py:188} INFO - Entered loop
[2024-11-02T09:32:22.948+0000] {logging_mixin.py:188} INFO - Entered loop
[2024-11-02T09:32:23.210+0000] {logging_mixin.py:188} INFO - Entered loop
[2024-11-02T09:32:23.468+0000] {logging_mixin.py:188} INFO - Entered loop
[2024-11-02T09:32:23.732+0000] {logging_mixin.py:188} INFO - Entered loop
[2024-11-02T09:32:23.970+0000] {logging_mixin.py:188} INFO - Entered loop
[2024-11-02T09:32:24.217+0000] {logging_mixin.py:188} INFO - Entered loop
[2024-11-02T09:32:24.522+0000] {logging_mixin.py:188} INFO - Entered loop
[2024-11-02T09:32:24.782+0000] {logging_mixin.py:188} INFO - Entered loop
[2024-11-02T09:32:25.043+0000] {logging_mixin.py:188} INFO - Entered loop
[2024-11-02T09:32:25.308+0000] {logging_mixin.py:188} INFO - Entered loop
[2024-11-02T09:32:25.573+0000] {logging_mixin.py:188} INFO - Entered loop
[2024-11-02T09:32:25.834+0000] {logging_mixin.py:188} INFO - Entered loop
[2024-11-02T09:32:26.082+0000] {logging_mixin.py:188} INFO - Not entered loop
[2024-11-02T09:32:26.113+0000] {python.py:237} INFO - Done. Returned value was: None
[2024-11-02T09:32:26.114+0000] {taskinstance.py:441} INFO - ::group::Post task execution logs
[2024-11-02T09:32:26.139+0000] {taskinstance.py:1206} INFO - Marking task as SUCCESS. dag_id=molecule_load_dag, task_id=load_op, run_id=manual__2024-11-02T09:30:42.223116+00:00, execution_date=20241102T093042, start_date=20241102T093050, end_date=20241102T093226
[2024-11-02T09:32:26.201+0000] {local_task_job_runner.py:243} INFO - Task exited with return code 0
[2024-11-02T09:32:26.224+0000] {taskinstance.py:3503} INFO - 0 downstream tasks scheduled from follow-on schedule check
[2024-11-02T09:32:26.225+0000] {local_task_job_runner.py:222} INFO - ::endgroup::
