[2024-12-03T19:02:05.686+0000] {local_task_job_runner.py:120} INFO - ::group::Pre task execution logs
[2024-12-03T19:02:05.696+0000] {taskinstance.py:2076} INFO - Dependencies all met for dep_context=non-requeueable deps ti=<TaskInstance: news_dag.transform_and_load_op manual__2024-12-03T19:01:49.718549+00:00 [queued]>
[2024-12-03T19:02:05.701+0000] {taskinstance.py:2076} INFO - Dependencies all met for dep_context=requeueable deps ti=<TaskInstance: news_dag.transform_and_load_op manual__2024-12-03T19:01:49.718549+00:00 [queued]>
[2024-12-03T19:02:05.701+0000] {taskinstance.py:2306} INFO - Starting attempt 1 of 1
[2024-12-03T19:02:05.710+0000] {taskinstance.py:2330} INFO - Executing <Task(PythonOperator): transform_and_load_op> on 2024-12-03 19:01:49.718549+00:00
[2024-12-03T19:02:05.717+0000] {logging_mixin.py:188} WARNING - /home/***/.local/lib/python3.12/site-packages/***/task/task_runner/standard_task_runner.py:62 DeprecationWarning: This process (pid=11795) is multi-threaded, use of fork() may lead to deadlocks in the child.
[2024-12-03T19:02:05.717+0000] {standard_task_runner.py:64} INFO - Started process 11804 to run task
[2024-12-03T19:02:05.717+0000] {standard_task_runner.py:90} INFO - Running: ['***', 'tasks', 'run', 'news_dag', 'transform_and_load_op', 'manual__2024-12-03T19:01:49.718549+00:00', '--job-id', '48', '--raw', '--subdir', 'DAGS_FOLDER/etl_dag.py', '--cfg-path', '/tmp/tmpiskxvjoz']
[2024-12-03T19:02:05.719+0000] {standard_task_runner.py:91} INFO - Job 48: Subtask transform_and_load_op
[2024-12-03T19:02:05.746+0000] {task_command.py:426} INFO - Running <TaskInstance: news_dag.transform_and_load_op manual__2024-12-03T19:01:49.718549+00:00 [running]> on host 6f562db0c9a5
[2024-12-03T19:02:05.797+0000] {taskinstance.py:2648} INFO - Exporting env vars: AIRFLOW_CTX_DAG_OWNER='***' AIRFLOW_CTX_DAG_ID='news_dag' AIRFLOW_CTX_TASK_ID='transform_and_load_op' AIRFLOW_CTX_EXECUTION_DATE='2024-12-03T19:01:49.718549+00:00' AIRFLOW_CTX_TRY_NUMBER='1' AIRFLOW_CTX_DAG_RUN_ID='manual__2024-12-03T19:01:49.718549+00:00'
[2024-12-03T19:02:05.799+0000] {taskinstance.py:430} INFO - ::endgroup::
[2024-12-03T19:02:05.813+0000] {base.py:84} INFO - Using connection ID 'aws_connection' for task execution.
[2024-12-03T19:02:07.621+0000] {logging_mixin.py:188} WARNING - /opt/***/utils_shared/utils/transform_and_load.py:62 FutureWarning: The behavior of DataFrame concatenation with empty or all-NA entries is deprecated. In a future version, this will no longer exclude empty or all-NA columns when determining the result dtypes. To retain the old behavior, exclude the relevant entries before the concat operation.
[2024-12-03T19:02:09.169+0000] {logging_mixin.py:188} INFO - heyyyy
[2024-12-03T19:02:09.176+0000] {logging_mixin.py:188} INFO -                                          news_string  ...   timestamp
0  Hamas and Fatah agree to create committee to r...  ...  2024-12-03
1  Gregg Wallace accused of asking BSL translator...  ...  2024-12-03
2  Wolves to lose protection, as EU lowers bar fo...  ...  2024-12-03
3  Woods says US Ryder Cup team should be paid if...  ...  2024-12-03
4  Police disperse crowds with force in third str...  ...  2024-12-03

[5 rows x 6 columns]
[2024-12-03T19:02:09.258+0000] {logging_mixin.py:188} INFO - [('trump', 19), ('biden', 13), ('south', 13), ('new', 12), ('korea', 12), ('president', 12), ('says', 11), ('us', 11), ('law', 11), ('martial', 10), ('court', 8), ('ceasefire', 8), ('war', 8), ('government', 8), ('deal', 7), ('gaza', 6), ('protests', 6), ('make', 6), ('ukraine', 6), ('syria', 6)]
[2024-12-03T19:02:09.923+0000] {logging_mixin.py:188} INFO - Uploaded freq data
[2024-12-03T19:02:09.957+0000] {python.py:237} INFO - Done. Returned value was: None
[2024-12-03T19:02:09.958+0000] {taskinstance.py:441} INFO - ::group::Post task execution logs
[2024-12-03T19:02:09.965+0000] {taskinstance.py:1206} INFO - Marking task as SUCCESS. dag_id=news_dag, task_id=transform_and_load_op, run_id=manual__2024-12-03T19:01:49.718549+00:00, execution_date=20241203T190149, start_date=20241203T190205, end_date=20241203T190209
[2024-12-03T19:02:09.989+0000] {local_task_job_runner.py:243} INFO - Task exited with return code 0
[2024-12-03T19:02:10.005+0000] {taskinstance.py:3503} INFO - 1 downstream tasks scheduled from follow-on schedule check
[2024-12-03T19:02:10.006+0000] {local_task_job_runner.py:222} INFO - ::endgroup::
