[2024-12-04T17:00:48.941+0000] {local_task_job_runner.py:120} INFO - ::group::Pre task execution logs
[2024-12-04T17:00:48.951+0000] {taskinstance.py:2076} INFO - Dependencies all met for dep_context=non-requeueable deps ti=<TaskInstance: news_dag.load_op manual__2024-12-04T17:00:26.390879+00:00 [queued]>
[2024-12-04T17:00:48.956+0000] {taskinstance.py:2076} INFO - Dependencies all met for dep_context=requeueable deps ti=<TaskInstance: news_dag.load_op manual__2024-12-04T17:00:26.390879+00:00 [queued]>
[2024-12-04T17:00:48.956+0000] {taskinstance.py:2306} INFO - Starting attempt 1 of 1
[2024-12-04T17:00:48.964+0000] {taskinstance.py:2330} INFO - Executing <Task(PythonOperator): load_op> on 2024-12-04 17:00:26.390879+00:00
[2024-12-04T17:00:48.971+0000] {standard_task_runner.py:90} INFO - Running: ['***', 'tasks', 'run', 'news_dag', 'load_op', 'manual__2024-12-04T17:00:26.390879+00:00', '--job-id', '56', '--raw', '--subdir', 'DAGS_FOLDER/etl_dag.py', '--cfg-path', '/tmp/tmpxr5wnedl']
[2024-12-04T17:00:48.973+0000] {standard_task_runner.py:91} INFO - Job 56: Subtask load_op
[2024-12-04T17:00:48.973+0000] {logging_mixin.py:188} WARNING - /home/***/.local/lib/python3.12/site-packages/***/task/task_runner/standard_task_runner.py:62 DeprecationWarning: This process (pid=1901) is multi-threaded, use of fork() may lead to deadlocks in the child.
[2024-12-04T17:00:48.974+0000] {standard_task_runner.py:64} INFO - Started process 1910 to run task
[2024-12-04T17:00:49.000+0000] {task_command.py:426} INFO - Running <TaskInstance: news_dag.load_op manual__2024-12-04T17:00:26.390879+00:00 [running]> on host 6f562db0c9a5
[2024-12-04T17:00:49.050+0000] {taskinstance.py:2648} INFO - Exporting env vars: AIRFLOW_CTX_DAG_OWNER='***' AIRFLOW_CTX_DAG_ID='news_dag' AIRFLOW_CTX_TASK_ID='load_op' AIRFLOW_CTX_EXECUTION_DATE='2024-12-04T17:00:26.390879+00:00' AIRFLOW_CTX_TRY_NUMBER='1' AIRFLOW_CTX_DAG_RUN_ID='manual__2024-12-04T17:00:26.390879+00:00'
[2024-12-04T17:00:49.052+0000] {taskinstance.py:430} INFO - ::endgroup::
[2024-12-04T17:00:49.065+0000] {base.py:84} INFO - Using connection ID 'aws_connection' for task execution.
[2024-12-04T17:00:50.998+0000] {connection.py:274} WARNING - Connection schemes (type: google_cloud_platform) shall not contain '_' according to RFC3986.
[2024-12-04T17:00:51.000+0000] {base.py:84} INFO - Using connection ID 'gc_connection' for task execution.
[2024-12-04T17:01:58.620+0000] {connection.py:274} WARNING - Connection schemes (type: google_cloud_platform) shall not contain '_' according to RFC3986.
[2024-12-04T17:01:58.622+0000] {base.py:84} INFO - Using connection ID 'gc_connection' for task execution.
[2024-12-04T17:02:04.507+0000] {python.py:237} INFO - Done. Returned value was: None
[2024-12-04T17:02:04.509+0000] {taskinstance.py:441} INFO - ::group::Post task execution logs
[2024-12-04T17:02:04.520+0000] {taskinstance.py:1206} INFO - Marking task as SUCCESS. dag_id=news_dag, task_id=load_op, run_id=manual__2024-12-04T17:00:26.390879+00:00, execution_date=20241204T170026, start_date=20241204T170048, end_date=20241204T170204
[2024-12-04T17:02:04.566+0000] {local_task_job_runner.py:243} INFO - Task exited with return code 0
[2024-12-04T17:02:04.577+0000] {taskinstance.py:3503} INFO - 0 downstream tasks scheduled from follow-on schedule check
[2024-12-04T17:02:04.578+0000] {local_task_job_runner.py:222} INFO - ::endgroup::
