[2024-12-02T18:47:40.191+0000] {local_task_job_runner.py:120} INFO - ::group::Pre task execution logs
[2024-12-02T18:47:40.204+0000] {taskinstance.py:2076} INFO - Dependencies all met for dep_context=non-requeueable deps ti=<TaskInstance: news_dag.extract_and_load_op manual__2024-12-02T18:47:37.824592+00:00 [queued]>
[2024-12-02T18:47:40.210+0000] {taskinstance.py:2076} INFO - Dependencies all met for dep_context=requeueable deps ti=<TaskInstance: news_dag.extract_and_load_op manual__2024-12-02T18:47:37.824592+00:00 [queued]>
[2024-12-02T18:47:40.211+0000] {taskinstance.py:2306} INFO - Starting attempt 1 of 1
[2024-12-02T18:47:40.222+0000] {taskinstance.py:2330} INFO - Executing <Task(PythonOperator): extract_and_load_op> on 2024-12-02 18:47:37.824592+00:00
[2024-12-02T18:47:40.234+0000] {logging_mixin.py:188} WARNING - /home/***/.local/lib/python3.12/site-packages/***/task/task_runner/standard_task_runner.py:62 DeprecationWarning: This process (pid=600) is multi-threaded, use of fork() may lead to deadlocks in the child.
[2024-12-02T18:47:40.232+0000] {standard_task_runner.py:90} INFO - Running: ['***', 'tasks', 'run', 'news_dag', 'extract_and_load_op', 'manual__2024-12-02T18:47:37.824592+00:00', '--job-id', '2', '--raw', '--subdir', 'DAGS_FOLDER/etl_dag.py', '--cfg-path', '/tmp/tmpbry3ve3s']
[2024-12-02T18:47:40.235+0000] {standard_task_runner.py:64} INFO - Started process 609 to run task
[2024-12-02T18:47:40.235+0000] {standard_task_runner.py:91} INFO - Job 2: Subtask extract_and_load_op
[2024-12-02T18:47:40.305+0000] {task_command.py:426} INFO - Running <TaskInstance: news_dag.extract_and_load_op manual__2024-12-02T18:47:37.824592+00:00 [running]> on host 3d14745ceaae
[2024-12-02T18:47:40.410+0000] {taskinstance.py:2648} INFO - Exporting env vars: AIRFLOW_CTX_DAG_OWNER='***' AIRFLOW_CTX_DAG_ID='news_dag' AIRFLOW_CTX_TASK_ID='extract_and_load_op' AIRFLOW_CTX_EXECUTION_DATE='2024-12-02T18:47:37.824592+00:00' AIRFLOW_CTX_TRY_NUMBER='1' AIRFLOW_CTX_DAG_RUN_ID='manual__2024-12-02T18:47:37.824592+00:00'
[2024-12-02T18:47:40.413+0000] {taskinstance.py:430} INFO - ::endgroup::
[2024-12-02T18:47:47.233+0000] {base.py:84} INFO - Using connection ID 'aws_connection' for task execution.
[2024-12-02T18:47:47.363+0000] {logging_mixin.py:188} INFO -                                             guardian  \
0  French government faces no-confidence vote on ...   
1  Netanyahu threatens to respond ‘strongly’ afte...   
2  At least 56 people killed in crush at Guinea f...   
3  Trump uses Hunter Biden pardon to hint potenti...   
4  German chancellor Olaf Scholz pledges €650m in...   

                                             nytimes  \
0  France’s Opposition Parties Call for No-Confid...   
1        Investors Punish France Over Budget Turmoil   
2  Controversial Provision of French Constitution...   
3  In Pardoning His Son, Biden Echoes Some of Tru...   
4  Biden Issues a ‘Full and Unconditional Pardon’...   

                                                 bbc  \
0  Analysis: Biden’s sweeping pardon for son rewr...   
1  French PM faces no confidence vote after forci...   
2  Analysis: Biden’s sweeping pardon for son rewr...   
3  French PM faces no confidence vote after forci...   
4  White House defends Biden as Republicans and D...   

                                           aljazeera  
0  Hezbollah fires ‘warning shots’ at Israeli arm...  
1                                     Live updates,   
2  Hezbollah fires ‘warning shots’ at Israeli arm...  
3  Syria, Russia forces step up air raids in a bi...  
4  Syria, Russia forces step up air raids in a bi...  
[2024-12-02T18:47:49.110+0000] {python.py:237} INFO - Done. Returned value was: None
[2024-12-02T18:47:49.110+0000] {taskinstance.py:441} INFO - ::group::Post task execution logs
[2024-12-02T18:47:49.116+0000] {taskinstance.py:1206} INFO - Marking task as SUCCESS. dag_id=news_dag, task_id=extract_and_load_op, run_id=manual__2024-12-02T18:47:37.824592+00:00, execution_date=20241202T184737, start_date=20241202T184740, end_date=20241202T184749
[2024-12-02T18:47:49.150+0000] {local_task_job_runner.py:243} INFO - Task exited with return code 0
[2024-12-02T18:47:49.169+0000] {taskinstance.py:3503} INFO - 1 downstream tasks scheduled from follow-on schedule check
[2024-12-02T18:47:49.170+0000] {local_task_job_runner.py:222} INFO - ::endgroup::
