[2024-10-29T17:44:13.230+0000] {taskinstance.py:1956} INFO - Dependencies all met for dep_context=non-requeueable deps ti=<TaskInstance: molecule_load_dag.transform_and_load_op manual__2024-10-29T17:44:07.667977+00:00 [queued]>
[2024-10-29T17:44:13.239+0000] {taskinstance.py:1956} INFO - Dependencies all met for dep_context=requeueable deps ti=<TaskInstance: molecule_load_dag.transform_and_load_op manual__2024-10-29T17:44:07.667977+00:00 [queued]>
[2024-10-29T17:44:13.240+0000] {taskinstance.py:2170} INFO - Starting attempt 1 of 1
[2024-10-29T17:44:13.249+0000] {taskinstance.py:2191} INFO - Executing <Task(PythonOperator): transform_and_load_op> on 2024-10-29 17:44:07.667977+00:00
[2024-10-29T17:44:13.253+0000] {standard_task_runner.py:60} INFO - Started process 761 to run task
[2024-10-29T17:44:13.256+0000] {standard_task_runner.py:87} INFO - Running: ['***', 'tasks', 'run', 'molecule_load_dag', 'transform_and_load_op', 'manual__2024-10-29T17:44:07.667977+00:00', '--job-id', '12', '--raw', '--subdir', 'DAGS_FOLDER/etl_dag.py', '--cfg-path', '/tmp/tmpptcv85ny']
[2024-10-29T17:44:13.258+0000] {standard_task_runner.py:88} INFO - Job 12: Subtask transform_and_load_op
[2024-10-29T17:44:13.298+0000] {task_command.py:423} INFO - Running <TaskInstance: molecule_load_dag.transform_and_load_op manual__2024-10-29T17:44:07.667977+00:00 [running]> on host 42c9970b34e6
[2024-10-29T17:44:13.360+0000] {taskinstance.py:2480} INFO - Exporting env vars: AIRFLOW_CTX_DAG_OWNER='***' AIRFLOW_CTX_DAG_ID='molecule_load_dag' AIRFLOW_CTX_TASK_ID='transform_and_load_op' AIRFLOW_CTX_EXECUTION_DATE='2024-10-29T17:44:07.667977+00:00' AIRFLOW_CTX_TRY_NUMBER='1' AIRFLOW_CTX_DAG_RUN_ID='manual__2024-10-29T17:44:07.667977+00:00'
[2024-10-29T17:44:13.367+0000] {base.py:83} INFO - Using connection ID 'aws_connection' for task execution.
[2024-10-29T17:44:13.368+0000] {logging_mixin.py:188} INFO - us-east-2
AKIAS2VS4PHYE3LHQNFT
***
[2024-10-29T17:44:14.596+0000] {logging_mixin.py:188} INFO - <class 'str'>
[2024-10-29T17:44:14.629+0000] {taskinstance.py:2698} ERROR - Task failed with exception
Traceback (most recent call last):
  File "/home/airflow/.local/lib/python3.8/site-packages/pandas/core/indexes/base.py", line 3653, in get_loc
    return self._engine.get_loc(casted_key)
  File "pandas/_libs/index.pyx", line 147, in pandas._libs.index.IndexEngine.get_loc
  File "pandas/_libs/index.pyx", line 176, in pandas._libs.index.IndexEngine.get_loc
  File "pandas/_libs/hashtable_class_helper.pxi", line 7080, in pandas._libs.hashtable.PyObjectHashTable.get_item
  File "pandas/_libs/hashtable_class_helper.pxi", line 7088, in pandas._libs.hashtable.PyObjectHashTable.get_item
KeyError: 'news_string'

The above exception was the direct cause of the following exception:

Traceback (most recent call last):
  File "/home/airflow/.local/lib/python3.8/site-packages/airflow/models/taskinstance.py", line 433, in _execute_task
    result = execute_callable(context=context, **execute_callable_kwargs)
  File "/home/airflow/.local/lib/python3.8/site-packages/airflow/operators/python.py", line 199, in execute
    return_value = self.execute_callable()
  File "/home/airflow/.local/lib/python3.8/site-packages/airflow/operators/python.py", line 216, in execute_callable
    return self.python_callable(*self.op_args, **self.op_kwargs)
  File "/opt/airflow/plugins/utils/transform_and_load.py", line 40, in transform
    news_string = row['news_string']
  File "/home/airflow/.local/lib/python3.8/site-packages/pandas/core/series.py", line 1007, in __getitem__
    return self._get_value(key)
  File "/home/airflow/.local/lib/python3.8/site-packages/pandas/core/series.py", line 1116, in _get_value
    loc = self.index.get_loc(label)
  File "/home/airflow/.local/lib/python3.8/site-packages/pandas/core/indexes/base.py", line 3655, in get_loc
    raise KeyError(key) from err
KeyError: 'news_string'
[2024-10-29T17:44:14.645+0000] {taskinstance.py:1138} INFO - Marking task as FAILED. dag_id=molecule_load_dag, task_id=transform_and_load_op, execution_date=20241029T174407, start_date=20241029T174413, end_date=20241029T174414
[2024-10-29T17:44:14.657+0000] {standard_task_runner.py:107} ERROR - Failed to execute job 12 for task transform_and_load_op ('news_string'; 761)
[2024-10-29T17:44:14.717+0000] {local_task_job_runner.py:234} INFO - Task exited with return code 1
[2024-10-29T17:44:14.738+0000] {taskinstance.py:3280} INFO - 0 downstream tasks scheduled from follow-on schedule check
