[2024-11-12T15:15:39.495+0000] {local_task_job_runner.py:120} INFO - ::group::Pre task execution logs
[2024-11-12T15:15:39.506+0000] {taskinstance.py:2076} INFO - Dependencies all met for dep_context=non-requeueable deps ti=<TaskInstance: news_dag.transform_and_load_op manual__2024-11-12T15:15:36.481776+00:00 [queued]>
[2024-11-12T15:15:39.512+0000] {taskinstance.py:2076} INFO - Dependencies all met for dep_context=requeueable deps ti=<TaskInstance: news_dag.transform_and_load_op manual__2024-11-12T15:15:36.481776+00:00 [queued]>
[2024-11-12T15:15:39.512+0000] {taskinstance.py:2306} INFO - Starting attempt 1 of 1
[2024-11-12T15:15:39.521+0000] {taskinstance.py:2330} INFO - Executing <Task(PythonOperator): transform_and_load_op> on 2024-11-12 15:15:36.481776+00:00
[2024-11-12T15:15:39.526+0000] {standard_task_runner.py:90} INFO - Running: ['***', 'tasks', 'run', 'news_dag', 'transform_and_load_op', 'manual__2024-11-12T15:15:36.481776+00:00', '--job-id', '11', '--raw', '--subdir', 'DAGS_FOLDER/etl_dag.py', '--cfg-path', '/tmp/tmp0i2l4m8i']
[2024-11-12T15:15:39.528+0000] {standard_task_runner.py:91} INFO - Job 11: Subtask transform_and_load_op
[2024-11-12T15:15:39.528+0000] {logging_mixin.py:188} WARNING - /home/***/.local/lib/python3.12/site-packages/***/task/task_runner/standard_task_runner.py:62 DeprecationWarning: This process (pid=494) is multi-threaded, use of fork() may lead to deadlocks in the child.
[2024-11-12T15:15:39.530+0000] {standard_task_runner.py:64} INFO - Started process 495 to run task
[2024-11-12T15:15:39.554+0000] {task_command.py:426} INFO - Running <TaskInstance: news_dag.transform_and_load_op manual__2024-11-12T15:15:36.481776+00:00 [running]> on host 3742f9b15fb5
[2024-11-12T15:15:39.603+0000] {taskinstance.py:2648} INFO - Exporting env vars: AIRFLOW_CTX_DAG_OWNER='***' AIRFLOW_CTX_DAG_ID='news_dag' AIRFLOW_CTX_TASK_ID='transform_and_load_op' AIRFLOW_CTX_EXECUTION_DATE='2024-11-12T15:15:36.481776+00:00' AIRFLOW_CTX_TRY_NUMBER='1' AIRFLOW_CTX_DAG_RUN_ID='manual__2024-11-12T15:15:36.481776+00:00'
[2024-11-12T15:15:39.604+0000] {taskinstance.py:430} INFO - ::endgroup::
[2024-11-12T15:15:39.621+0000] {base.py:84} INFO - Using connection ID 'aws_connection' for task execution.
[2024-11-12T15:15:40.534+0000] {logging_mixin.py:188} WARNING - /opt/***/plugins/utils/transform_and_load.py:59 FutureWarning: The behavior of DataFrame concatenation with empty or all-NA entries is deprecated. In a future version, this will no longer exclude empty or all-NA columns when determining the result dtypes. To retain the old behavior, exclude the relevant entries before the concat operation.
[2024-11-12T15:15:40.932+0000] {logging_mixin.py:188} INFO -                                          news_string  ...   timestamp
0  Harris heads to Texas as poll shows her tied w...  ...  2024-11-12
1  Children among dead as 38 killed in Israeli at...  ...  2024-11-12
2  King acknowledges ‘painful’ past as calls for ...  ...  2024-11-12
3  Anti-hate group vows to continue work after El...  ...  2024-11-12
4  ‘Someone who destroyed my life’: rapper Shyne ...  ...  2024-11-12

[5 rows x 6 columns]
[2024-11-12T15:15:41.620+0000] {python.py:237} INFO - Done. Returned value was: None
[2024-11-12T15:15:41.620+0000] {taskinstance.py:441} INFO - ::group::Post task execution logs
[2024-11-12T15:15:41.627+0000] {taskinstance.py:1206} INFO - Marking task as SUCCESS. dag_id=news_dag, task_id=transform_and_load_op, run_id=manual__2024-11-12T15:15:36.481776+00:00, execution_date=20241112T151536, start_date=20241112T151539, end_date=20241112T151541
[2024-11-12T15:15:41.645+0000] {local_task_job_runner.py:243} INFO - Task exited with return code 0
[2024-11-12T15:15:41.667+0000] {taskinstance.py:3503} INFO - 1 downstream tasks scheduled from follow-on schedule check
[2024-11-12T15:15:41.668+0000] {local_task_job_runner.py:222} INFO - ::endgroup::
