[2024-12-03T15:39:14.272+0000] {local_task_job_runner.py:120} INFO - ::group::Pre task execution logs
[2024-12-03T15:39:14.283+0000] {taskinstance.py:2076} INFO - Dependencies all met for dep_context=non-requeueable deps ti=<TaskInstance: news_dag.extract_and_load_op manual__2024-12-03T15:39:11.985417+00:00 [queued]>
[2024-12-03T15:39:14.288+0000] {taskinstance.py:2076} INFO - Dependencies all met for dep_context=requeueable deps ti=<TaskInstance: news_dag.extract_and_load_op manual__2024-12-03T15:39:11.985417+00:00 [queued]>
[2024-12-03T15:39:14.288+0000] {taskinstance.py:2306} INFO - Starting attempt 1 of 1
[2024-12-03T15:39:14.297+0000] {taskinstance.py:2330} INFO - Executing <Task(PythonOperator): extract_and_load_op> on 2024-12-03 15:39:11.985417+00:00
[2024-12-03T15:39:14.306+0000] {logging_mixin.py:188} WARNING - /home/***/.local/lib/python3.12/site-packages/***/task/task_runner/standard_task_runner.py:62 DeprecationWarning: This process (pid=4580) is multi-threaded, use of fork() may lead to deadlocks in the child.
[2024-12-03T15:39:14.304+0000] {standard_task_runner.py:90} INFO - Running: ['***', 'tasks', 'run', 'news_dag', 'extract_and_load_op', 'manual__2024-12-03T15:39:11.985417+00:00', '--job-id', '33', '--raw', '--subdir', 'DAGS_FOLDER/etl_dag.py', '--cfg-path', '/tmp/tmpa9tbmruv']
[2024-12-03T15:39:14.307+0000] {standard_task_runner.py:91} INFO - Job 33: Subtask extract_and_load_op
[2024-12-03T15:39:14.307+0000] {standard_task_runner.py:64} INFO - Started process 4589 to run task
[2024-12-03T15:39:14.336+0000] {task_command.py:426} INFO - Running <TaskInstance: news_dag.extract_and_load_op manual__2024-12-03T15:39:11.985417+00:00 [running]> on host 6f562db0c9a5
[2024-12-03T15:39:14.391+0000] {taskinstance.py:2648} INFO - Exporting env vars: AIRFLOW_CTX_DAG_OWNER='***' AIRFLOW_CTX_DAG_ID='news_dag' AIRFLOW_CTX_TASK_ID='extract_and_load_op' AIRFLOW_CTX_EXECUTION_DATE='2024-12-03T15:39:11.985417+00:00' AIRFLOW_CTX_TRY_NUMBER='1' AIRFLOW_CTX_DAG_RUN_ID='manual__2024-12-03T15:39:11.985417+00:00'
[2024-12-03T15:39:14.393+0000] {taskinstance.py:430} INFO - ::endgroup::
[2024-12-03T15:39:22.071+0000] {logging_mixin.py:188} INFO - ALJAZEERA
[2024-12-03T15:39:22.072+0000] {logging_mixin.py:188} INFO - ['Namibia set for first female president as disputed election count advances', 'Georgia’s PM accuses opposition of orchestrating protest violence', 'Biden in Angola: What’s behind the last-ditch Africa trip?', 'Malaysia, Thailand brace for more rains after floods kill more than 30', '‘Major compromise’: How Ukraine’s Zelenskyy shifted goals to end Russia war', 'French no-confidence motion: Is PM Barnier’s government about to fall?', 'Ukraine slams ‘failed’ 1994 security guarantee, urges NATO membership', 'Can Donald Trump enact tariffs without Congress? And can anyone stop him?', 'Police accused of killings during India mosque protests', 'COVID-19 likely came from a lab, US committee finds', 'Crime against humanity: Why has a court found Belgium guilty of kidnapping?', '‘Rooted in this land until death’: A Palestinian family’s olive harvest', 'South Korean president declares martial law in shock decision', 'South Korea’s president declares emergency martial law', 'Georgia protests: What’s behind them and what’s next?', 'Palestinian boy grows vegetables for the hungry in Gaza', 'South Korea president declares martial law in surprise late-night address', 'It’s a chance to redeem his legacy in Africa, say experts. But it won’t be easy.', 'In Ukraine, US call to lower conscription age to 18 met with horror', 'This gallery article has 7 images', 'Israel continues to pound Gaza, issue new evacuation threats', 'Israel bombs Gaza as ceasefire with Hezbollah hangs by a thread', 'Trump says ‘hell to pay’ if captives in Gaza not released', 'Muqeem takes five wickets as Pakistan defeat Zimbabwe to win T20 series', 'Who are the major players in the battle for Syria?']
[2024-12-03T15:39:22.072+0000] {logging_mixin.py:188} INFO - ALJAZEERA
[2024-12-03T15:39:22.083+0000] {base.py:84} INFO - Using connection ID 'aws_connection' for task execution.
[2024-12-03T15:39:25.806+0000] {python.py:237} INFO - Done. Returned value was: None
[2024-12-03T15:39:25.807+0000] {taskinstance.py:441} INFO - ::group::Post task execution logs
[2024-12-03T15:39:25.813+0000] {taskinstance.py:1206} INFO - Marking task as SUCCESS. dag_id=news_dag, task_id=extract_and_load_op, run_id=manual__2024-12-03T15:39:11.985417+00:00, execution_date=20241203T153911, start_date=20241203T153914, end_date=20241203T153925
[2024-12-03T15:39:25.838+0000] {local_task_job_runner.py:243} INFO - Task exited with return code 0
[2024-12-03T15:39:25.848+0000] {taskinstance.py:3503} INFO - 0 downstream tasks scheduled from follow-on schedule check
[2024-12-03T15:39:25.849+0000] {local_task_job_runner.py:222} INFO - ::endgroup::
