[2024-11-12T16:48:51.155+0000] {local_task_job_runner.py:120} INFO - ::group::Pre task execution logs
[2024-11-12T16:48:51.167+0000] {taskinstance.py:2076} INFO - Dependencies all met for dep_context=non-requeueable deps ti=<TaskInstance: news_dag.transform_and_load_op manual__2024-11-12T16:48:47.225557+00:00 [queued]>
[2024-11-12T16:48:51.185+0000] {taskinstance.py:2076} INFO - Dependencies all met for dep_context=requeueable deps ti=<TaskInstance: news_dag.transform_and_load_op manual__2024-11-12T16:48:47.225557+00:00 [queued]>
[2024-11-12T16:48:51.186+0000] {taskinstance.py:2306} INFO - Starting attempt 1 of 1
[2024-11-12T16:48:51.199+0000] {taskinstance.py:2330} INFO - Executing <Task(PythonOperator): transform_and_load_op> on 2024-11-12 16:48:47.225557+00:00
[2024-11-12T16:48:51.207+0000] {standard_task_runner.py:90} INFO - Running: ['***', 'tasks', 'run', 'news_dag', 'transform_and_load_op', 'manual__2024-11-12T16:48:47.225557+00:00', '--job-id', '7', '--raw', '--subdir', 'DAGS_FOLDER/etl_dag.py', '--cfg-path', '/tmp/tmp2wpnarug']
[2024-11-12T16:48:51.210+0000] {standard_task_runner.py:91} INFO - Job 7: Subtask transform_and_load_op
[2024-11-12T16:48:51.209+0000] {logging_mixin.py:188} WARNING - /home/***/.local/lib/python3.12/site-packages/***/task/task_runner/standard_task_runner.py:62 DeprecationWarning: This process (pid=422) is multi-threaded, use of fork() may lead to deadlocks in the child.
[2024-11-12T16:48:51.212+0000] {standard_task_runner.py:64} INFO - Started process 423 to run task
[2024-11-12T16:48:51.252+0000] {task_command.py:426} INFO - Running <TaskInstance: news_dag.transform_and_load_op manual__2024-11-12T16:48:47.225557+00:00 [running]> on host 978924a04c21
[2024-11-12T16:48:51.342+0000] {taskinstance.py:2648} INFO - Exporting env vars: AIRFLOW_CTX_DAG_OWNER='***' AIRFLOW_CTX_DAG_ID='news_dag' AIRFLOW_CTX_TASK_ID='transform_and_load_op' AIRFLOW_CTX_EXECUTION_DATE='2024-11-12T16:48:47.225557+00:00' AIRFLOW_CTX_TRY_NUMBER='1' AIRFLOW_CTX_DAG_RUN_ID='manual__2024-11-12T16:48:47.225557+00:00'
[2024-11-12T16:48:51.343+0000] {taskinstance.py:430} INFO - ::endgroup::
[2024-11-12T16:48:51.363+0000] {base.py:84} INFO - Using connection ID 'aws_connection' for task execution.
[2024-11-12T16:48:52.418+0000] {taskinstance.py:441} INFO - ::group::Post task execution logs
[2024-11-12T16:48:52.419+0000] {taskinstance.py:2905} ERROR - Task failed with exception
Traceback (most recent call last):
  File "/home/airflow/.local/lib/python3.12/site-packages/nltk/corpus/util.py", line 84, in __load
    root = nltk.data.find(f"{self.subdir}/{zip_name}")
           ^^^^^^^^^^^^^^^^^^^^^^^^^^^^^^^^^^^^^^^^^^^
  File "/home/airflow/.local/lib/python3.12/site-packages/nltk/data.py", line 583, in find
    raise LookupError(resource_not_found)
LookupError: 
**********************************************************************
  Resource [93mstopwords[0m not found.
  Please use the NLTK Downloader to obtain the resource:

  [31m>>> import nltk
  >>> nltk.download('stopwords')
  [0m
  For more information see: https://www.nltk.org/data.html

  Attempted to load [93mcorpora/stopwords.zip/stopwords/[0m

  Searched in:
    - '/home/***/nltk_data'
    - '/home/***/.local/nltk_data'
    - '/home/***/.local/share/nltk_data'
    - '/home/***/.local/lib/nltk_data'
    - '/usr/share/nltk_data'
    - '/usr/local/share/nltk_data'
    - '/usr/lib/nltk_data'
    - '/usr/local/lib/nltk_data'
**********************************************************************


During handling of the above exception, another exception occurred:

Traceback (most recent call last):
  File "/home/airflow/.local/lib/python3.12/site-packages/airflow/models/taskinstance.py", line 465, in _execute_task
    result = _execute_callable(context=context, **execute_callable_kwargs)
             ^^^^^^^^^^^^^^^^^^^^^^^^^^^^^^^^^^^^^^^^^^^^^^^^^^^^^^^^^^^^^
  File "/home/airflow/.local/lib/python3.12/site-packages/airflow/models/taskinstance.py", line 432, in _execute_callable
    return execute_callable(context=context, **execute_callable_kwargs)
           ^^^^^^^^^^^^^^^^^^^^^^^^^^^^^^^^^^^^^^^^^^^^^^^^^^^^^^^^^^^^
  File "/home/airflow/.local/lib/python3.12/site-packages/airflow/models/baseoperator.py", line 401, in wrapper
    return func(self, *args, **kwargs)
           ^^^^^^^^^^^^^^^^^^^^^^^^^^^
  File "/home/airflow/.local/lib/python3.12/site-packages/airflow/operators/python.py", line 235, in execute
    return_value = self.execute_callable()
                   ^^^^^^^^^^^^^^^^^^^^^^^
  File "/home/airflow/.local/lib/python3.12/site-packages/airflow/operators/python.py", line 252, in execute_callable
    return self.python_callable(*self.op_args, **self.op_kwargs)
           ^^^^^^^^^^^^^^^^^^^^^^^^^^^^^^^^^^^^^^^^^^^^^^^^^^^^^
  File "/opt/airflow/plugins/utils/transform_and_load.py", line 48, in transform
    freq_words_list = get_most_frequent_words(raw_df)
                      ^^^^^^^^^^^^^^^^^^^^^^^^^^^^^^^
  File "/opt/airflow/plugins/data_utils/data_processor.py", line 58, in get_most_frequent_words
    stop_words = set(stopwords.words('english'))
                     ^^^^^^^^^^^^^^^
  File "/home/airflow/.local/lib/python3.12/site-packages/nltk/corpus/util.py", line 121, in __getattr__
    self.__load()
  File "/home/airflow/.local/lib/python3.12/site-packages/nltk/corpus/util.py", line 86, in __load
    raise e
  File "/home/airflow/.local/lib/python3.12/site-packages/nltk/corpus/util.py", line 81, in __load
    root = nltk.data.find(f"{self.subdir}/{self.__name}")
           ^^^^^^^^^^^^^^^^^^^^^^^^^^^^^^^^^^^^^^^^^^^^^^
  File "/home/airflow/.local/lib/python3.12/site-packages/nltk/data.py", line 583, in find
    raise LookupError(resource_not_found)
LookupError: 
**********************************************************************
  Resource [93mstopwords[0m not found.
  Please use the NLTK Downloader to obtain the resource:

  [31m>>> import nltk
  >>> nltk.download('stopwords')
  [0m
  For more information see: https://www.nltk.org/data.html

  Attempted to load [93mcorpora/stopwords[0m

  Searched in:
    - '/home/***/nltk_data'
    - '/home/***/.local/nltk_data'
    - '/home/***/.local/share/nltk_data'
    - '/home/***/.local/lib/nltk_data'
    - '/usr/share/nltk_data'
    - '/usr/local/share/nltk_data'
    - '/usr/lib/nltk_data'
    - '/usr/local/lib/nltk_data'
**********************************************************************

[2024-11-12T16:48:52.430+0000] {taskinstance.py:1206} INFO - Marking task as FAILED. dag_id=news_dag, task_id=transform_and_load_op, run_id=manual__2024-11-12T16:48:47.225557+00:00, execution_date=20241112T164847, start_date=20241112T164851, end_date=20241112T164852
[2024-11-12T16:48:52.438+0000] {standard_task_runner.py:110} ERROR - Failed to execute job 7 for task transform_and_load_op (
**********************************************************************
  Resource [93mstopwords[0m not found.
  Please use the NLTK Downloader to obtain the resource:

  [31m>>> import nltk
  >>> nltk.download('stopwords')
  [0m
  For more information see: https://www.nltk.org/data.html

  Attempted to load [93mcorpora/stopwords[0m

  Searched in:
    - '/home/***/nltk_data'
    - '/home/***/.local/nltk_data'
    - '/home/***/.local/share/nltk_data'
    - '/home/***/.local/lib/nltk_data'
    - '/usr/share/nltk_data'
    - '/usr/local/share/nltk_data'
    - '/usr/lib/nltk_data'
    - '/usr/local/lib/nltk_data'
**********************************************************************
; 423)
[2024-11-12T16:48:52.466+0000] {local_task_job_runner.py:243} INFO - Task exited with return code 1
[2024-11-12T16:48:52.482+0000] {taskinstance.py:3503} INFO - 0 downstream tasks scheduled from follow-on schedule check
[2024-11-12T16:48:52.485+0000] {local_task_job_runner.py:222} INFO - ::endgroup::
