[2024-12-02T15:23:13.215+0000] {local_task_job_runner.py:120} INFO - ::group::Pre task execution logs
[2024-12-02T15:23:13.229+0000] {taskinstance.py:2076} INFO - Dependencies all met for dep_context=non-requeueable deps ti=<TaskInstance: news_dag.extract_and_load_op manual__2024-12-02T15:23:10.744006+00:00 [queued]>
[2024-12-02T15:23:13.234+0000] {taskinstance.py:2076} INFO - Dependencies all met for dep_context=requeueable deps ti=<TaskInstance: news_dag.extract_and_load_op manual__2024-12-02T15:23:10.744006+00:00 [queued]>
[2024-12-02T15:23:13.235+0000] {taskinstance.py:2306} INFO - Starting attempt 1 of 1
[2024-12-02T15:23:13.244+0000] {taskinstance.py:2330} INFO - Executing <Task(PythonOperator): extract_and_load_op> on 2024-12-02 15:23:10.744006+00:00
[2024-12-02T15:23:13.261+0000] {logging_mixin.py:188} WARNING - /home/***/.local/lib/python3.12/site-packages/***/task/task_runner/standard_task_runner.py:62 DeprecationWarning: This process (pid=288) is multi-threaded, use of fork() may lead to deadlocks in the child.
[2024-12-02T15:23:13.259+0000] {standard_task_runner.py:90} INFO - Running: ['***', 'tasks', 'run', 'news_dag', 'extract_and_load_op', 'manual__2024-12-02T15:23:10.744006+00:00', '--job-id', '2', '--raw', '--subdir', 'DAGS_FOLDER/etl_dag.py', '--cfg-path', '/tmp/tmp7fv0foq_']
[2024-12-02T15:23:13.262+0000] {standard_task_runner.py:91} INFO - Job 2: Subtask extract_and_load_op
[2024-12-02T15:23:13.262+0000] {standard_task_runner.py:64} INFO - Started process 297 to run task
[2024-12-02T15:23:13.298+0000] {task_command.py:426} INFO - Running <TaskInstance: news_dag.extract_and_load_op manual__2024-12-02T15:23:10.744006+00:00 [running]> on host a1d40e089ba1
[2024-12-02T15:23:13.407+0000] {taskinstance.py:2648} INFO - Exporting env vars: AIRFLOW_CTX_DAG_OWNER='***' AIRFLOW_CTX_DAG_ID='news_dag' AIRFLOW_CTX_TASK_ID='extract_and_load_op' AIRFLOW_CTX_EXECUTION_DATE='2024-12-02T15:23:10.744006+00:00' AIRFLOW_CTX_TRY_NUMBER='1' AIRFLOW_CTX_DAG_RUN_ID='manual__2024-12-02T15:23:10.744006+00:00'
[2024-12-02T15:23:13.411+0000] {taskinstance.py:430} INFO - ::endgroup::
[2024-12-02T15:23:20.327+0000] {extract_and_load.py:31} ERROR - Failed to establish AWS connection: The conn_id `aws_connection` isn't defined
[2024-12-02T15:23:20.328+0000] {taskinstance.py:441} INFO - ::group::Post task execution logs
[2024-12-02T15:23:20.334+0000] {taskinstance.py:2905} ERROR - Task failed with exception
Traceback (most recent call last):
  File "/home/airflow/.local/lib/python3.12/site-packages/airflow/models/taskinstance.py", line 465, in _execute_task
    result = _execute_callable(context=context, **execute_callable_kwargs)
             ^^^^^^^^^^^^^^^^^^^^^^^^^^^^^^^^^^^^^^^^^^^^^^^^^^^^^^^^^^^^^
  File "/home/airflow/.local/lib/python3.12/site-packages/airflow/models/taskinstance.py", line 432, in _execute_callable
    return execute_callable(context=context, **execute_callable_kwargs)
           ^^^^^^^^^^^^^^^^^^^^^^^^^^^^^^^^^^^^^^^^^^^^^^^^^^^^^^^^^^^^
  File "/home/airflow/.local/lib/python3.12/site-packages/airflow/models/baseoperator.py", line 401, in wrapper
    return func(self, *args, **kwargs)
           ^^^^^^^^^^^^^^^^^^^^^^^^^^^
  File "/home/airflow/.local/lib/python3.12/site-packages/airflow/operators/python.py", line 235, in execute
    return_value = self.execute_callable()
                   ^^^^^^^^^^^^^^^^^^^^^^^
  File "/home/airflow/.local/lib/python3.12/site-packages/airflow/operators/python.py", line 252, in execute_callable
    return self.python_callable(*self.op_args, **self.op_kwargs)
           ^^^^^^^^^^^^^^^^^^^^^^^^^^^^^^^^^^^^^^^^^^^^^^^^^^^^^
  File "/opt/airflow/utils_shared/extract_and_load.py", line 29, in extract_dag
    conn = BaseHook.get_connection(aws_conn_id)
           ^^^^^^^^^^^^^^^^^^^^^^^^^^^^^^^^^^^^
  File "/home/airflow/.local/lib/python3.12/site-packages/airflow/hooks/base.py", line 83, in get_connection
    conn = Connection.get_connection_from_secrets(conn_id)
           ^^^^^^^^^^^^^^^^^^^^^^^^^^^^^^^^^^^^^^^^^^^^^^^
  File "/home/airflow/.local/lib/python3.12/site-packages/airflow/models/connection.py", line 519, in get_connection_from_secrets
    raise AirflowNotFoundException(f"The conn_id `{conn_id}` isn't defined")
airflow.exceptions.AirflowNotFoundException: The conn_id `aws_connection` isn't defined
[2024-12-02T15:23:20.338+0000] {taskinstance.py:1206} INFO - Marking task as FAILED. dag_id=news_dag, task_id=extract_and_load_op, run_id=manual__2024-12-02T15:23:10.744006+00:00, execution_date=20241202T152310, start_date=20241202T152313, end_date=20241202T152320
[2024-12-02T15:23:20.346+0000] {standard_task_runner.py:110} ERROR - Failed to execute job 2 for task extract_and_load_op (The conn_id `aws_connection` isn't defined; 297)
[2024-12-02T15:23:20.362+0000] {local_task_job_runner.py:243} INFO - Task exited with return code 1
[2024-12-02T15:23:20.376+0000] {taskinstance.py:3503} INFO - 0 downstream tasks scheduled from follow-on schedule check
[2024-12-02T15:23:20.378+0000] {local_task_job_runner.py:222} INFO - ::endgroup::
