[2024-11-10T14:21:28.075+0000] {local_task_job_runner.py:120} INFO - ::group::Pre task execution logs
[2024-11-10T14:21:28.086+0000] {taskinstance.py:2076} INFO - Dependencies all met for dep_context=non-requeueable deps ti=<TaskInstance: molecule_load_dag.load_op manual__2024-11-10T14:21:20.062527+00:00 [queued]>
[2024-11-10T14:21:28.092+0000] {taskinstance.py:2076} INFO - Dependencies all met for dep_context=requeueable deps ti=<TaskInstance: molecule_load_dag.load_op manual__2024-11-10T14:21:20.062527+00:00 [queued]>
[2024-11-10T14:21:28.092+0000] {taskinstance.py:2306} INFO - Starting attempt 1 of 1
[2024-11-10T14:21:28.099+0000] {taskinstance.py:2330} INFO - Executing <Task(PythonOperator): load_op> on 2024-11-10 14:21:20.062527+00:00
[2024-11-10T14:21:28.105+0000] {standard_task_runner.py:90} INFO - Running: ['***', 'tasks', 'run', 'molecule_load_dag', 'load_op', 'manual__2024-11-10T14:21:20.062527+00:00', '--job-id', '57', '--raw', '--subdir', 'DAGS_FOLDER/etl_dag.py', '--cfg-path', '/tmp/tmpppxo7k5o']
[2024-11-10T14:21:28.108+0000] {standard_task_runner.py:91} INFO - Job 57: Subtask load_op
[2024-11-10T14:21:28.107+0000] {logging_mixin.py:188} WARNING - /home/***/.local/lib/python3.12/site-packages/***/task/task_runner/standard_task_runner.py:62 DeprecationWarning: This process (pid=562) is multi-threaded, use of fork() may lead to deadlocks in the child.
[2024-11-10T14:21:28.109+0000] {standard_task_runner.py:64} INFO - Started process 563 to run task
[2024-11-10T14:21:28.134+0000] {task_command.py:426} INFO - Running <TaskInstance: molecule_load_dag.load_op manual__2024-11-10T14:21:20.062527+00:00 [running]> on host 11ad264474a7
[2024-11-10T14:21:28.186+0000] {taskinstance.py:2648} INFO - Exporting env vars: AIRFLOW_CTX_DAG_OWNER='***' AIRFLOW_CTX_DAG_ID='molecule_load_dag' AIRFLOW_CTX_TASK_ID='load_op' AIRFLOW_CTX_EXECUTION_DATE='2024-11-10T14:21:20.062527+00:00' AIRFLOW_CTX_TRY_NUMBER='1' AIRFLOW_CTX_DAG_RUN_ID='manual__2024-11-10T14:21:20.062527+00:00'
[2024-11-10T14:21:28.187+0000] {taskinstance.py:430} INFO - ::endgroup::
[2024-11-10T14:21:28.201+0000] {base.py:84} INFO - Using connection ID 'aws_connection' for task execution.
[2024-11-10T14:21:29.423+0000] {connection.py:274} WARNING - Connection schemes (type: google_cloud_platform) shall not contain '_' according to RFC3986.
[2024-11-10T14:21:29.425+0000] {base.py:84} INFO - Using connection ID 'gc_connection' for task execution.
[2024-11-10T14:21:29.492+0000] {logging_mixin.py:188} INFO - {'news_string': 'Harris heads to Texas as poll shows her tied with Trump at 48%', 'publisher': 'guardian', 'sentiment': 0.0, 'color': '(255, 239, 0)', 'timestamp': '2024-11-10'}
[2024-11-10T14:21:32.628+0000] {logging_mixin.py:188} INFO - {'news_string': 'Children among dead as 38 killed in Israeli attack on Khan Younis', 'publisher': 'guardian', 'sentiment': -0.9169, 'color': '(255, 0, 0)', 'timestamp': '2024-11-10'}
[2024-11-10T14:21:32.893+0000] {logging_mixin.py:188} INFO - {'news_string': 'King acknowledges ‘painful’ past as calls for slavery reparations grow at summit', 'publisher': 'guardian', 'sentiment': -0.7003, 'color': '(255, 0, 0)', 'timestamp': '2024-11-10'}
[2024-11-10T14:21:33.153+0000] {logging_mixin.py:188} INFO - {'news_string': 'Anti-hate group vows to continue work after Elon Musk’s declaration of ‘war’', 'publisher': 'guardian', 'sentiment': 0.0, 'color': '(255, 239, 0)', 'timestamp': '2024-11-10'}
[2024-11-10T14:21:33.410+0000] {logging_mixin.py:188} INFO - {'news_string': '‘Someone who destroyed my life’: rapper Shyne on Sean ‘Diddy’ Combs in new documentary', 'publisher': 'guardian', 'sentiment': -0.4939, 'color': '(255, 0, 0)', 'timestamp': '2024-11-10'}
[2024-11-10T14:21:33.658+0000] {logging_mixin.py:188} INFO - {'news_string': 'Legal bid for Ecuador forest to be recognised as song co-creator', 'publisher': 'guardian', 'sentiment': 0.128, 'color': '(222, 255, 0)', 'timestamp': '2024-11-10'}
[2024-11-10T14:21:33.926+0000] {logging_mixin.py:188} INFO - {'news_string': 'LA district attorney recommends resentencing for Menéndez brothers', 'publisher': 'guardian', 'sentiment': 0.2732, 'color': '(196, 255, 0)', 'timestamp': '2024-11-10'}
[2024-11-10T14:21:34.181+0000] {logging_mixin.py:188} INFO - {'news_string': '‘We have emotions too’: Climate scientists respond to attacks on objectivity', 'publisher': 'guardian', 'sentiment': -0.4404, 'color': '(255, 0, 0)', 'timestamp': '2024-11-10'}
[2024-11-10T14:21:34.442+0000] {logging_mixin.py:188} INFO - {'news_string': 'Sliver of cool surface water 2mm deep helps oceans absorb CO2, say scientists', 'publisher': 'guardian', 'sentiment': 0.5994, 'color': '(0, 255, 0)', 'timestamp': '2024-11-10'}
[2024-11-10T14:21:34.733+0000] {logging_mixin.py:188} INFO - {'news_string': 'Helen Mirren: it’s so sad Kurt Cobain died before GPS was invented', 'publisher': 'guardian', 'sentiment': -0.822, 'color': '(255, 0, 0)', 'timestamp': '2024-11-10'}
[2024-11-10T14:21:35.000+0000] {logging_mixin.py:188} INFO - {'news_string': 'Watershed moment as Georgia goes to polls in tussle between Russia and west', 'publisher': 'guardian', 'sentiment': 0.0, 'color': '(255, 239, 0)', 'timestamp': '2024-11-10'}
[2024-11-10T14:21:35.249+0000] {logging_mixin.py:188} INFO - {'news_string': '‘Blood alliance’: why South Korea fears North’s involvement in Ukraine war', 'publisher': 'guardian', 'sentiment': -0.7717, 'color': '(255, 0, 0)', 'timestamp': '2024-11-10'}
[2024-11-10T14:21:35.496+0000] {logging_mixin.py:188} INFO - {'news_string': 'High-stakes pension plebiscite could turn Uruguay’s election in to its ‘Brexit moment’', 'publisher': 'guardian', 'sentiment': 0.0, 'color': '(255, 239, 0)', 'timestamp': '2024-11-10'}
[2024-11-10T14:21:35.750+0000] {logging_mixin.py:188} INFO - {'news_string': 'Lady Gaga: Disease review – a return to form, and to her classic sound', 'publisher': 'guardian', 'sentiment': 0.0, 'color': '(255, 239, 0)', 'timestamp': '2024-11-10'}
[2024-11-10T14:21:36.003+0000] {logging_mixin.py:188} INFO - {'news_string': 'Should my flatmate stop drying her underwear on our radiators?', 'publisher': 'guardian', 'sentiment': -0.296, 'color': '(255, 94, 0)', 'timestamp': '2024-11-10'}
[2024-11-10T14:21:36.252+0000] {logging_mixin.py:188} INFO - {'news_string': 'Hellah Sidibe: the pioneering ultrarunner who was once scared of running', 'publisher': 'guardian', 'sentiment': -0.4404, 'color': '(255, 0, 0)', 'timestamp': '2024-11-10'}
[2024-11-10T14:21:36.513+0000] {logging_mixin.py:188} INFO - {'news_string': '‘It’s going to be much darker’: inside the deadly return of TV masterpiece Wolf Hall', 'publisher': 'guardian', 'sentiment': 0.6249, 'color': '(0, 255, 0)', 'timestamp': '2024-11-10'}
[2024-11-10T14:21:36.771+0000] {logging_mixin.py:188} INFO - {'news_string': '‘Who am I voting for? America!’ Chris Stapleton on patriotism, politics and being country’s great crossover star', 'publisher': 'guardian', 'sentiment': 0.6588, 'color': '(0, 255, 0)', 'timestamp': '2024-11-10'}
[2024-11-10T14:21:37.031+0000] {logging_mixin.py:188} INFO - {'news_string': 'I do hair and makeup for the dead', 'publisher': 'guardian', 'sentiment': -0.6486, 'color': '(255, 0, 0)', 'timestamp': '2024-11-10'}
[2024-11-10T14:21:37.295+0000] {logging_mixin.py:188} INFO - {'news_string': 'Kate Bush: Little Shrew review – this devastating film will make you weep at war’s violence against children', 'publisher': 'guardian', 'sentiment': -0.9288, 'color': '(255, 0, 0)', 'timestamp': '2024-11-10'}
[2024-11-10T14:21:37.574+0000] {logging_mixin.py:188} INFO - {'news_string': 'Growth the size of a melon: a scrotum-swelling disease threatening thousands', 'publisher': 'guardian', 'sentiment': -0.2023, 'color': '(255, 94, 0)', 'timestamp': '2024-11-10'}
[2024-11-10T14:21:37.823+0000] {logging_mixin.py:188} INFO - {'news_string': 'The US election interference row tells us this: Starmer’s political compass urgently needs resetting', 'publisher': 'guardian', 'sentiment': 0.0, 'color': '(255, 239, 0)', 'timestamp': '2024-11-10'}
[2024-11-10T14:21:38.070+0000] {logging_mixin.py:188} INFO - {'news_string': 'Don’t ‘boy mum’ me. These stereotypes around raising children do enormous harm', 'publisher': 'guardian', 'sentiment': -0.5423, 'color': '(255, 0, 0)', 'timestamp': '2024-11-10'}
[2024-11-10T14:21:38.369+0000] {logging_mixin.py:188} INFO - {'news_string': 'A prime minister defending immigration? It can happen. It just did here in Spain', 'publisher': 'guardian', 'sentiment': 0.0, 'color': '(255, 239, 0)', 'timestamp': '2024-11-10'}
[2024-11-10T14:21:38.629+0000] {logging_mixin.py:188} INFO - {'news_string': 'If Civilization is falling apart, I might as well control it myself', 'publisher': 'guardian', 'sentiment': 0.128, 'color': '(222, 255, 0)', 'timestamp': '2024-11-10'}
[2024-11-10T14:21:38.872+0000] {logging_mixin.py:188} INFO - {'news_string': 'The corporate takeover of ‘craft beer’ leaves a nasty taste in the mouth', 'publisher': 'guardian', 'sentiment': -0.5574, 'color': '(255, 0, 0)', 'timestamp': '2024-11-10'}
[2024-11-10T14:21:39.136+0000] {logging_mixin.py:188} INFO - {'news_string': 'Obama fan-boys Eminem, American Airlines gets tough on ‘gate lice’', 'publisher': 'guardian', 'sentiment': -0.128, 'color': '(255, 179, 0)', 'timestamp': '2024-11-10'}
[2024-11-10T14:21:39.393+0000] {logging_mixin.py:188} INFO - {'news_string': 'Pakistan turn tide on England with Saud century and late wickets', 'publisher': 'guardian', 'sentiment': 0.0, 'color': '(255, 239, 0)', 'timestamp': '2024-11-10'}
[2024-11-10T14:21:39.656+0000] {logging_mixin.py:188} INFO - {'news_string': 'England v Germany buildup, Premier League news and Europa League reaction', 'publisher': 'guardian', 'sentiment': 0.0, 'color': '(255, 239, 0)', 'timestamp': '2024-11-10'}
[2024-11-10T14:21:39.906+0000] {logging_mixin.py:188} INFO - {'news_string': 'Data, repeat viewings and gut feeling: how Liverpool signed Firmino', 'publisher': 'guardian', 'sentiment': 0.128, 'color': '(222, 255, 0)', 'timestamp': '2024-11-10'}
[2024-11-10T14:21:40.167+0000] {logging_mixin.py:188} INFO - {'news_string': 'Will the Yankees or Dodgers win east v west coast heavyweight clash?', 'publisher': 'guardian', 'sentiment': 0.5859, 'color': '(0, 255, 0)', 'timestamp': '2024-11-10'}
[2024-11-10T14:21:40.450+0000] {logging_mixin.py:188} INFO - {'news_string': 'Howe tells Alexander Isak to ‘focus on football’ not a new deal', 'publisher': 'guardian', 'sentiment': 0.0, 'color': '(255, 239, 0)', 'timestamp': '2024-11-10'}
[2024-11-10T14:21:40.724+0000] {logging_mixin.py:188} INFO - {'news_string': 'Pressure on Steidten and Lopetegui as West Ham revamp stalls', 'publisher': 'guardian', 'sentiment': -0.296, 'color': '(255, 94, 0)', 'timestamp': '2024-11-10'}
[2024-11-10T14:21:40.979+0000] {logging_mixin.py:188} INFO - {'news_string': '10 things to look out for this weekend as Liverpool visit Arsenal', 'publisher': 'guardian', 'sentiment': 0.0, 'color': '(255, 239, 0)', 'timestamp': '2024-11-10'}
[2024-11-10T14:21:41.243+0000] {logging_mixin.py:188} INFO - {'news_string': 'Mancini walks away from Saudi Arabia after 14 months as coach ', 'publisher': 'guardian', 'sentiment': 0.0, 'color': '(255, 239, 0)', 'timestamp': '2024-11-10'}
[2024-11-10T14:21:41.506+0000] {logging_mixin.py:188} INFO - {'news_string': 'Tropical storm season in full swing in Indian and Pacific oceans', 'publisher': 'guardian', 'sentiment': 0.0, 'color': '(255, 239, 0)', 'timestamp': '2024-11-10'}
[2024-11-10T14:21:41.776+0000] {logging_mixin.py:188} INFO - {'news_string': '‘Crunch time for real’: UN says time for climate delays has run out', 'publisher': 'guardian', 'sentiment': 0.0, 'color': '(255, 239, 0)', 'timestamp': '2024-11-10'}
[2024-11-10T14:21:42.044+0000] {logging_mixin.py:188} INFO - {'news_string': 'Hawaii sets rules to stop spread of tree-killing coconut rhinoceros beetles', 'publisher': 'guardian', 'sentiment': -0.296, 'color': '(255, 94, 0)', 'timestamp': '2024-11-10'}
[2024-11-10T14:21:42.305+0000] {logging_mixin.py:188} INFO - {'news_string': 'US power grid added battery equivalent of 20 nuclear reactors in past four years', 'publisher': 'guardian', 'sentiment': 0.0, 'color': '(255, 239, 0)', 'timestamp': '2024-11-10'}
[2024-11-10T14:21:42.574+0000] {logging_mixin.py:188} INFO - {'news_string': 'Where do Harris and Trump stand on the key election issues?', 'publisher': 'guardian', 'sentiment': 0.0, 'color': '(255, 239, 0)', 'timestamp': '2024-11-10'}
[2024-11-10T14:21:42.839+0000] {logging_mixin.py:188} INFO - {'news_string': 'I visited JD Vance’s hometown. Here’s what I learned about young male voters', 'publisher': 'guardian', 'sentiment': 0.0, 'color': '(255, 239, 0)', 'timestamp': '2024-11-10'}
[2024-11-10T14:21:43.103+0000] {logging_mixin.py:188} INFO - {'news_string': 'If Trump wins the election, this is what’s at stake for gun control', 'publisher': 'guardian', 'sentiment': 0.3182, 'color': '(0, 255, 0)', 'timestamp': '2024-11-10'}
[2024-11-10T14:21:43.373+0000] {logging_mixin.py:188} INFO - {'news_string': 'Nobel prize winners endorse Harris and warn Trump would endanger future of science', 'publisher': 'guardian', 'sentiment': 0.8074, 'color': '(0, 255, 0)', 'timestamp': '2024-11-10'}
[2024-11-10T14:21:43.639+0000] {logging_mixin.py:188} INFO - {'news_string': '‘Ours is a fight for the future’: Harris and Obama share stage for first time at Georgia rally', 'publisher': 'guardian', 'sentiment': -0.1027, 'color': '(255, 179, 0)', 'timestamp': '2024-11-10'}
[2024-11-10T14:21:43.895+0000] {logging_mixin.py:188} INFO - {'news_string': '‘Inhumane and wicked’: anguish over Italy’s expanded surrogacy ban', 'publisher': 'guardian', 'sentiment': -0.8176, 'color': '(255, 0, 0)', 'timestamp': '2024-11-10'}
[2024-11-10T14:21:44.164+0000] {logging_mixin.py:188} INFO - {'news_string': 'Putin does not deny North Korea has sent soldiers to Russia', 'publisher': 'guardian', 'sentiment': 0.2584, 'color': '(196, 255, 0)', 'timestamp': '2024-11-10'}
[2024-11-10T14:21:44.413+0000] {logging_mixin.py:188} INFO - {'news_string': 'Justin Trudeau insists he will lead Liberals into next election amid dissent', 'publisher': 'guardian', 'sentiment': 0.0, 'color': '(255, 239, 0)', 'timestamp': '2024-11-10'}
[2024-11-10T14:21:44.686+0000] {logging_mixin.py:188} INFO - {'news_string': 'Israel’s plan to ban Unrwa from accessing Gaza marks new low in its relations with UN', 'publisher': 'guardian', 'sentiment': -0.6908, 'color': '(255, 0, 0)', 'timestamp': '2024-11-10'}
[2024-11-10T14:21:44.956+0000] {logging_mixin.py:188} INFO - {'news_string': '‘Sherpas are rarely seen as elite athletes’: record-breaking teenager’s fight for equality', 'publisher': 'guardian', 'sentiment': -0.3818, 'color': '(255, 0, 0)', 'timestamp': '2024-11-10'}
[2024-11-10T14:21:45.214+0000] {logging_mixin.py:188} INFO - {'news_string': 'UK consumers in ‘a despondent mood’ ahead of the budget; pound on track for worst month in a year  ', 'publisher': 'guardian', 'sentiment': -0.802, 'color': '(255, 0, 0)', 'timestamp': '2024-11-10'}
[2024-11-10T14:21:45.470+0000] {logging_mixin.py:188} INFO - {'news_string': 'Gambling poses huge global threat to public health, experts warn', 'publisher': 'guardian', 'sentiment': -0.3612, 'color': '(255, 0, 0)', 'timestamp': '2024-11-10'}
[2024-11-10T14:21:45.723+0000] {logging_mixin.py:188} INFO - {'news_string': 'Astronauts return from nearly eight months on ISS after Starliner problems', 'publisher': 'guardian', 'sentiment': -0.4019, 'color': '(255, 0, 0)', 'timestamp': '2024-11-10'}
[2024-11-10T14:21:45.996+0000] {logging_mixin.py:188} INFO - {'news_string': 'Limits on testing for bird flu in humans could pose difficulty for containing spread', 'publisher': 'guardian', 'sentiment': -0.6124, 'color': '(255, 0, 0)', 'timestamp': '2024-11-10'}
[2024-11-10T14:21:46.244+0000] {logging_mixin.py:188} INFO - {'news_string': 'Raye loses songwriting books for second album in car theft', 'publisher': 'guardian', 'sentiment': -0.3182, 'color': '(255, 0, 0)', 'timestamp': '2024-11-10'}
[2024-11-10T14:21:46.504+0000] {logging_mixin.py:188} INFO - {'news_string': 'Kate Bush shares plans to make new music: ‘I’ve got lots of ideas’', 'publisher': 'guardian', 'sentiment': 0.296, 'color': '(196, 255, 0)', 'timestamp': '2024-11-10'}
[2024-11-10T14:21:46.774+0000] {logging_mixin.py:188} INFO - {'news_string': 'Letters by Oliver Sacks review – science, sex and motorcycles', 'publisher': 'guardian', 'sentiment': 0.0, 'color': '(255, 239, 0)', 'timestamp': '2024-11-10'}
[2024-11-10T14:21:47.041+0000] {logging_mixin.py:188} INFO - {'news_string': 'Before review – Billy Crystal’s move into horror is brilliant', 'publisher': 'guardian', 'sentiment': 0.0258, 'color': '(222, 255, 0)', 'timestamp': '2024-11-10'}
[2024-11-10T14:21:47.300+0000] {logging_mixin.py:188} INFO - {'news_string': 'Lissa Evans: ‘Charlotte’s Web had me beside myself with rage and disbelief’', 'publisher': 'guardian', 'sentiment': -0.5574, 'color': '(255, 0, 0)', 'timestamp': '2024-11-10'}
[2024-11-10T14:21:47.556+0000] {logging_mixin.py:188} INFO - {'news_string': 'Children’s and teens roundup – the best new picture books and novels', 'publisher': 'guardian', 'sentiment': 0.6369, 'color': '(0, 255, 0)', 'timestamp': '2024-11-10'}
[2024-11-10T14:21:47.810+0000] {logging_mixin.py:188} INFO - {'news_string': '‘I stood on the sunny hilltop imagining I was a Roman’: readers’ favourite ancient sites in Europe', 'publisher': 'guardian', 'sentiment': 0.4215, 'color': '(0, 255, 0)', 'timestamp': '2024-11-10'}
[2024-11-10T14:21:48.059+0000] {logging_mixin.py:188} INFO - {'news_string': 'On a group holiday we realised we had feelings for each other', 'publisher': 'guardian', 'sentiment': 0.4019, 'color': '(0, 255, 0)', 'timestamp': '2024-11-10'}
[2024-11-10T14:21:48.335+0000] {logging_mixin.py:188} INFO - {'news_string': '‘Oh, look at the lovely gammon!’ The National Trust’s new woke trail ', 'publisher': 'guardian', 'sentiment': 0.6239, 'color': '(0, 255, 0)', 'timestamp': '2024-11-10'}
[2024-11-10T14:21:48.608+0000] {logging_mixin.py:188} INFO - {'news_string': 'Time for action on my maturing veg patch. First job? Tackle the rhubarb', 'publisher': 'guardian', 'sentiment': 0.0, 'color': '(255, 239, 0)', 'timestamp': '2024-11-10'}
[2024-11-10T14:21:48.865+0000] {logging_mixin.py:188} INFO - {'news_string': 'Out with the bats, in with the brats: 7 Halloween costumes that lean into the zeitgeist', 'publisher': 'guardian', 'sentiment': 0.0, 'color': '(255, 239, 0)', 'timestamp': '2024-11-10'}
[2024-11-10T14:21:49.126+0000] {logging_mixin.py:188} INFO - {'news_string': 'He did give me pause for thought about whether my position might be too extreme', 'publisher': 'guardian', 'sentiment': 0.0, 'color': '(255, 239, 0)', 'timestamp': '2024-11-10'}
[2024-11-10T14:21:49.381+0000] {logging_mixin.py:188} INFO - {'news_string': 'Share your experience of being a runner for film or TV', 'publisher': 'guardian', 'sentiment': 0.296, 'color': '(196, 255, 0)', 'timestamp': '2024-11-10'}
[2024-11-10T14:21:49.652+0000] {logging_mixin.py:188} INFO - {'news_string': 'How has Microsoft Excel become part of your life? ', 'publisher': 'guardian', 'sentiment': 0.4588, 'color': '(0, 255, 0)', 'timestamp': '2024-11-10'}
[2024-11-10T14:21:49.918+0000] {logging_mixin.py:188} INFO - {'news_string': 'How have you been affected by the recent violence?', 'publisher': 'guardian', 'sentiment': -0.6908, 'color': '(255, 0, 0)', 'timestamp': '2024-11-10'}
[2024-11-10T14:21:50.158+0000] {logging_mixin.py:188} INFO - {'news_string': 'Tell us your experience with Australia’s housing affordability crisis', 'publisher': 'guardian', 'sentiment': -0.6249, 'color': '(255, 0, 0)', 'timestamp': '2024-11-10'}
[2024-11-10T14:21:50.417+0000] {logging_mixin.py:188} INFO - {'news_string': 'Which disease-modifying Alzheimer’s drugs are the most promising?', 'publisher': 'guardian', 'sentiment': 0.4576, 'color': '(0, 255, 0)', 'timestamp': '2024-11-10'}
[2024-11-10T14:21:50.669+0000] {logging_mixin.py:188} INFO - {'news_string': 'Polls show historic gender split between Trump and Harris voters', 'publisher': 'guardian', 'sentiment': 0.0, 'color': '(255, 239, 0)', 'timestamp': '2024-11-10'}
[2024-11-10T14:21:50.924+0000] {logging_mixin.py:188} INFO - {'news_string': 'Growth the size of a melon: a scrotum-swelling disease threatening thousands', 'publisher': 'guardian', 'sentiment': -0.2023, 'color': '(255, 94, 0)', 'timestamp': '2024-11-10'}
[2024-11-10T14:21:51.209+0000] {logging_mixin.py:188} INFO - {'news_string': 'This race could affect Pennsylvanians more than the presidential election. Can Democrats win?', 'publisher': 'guardian', 'sentiment': 0.5859, 'color': '(0, 255, 0)', 'timestamp': '2024-11-10'}
[2024-11-10T14:21:51.457+0000] {logging_mixin.py:188} INFO - {'news_string': 'What we’ve learned so far from the Lucy Letby inquiry: ‘cold’ character, missed opportunities and staff shortages', 'publisher': 'guardian', 'sentiment': -0.0516, 'color': '(255, 179, 0)', 'timestamp': '2024-11-10'}
[2024-11-10T14:21:51.722+0000] {logging_mixin.py:188} INFO - {'news_string': 'An unlikely Oakland mayor is fighting for political survival amid a billionaire-backed recall', 'publisher': 'guardian', 'sentiment': -0.3612, 'color': '(255, 0, 0)', 'timestamp': '2024-11-10'}
[2024-11-10T14:21:51.987+0000] {logging_mixin.py:188} INFO - {'news_string': '‘We don’t know where the tipping point is’: climate expert on potential collapse of Atlantic circulation', 'publisher': 'guardian', 'sentiment': -0.4939, 'color': '(255, 0, 0)', 'timestamp': '2024-11-10'}
[2024-11-10T14:21:52.233+0000] {logging_mixin.py:188} INFO - {'news_string': '‘An apology is free’: experts on the UK’s approach to slavery reparations', 'publisher': 'guardian', 'sentiment': -0.6808, 'color': '(255, 0, 0)', 'timestamp': '2024-11-10'}
[2024-11-10T14:21:52.470+0000] {logging_mixin.py:188} INFO - {'news_string': '‘I don’t have much hope for a Harris presidency’: Ta-Nehisi Coates on Israeli apartheid and what the media gets wrong about Palestine', 'publisher': 'guardian', 'sentiment': -0.0516, 'color': '(255, 179, 0)', 'timestamp': '2024-11-10'}
[2024-11-10T14:21:52.724+0000] {logging_mixin.py:188} INFO - {'news_string': 'What does Elon Musk want from all this politicking?', 'publisher': 'guardian', 'sentiment': 0.0772, 'color': '(222, 255, 0)', 'timestamp': '2024-11-10'}
[2024-11-10T14:21:53.073+0000] {logging_mixin.py:188} INFO - {'news_string': 'The trial of Björn Höcke, the ‘real boss’ of Germany’s far right – podcast', 'publisher': 'guardian', 'sentiment': 0.0, 'color': '(255, 239, 0)', 'timestamp': '2024-11-10'}
[2024-11-10T14:21:53.351+0000] {logging_mixin.py:188} INFO - {'news_string': 'Why Elon Musk needs Donald Trump to win – podcast', 'publisher': 'guardian', 'sentiment': 0.5859, 'color': '(0, 255, 0)', 'timestamp': '2024-11-10'}
[2024-11-10T14:21:53.668+0000] {logging_mixin.py:188} INFO - {'news_string': 'Undercover inside a ‘scientific racism’ network – podcast', 'publisher': 'guardian', 'sentiment': 0.0, 'color': '(255, 239, 0)', 'timestamp': '2024-11-10'}
[2024-11-10T14:21:54.001+0000] {logging_mixin.py:188} INFO - {'news_string': 'US election extra: Pennsylvania in the balance – podcast', 'publisher': 'guardian', 'sentiment': 0.0, 'color': '(255, 239, 0)', 'timestamp': '2024-11-10'}
[2024-11-10T14:21:54.264+0000] {logging_mixin.py:188} INFO - {'news_string': 'Haaland goes full Matrix and a belter in Barcelona – Football Weekly Extra', 'publisher': 'guardian', 'sentiment': 0.0, 'color': '(255, 239, 0)', 'timestamp': '2024-11-10'}
[2024-11-10T14:21:54.521+0000] {logging_mixin.py:188} INFO - {'news_string': 'What’s at stake for the climate if Trump wins? – podcast', 'publisher': 'guardian', 'sentiment': 0.5719, 'color': '(0, 255, 0)', 'timestamp': '2024-11-10'}
[2024-11-10T14:21:54.743+0000] {logging_mixin.py:188} INFO - {'news_string': 'On the road in Birmingham: can the budget save this bankrupt city – Politics Weekly UK', 'publisher': 'guardian', 'sentiment': -0.2617, 'color': '(255, 94, 0)', 'timestamp': '2024-11-10'}
[2024-11-10T14:21:54.982+0000] {logging_mixin.py:188} INFO - {'news_string': "'Love me some Eminem': Obama raps on stage at Harris campaign rally ", 'publisher': 'guardian', 'sentiment': 0.6369, 'color': '(0, 255, 0)', 'timestamp': '2024-11-10'}
[2024-11-10T14:21:55.265+0000] {logging_mixin.py:188} INFO - {'news_string': 'Video shows moment Beirut building is flattened in an Israeli strike', 'publisher': 'guardian', 'sentiment': -0.128, 'color': '(255, 179, 0)', 'timestamp': '2024-11-10'}
[2024-11-10T14:21:55.524+0000] {logging_mixin.py:188} INFO - {'news_string': "'Europe is not paradise': one man's mission to stop Senegal’s youth dying at sea ", 'publisher': 'guardian', 'sentiment': -0.296, 'color': '(255, 94, 0)', 'timestamp': '2024-11-10'}
[2024-11-10T14:21:55.752+0000] {logging_mixin.py:188} INFO - {'news_string': 'King Charles and Queen Camilla touch down in Australia for royal tour', 'publisher': 'guardian', 'sentiment': 0.0, 'color': '(255, 239, 0)', 'timestamp': '2024-11-10'}
[2024-11-10T14:21:55.992+0000] {logging_mixin.py:188} INFO - {'news_string': 'A night of light and a giant maze', 'publisher': 'guardian', 'sentiment': 0.0, 'color': '(255, 239, 0)', 'timestamp': '2024-11-10'}
[2024-11-10T14:21:56.245+0000] {logging_mixin.py:188} INFO - {'news_string': '‘Pole of Cold’: life in the coldest inhabited village on Earth – photo essay', 'publisher': 'guardian', 'sentiment': 0.0, 'color': '(255, 239, 0)', 'timestamp': '2024-11-10'}
[2024-11-10T14:21:56.595+0000] {logging_mixin.py:188} INFO - {'news_string': 'King Charles and Queen Camilla receive royal welcome in Samoa ', 'publisher': 'guardian', 'sentiment': 0.4588, 'color': '(0, 255, 0)', 'timestamp': '2024-11-10'}
[2024-11-10T14:21:56.842+0000] {logging_mixin.py:188} INFO - {'news_string': 'Fabricating life in the Japanese village of Ichinono ', 'publisher': 'guardian', 'sentiment': 0.0, 'color': '(255, 239, 0)', 'timestamp': '2024-11-10'}
[2024-11-10T14:21:57.077+0000] {logging_mixin.py:188} INFO - {'news_string': 'Cosy cottages for autumn for sale ', 'publisher': 'guardian', 'sentiment': 0.0, 'color': '(255, 239, 0)', 'timestamp': '2024-11-10'}
[2024-11-10T14:21:57.362+0000] {logging_mixin.py:188} INFO - {'news_string': 'Jaguar cuddles, a supermarket cockatoo and a seal in Canary Wharf', 'publisher': 'guardian', 'sentiment': 0.0, 'color': '(255, 239, 0)', 'timestamp': '2024-11-10'}
[2024-11-10T14:21:57.638+0000] {logging_mixin.py:188} INFO - {'news_string': 'Harris and Trump Deadlocked to the End, Final Times/Siena National Poll Finds', 'publisher': 'nytimes', 'sentiment': 0.0, 'color': '(255, 239, 0)', 'timestamp': '2024-11-10'}
[2024-11-10T14:21:57.910+0000] {logging_mixin.py:188} INFO - {'news_string': 'Could Donald Trump Win the Popular Vote but Lose the Electoral College?', 'publisher': 'nytimes', 'sentiment': -0.0644, 'color': '(255, 179, 0)', 'timestamp': '2024-11-10'}
[2024-11-10T14:21:58.197+0000] {logging_mixin.py:188} INFO - {'news_string': 'Harris, Trump and Allies Spend Over a Half-Billion Dollars in 16 Days', 'publisher': 'nytimes', 'sentiment': 0.0, 'color': '(255, 239, 0)', 'timestamp': '2024-11-10'}
[2024-11-10T14:21:58.432+0000] {logging_mixin.py:188} INFO - {'news_string': 'U.S. Bond Market Braces for the ‘Trump Trade’ of Large Tariffs and Deficits', 'publisher': 'nytimes', 'sentiment': 0.0, 'color': '(255, 239, 0)', 'timestamp': '2024-11-10'}
[2024-11-10T14:21:58.702+0000] {logging_mixin.py:188} INFO - {'news_string': 'Obama Rallies With Harris for First Time, to the Chords of Bruce Springsteen', 'publisher': 'nytimes', 'sentiment': 0.0, 'color': '(255, 239, 0)', 'timestamp': '2024-11-10'}
[2024-11-10T14:21:58.934+0000] {logging_mixin.py:188} INFO - {'news_string': 'Trump to Appear on Joe Rogan’s Podcast as Harris Visits Brené Brown’s Show', 'publisher': 'nytimes', 'sentiment': 0.0, 'color': '(255, 239, 0)', 'timestamp': '2024-11-10'}
[2024-11-10T14:21:59.203+0000] {logging_mixin.py:188} INFO - {'news_string': 'Why Harris (With Beyoncé in Tow) Is Heading to Solidly Red Texas', 'publisher': 'nytimes', 'sentiment': 0.0, 'color': '(255, 239, 0)', 'timestamp': '2024-11-10'}
[2024-11-10T14:21:59.479+0000] {logging_mixin.py:188} INFO - {'news_string': 'Poll Shows Dead Heat, Biden to Apologize for Native American School Abuses, and More', 'publisher': 'nytimes', 'sentiment': -0.8176, 'color': '(255, 0, 0)', 'timestamp': '2024-11-10'}
[2024-11-10T14:21:59.757+0000] {logging_mixin.py:188} INFO - {'news_string': 'The Army of Election Officials Ready to Reject the Vote', 'publisher': 'nytimes', 'sentiment': -0.0516, 'color': '(255, 179, 0)', 'timestamp': '2024-11-10'}
[2024-11-10T14:22:00.029+0000] {logging_mixin.py:188} INFO - {'news_string': 'What to Know About the Looming Election Certification Crisis', 'publisher': 'nytimes', 'sentiment': -0.6808, 'color': '(255, 0, 0)', 'timestamp': '2024-11-10'}
[2024-11-10T14:22:00.258+0000] {logging_mixin.py:188} INFO - {'news_string': 'The Other War for These Gazans Is Against Cancer', 'publisher': 'nytimes', 'sentiment': -0.8519, 'color': '(255, 0, 0)', 'timestamp': '2024-11-10'}
[2024-11-10T14:22:00.536+0000] {logging_mixin.py:188} INFO - {'news_string': 'Deadly Israeli Strikes Hit Southern Gaza, Health Officials Say', 'publisher': 'nytimes', 'sentiment': -0.3612, 'color': '(255, 0, 0)', 'timestamp': '2024-11-10'}
[2024-11-10T14:22:00.817+0000] {logging_mixin.py:188} INFO - {'news_string': 'Iran Is Preparing for War With Israel, but Hoping to Avert It', 'publisher': 'nytimes', 'sentiment': 0.0516, 'color': '(222, 255, 0)', 'timestamp': '2024-11-10'}
[2024-11-10T14:22:01.099+0000] {logging_mixin.py:188} INFO - {'news_string': 'Why M.L.B. May Finally Have Its Own Version of Magic Johnson vs. Larry Bird', 'publisher': 'nytimes', 'sentiment': 0.0, 'color': '(255, 239, 0)', 'timestamp': '2024-11-10'}
[2024-11-10T14:22:01.368+0000] {logging_mixin.py:188} INFO - {'news_string': 'Yankees or Dodgers? Our Experts Predict the World Series.', 'publisher': 'nytimes', 'sentiment': 0.0, 'color': '(255, 239, 0)', 'timestamp': '2024-11-10'}
[2024-11-10T14:22:01.621+0000] {logging_mixin.py:188} INFO - {'news_string': 'Why Is North Korea Deploying Troops to Help Russia? Here’s What to Know.', 'publisher': 'nytimes', 'sentiment': 0.4019, 'color': '(0, 255, 0)', 'timestamp': '2024-11-10'}
[2024-11-10T14:22:01.897+0000] {logging_mixin.py:188} INFO - {'news_string': 'Georgia’s Election Could Decide Whether the Country Pivots East or West', 'publisher': 'nytimes', 'sentiment': 0.0, 'color': '(255, 239, 0)', 'timestamp': '2024-11-10'}
[2024-11-10T14:22:02.189+0000] {logging_mixin.py:188} INFO - {'news_string': 'How a Campaign of Fear Has Shaken Canada’s Sikhs', 'publisher': 'nytimes', 'sentiment': -0.5423, 'color': '(255, 0, 0)', 'timestamp': '2024-11-10'}
[2024-11-10T14:22:02.457+0000] {logging_mixin.py:188} INFO - {'news_string': 'The Crypto Website Where the Election Odds Swing in Trump’s Favor', 'publisher': 'nytimes', 'sentiment': 0.4019, 'color': '(0, 255, 0)', 'timestamp': '2024-11-10'}
[2024-11-10T14:22:02.726+0000] {logging_mixin.py:188} INFO - {'news_string': 'Betting Markets Favor Trump. But Their Record of Accuracy Is Mixed.', 'publisher': 'nytimes', 'sentiment': 0.2144, 'color': '(196, 255, 0)', 'timestamp': '2024-11-10'}
[2024-11-10T14:22:02.990+0000] {logging_mixin.py:188} INFO - {'news_string': 'Malaria Is Surging in Ethiopia, Reversing a Decade of Progress ', 'publisher': 'nytimes', 'sentiment': 0.4215, 'color': '(0, 255, 0)', 'timestamp': '2024-11-10'}
[2024-11-10T14:22:03.243+0000] {logging_mixin.py:188} INFO - {'news_string': 'Attacks on L.G.B.T.Q. People Shake Sense of Security in Ivory Coast', 'publisher': 'nytimes', 'sentiment': -0.296, 'color': '(255, 94, 0)', 'timestamp': '2024-11-10'}
[2024-11-10T14:22:03.526+0000] {logging_mixin.py:188} INFO - {'news_string': '‘Conclave’: A Fly on the Wall Inside the Secret Process to Elect a Pope', 'publisher': 'nytimes', 'sentiment': 0.0, 'color': '(255, 239, 0)', 'timestamp': '2024-11-10'}
[2024-11-10T14:22:03.786+0000] {logging_mixin.py:188} INFO - {'news_string': 'Serpents and Doves Run Amok in the Vatican', 'publisher': 'nytimes', 'sentiment': 0.0, 'color': '(255, 239, 0)', 'timestamp': '2024-11-10'}
[2024-11-10T14:22:04.047+0000] {logging_mixin.py:188} INFO - {'news_string': 'Watch Ralph Fiennes Deliver a Startling Speech in ‘Conclave’', 'publisher': 'nytimes', 'sentiment': 0.0772, 'color': '(222, 255, 0)', 'timestamp': '2024-11-10'}
[2024-11-10T14:22:04.313+0000] {logging_mixin.py:188} INFO - {'news_string': 'A Poem Hitches a Ride on a Rocket, to Infinity and Beyond', 'publisher': 'nytimes', 'sentiment': 0.0, 'color': '(255, 239, 0)', 'timestamp': '2024-11-10'}
[2024-11-10T14:22:04.560+0000] {logging_mixin.py:188} INFO - {'news_string': 'In this 2011 essay, a 39-year-old woman is asked by a date, “What’s wrong with you?”', 'publisher': 'nytimes', 'sentiment': -0.4767, 'color': '(255, 0, 0)', 'timestamp': '2024-11-10'}
[2024-11-10T14:22:04.844+0000] {logging_mixin.py:188} INFO - {'news_string': 'This giant jam bun makes a party out of teatime.', 'publisher': 'nytimes', 'sentiment': 0.4019, 'color': '(0, 255, 0)', 'timestamp': '2024-11-10'}
[2024-11-10T14:22:05.117+0000] {logging_mixin.py:188} INFO - {'news_string': 'The sisters behind “Nobody Wants This” are in high demand.', 'publisher': 'nytimes', 'sentiment': -0.128, 'color': '(255, 179, 0)', 'timestamp': '2024-11-10'}
[2024-11-10T14:22:05.387+0000] {logging_mixin.py:188} INFO - {'news_string': 'Is there a feud between Martha Stewart and Ina Garten?', 'publisher': 'nytimes', 'sentiment': -0.34, 'color': '(255, 0, 0)', 'timestamp': '2024-11-10'}
[2024-11-10T14:22:05.663+0000] {logging_mixin.py:188} INFO - {'news_string': 'The Editorial Board', 'publisher': 'nytimes', 'sentiment': 0.0, 'color': '(255, 239, 0)', 'timestamp': '2024-11-10'}
[2024-11-10T14:22:05.929+0000] {logging_mixin.py:188} INFO - {'news_string': 'Trump Is Telling Us What He Would Do. Believe Him.', 'publisher': 'nytimes', 'sentiment': 0.0, 'color': '(255, 239, 0)', 'timestamp': '2024-11-10'}
[2024-11-10T14:22:06.168+0000] {logging_mixin.py:188} INFO - {'news_string': 'Don Jr. Is Making Plans', 'publisher': 'nytimes', 'sentiment': 0.0, 'color': '(255, 239, 0)', 'timestamp': '2024-11-10'}
[2024-11-10T14:22:06.442+0000] {logging_mixin.py:188} INFO - {'news_string': 'Republicans Assumed a Nebraska Senate Seat Was Safe. Then This Candidate Came Along.', 'publisher': 'nytimes', 'sentiment': 0.4404, 'color': '(0, 255, 0)', 'timestamp': '2024-11-10'}
[2024-11-10T14:22:06.677+0000] {logging_mixin.py:188} INFO - {'news_string': 'Maggie Haberman on How Trump Has Changed', 'publisher': 'nytimes', 'sentiment': 0.0, 'color': '(255, 239, 0)', 'timestamp': '2024-11-10'}
[2024-11-10T14:22:06.958+0000] {logging_mixin.py:188} INFO - {'news_string': 'What Is It About Trump That the Generals Want Us to Understand?', 'publisher': 'nytimes', 'sentiment': 0.0772, 'color': '(222, 255, 0)', 'timestamp': '2024-11-10'}
[2024-11-10T14:22:07.240+0000] {logging_mixin.py:188} INFO - {'news_string': 'There’s a Very Good Reason College Students Don’t Read Anymore', 'publisher': 'nytimes', 'sentiment': 0.4927, 'color': '(0, 255, 0)', 'timestamp': '2024-11-10'}
[2024-11-10T14:22:07.499+0000] {logging_mixin.py:188} INFO - {'news_string': 'The Election Is Happening Too Soon', 'publisher': 'nytimes', 'sentiment': 0.0, 'color': '(255, 239, 0)', 'timestamp': '2024-11-10'}
[2024-11-10T14:22:07.750+0000] {logging_mixin.py:188} INFO - {'news_string': '1 Person, 1 Button, 15 Minutes: Absolute Authority to End the World', 'publisher': 'nytimes', 'sentiment': 0.0772, 'color': '(222, 255, 0)', 'timestamp': '2024-11-10'}
[2024-11-10T14:22:08.008+0000] {logging_mixin.py:188} INFO - {'news_string': 'How Trump Could Bankrupt Social Security', 'publisher': 'nytimes', 'sentiment': -0.296, 'color': '(255, 94, 0)', 'timestamp': '2024-11-10'}
[2024-11-10T14:22:08.278+0000] {logging_mixin.py:188} INFO - {'news_string': 'The Worst Tucker Carlson Metaphor of the Month. So Far.', 'publisher': 'nytimes', 'sentiment': -0.6249, 'color': '(255, 0, 0)', 'timestamp': '2024-11-10'}
[2024-11-10T14:22:08.542+0000] {logging_mixin.py:188} INFO - {'news_string': 'Biden Has a Crucial Decision to Make on Ukraine', 'publisher': 'nytimes', 'sentiment': 0.0, 'color': '(255, 239, 0)', 'timestamp': '2024-11-10'}
[2024-11-10T14:22:08.806+0000] {logging_mixin.py:188} INFO - {'news_string': 'Beyond Trump vs. Harris: Control of Congress Comes Down to These Races', 'publisher': 'nytimes', 'sentiment': 0.0, 'color': '(255, 239, 0)', 'timestamp': '2024-11-10'}
[2024-11-10T14:22:09.078+0000] {logging_mixin.py:188} INFO - {'news_string': 'It Sounded Like Dancing, Drinking and Sex. It Blew People’s Minds.', 'publisher': 'nytimes', 'sentiment': 0.3612, 'color': '(0, 255, 0)', 'timestamp': '2024-11-10'}
[2024-11-10T14:22:09.332+0000] {logging_mixin.py:188} INFO - {'news_string': 'Iran’s Fateful Decision', 'publisher': 'nytimes', 'sentiment': 0.0, 'color': '(255, 239, 0)', 'timestamp': '2024-11-10'}
[2024-11-10T14:22:09.605+0000] {logging_mixin.py:188} INFO - {'news_string': 'I’m an OB-GYN. Here’s How I Think About the Women Who Died After Taking Abortion Pills.', 'publisher': 'nytimes', 'sentiment': -0.5574, 'color': '(255, 0, 0)', 'timestamp': '2024-11-10'}
[2024-11-10T14:22:09.854+0000] {logging_mixin.py:188} INFO - {'news_string': 'I Spoke to Many Working-Class Voters. This Is Why Trump Is Their Overwhelming Choice.', 'publisher': 'nytimes', 'sentiment': 0.0, 'color': '(255, 239, 0)', 'timestamp': '2024-11-10'}
[2024-11-10T14:22:10.112+0000] {logging_mixin.py:188} INFO - {'news_string': 'Autocracies Against Ukraine', 'publisher': 'nytimes', 'sentiment': 0.0, 'color': '(255, 239, 0)', 'timestamp': '2024-11-10'}
[2024-11-10T14:22:10.331+0000] {logging_mixin.py:188} INFO - {'news_string': 'Late Night: Jimmy Fallon Rallies for Queen Bey', 'publisher': 'nytimes', 'sentiment': 0.0, 'color': '(255, 239, 0)', 'timestamp': '2024-11-10'}
[2024-11-10T14:22:10.559+0000] {logging_mixin.py:188} INFO - {'news_string': 'Despite Deadly Attack, Turkey Seeks Opening With Kurdish Militants', 'publisher': 'nytimes', 'sentiment': 0.3724, 'color': '(0, 255, 0)', 'timestamp': '2024-11-10'}
[2024-11-10T14:22:10.819+0000] {logging_mixin.py:188} INFO - {'news_string': 'Biden to Apologize for Indian Boarding Schools Where Hundreds of Children Died', 'publisher': 'nytimes', 'sentiment': -0.4939, 'color': '(255, 0, 0)', 'timestamp': '2024-11-10'}
[2024-11-10T14:22:11.077+0000] {logging_mixin.py:188} INFO - {'news_string': "Many Wells in North Carolina Remain Unsafe After Helene's Deluge", 'publisher': 'nytimes', 'sentiment': 0.25, 'color': '(196, 255, 0)', 'timestamp': '2024-11-10'}
[2024-11-10T14:22:11.341+0000] {logging_mixin.py:188} INFO - {'news_string': 'Companies to Pay $101.9 Million to Settle Baltimore Bridge Collapse Lawsuit', 'publisher': 'nytimes', 'sentiment': -0.6705, 'color': '(255, 0, 0)', 'timestamp': '2024-11-10'}
[2024-11-10T14:22:11.605+0000] {logging_mixin.py:188} INFO - {'news_string': 'Teenager Is Charged With Murder of 5 Relatives in Washington State', 'publisher': 'nytimes', 'sentiment': -0.7579, 'color': '(255, 0, 0)', 'timestamp': '2024-11-10'}
[2024-11-10T14:22:11.870+0000] {logging_mixin.py:188} INFO - {'news_string': 'Los Angeles District Attorney Will Ask Court to Resentence Menendez Brothers', 'publisher': 'nytimes', 'sentiment': -0.25, 'color': '(255, 94, 0)', 'timestamp': '2024-11-10'}
[2024-11-10T14:22:12.111+0000] {logging_mixin.py:188} INFO - {'news_string': '2 Brothers Are Charged With Assaulting Officers in Jan. 6 Riot', 'publisher': 'nytimes', 'sentiment': -0.8271, 'color': '(255, 0, 0)', 'timestamp': '2024-11-10'}
[2024-11-10T14:22:12.372+0000] {logging_mixin.py:188} INFO - {'news_string': 'Onion Recall Linked to E. Coli and McDonald’s Spreads to Other Food Chains', 'publisher': 'nytimes', 'sentiment': 0.0, 'color': '(255, 239, 0)', 'timestamp': '2024-11-10'}
[2024-11-10T14:22:12.602+0000] {logging_mixin.py:188} INFO - {'news_string': 'Army Sergeant’s Body Is Found in Dumpster at Missouri Base; One in Custody', 'publisher': 'nytimes', 'sentiment': -0.1531, 'color': '(255, 94, 0)', 'timestamp': '2024-11-10'}
[2024-11-10T14:22:12.842+0000] {logging_mixin.py:188} INFO - {'news_string': 'Patti McGee, Skateboarding’s First Female Champion, Dies at 79', 'publisher': 'nytimes', 'sentiment': 0.5994, 'color': '(0, 255, 0)', 'timestamp': '2024-11-10'}
[2024-11-10T14:22:13.088+0000] {logging_mixin.py:188} INFO - {'news_string': 'What’s in an N.F.L. Diet? 80,000 Uncrustables Each Year.', 'publisher': 'nytimes', 'sentiment': 0.0, 'color': '(255, 239, 0)', 'timestamp': '2024-11-10'}
[2024-11-10T14:22:13.380+0000] {logging_mixin.py:188} INFO - {'news_string': 'The Former Liverpool Striker Who Now Plays in France’s 4th Tier', 'publisher': 'nytimes', 'sentiment': 0.25, 'color': '(196, 255, 0)', 'timestamp': '2024-11-10'}
[2024-11-10T14:22:13.653+0000] {logging_mixin.py:188} INFO - {'news_string': 'The N.B.A.’s Newest Stadium Has a Seating Arrangement Unlike Any Other', 'publisher': 'nytimes', 'sentiment': 0.0, 'color': '(255, 239, 0)', 'timestamp': '2024-11-10'}
[2024-11-10T14:22:13.921+0000] {logging_mixin.py:188} INFO - {'news_string': 'How Important Is Player Height in Soccer?', 'publisher': 'nytimes', 'sentiment': 0.2023, 'color': '(196, 255, 0)', 'timestamp': '2024-11-10'}
[2024-11-10T14:22:14.182+0000] {logging_mixin.py:188} INFO - {'news_string': 'A College Football Team With a $10 Million Roster Is on the Brink of Failure', 'publisher': 'nytimes', 'sentiment': -0.5106, 'color': '(255, 0, 0)', 'timestamp': '2024-11-10'}
[2024-11-10T14:22:14.449+0000] {logging_mixin.py:188} INFO - {'news_string': 'Where the Top 45 M.L.B. Free Agents Will Play Next Season', 'publisher': 'nytimes', 'sentiment': 0.7579, 'color': '(0, 255, 0)', 'timestamp': '2024-11-10'}
[2024-11-10T14:22:14.705+0000] {logging_mixin.py:188} INFO - {'news_string': 'Do People in ‘Blue Zones’ Actually Live Longer?', 'publisher': 'nytimes', 'sentiment': 0.0, 'color': '(255, 239, 0)', 'timestamp': '2024-11-10'}
[2024-11-10T14:22:14.972+0000] {logging_mixin.py:188} INFO - {'news_string': 'A 20-Minute Workout to Keep Your Body Limber', 'publisher': 'nytimes', 'sentiment': 0.0, 'color': '(255, 239, 0)', 'timestamp': '2024-11-10'}
[2024-11-10T14:22:15.244+0000] {logging_mixin.py:188} INFO - {'news_string': 'To Prevent Golfing Injuries, Loosen Up Your Spine', 'publisher': 'nytimes', 'sentiment': 0.0258, 'color': '(222, 255, 0)', 'timestamp': '2024-11-10'}
[2024-11-10T14:22:15.491+0000] {logging_mixin.py:188} INFO - {'news_string': 'C.D.C. Expands Covid Vaccine Recommendations', 'publisher': 'nytimes', 'sentiment': 0.1027, 'color': '(222, 255, 0)', 'timestamp': '2024-11-10'}
[2024-11-10T14:22:15.733+0000] {logging_mixin.py:188} INFO - {'news_string': 'United by Love, Divided by Politics', 'publisher': 'nytimes', 'sentiment': 0.7906, 'color': '(0, 255, 0)', 'timestamp': '2024-11-10'}
[2024-11-10T14:22:15.964+0000] {logging_mixin.py:188} INFO - {'news_string': 'Design, Unearthed and Unfettered, in Cooper Hewitt’s Triennial', 'publisher': 'nytimes', 'sentiment': 0.0, 'color': '(255, 239, 0)', 'timestamp': '2024-11-10'}
[2024-11-10T14:22:16.241+0000] {logging_mixin.py:188} INFO - {'news_string': 'An American in Paris, Honored Like Nobody Before', 'publisher': 'nytimes', 'sentiment': 0.743, 'color': '(0, 255, 0)', 'timestamp': '2024-11-10'}
[2024-11-10T14:22:16.508+0000] {logging_mixin.py:188} INFO - {'news_string': 'Skeletons Lead Mexico’s Graphic Arts Revolution', 'publisher': 'nytimes', 'sentiment': 0.0, 'color': '(255, 239, 0)', 'timestamp': '2024-11-10'}
[2024-11-10T14:22:16.762+0000] {logging_mixin.py:188} INFO - {'news_string': 'A New Opera Reconsiders Alma Mahler', 'publisher': 'nytimes', 'sentiment': 0.0, 'color': '(255, 239, 0)', 'timestamp': '2024-11-10'}
[2024-11-10T14:22:17.021+0000] {logging_mixin.py:188} INFO - {'news_string': 'Wordle', 'publisher': 'nytimes', 'sentiment': 0.0, 'color': '(255, 239, 0)', 'timestamp': '2024-11-10'}
[2024-11-10T14:22:17.293+0000] {logging_mixin.py:188} INFO - {'news_string': 'Connections', 'publisher': 'nytimes', 'sentiment': 0.0, 'color': '(255, 239, 0)', 'timestamp': '2024-11-10'}
[2024-11-10T14:22:17.565+0000] {logging_mixin.py:188} INFO - {'news_string': 'Strands', 'publisher': 'nytimes', 'sentiment': 0.0, 'color': '(255, 239, 0)', 'timestamp': '2024-11-10'}
[2024-11-10T14:22:17.804+0000] {logging_mixin.py:188} INFO - {'news_string': 'Spelling Bee', 'publisher': 'nytimes', 'sentiment': 0.0, 'color': '(255, 239, 0)', 'timestamp': '2024-11-10'}
[2024-11-10T14:22:18.082+0000] {logging_mixin.py:188} INFO - {'news_string': 'The Crossword', 'publisher': 'nytimes', 'sentiment': 0.0, 'color': '(255, 239, 0)', 'timestamp': '2024-11-10'}
[2024-11-10T14:22:18.372+0000] {logging_mixin.py:188} INFO - {'news_string': 'The Mini Crossword', 'publisher': 'nytimes', 'sentiment': 0.0, 'color': '(255, 239, 0)', 'timestamp': '2024-11-10'}
[2024-11-10T14:22:18.645+0000] {logging_mixin.py:188} INFO - {'news_string': 'The electorate has rarely seemed so evenly divided. A New York Times/Siena College poll found Kamala Harris and Donald Trump tied, 48 percent to 48 percent.', 'publisher': 'nytimes', 'sentiment': 0.0, 'color': '(255, 239, 0)', 'timestamp': '2024-11-10'}
[2024-11-10T14:22:18.955+0000] {logging_mixin.py:188} INFO - {'news_string': 'It’s not likely, but it’s not something that can be completely dismissed either, recent polling suggests.', 'publisher': 'nytimes', 'sentiment': 0.0, 'color': '(255, 239, 0)', 'timestamp': '2024-11-10'}
[2024-11-10T14:22:19.296+0000] {logging_mixin.py:188} INFO - {'news_string': 'At a star-filled rally in Georgia, former President Obama tried to give a jolt of energy to Kamala Harris, who is often seen as a successor.', 'publisher': 'nytimes', 'sentiment': 0.4588, 'color': '(0, 255, 0)', 'timestamp': '2024-11-10'}
[2024-11-10T14:22:19.542+0000] {logging_mixin.py:188} INFO - {'news_string': 'A movement driven by disinformation about Donald Trump’s 2020 defeat has taken over many of the boards that certify elections. It could cause chaos in the weeks ahead.', 'publisher': 'nytimes', 'sentiment': -0.7717, 'color': '(255, 0, 0)', 'timestamp': '2024-11-10'}
[2024-11-10T14:22:19.830+0000] {logging_mixin.py:188} INFO - {'news_string': 'Cancer patients from Gaza who are receiving care in Jordan’s capital, Amman, bear burdens beyond those of illness — feelings of guilt, fear and homesickness.', 'publisher': 'nytimes', 'sentiment': -0.926, 'color': '(255, 0, 0)', 'timestamp': '2024-11-10'}
[2024-11-10T14:22:20.082+0000] {logging_mixin.py:188} INFO - {'news_string': 'Gaza’s health ministry said dozens of people were killed in airstrikes in a residential area of Khan Younis, where Israel has said it is targeting Hamas.', 'publisher': 'nytimes', 'sentiment': -0.6705, 'color': '(255, 0, 0)', 'timestamp': '2024-11-10'}
[2024-11-10T14:22:20.328+0000] {logging_mixin.py:188} INFO - {'news_string': 'A showdown between Aaron Judge and Shohei Ohtani features the two biggest generators of global baseball star power, a columnist for The Athletic writes.', 'publisher': 'nytimes', 'sentiment': 0.0, 'color': '(255, 239, 0)', 'timestamp': '2024-11-10'}
[2024-11-10T14:22:20.593+0000] {logging_mixin.py:188} INFO - {'news_string': 'The move gives Kim Jong-un, the leader of North Korea, leverage to ask President Vladimir Putin of Russia for a lot in return.', 'publisher': 'nytimes', 'sentiment': 0.0, 'color': '(255, 239, 0)', 'timestamp': '2024-11-10'}
[2024-11-10T14:22:20.863+0000] {logging_mixin.py:188} INFO - {'news_string': 'Violence has rocked communities in Ontario and British Columbia in the past 18 months. Now the authorities say the Indian government was behind it.', 'publisher': 'nytimes', 'sentiment': -0.6249, 'color': '(255, 0, 0)', 'timestamp': '2024-11-10'}
[2024-11-10T14:22:21.104+0000] {logging_mixin.py:188} INFO - {'news_string': 'Donald Trump, Elon Musk and CNN have cited predictions from Polymarket, a site where crypto enthusiasts have wagered more than $100 million on the presidency.', 'publisher': 'nytimes', 'sentiment': 0.34, 'color': '(0, 255, 0)', 'timestamp': '2024-11-10'}
[2024-11-10T14:22:21.354+0000] {logging_mixin.py:188} INFO - {'news_string': 'Climate change, civil conflict and growing resistance to insecticides and treatments are all contributing to an alarming spread of cases.', 'publisher': 'nytimes', 'sentiment': -0.2732, 'color': '(255, 94, 0)', 'timestamp': '2024-11-10'}
[2024-11-10T14:22:21.621+0000] {logging_mixin.py:188} INFO - {'news_string': 'One of West Africa’s most tolerant societies has seen a string of assaults after social media influencers exhorted their followers to “hunt” gay men.', 'publisher': 'nytimes', 'sentiment': -0.2748, 'color': '(255, 94, 0)', 'timestamp': '2024-11-10'}
[2024-11-10T14:22:21.861+0000] {logging_mixin.py:188} INFO - {'news_string': 'A new drama starring Ralph Fiennes draws the audience inside this largely hidden tradition. How accurate is it?', 'publisher': 'nytimes', 'sentiment': 0.0, 'color': '(255, 239, 0)', 'timestamp': '2024-11-10'}
[2024-11-10T14:22:22.104+0000] {logging_mixin.py:188} INFO - {'news_string': 'NASA and the U.S. Poet Laureate may not be obvious collaborators, but a Jupiter-bound mission helped them find common ground.', 'publisher': 'nytimes', 'sentiment': 0.0, 'color': '(255, 239, 0)', 'timestamp': '2024-11-10'}
[2024-11-10T14:22:22.340+0000] {logging_mixin.py:188} INFO - {'news_string': 'We explain North Korea’s decision to send troops to help Russia.', 'publisher': 'nytimes', 'sentiment': 0.4019, 'color': '(0, 255, 0)', 'timestamp': '2024-11-10'}
[2024-11-10T14:22:22.600+0000] {logging_mixin.py:188} INFO - {'news_string': 'The “Tonight Show” host was excited about Beyoncé’s plans to appear with the vice president.', 'publisher': 'nytimes', 'sentiment': 0.34, 'color': '(0, 255, 0)', 'timestamp': '2024-11-10'}
[2024-11-10T14:22:22.864+0000] {logging_mixin.py:188} INFO - {'news_string': 'Recent gestures by Turkish leaders suggest the possibility of new peace talks with the group fighting for Kurdish autonomy.', 'publisher': 'nytimes', 'sentiment': 0.25, 'color': '(196, 255, 0)', 'timestamp': '2024-11-10'}
[2024-11-10T14:22:23.119+0000] {logging_mixin.py:188} INFO - {'news_string': 'President Biden’s trip to Arizona will be the first time a U.S. president has apologized for the abuses that happened at the schools over a period of 150 years.', 'publisher': 'nytimes', 'sentiment': -0.3182, 'color': '(255, 0, 0)', 'timestamp': '2024-11-10'}
[2024-11-10T14:22:23.378+0000] {logging_mixin.py:188} INFO - {'news_string': 'A third of state residents use private wells, and about four out of 10 wells tested after Hurricane Helene weren’t safe, highlighting the risks of extreme weather.', 'publisher': 'nytimes', 'sentiment': 0.5859, 'color': '(0, 255, 0)', 'timestamp': '2024-11-10'}
[2024-11-10T14:22:23.623+0000] {logging_mixin.py:188} INFO - {'news_string': 'The Justice Department filed suit last month after a container ship slammed into the Francis Scott Key Bridge in March, killing six workers.', 'publisher': 'nytimes', 'sentiment': -0.25, 'color': '(255, 94, 0)', 'timestamp': '2024-11-10'}
[2024-11-10T14:22:23.858+0000] {logging_mixin.py:188} INFO - {'news_string': 'Fever around the sealed peanut butter and jelly sandwiches is spreading around the league. The findings are nuts.', 'publisher': 'nytimes', 'sentiment': -0.3182, 'color': '(255, 0, 0)', 'timestamp': '2024-11-10'}
[2024-11-10T14:22:24.127+0000] {logging_mixin.py:188} INFO - {'news_string': 'Andy Carroll discusses why he left England: “I don’t speak French. I just repeat what other people say and try to learn through that.”', 'publisher': 'nytimes', 'sentiment': 0.0, 'color': '(255, 239, 0)', 'timestamp': '2024-11-10'}
[2024-11-10T14:22:24.413+0000] {logging_mixin.py:188} INFO - {'news_string': '“The Wall!” is a 4,500 seat area at the Intuit Dome, a steep section full of just Clippers fans.', 'publisher': 'nytimes', 'sentiment': 0.0, 'color': '(255, 239, 0)', 'timestamp': '2024-11-10'}
[2024-11-10T14:22:24.709+0000] {logging_mixin.py:188} INFO - {'news_string': 'Starting in November, 25 new site-specific installations that explore the idea of home will fill the former Carnegie mansion in Manhattan.', 'publisher': 'nytimes', 'sentiment': 0.0, 'color': '(255, 239, 0)', 'timestamp': '2024-11-10'}
[2024-11-10T14:22:24.975+0000] {logging_mixin.py:188} INFO - {'news_string': 'The artist Barbara Chase-Riboud is being celebrated, including in the Louvre.', 'publisher': 'nytimes', 'sentiment': 0.5719, 'color': '(0, 255, 0)', 'timestamp': '2024-11-10'}
[2024-11-10T14:22:25.261+0000] {logging_mixin.py:188} INFO - {'news_string': 'The central role of printmaking in Mexican art is on view at the Met.', 'publisher': 'nytimes', 'sentiment': 0.0, 'color': '(255, 239, 0)', 'timestamp': '2024-11-10'}
[2024-11-10T14:22:25.527+0000] {logging_mixin.py:188} INFO - {'news_string': '“Alma” views its often-vilified protagonist through a feminist lens.', 'publisher': 'nytimes', 'sentiment': 0.0, 'color': '(255, 239, 0)', 'timestamp': '2024-11-10'}
[2024-11-10T14:22:25.816+0000] {logging_mixin.py:188} INFO - {'news_string': 'Guess the 5-letter word with 6 chances.', 'publisher': 'nytimes', 'sentiment': 0.2023, 'color': '(196, 255, 0)', 'timestamp': '2024-11-10'}
[2024-11-10T14:22:26.098+0000] {logging_mixin.py:188} INFO - {'news_string': 'Group words that share a common thread.', 'publisher': 'nytimes', 'sentiment': 0.296, 'color': '(196, 255, 0)', 'timestamp': '2024-11-10'}
[2024-11-10T14:22:26.360+0000] {logging_mixin.py:188} INFO - {'news_string': 'Uncover hidden words and reveal the theme.', 'publisher': 'nytimes', 'sentiment': 0.0, 'color': '(255, 239, 0)', 'timestamp': '2024-11-10'}
[2024-11-10T14:22:26.652+0000] {logging_mixin.py:188} INFO - {'news_string': 'How many words can you make with 7 letters?', 'publisher': 'nytimes', 'sentiment': 0.0, 'color': '(255, 239, 0)', 'timestamp': '2024-11-10'}
[2024-11-10T14:22:26.899+0000] {logging_mixin.py:188} INFO - {'news_string': 'Get clued in with wordplay, every day.', 'publisher': 'nytimes', 'sentiment': 0.0, 'color': '(255, 239, 0)', 'timestamp': '2024-11-10'}
[2024-11-10T14:22:27.164+0000] {logging_mixin.py:188} INFO - {'news_string': 'Take a break from the news. Solve this bite-sized puzzle in just a few minutes.', 'publisher': 'nytimes', 'sentiment': 0.2023, 'color': '(196, 255, 0)', 'timestamp': '2024-11-10'}
[2024-11-10T14:22:27.407+0000] {logging_mixin.py:188} INFO - {'news_string': 'Top LA prosecutor backs Menendez brothers being released on parole', 'publisher': 'bbc', 'sentiment': 0.1531, 'color': '(196, 255, 0)', 'timestamp': '2024-11-10'}
[2024-11-10T14:22:27.669+0000] {logging_mixin.py:188} INFO - {'news_string': 'Democrats anxious as Trump gains ground in tight race', 'publisher': 'bbc', 'sentiment': 0.1027, 'color': '(222, 255, 0)', 'timestamp': '2024-11-10'}
[2024-11-10T14:22:27.895+0000] {logging_mixin.py:188} INFO - {'news_string': 'Top LA prosecutor backs Menendez brothers being released on parole', 'publisher': 'bbc', 'sentiment': 0.1531, 'color': '(196, 255, 0)', 'timestamp': '2024-11-10'}
[2024-11-10T14:22:28.168+0000] {logging_mixin.py:188} INFO - {'news_string': 'Democrats anxious as Trump gains ground in tight race', 'publisher': 'bbc', 'sentiment': 0.1027, 'color': '(222, 255, 0)', 'timestamp': '2024-11-10'}
[2024-11-10T14:22:28.427+0000] {logging_mixin.py:188} INFO - {'news_string': '‘Death trap’ Channel boats traded by smugglers in German city, BBC investigation finds', 'publisher': 'bbc', 'sentiment': -0.34, 'color': '(255, 0, 0)', 'timestamp': '2024-11-10'}
[2024-11-10T14:22:28.672+0000] {logging_mixin.py:188} INFO - {'news_string': "Joe Rogan's path to a once-improbable Trump interview", 'publisher': 'bbc', 'sentiment': 0.0, 'color': '(255, 239, 0)', 'timestamp': '2024-11-10'}
[2024-11-10T14:22:28.938+0000] {logging_mixin.py:188} INFO - {'news_string': 'Lost Silk Road cities discovered in Uzbek mountains', 'publisher': 'bbc', 'sentiment': -0.3182, 'color': '(255, 0, 0)', 'timestamp': '2024-11-10'}
[2024-11-10T14:22:29.332+0000] {logging_mixin.py:188} INFO - {'news_string': 'Moment BBC reporter returns tortured monkey into wild', 'publisher': 'bbc', 'sentiment': -0.5574, 'color': '(255, 0, 0)', 'timestamp': '2024-11-10'}
[2024-11-10T14:22:29.557+0000] {logging_mixin.py:188} INFO - {'news_string': 'Three Lebanese journalists killed in Israeli strike', 'publisher': 'bbc', 'sentiment': -0.7184, 'color': '(255, 0, 0)', 'timestamp': '2024-11-10'}
[2024-11-10T14:22:29.829+0000] {logging_mixin.py:188} INFO - {'news_string': "The film lifting the lid on the Pope's election", 'publisher': 'bbc', 'sentiment': 0.0, 'color': '(255, 239, 0)', 'timestamp': '2024-11-10'}
[2024-11-10T14:22:30.087+0000] {logging_mixin.py:188} INFO - {'news_string': 'What to do when a friendship ends', 'publisher': 'bbc', 'sentiment': 0.4404, 'color': '(0, 255, 0)', 'timestamp': '2024-11-10'}
[2024-11-10T14:22:30.333+0000] {logging_mixin.py:188} INFO - {'news_string': "India's balancing act with the West as Brics flexes new muscles", 'publisher': 'bbc', 'sentiment': 0.0, 'color': '(255, 239, 0)', 'timestamp': '2024-11-10'}
[2024-11-10T14:22:30.592+0000] {logging_mixin.py:188} INFO - {'news_string': 'UK willing to hand over Gaza intelligence to war crimes court', 'publisher': 'bbc', 'sentiment': 0.34, 'color': '(0, 255, 0)', 'timestamp': '2024-11-10'}
[2024-11-10T14:22:30.831+0000] {logging_mixin.py:188} INFO - {'news_string': "Tense election fight for Georgia's future in Europe", 'publisher': 'bbc', 'sentiment': -0.6124, 'color': '(255, 0, 0)', 'timestamp': '2024-11-10'}
[2024-11-10T14:22:31.072+0000] {logging_mixin.py:188} INFO - {'news_string': 'Trump and Harris take detour from swing states as they head for Texas', 'publisher': 'bbc', 'sentiment': 0.0, 'color': '(255, 239, 0)', 'timestamp': '2024-11-10'}
[2024-11-10T14:22:31.321+0000] {logging_mixin.py:188} INFO - {'news_string': 'Kurdish militant group behind attack on Turkish aerospace firm', 'publisher': 'bbc', 'sentiment': -0.4767, 'color': '(255, 0, 0)', 'timestamp': '2024-11-10'}
[2024-11-10T14:22:31.581+0000] {logging_mixin.py:188} INFO - {'news_string': 'UK willing to hand over Gaza intelligence to war crimes court', 'publisher': 'bbc', 'sentiment': 0.34, 'color': '(0, 255, 0)', 'timestamp': '2024-11-10'}
[2024-11-10T14:22:31.833+0000] {logging_mixin.py:188} INFO - {'news_string': 'We must learn lessons from history, King tells Commonwealth', 'publisher': 'bbc', 'sentiment': 0.0, 'color': '(255, 239, 0)', 'timestamp': '2024-11-10'}
[2024-11-10T14:22:32.061+0000] {logging_mixin.py:188} INFO - {'news_string': "Ketchup in space: 'You gotta squirt it out'", 'publisher': 'bbc', 'sentiment': 0.0, 'color': '(255, 239, 0)', 'timestamp': '2024-11-10'}
[2024-11-10T14:22:32.314+0000] {logging_mixin.py:188} INFO - {'news_string': "Putin challenged over Ukraine war by BBC's Steve Rosenberg ", 'publisher': 'bbc', 'sentiment': -0.6486, 'color': '(255, 0, 0)', 'timestamp': '2024-11-10'}
[2024-11-10T14:22:32.567+0000] {logging_mixin.py:188} INFO - {'news_string': "Tense election fight for Georgia's future in Europe", 'publisher': 'bbc', 'sentiment': -0.6124, 'color': '(255, 0, 0)', 'timestamp': '2024-11-10'}
[2024-11-10T14:22:32.818+0000] {logging_mixin.py:188} INFO - {'news_string': 'Menendez case that has divided America takes new turn', 'publisher': 'bbc', 'sentiment': 0.0, 'color': '(255, 239, 0)', 'timestamp': '2024-11-10'}
[2024-11-10T14:22:33.083+0000] {logging_mixin.py:188} INFO - {'news_string': "The AI that's already in your phone", 'publisher': 'bbc', 'sentiment': 0.0, 'color': '(255, 239, 0)', 'timestamp': '2024-11-10'}
[2024-11-10T14:22:33.328+0000] {logging_mixin.py:188} INFO - {'news_string': "Mpox - what we know... and what we don't", 'publisher': 'bbc', 'sentiment': 0.0, 'color': '(255, 239, 0)', 'timestamp': '2024-11-10'}
[2024-11-10T14:22:33.577+0000] {logging_mixin.py:188} INFO - {'news_string': "King: 'It is vital that we understand our history'", 'publisher': 'bbc', 'sentiment': 0.296, 'color': '(196, 255, 0)', 'timestamp': '2024-11-10'}
[2024-11-10T14:22:33.863+0000] {logging_mixin.py:188} INFO - {'news_string': "'I need to go to team at bottom of table in England' ", 'publisher': 'bbc', 'sentiment': 0.0, 'color': '(255, 239, 0)', 'timestamp': '2024-11-10'}
[2024-11-10T14:22:34.120+0000] {logging_mixin.py:188} INFO - {'news_string': "'We must change the way we measure debt': UK chancellor", 'publisher': 'bbc', 'sentiment': 0.0, 'color': '(255, 239, 0)', 'timestamp': '2024-11-10'}
[2024-11-10T14:22:34.388+0000] {logging_mixin.py:188} INFO - {'news_string': "The battle over one of Italy's most famous pastas", 'publisher': 'bbc', 'sentiment': -0.3818, 'color': '(255, 0, 0)', 'timestamp': '2024-11-10'}
[2024-11-10T14:22:34.645+0000] {logging_mixin.py:188} INFO - {'news_string': 'The 5 nature wins that have actually worked', 'publisher': 'bbc', 'sentiment': 0.5719, 'color': '(0, 255, 0)', 'timestamp': '2024-11-10'}
[2024-11-10T14:22:34.908+0000] {logging_mixin.py:188} INFO - {'news_string': "Would Harris's price gouging plan really help US consumers? ", 'publisher': 'bbc', 'sentiment': 0.4576, 'color': '(0, 255, 0)', 'timestamp': '2024-11-10'}
[2024-11-10T14:22:35.163+0000] {logging_mixin.py:188} INFO - {'news_string': 'US election polls: Who is ahead - Harris or Trump?', 'publisher': 'bbc', 'sentiment': 0.0, 'color': '(255, 239, 0)', 'timestamp': '2024-11-10'}
[2024-11-10T14:22:35.440+0000] {logging_mixin.py:188} INFO - {'news_string': "Angry Kenyans' comments crash Senate email address", 'publisher': 'bbc', 'sentiment': -0.7184, 'color': '(255, 0, 0)', 'timestamp': '2024-11-10'}
[2024-11-10T14:22:35.717+0000] {logging_mixin.py:188} INFO - {'news_string': 'Obama and stars help Democrats shore up Georgia votes', 'publisher': 'bbc', 'sentiment': 0.4019, 'color': '(0, 255, 0)', 'timestamp': '2024-11-10'}
[2024-11-10T14:22:35.983+0000] {logging_mixin.py:188} INFO - {'news_string': 'Ex-rebel gets 40-year jail term in landmark Ugandan case', 'publisher': 'bbc', 'sentiment': 0.0772, 'color': '(222, 255, 0)', 'timestamp': '2024-11-10'}
[2024-11-10T14:22:36.259+0000] {logging_mixin.py:188} INFO - {'news_string': 'Footballer denies plot to smuggle £600k cannabis', 'publisher': 'bbc', 'sentiment': -0.6597, 'color': '(255, 0, 0)', 'timestamp': '2024-11-10'}
[2024-11-10T14:22:36.558+0000] {logging_mixin.py:188} INFO - {'news_string': "Premier League: Arteta news conference - Saka, Calafiori and Timber 'very uncertain' to face Liverpool", 'publisher': 'bbc', 'sentiment': -0.3597, 'color': '(255, 0, 0)', 'timestamp': '2024-11-10'}
[2024-11-10T14:22:36.838+0000] {logging_mixin.py:188} INFO - {'news_string': 'Shakeel puts Pakistan in charge of deciding Test', 'publisher': 'bbc', 'sentiment': 0.0, 'color': '(255, 239, 0)', 'timestamp': '2024-11-10'}
[2024-11-10T14:22:37.123+0000] {logging_mixin.py:188} INFO - {'news_string': 'All eyes on Ten Hag & Man Utd - but Mourinho steals show again', 'publisher': 'bbc', 'sentiment': -0.6652, 'color': '(255, 0, 0)', 'timestamp': '2024-11-10'}
[2024-11-10T14:22:37.407+0000] {logging_mixin.py:188} INFO - {'news_string': "'I was worried about bleeding on McGregor's expensive shirt'", 'publisher': 'bbc', 'sentiment': -0.296, 'color': '(255, 94, 0)', 'timestamp': '2024-11-10'}
[2024-11-10T14:22:37.696+0000] {logging_mixin.py:188} INFO - {'news_string': 'US gets $100m settlement for Baltimore bridge collapse', 'publisher': 'bbc', 'sentiment': -0.4939, 'color': '(255, 0, 0)', 'timestamp': '2024-11-10'}
[2024-11-10T14:22:37.949+0000] {logging_mixin.py:188} INFO - {'news_string': 'Twice homeless millionaire tops UK black power list', 'publisher': 'bbc', 'sentiment': 0.5106, 'color': '(0, 255, 0)', 'timestamp': '2024-11-10'}
[2024-11-10T14:22:38.218+0000] {logging_mixin.py:188} INFO - {'news_string': "What we know about the McDonald's E. coli outbreak", 'publisher': 'bbc', 'sentiment': 0.0, 'color': '(255, 239, 0)', 'timestamp': '2024-11-10'}
[2024-11-10T14:22:38.492+0000] {logging_mixin.py:188} INFO - {'news_string': 'The software extending the life of your phone', 'publisher': 'bbc', 'sentiment': 0.0, 'color': '(255, 239, 0)', 'timestamp': '2024-11-10'}
[2024-11-10T14:22:38.744+0000] {logging_mixin.py:188} INFO - {'news_string': 'Call of Duty: Black Ops 6 launches with eyes on Game Pass', 'publisher': 'bbc', 'sentiment': 0.0, 'color': '(255, 239, 0)', 'timestamp': '2024-11-10'}
[2024-11-10T14:22:39.022+0000] {logging_mixin.py:188} INFO - {'news_string': 'Can meetup apps help us make friends? ', 'publisher': 'bbc', 'sentiment': 0.7003, 'color': '(0, 255, 0)', 'timestamp': '2024-11-10'}
[2024-11-10T14:22:39.313+0000] {logging_mixin.py:188} INFO - {'news_string': 'The odd-tasting oil that turned out to be healthy', 'publisher': 'bbc', 'sentiment': 0.4019, 'color': '(0, 255, 0)', 'timestamp': '2024-11-10'}
[2024-11-10T14:22:39.563+0000] {logging_mixin.py:188} INFO - {'news_string': "All aboard Tanzania's electric train breaking new ground for East Africa", 'publisher': 'bbc', 'sentiment': 0.0258, 'color': '(222, 255, 0)', 'timestamp': '2024-11-10'}
[2024-11-10T14:22:39.781+0000] {logging_mixin.py:188} INFO - {'news_string': 'Qasr al-Farid: The Lonely Castle of the ancient Nabateans', 'publisher': 'bbc', 'sentiment': -0.3612, 'color': '(255, 0, 0)', 'timestamp': '2024-11-10'}
[2024-11-10T14:22:40.024+0000] {logging_mixin.py:188} INFO - {'news_string': "Mescal cast in Gladiator II after '30-minute Zoom call'", 'publisher': 'bbc', 'sentiment': 0.0, 'color': '(255, 239, 0)', 'timestamp': '2024-11-10'}
[2024-11-10T14:22:40.284+0000] {logging_mixin.py:188} INFO - {'news_string': "Raye's songwriting books for new album stolen", 'publisher': 'bbc', 'sentiment': -0.4939, 'color': '(255, 0, 0)', 'timestamp': '2024-11-10'}
[2024-11-10T14:22:40.559+0000] {logging_mixin.py:188} INFO - {'news_string': 'Kate Bush reveals plans to make new music', 'publisher': 'bbc', 'sentiment': 0.0, 'color': '(255, 239, 0)', 'timestamp': '2024-11-10'}
[2024-11-10T14:22:40.843+0000] {logging_mixin.py:188} INFO - {'news_string': "Bruce Springsteen: I rarely see my bandmates - we've seen each other enough", 'publisher': 'bbc', 'sentiment': 0.0, 'color': '(255, 239, 0)', 'timestamp': '2024-11-10'}
[2024-11-10T14:22:41.121+0000] {logging_mixin.py:188} INFO - {'news_string': "The battle over one of Italy's most famous pastas", 'publisher': 'bbc', 'sentiment': -0.3818, 'color': '(255, 0, 0)', 'timestamp': '2024-11-10'}
[2024-11-10T14:22:41.387+0000] {logging_mixin.py:188} INFO - {'news_string': "A 315km bike ride into Earth's 'lost' continent", 'publisher': 'bbc', 'sentiment': 0.0, 'color': '(255, 239, 0)', 'timestamp': '2024-11-10'}
[2024-11-10T14:22:41.691+0000] {logging_mixin.py:188} INFO - {'news_string': 'Where to hear traditional Irish music in Galway', 'publisher': 'bbc', 'sentiment': 0.0, 'color': '(255, 239, 0)', 'timestamp': '2024-11-10'}
[2024-11-10T14:22:41.966+0000] {logging_mixin.py:188} INFO - {'news_string': "Is an 'expedition' better than a holiday?", 'publisher': 'bbc', 'sentiment': 0.6808, 'color': '(0, 255, 0)', 'timestamp': '2024-11-10'}
[2024-11-10T14:22:42.228+0000] {logging_mixin.py:188} INFO - {'news_string': 'The 5 nature wins that have actually worked', 'publisher': 'bbc', 'sentiment': 0.5719, 'color': '(0, 255, 0)', 'timestamp': '2024-11-10'}
[2024-11-10T14:22:42.486+0000] {logging_mixin.py:188} INFO - {'news_string': 'The water industry is in crisis. Can it be fixed?', 'publisher': 'bbc', 'sentiment': -0.6249, 'color': '(255, 0, 0)', 'timestamp': '2024-11-10'}
[2024-11-10T14:22:42.728+0000] {logging_mixin.py:188} INFO - {'news_string': 'Is the UN warning of 3.1C global warming a surprise?', 'publisher': 'bbc', 'sentiment': 0.0772, 'color': '(222, 255, 0)', 'timestamp': '2024-11-10'}
[2024-11-10T14:22:42.989+0000] {logging_mixin.py:188} INFO - {'news_string': 'Why are disposable vapes so bad for the environment?', 'publisher': 'bbc', 'sentiment': -0.6696, 'color': '(255, 0, 0)', 'timestamp': '2024-11-10'}
[2024-11-10T14:22:43.210+0000] {logging_mixin.py:188} INFO - {'news_string': 'Father penguin uses unique call to distinguish chick', 'publisher': 'bbc', 'sentiment': 0.0, 'color': '(255, 239, 0)', 'timestamp': '2024-11-10'}
[2024-11-10T14:22:43.470+0000] {logging_mixin.py:188} INFO - {'news_string': "Bulgaria's valley of Thracian Kings and Damask roses", 'publisher': 'bbc', 'sentiment': 0.0, 'color': '(255, 239, 0)', 'timestamp': '2024-11-10'}
[2024-11-10T14:22:43.736+0000] {logging_mixin.py:188} INFO - {'news_string': 'The Bahamas: The last lighthouse of its kind', 'publisher': 'bbc', 'sentiment': 0.5267, 'color': '(0, 255, 0)', 'timestamp': '2024-11-10'}
[2024-11-10T14:22:43.999+0000] {logging_mixin.py:188} INFO - {'news_string': "Protecting Thailand's famous 'paradise beach'", 'publisher': 'bbc', 'sentiment': 0.6369, 'color': '(0, 255, 0)', 'timestamp': '2024-11-10'}
[2024-11-10T14:22:44.251+0000] {logging_mixin.py:188} INFO - {'news_string': 'World of Business', 'publisher': 'bbc', 'sentiment': 0.0, 'color': '(255, 239, 0)', 'timestamp': '2024-11-10'}
[2024-11-10T14:22:44.505+0000] {logging_mixin.py:188} INFO - {'news_string': 'US Election Unspun', 'publisher': 'bbc', 'sentiment': 0.0, 'color': '(255, 239, 0)', 'timestamp': '2024-11-10'}
[2024-11-10T14:22:44.759+0000] {logging_mixin.py:188} INFO - {'news_string': 'The Essential List', 'publisher': 'bbc', 'sentiment': 0.0, 'color': '(255, 239, 0)', 'timestamp': '2024-11-10'}
[2024-11-10T14:22:45.004+0000] {logging_mixin.py:188} INFO - {'news_string': 'News Briefing', 'publisher': 'bbc', 'sentiment': 0.0, 'color': '(255, 239, 0)', 'timestamp': '2024-11-10'}
[2024-11-10T14:22:45.269+0000] {logging_mixin.py:188} INFO - {'news_string': 'Obama and stars help Democrats shore up Georgia votes', 'publisher': 'bbc', 'sentiment': 0.4019, 'color': '(0, 255, 0)', 'timestamp': '2024-11-10'}
[2024-11-10T14:22:45.496+0000] {logging_mixin.py:188} INFO - {'news_string': 'US election polls: Who is ahead - Harris or Trump?', 'publisher': 'bbc', 'sentiment': 0.0, 'color': '(255, 239, 0)', 'timestamp': '2024-11-10'}
[2024-11-10T14:22:45.775+0000] {logging_mixin.py:188} INFO - {'news_string': 'Democrats anxious as Trump gains ground in tight race', 'publisher': 'bbc', 'sentiment': 0.1027, 'color': '(222, 255, 0)', 'timestamp': '2024-11-10'}
[2024-11-10T14:22:46.034+0000] {logging_mixin.py:188} INFO - {'news_string': "Joe Rogan's path to a once-improbable Trump interview", 'publisher': 'bbc', 'sentiment': 0.0, 'color': '(255, 239, 0)', 'timestamp': '2024-11-10'}
[2024-11-10T14:22:46.286+0000] {logging_mixin.py:188} INFO - {'news_string': 'UK willing to hand over Gaza intelligence to war crimes court', 'publisher': 'bbc', 'sentiment': 0.34, 'color': '(0, 255, 0)', 'timestamp': '2024-11-10'}
[2024-11-10T14:22:46.530+0000] {logging_mixin.py:188} INFO - {'news_string': 'Gaza ceasefire talks to resume in coming days', 'publisher': 'bbc', 'sentiment': 0.0, 'color': '(255, 239, 0)', 'timestamp': '2024-11-10'}
[2024-11-10T14:22:46.811+0000] {logging_mixin.py:188} INFO - {'news_string': 'Gaza nurse who filmed moments after Israeli strike describes chaos and grief', 'publisher': 'bbc', 'sentiment': -0.8126, 'color': '(255, 0, 0)', 'timestamp': '2024-11-10'}
[2024-11-10T14:22:47.055+0000] {logging_mixin.py:188} INFO - {'news_string': 'Israel strike on Gaza school-turned-shelter kills 17, hospital says', 'publisher': 'bbc', 'sentiment': -0.6124, 'color': '(255, 0, 0)', 'timestamp': '2024-11-10'}
[2024-11-10T14:22:47.320+0000] {logging_mixin.py:188} INFO - {'news_string': 'North Korea troops in Ukraine would escalate conflict, Lukashenko tells BBC', 'publisher': 'bbc', 'sentiment': -0.3182, 'color': '(255, 0, 0)', 'timestamp': '2024-11-10'}
[2024-11-10T14:22:47.558+0000] {logging_mixin.py:188} INFO - {'news_string': 'Russians accused of crimes offered choice - go to war instead of court', 'publisher': 'bbc', 'sentiment': -0.7269, 'color': '(255, 0, 0)', 'timestamp': '2024-11-10'}
[2024-11-10T14:22:47.815+0000] {logging_mixin.py:188} INFO - {'news_string': 'PM says Russia risks global food security in Ukraine', 'publisher': 'bbc', 'sentiment': 0.0772, 'color': '(222, 255, 0)', 'timestamp': '2024-11-10'}
[2024-11-10T14:22:48.061+0000] {logging_mixin.py:188} INFO - {'news_string': 'Donated ambulance for injured Ukrainian soldiers', 'publisher': 'bbc', 'sentiment': -0.4019, 'color': '(255, 0, 0)', 'timestamp': '2024-11-10'}
[2024-11-10T14:22:48.293+0000] {logging_mixin.py:188} INFO - {'news_string': 'The water industry is in crisis. Can it be fixed?', 'publisher': 'bbc', 'sentiment': -0.6249, 'color': '(255, 0, 0)', 'timestamp': '2024-11-10'}
[2024-11-10T14:22:48.529+0000] {logging_mixin.py:188} INFO - {'news_string': 'Is the UK system letting down people who were harmed by Covid vaccines?', 'publisher': 'bbc', 'sentiment': -0.4767, 'color': '(255, 0, 0)', 'timestamp': '2024-11-10'}
[2024-11-10T14:22:48.793+0000] {logging_mixin.py:188} INFO - {'news_string': "'You lured him in': Rape myths and what we still get wrong about sexual assault", 'publisher': 'bbc', 'sentiment': -0.9118, 'color': '(255, 0, 0)', 'timestamp': '2024-11-10'}
[2024-11-10T14:22:49.035+0000] {logging_mixin.py:188} INFO - {'news_string': 'The work sickness timebomb that risks a lost generation of UK workers', 'publisher': 'bbc', 'sentiment': -0.5267, 'color': '(255, 0, 0)', 'timestamp': '2024-11-10'}
[2024-11-10T14:22:49.280+0000] {logging_mixin.py:188} INFO - {'news_string': 'Israeli raid kills 38 in Khan Younis after ‘major massacre’ in north Gaza', 'publisher': 'aljazeera', 'sentiment': -0.5423, 'color': '(255, 0, 0)', 'timestamp': '2024-11-10'}
[2024-11-10T14:22:49.585+0000] {logging_mixin.py:188} INFO - {'news_string': 'Live updates, ', 'publisher': 'aljazeera', 'sentiment': 0.0, 'color': '(255, 239, 0)', 'timestamp': '2024-11-10'}
[2024-11-10T14:22:49.843+0000] {logging_mixin.py:188} INFO - {'news_string': 'list 1 of 6', 'publisher': 'aljazeera', 'sentiment': 0.0, 'color': '(255, 239, 0)', 'timestamp': '2024-11-10'}
[2024-11-10T14:22:50.099+0000] {logging_mixin.py:188} INFO - {'news_string': 'Published 1 minutes ago', 'publisher': 'aljazeera', 'sentiment': 0.0, 'color': '(255, 239, 0)', 'timestamp': '2024-11-10'}
[2024-11-10T14:22:50.340+0000] {logging_mixin.py:188} INFO - {'news_string': '1m ago', 'publisher': 'aljazeera', 'sentiment': 0.0, 'color': '(255, 239, 0)', 'timestamp': '2024-11-10'}
[2024-11-10T14:22:50.568+0000] {logging_mixin.py:188} INFO - {'news_string': 'list 2 of 6', 'publisher': 'aljazeera', 'sentiment': 0.0, 'color': '(255, 239, 0)', 'timestamp': '2024-11-10'}
[2024-11-10T14:22:50.832+0000] {logging_mixin.py:188} INFO - {'news_string': 'Published 21 minutes ago', 'publisher': 'aljazeera', 'sentiment': 0.0, 'color': '(255, 239, 0)', 'timestamp': '2024-11-10'}
[2024-11-10T14:22:51.093+0000] {logging_mixin.py:188} INFO - {'news_string': '21m ago', 'publisher': 'aljazeera', 'sentiment': 0.0, 'color': '(255, 239, 0)', 'timestamp': '2024-11-10'}
[2024-11-10T14:22:51.357+0000] {logging_mixin.py:188} INFO - {'news_string': 'list 3 of 6', 'publisher': 'aljazeera', 'sentiment': 0.0, 'color': '(255, 239, 0)', 'timestamp': '2024-11-10'}
[2024-11-10T14:22:51.635+0000] {logging_mixin.py:188} INFO - {'news_string': 'Published 31 minutes ago', 'publisher': 'aljazeera', 'sentiment': 0.0, 'color': '(255, 239, 0)', 'timestamp': '2024-11-10'}
[2024-11-10T14:22:51.888+0000] {logging_mixin.py:188} INFO - {'news_string': '31m ago', 'publisher': 'aljazeera', 'sentiment': 0.0, 'color': '(255, 239, 0)', 'timestamp': '2024-11-10'}
[2024-11-10T14:22:52.157+0000] {logging_mixin.py:188} INFO - {'news_string': 'list 4 of 6', 'publisher': 'aljazeera', 'sentiment': 0.0, 'color': '(255, 239, 0)', 'timestamp': '2024-11-10'}
[2024-11-10T14:22:52.457+0000] {logging_mixin.py:188} INFO - {'news_string': 'Published 41 minutes ago', 'publisher': 'aljazeera', 'sentiment': 0.0, 'color': '(255, 239, 0)', 'timestamp': '2024-11-10'}
[2024-11-10T14:22:52.731+0000] {logging_mixin.py:188} INFO - {'news_string': '41m ago', 'publisher': 'aljazeera', 'sentiment': 0.0, 'color': '(255, 239, 0)', 'timestamp': '2024-11-10'}
[2024-11-10T14:22:52.984+0000] {logging_mixin.py:188} INFO - {'news_string': 'list 5 of 6', 'publisher': 'aljazeera', 'sentiment': 0.0, 'color': '(255, 239, 0)', 'timestamp': '2024-11-10'}
[2024-11-10T14:22:53.238+0000] {logging_mixin.py:188} INFO - {'news_string': 'Published 51 minutes ago', 'publisher': 'aljazeera', 'sentiment': 0.0, 'color': '(255, 239, 0)', 'timestamp': '2024-11-10'}
[2024-11-10T14:22:53.492+0000] {logging_mixin.py:188} INFO - {'news_string': '51m ago', 'publisher': 'aljazeera', 'sentiment': 0.0, 'color': '(255, 239, 0)', 'timestamp': '2024-11-10'}
[2024-11-10T14:22:53.718+0000] {logging_mixin.py:188} INFO - {'news_string': 'list 6 of 6', 'publisher': 'aljazeera', 'sentiment': 0.0, 'color': '(255, 239, 0)', 'timestamp': '2024-11-10'}
[2024-11-10T14:22:53.955+0000] {logging_mixin.py:188} INFO - {'news_string': 'Published 1 hours ago', 'publisher': 'aljazeera', 'sentiment': 0.0, 'color': '(255, 239, 0)', 'timestamp': '2024-11-10'}
[2024-11-10T14:22:54.206+0000] {logging_mixin.py:188} INFO - {'news_string': '1h ago', 'publisher': 'aljazeera', 'sentiment': 0.0, 'color': '(255, 239, 0)', 'timestamp': '2024-11-10'}
[2024-11-10T14:22:54.477+0000] {logging_mixin.py:188} INFO - {'news_string': 'Israeli raid kills 38 in Khan Younis after ‘major massacre’ in north Gaza', 'publisher': 'aljazeera', 'sentiment': -0.5423, 'color': '(255, 0, 0)', 'timestamp': '2024-11-10'}
[2024-11-10T14:22:54.691+0000] {logging_mixin.py:188} INFO - {'news_string': 'PKK claims attack on Turkish defence company near Ankara that killed five', 'publisher': 'aljazeera', 'sentiment': -0.802, 'color': '(255, 0, 0)', 'timestamp': '2024-11-10'}
[2024-11-10T14:22:54.953+0000] {logging_mixin.py:188} INFO - {'news_string': 'PKK claims attack on Turkish defence company near Ankara that killed five', 'publisher': 'aljazeera', 'sentiment': -0.802, 'color': '(255, 0, 0)', 'timestamp': '2024-11-10'}
[2024-11-10T14:22:55.222+0000] {logging_mixin.py:188} INFO - {'news_string': 'Three journalists killed in Israeli attack in southern Lebanon', 'publisher': 'aljazeera', 'sentiment': -0.8225, 'color': '(255, 0, 0)', 'timestamp': '2024-11-10'}
[2024-11-10T14:22:55.442+0000] {logging_mixin.py:188} INFO - {'news_string': 'EXPLAINER', 'publisher': 'aljazeera', 'sentiment': 0.0, 'color': '(255, 239, 0)', 'timestamp': '2024-11-10'}
[2024-11-10T14:22:55.700+0000] {logging_mixin.py:188} INFO - {'news_string': 'Can Liz Cheney help Kamala Harris’s campaign? Or will she hurt her?', 'publisher': 'aljazeera', 'sentiment': -0.264, 'color': '(255, 94, 0)', 'timestamp': '2024-11-10'}
[2024-11-10T14:22:55.941+0000] {logging_mixin.py:188} INFO - {'news_string': 'Israel’s ‘war’ against the UN', 'publisher': 'aljazeera', 'sentiment': 0.0, 'color': '(255, 239, 0)', 'timestamp': '2024-11-10'}
[2024-11-10T14:22:56.194+0000] {logging_mixin.py:188} INFO - {'news_string': 'At least 76 killed as Tropical Storm Trami batters the Philippines', 'publisher': 'aljazeera', 'sentiment': -0.6705, 'color': '(255, 0, 0)', 'timestamp': '2024-11-10'}
[2024-11-10T14:22:56.408+0000] {logging_mixin.py:188} INFO - {'news_string': 'Uganda sentences LRA commander Thomas Kwoyelo to 40 years for war crimes', 'publisher': 'aljazeera', 'sentiment': -0.5719, 'color': '(255, 0, 0)', 'timestamp': '2024-11-10'}
[2024-11-10T14:22:56.654+0000] {logging_mixin.py:188} INFO - {'news_string': 'Can China’s Xi and India’s Modi reset rocky ties after border detente?', 'publisher': 'aljazeera', 'sentiment': 0.0, 'color': '(255, 239, 0)', 'timestamp': '2024-11-10'}
[2024-11-10T14:22:56.926+0000] {logging_mixin.py:188} INFO - {'news_string': 'South African Indigenous people fight Big Oil to defend ancestors’ spirits', 'publisher': 'aljazeera', 'sentiment': -0.3818, 'color': '(255, 0, 0)', 'timestamp': '2024-11-10'}
[2024-11-10T14:22:57.189+0000] {logging_mixin.py:188} INFO - {'news_string': 'Remembering Shamshad Abdullaev, the world-class Uzbek poet too few knew', 'publisher': 'aljazeera', 'sentiment': 0.0, 'color': '(255, 239, 0)', 'timestamp': '2024-11-10'}
[2024-11-10T14:22:57.424+0000] {logging_mixin.py:188} INFO - {'news_string': 'Why are some Taiwanese afraid of giving legislators more power?', 'publisher': 'aljazeera', 'sentiment': 0.34, 'color': '(0, 255, 0)', 'timestamp': '2024-11-10'}
[2024-11-10T14:22:57.690+0000] {logging_mixin.py:188} INFO - {'news_string': 'US election: 11 days left – What polls say, what Harris and Trump are up to', 'publisher': 'aljazeera', 'sentiment': 0.0, 'color': '(255, 239, 0)', 'timestamp': '2024-11-10'}
[2024-11-10T14:22:57.953+0000] {logging_mixin.py:188} INFO - {'news_string': 'Britain argues over assisted dying: What to know about the emotive debate', 'publisher': 'aljazeera', 'sentiment': -0.3818, 'color': '(255, 0, 0)', 'timestamp': '2024-11-10'}
[2024-11-10T14:22:58.198+0000] {logging_mixin.py:188} INFO - {'news_string': 'From Catholic saints to Persian rulers: How are hurricanes named?', 'publisher': 'aljazeera', 'sentiment': 0.0, 'color': '(255, 239, 0)', 'timestamp': '2024-11-10'}
[2024-11-10T14:22:58.441+0000] {logging_mixin.py:188} INFO - {'news_string': 'Israelis break into north Gaza as military’s deadly siege continues', 'publisher': 'aljazeera', 'sentiment': 0.0, 'color': '(255, 239, 0)', 'timestamp': '2024-11-10'}
[2024-11-10T14:22:58.714+0000] {logging_mixin.py:188} INFO - {'news_string': 'Video Duration 02 minutes 07 seconds ', 'publisher': 'aljazeera', 'sentiment': 0.0, 'color': '(255, 239, 0)', 'timestamp': '2024-11-10'}
[2024-11-10T14:22:58.978+0000] {logging_mixin.py:188} INFO - {'news_string': '02:07', 'publisher': 'aljazeera', 'sentiment': 0.0, 'color': '(255, 239, 0)', 'timestamp': '2024-11-10'}
[2024-11-10T14:22:59.227+0000] {logging_mixin.py:188} INFO - {'news_string': 'Video Duration 02 minutes 07 seconds ', 'publisher': 'aljazeera', 'sentiment': 0.0, 'color': '(255, 239, 0)', 'timestamp': '2024-11-10'}
[2024-11-10T14:22:59.476+0000] {logging_mixin.py:188} INFO - {'news_string': '02:07', 'publisher': 'aljazeera', 'sentiment': 0.0, 'color': '(255, 239, 0)', 'timestamp': '2024-11-10'}
[2024-11-10T14:22:59.730+0000] {logging_mixin.py:188} INFO - {'news_string': 'Israeli forces storm Kamal Adwan Hospital during north Gaza siege', 'publisher': 'aljazeera', 'sentiment': 0.0, 'color': '(255, 239, 0)', 'timestamp': '2024-11-10'}
[2024-11-10T14:22:59.978+0000] {logging_mixin.py:188} INFO - {'news_string': 'Video Duration 00 minutes 47 seconds ', 'publisher': 'aljazeera', 'sentiment': 0.0, 'color': '(255, 239, 0)', 'timestamp': '2024-11-10'}
[2024-11-10T14:23:00.242+0000] {logging_mixin.py:188} INFO - {'news_string': '00:47', 'publisher': 'aljazeera', 'sentiment': 0.0, 'color': '(255, 239, 0)', 'timestamp': '2024-11-10'}
[2024-11-10T14:23:00.476+0000] {logging_mixin.py:188} INFO - {'news_string': 'Video Duration 00 minutes 47 seconds ', 'publisher': 'aljazeera', 'sentiment': 0.0, 'color': '(255, 239, 0)', 'timestamp': '2024-11-10'}
[2024-11-10T14:23:00.711+0000] {logging_mixin.py:188} INFO - {'news_string': '00:47', 'publisher': 'aljazeera', 'sentiment': 0.0, 'color': '(255, 239, 0)', 'timestamp': '2024-11-10'}
[2024-11-10T14:23:00.974+0000] {logging_mixin.py:188} INFO - {'news_string': 'Bruce Springsteen, Samuel L Jackson, Spike Lee, rally for Harris', 'publisher': 'aljazeera', 'sentiment': 0.0, 'color': '(255, 239, 0)', 'timestamp': '2024-11-10'}
[2024-11-10T14:23:01.204+0000] {logging_mixin.py:188} INFO - {'news_string': 'Video Duration 00 minutes 58 seconds ', 'publisher': 'aljazeera', 'sentiment': 0.0, 'color': '(255, 239, 0)', 'timestamp': '2024-11-10'}
[2024-11-10T14:23:01.469+0000] {logging_mixin.py:188} INFO - {'news_string': '00:58', 'publisher': 'aljazeera', 'sentiment': 0.0, 'color': '(255, 239, 0)', 'timestamp': '2024-11-10'}
[2024-11-10T14:23:01.718+0000] {logging_mixin.py:188} INFO - {'news_string': 'Video Duration 00 minutes 58 seconds ', 'publisher': 'aljazeera', 'sentiment': 0.0, 'color': '(255, 239, 0)', 'timestamp': '2024-11-10'}
[2024-11-10T14:23:01.982+0000] {logging_mixin.py:188} INFO - {'news_string': '00:58', 'publisher': 'aljazeera', 'sentiment': 0.0, 'color': '(255, 239, 0)', 'timestamp': '2024-11-10'}
[2024-11-10T14:23:02.225+0000] {logging_mixin.py:188} INFO - {'news_string': 'Al Jazeera locates young girl in Gaza seen carrying injured sister', 'publisher': 'aljazeera', 'sentiment': -0.4019, 'color': '(255, 0, 0)', 'timestamp': '2024-11-10'}
[2024-11-10T14:23:02.491+0000] {logging_mixin.py:188} INFO - {'news_string': 'Video Duration 02 minutes 24 seconds ', 'publisher': 'aljazeera', 'sentiment': 0.0, 'color': '(255, 239, 0)', 'timestamp': '2024-11-10'}
[2024-11-10T14:23:02.713+0000] {logging_mixin.py:188} INFO - {'news_string': '02:24', 'publisher': 'aljazeera', 'sentiment': 0.0, 'color': '(255, 239, 0)', 'timestamp': '2024-11-10'}
[2024-11-10T14:23:02.952+0000] {logging_mixin.py:188} INFO - {'news_string': 'Video Duration 02 minutes 24 seconds ', 'publisher': 'aljazeera', 'sentiment': 0.0, 'color': '(255, 239, 0)', 'timestamp': '2024-11-10'}
[2024-11-10T14:23:03.200+0000] {logging_mixin.py:188} INFO - {'news_string': '02:24', 'publisher': 'aljazeera', 'sentiment': 0.0, 'color': '(255, 239, 0)', 'timestamp': '2024-11-10'}
[2024-11-10T14:23:03.453+0000] {logging_mixin.py:188} INFO - {'news_string': 'South Korea condemns Russia’s move to seal defence pact with North Korea', 'publisher': 'aljazeera', 'sentiment': -0.4404, 'color': '(255, 0, 0)', 'timestamp': '2024-11-10'}
[2024-11-10T14:23:03.716+0000] {logging_mixin.py:188} INFO - {'news_string': 'Seoul ‘strongly urges’ immediate withdrawal of North Korean troops from Russia.', 'publisher': 'aljazeera', 'sentiment': 0.0258, 'color': '(222, 255, 0)', 'timestamp': '2024-11-10'}
[2024-11-10T14:23:03.954+0000] {logging_mixin.py:188} INFO - {'news_string': 'South Korea condemns Russia’s move to seal defence pact with North Korea', 'publisher': 'aljazeera', 'sentiment': -0.4404, 'color': '(255, 0, 0)', 'timestamp': '2024-11-10'}
[2024-11-10T14:23:04.219+0000] {logging_mixin.py:188} INFO - {'news_string': 'Seoul ‘strongly urges’ immediate withdrawal of North Korean troops from Russia.', 'publisher': 'aljazeera', 'sentiment': 0.0258, 'color': '(222, 255, 0)', 'timestamp': '2024-11-10'}
[2024-11-10T14:23:04.485+0000] {logging_mixin.py:188} INFO - {'news_string': 'Israeli raid kills 38 in Khan Younis after ‘major massacre’ in north Gaza', 'publisher': 'aljazeera', 'sentiment': -0.5423, 'color': '(255, 0, 0)', 'timestamp': '2024-11-10'}
[2024-11-10T14:23:04.726+0000] {logging_mixin.py:188} INFO - {'news_string': 'US election: 11 days left – What polls say, what Harris and Trump are up to', 'publisher': 'aljazeera', 'sentiment': 0.0, 'color': '(255, 239, 0)', 'timestamp': '2024-11-10'}
[2024-11-10T14:23:05.014+0000] {logging_mixin.py:188} INFO - {'news_string': 'Israel’s ‘war’ against the UN', 'publisher': 'aljazeera', 'sentiment': 0.0, 'color': '(255, 239, 0)', 'timestamp': '2024-11-10'}
[2024-11-10T14:23:05.264+0000] {logging_mixin.py:188} INFO - {'news_string': 'Can China’s Xi and India’s Modi reset rocky ties after border detente?', 'publisher': 'aljazeera', 'sentiment': 0.0, 'color': '(255, 239, 0)', 'timestamp': '2024-11-10'}
[2024-11-10T14:23:05.520+0000] {logging_mixin.py:188} INFO - {'news_string': 'PKK claims attack on Turkish defence company near Ankara that killed five', 'publisher': 'aljazeera', 'sentiment': -0.802, 'color': '(255, 0, 0)', 'timestamp': '2024-11-10'}
[2024-11-10T14:23:05.772+0000] {logging_mixin.py:188} INFO - {'news_string': 'North Korean troops in Ukraine ‘fair game’, US warns Russia as war rages on', 'publisher': 'aljazeera', 'sentiment': -0.8126, 'color': '(255, 0, 0)', 'timestamp': '2024-11-10'}
[2024-11-10T14:23:06.028+0000] {logging_mixin.py:188} INFO - {'news_string': 'Want to know who will win the US election? Take a look at the stock market', 'publisher': 'aljazeera', 'sentiment': 0.6249, 'color': '(0, 255, 0)', 'timestamp': '2024-11-10'}
[2024-11-10T14:23:06.277+0000] {logging_mixin.py:188} INFO - {'news_string': 'Russia-Ukraine war: List of key events, day 973', 'publisher': 'aljazeera', 'sentiment': -0.5994, 'color': '(255, 0, 0)', 'timestamp': '2024-11-10'}
[2024-11-10T14:23:06.513+0000] {logging_mixin.py:188} INFO - {'news_string': 'Photos: Exact moment Israeli missile strikes building in Beirut', 'publisher': 'aljazeera', 'sentiment': -0.3612, 'color': '(255, 0, 0)', 'timestamp': '2024-11-10'}
[2024-11-10T14:23:06.762+0000] {logging_mixin.py:188} INFO - {'news_string': 'At BRICS summit, Putin welcomes Trump’s comments on ending Ukraine war', 'publisher': 'aljazeera', 'sentiment': -0.296, 'color': '(255, 94, 0)', 'timestamp': '2024-11-10'}
[2024-11-10T14:23:07.007+0000] {python.py:237} INFO - Done. Returned value was: None
[2024-11-10T14:23:07.008+0000] {taskinstance.py:441} INFO - ::group::Post task execution logs
[2024-11-10T14:23:07.020+0000] {taskinstance.py:1206} INFO - Marking task as SUCCESS. dag_id=molecule_load_dag, task_id=load_op, run_id=manual__2024-11-10T14:21:20.062527+00:00, execution_date=20241110T142120, start_date=20241110T142128, end_date=20241110T142307
[2024-11-10T14:23:07.044+0000] {local_task_job_runner.py:243} INFO - Task exited with return code 0
[2024-11-10T14:23:07.058+0000] {taskinstance.py:3503} INFO - 0 downstream tasks scheduled from follow-on schedule check
[2024-11-10T14:23:07.059+0000] {local_task_job_runner.py:222} INFO - ::endgroup::
