[2024-12-03T10:10:02.901+0000] {local_task_job_runner.py:120} INFO - ::group::Pre task execution logs
[2024-12-03T10:10:02.911+0000] {taskinstance.py:2076} INFO - Dependencies all met for dep_context=non-requeueable deps ti=<TaskInstance: news_dag.load_op manual__2024-12-03T10:09:43.308248+00:00 [queued]>
[2024-12-03T10:10:02.916+0000] {taskinstance.py:2076} INFO - Dependencies all met for dep_context=requeueable deps ti=<TaskInstance: news_dag.load_op manual__2024-12-03T10:09:43.308248+00:00 [queued]>
[2024-12-03T10:10:02.916+0000] {taskinstance.py:2306} INFO - Starting attempt 1 of 1
[2024-12-03T10:10:02.924+0000] {taskinstance.py:2330} INFO - Executing <Task(PythonOperator): load_op> on 2024-12-03 10:09:43.308248+00:00
[2024-12-03T10:10:02.931+0000] {standard_task_runner.py:90} INFO - Running: ['***', 'tasks', 'run', 'news_dag', 'load_op', 'manual__2024-12-03T10:09:43.308248+00:00', '--job-id', '7', '--raw', '--subdir', 'DAGS_FOLDER/etl_dag.py', '--cfg-path', '/tmp/tmp77x6t5rk']
[2024-12-03T10:10:02.933+0000] {standard_task_runner.py:91} INFO - Job 7: Subtask load_op
[2024-12-03T10:10:02.932+0000] {logging_mixin.py:188} WARNING - /home/***/.local/lib/python3.12/site-packages/***/task/task_runner/standard_task_runner.py:62 DeprecationWarning: This process (pid=1786) is multi-threaded, use of fork() may lead to deadlocks in the child.
[2024-12-03T10:10:02.934+0000] {standard_task_runner.py:64} INFO - Started process 1801 to run task
[2024-12-03T10:10:02.960+0000] {task_command.py:426} INFO - Running <TaskInstance: news_dag.load_op manual__2024-12-03T10:09:43.308248+00:00 [running]> on host 6f562db0c9a5
[2024-12-03T10:10:03.011+0000] {taskinstance.py:2648} INFO - Exporting env vars: AIRFLOW_CTX_DAG_OWNER='***' AIRFLOW_CTX_DAG_ID='news_dag' AIRFLOW_CTX_TASK_ID='load_op' AIRFLOW_CTX_EXECUTION_DATE='2024-12-03T10:09:43.308248+00:00' AIRFLOW_CTX_TRY_NUMBER='1' AIRFLOW_CTX_DAG_RUN_ID='manual__2024-12-03T10:09:43.308248+00:00'
[2024-12-03T10:10:03.013+0000] {taskinstance.py:430} INFO - ::endgroup::
[2024-12-03T10:10:03.026+0000] {base.py:84} INFO - Using connection ID 'aws_connection' for task execution.
[2024-12-03T10:10:06.283+0000] {connection.py:274} WARNING - Connection schemes (type: google_cloud_platform) shall not contain '_' according to RFC3986.
[2024-12-03T10:10:06.286+0000] {base.py:84} INFO - Using connection ID 'gc_connection' for task execution.
[2024-12-03T10:10:41.240+0000] {connection.py:274} WARNING - Connection schemes (type: google_cloud_platform) shall not contain '_' according to RFC3986.
[2024-12-03T10:10:41.241+0000] {base.py:84} INFO - Using connection ID 'gc_connection' for task execution.
[2024-12-03T10:10:49.519+0000] {python.py:237} INFO - Done. Returned value was: None
[2024-12-03T10:10:49.521+0000] {taskinstance.py:441} INFO - ::group::Post task execution logs
[2024-12-03T10:10:49.530+0000] {taskinstance.py:1206} INFO - Marking task as SUCCESS. dag_id=news_dag, task_id=load_op, run_id=manual__2024-12-03T10:09:43.308248+00:00, execution_date=20241203T100943, start_date=20241203T101002, end_date=20241203T101049
[2024-12-03T10:10:49.553+0000] {local_task_job_runner.py:243} INFO - Task exited with return code 0
[2024-12-03T10:10:49.566+0000] {taskinstance.py:3503} INFO - 0 downstream tasks scheduled from follow-on schedule check
[2024-12-03T10:10:49.567+0000] {local_task_job_runner.py:222} INFO - ::endgroup::
