[2024-12-02T19:03:21.860+0000] {local_task_job_runner.py:120} INFO - ::group::Pre task execution logs
[2024-12-02T19:03:21.873+0000] {taskinstance.py:2076} INFO - Dependencies all met for dep_context=non-requeueable deps ti=<TaskInstance: news_dag.transform_and_load_op manual__2024-12-02T19:03:08.084961+00:00 [queued]>
[2024-12-02T19:03:21.880+0000] {taskinstance.py:2076} INFO - Dependencies all met for dep_context=requeueable deps ti=<TaskInstance: news_dag.transform_and_load_op manual__2024-12-02T19:03:08.084961+00:00 [queued]>
[2024-12-02T19:03:21.881+0000] {taskinstance.py:2306} INFO - Starting attempt 1 of 1
[2024-12-02T19:03:21.892+0000] {taskinstance.py:2330} INFO - Executing <Task(PythonOperator): transform_and_load_op> on 2024-12-02 19:03:08.084961+00:00
[2024-12-02T19:03:21.906+0000] {logging_mixin.py:188} WARNING - /home/***/.local/lib/python3.12/site-packages/***/task/task_runner/standard_task_runner.py:62 DeprecationWarning: This process (pid=1262) is multi-threaded, use of fork() may lead to deadlocks in the child.
[2024-12-02T19:03:21.904+0000] {standard_task_runner.py:90} INFO - Running: ['***', 'tasks', 'run', 'news_dag', 'transform_and_load_op', 'manual__2024-12-02T19:03:08.084961+00:00', '--job-id', '12', '--raw', '--subdir', 'DAGS_FOLDER/etl_dag.py', '--cfg-path', '/tmp/tmp8f39r4h7']
[2024-12-02T19:03:21.907+0000] {standard_task_runner.py:91} INFO - Job 12: Subtask transform_and_load_op
[2024-12-02T19:03:21.907+0000] {standard_task_runner.py:64} INFO - Started process 1271 to run task
[2024-12-02T19:03:21.939+0000] {task_command.py:426} INFO - Running <TaskInstance: news_dag.transform_and_load_op manual__2024-12-02T19:03:08.084961+00:00 [running]> on host 3d14745ceaae
[2024-12-02T19:03:21.988+0000] {taskinstance.py:2648} INFO - Exporting env vars: AIRFLOW_CTX_DAG_OWNER='***' AIRFLOW_CTX_DAG_ID='news_dag' AIRFLOW_CTX_TASK_ID='transform_and_load_op' AIRFLOW_CTX_EXECUTION_DATE='2024-12-02T19:03:08.084961+00:00' AIRFLOW_CTX_TRY_NUMBER='1' AIRFLOW_CTX_DAG_RUN_ID='manual__2024-12-02T19:03:08.084961+00:00'
[2024-12-02T19:03:21.989+0000] {taskinstance.py:430} INFO - ::endgroup::
[2024-12-02T19:03:22.004+0000] {base.py:84} INFO - Using connection ID 'aws_connection' for task execution.
[2024-12-02T19:03:23.000+0000] {logging_mixin.py:188} WARNING - /opt/***/utils_shared/utils/transform_and_load.py:62 FutureWarning: The behavior of DataFrame concatenation with empty or all-NA entries is deprecated. In a future version, this will no longer exclude empty or all-NA columns when determining the result dtypes. To retain the old behavior, exclude the relevant entries before the concat operation.
[2024-12-02T19:03:24.546+0000] {logging_mixin.py:188} INFO - heyyyy
[2024-12-02T19:03:24.553+0000] {logging_mixin.py:188} INFO -                                          news_string  ...   timestamp
0  French government faces no-confidence vote on ...  ...  2024-12-02
1  Netanyahu threatens to respond ‘strongly’ afte...  ...  2024-12-02
2  Joe Biden criticized by some supporters for pa...  ...  2024-12-02
3  Images of new electric Jaguar car leak out bef...  ...  2024-12-02
4  German chancellor Olaf Scholz pledges €650m in...  ...  2024-12-02

[5 rows x 6 columns]
[2024-12-02T19:03:24.634+0000] {logging_mixin.py:188} INFO - [('biden', 21), ('trump', 15), ('syria', 14), ('son', 11), ('hunter', 10), ('ukraine', 10), ('people', 10), ('aleppo', 10), ('new', 9), ('opposition', 9), ('russia', 9), ('vote', 8), ('best', 8), ('joe', 7), ('world', 7), ('control', 7), ('war', 7), ('ceasefire', 7), ('government', 6), ('hezbollah', 6)]
[2024-12-02T19:03:25.261+0000] {logging_mixin.py:188} INFO - Uploaded freq data
[2024-12-02T19:03:25.316+0000] {python.py:237} INFO - Done. Returned value was: None
[2024-12-02T19:03:25.318+0000] {taskinstance.py:441} INFO - ::group::Post task execution logs
[2024-12-02T19:03:25.329+0000] {taskinstance.py:1206} INFO - Marking task as SUCCESS. dag_id=news_dag, task_id=transform_and_load_op, run_id=manual__2024-12-02T19:03:08.084961+00:00, execution_date=20241202T190308, start_date=20241202T190321, end_date=20241202T190325
[2024-12-02T19:03:25.406+0000] {local_task_job_runner.py:243} INFO - Task exited with return code 0
[2024-12-02T19:03:25.429+0000] {taskinstance.py:3503} INFO - 1 downstream tasks scheduled from follow-on schedule check
[2024-12-02T19:03:25.431+0000] {local_task_job_runner.py:222} INFO - ::endgroup::
