[2024-11-12T19:03:17.802+0000] {local_task_job_runner.py:120} INFO - ::group::Pre task execution logs
[2024-11-12T19:03:17.813+0000] {taskinstance.py:2076} INFO - Dependencies all met for dep_context=non-requeueable deps ti=<TaskInstance: news_dag.extract_and_load_op manual__2024-11-12T19:03:17.059358+00:00 [queued]>
[2024-11-12T19:03:17.819+0000] {taskinstance.py:2076} INFO - Dependencies all met for dep_context=requeueable deps ti=<TaskInstance: news_dag.extract_and_load_op manual__2024-11-12T19:03:17.059358+00:00 [queued]>
[2024-11-12T19:03:17.819+0000] {taskinstance.py:2306} INFO - Starting attempt 1 of 1
[2024-11-12T19:03:17.827+0000] {taskinstance.py:2330} INFO - Executing <Task(PythonOperator): extract_and_load_op> on 2024-11-12 19:03:17.059358+00:00
[2024-11-12T19:03:17.835+0000] {standard_task_runner.py:90} INFO - Running: ['***', 'tasks', 'run', 'news_dag', 'extract_and_load_op', 'manual__2024-11-12T19:03:17.059358+00:00', '--job-id', '84', '--raw', '--subdir', 'DAGS_FOLDER/etl_dag.py', '--cfg-path', '/tmp/tmprsgqtg_h']
[2024-11-12T19:03:17.838+0000] {standard_task_runner.py:91} INFO - Job 84: Subtask extract_and_load_op
[2024-11-12T19:03:17.837+0000] {logging_mixin.py:188} WARNING - /home/***/.local/lib/python3.12/site-packages/***/task/task_runner/standard_task_runner.py:62 DeprecationWarning: This process (pid=1964) is multi-threaded, use of fork() may lead to deadlocks in the child.
[2024-11-12T19:03:17.840+0000] {standard_task_runner.py:64} INFO - Started process 1968 to run task
[2024-11-12T19:03:17.873+0000] {task_command.py:426} INFO - Running <TaskInstance: news_dag.extract_and_load_op manual__2024-11-12T19:03:17.059358+00:00 [running]> on host 101ef97bab0b
[2024-11-12T19:03:17.931+0000] {taskinstance.py:2648} INFO - Exporting env vars: AIRFLOW_CTX_DAG_OWNER='***' AIRFLOW_CTX_DAG_ID='news_dag' AIRFLOW_CTX_TASK_ID='extract_and_load_op' AIRFLOW_CTX_EXECUTION_DATE='2024-11-12T19:03:17.059358+00:00' AIRFLOW_CTX_TRY_NUMBER='1' AIRFLOW_CTX_DAG_RUN_ID='manual__2024-11-12T19:03:17.059358+00:00'
[2024-11-12T19:03:17.932+0000] {taskinstance.py:430} INFO - ::endgroup::
[2024-11-12T19:03:17.958+0000] {base.py:84} INFO - Using connection ID 'aws_connection' for task execution.
[2024-11-12T19:03:17.959+0000] {logging_mixin.py:188} INFO - us-east-2
AKIAS2VS4PHYE3LHQNFT
***
[2024-11-12T19:03:20.862+0000] {python.py:237} INFO - Done. Returned value was: None
[2024-11-12T19:03:20.863+0000] {taskinstance.py:441} INFO - ::group::Post task execution logs
[2024-11-12T19:03:20.869+0000] {taskinstance.py:1206} INFO - Marking task as SUCCESS. dag_id=news_dag, task_id=extract_and_load_op, run_id=manual__2024-11-12T19:03:17.059358+00:00, execution_date=20241112T190317, start_date=20241112T190317, end_date=20241112T190320
[2024-11-12T19:03:20.918+0000] {local_task_job_runner.py:243} INFO - Task exited with return code 0
[2024-11-12T19:03:20.937+0000] {taskinstance.py:3503} INFO - 1 downstream tasks scheduled from follow-on schedule check
[2024-11-12T19:03:20.938+0000] {local_task_job_runner.py:222} INFO - ::endgroup::
