[2024-12-03T15:51:23.170+0000] {local_task_job_runner.py:120} INFO - ::group::Pre task execution logs
[2024-12-03T15:51:23.180+0000] {taskinstance.py:2076} INFO - Dependencies all met for dep_context=non-requeueable deps ti=<TaskInstance: news_dag.load_op manual__2024-12-03T15:50:53.973034+00:00 [queued]>
[2024-12-03T15:51:23.186+0000] {taskinstance.py:2076} INFO - Dependencies all met for dep_context=requeueable deps ti=<TaskInstance: news_dag.load_op manual__2024-12-03T15:50:53.973034+00:00 [queued]>
[2024-12-03T15:51:23.186+0000] {taskinstance.py:2306} INFO - Starting attempt 1 of 1
[2024-12-03T15:51:23.194+0000] {taskinstance.py:2330} INFO - Executing <Task(PythonOperator): load_op> on 2024-12-03 15:50:53.973034+00:00
[2024-12-03T15:51:23.202+0000] {logging_mixin.py:188} WARNING - /home/***/.local/lib/python3.12/site-packages/***/task/task_runner/standard_task_runner.py:62 DeprecationWarning: This process (pid=5062) is multi-threaded, use of fork() may lead to deadlocks in the child.
[2024-12-03T15:51:23.201+0000] {standard_task_runner.py:90} INFO - Running: ['***', 'tasks', 'run', 'news_dag', 'load_op', 'manual__2024-12-03T15:50:53.973034+00:00', '--job-id', '37', '--raw', '--subdir', 'DAGS_FOLDER/etl_dag.py', '--cfg-path', '/tmp/tmp5h9spuk3']
[2024-12-03T15:51:23.203+0000] {standard_task_runner.py:91} INFO - Job 37: Subtask load_op
[2024-12-03T15:51:23.203+0000] {standard_task_runner.py:64} INFO - Started process 5071 to run task
[2024-12-03T15:51:23.233+0000] {task_command.py:426} INFO - Running <TaskInstance: news_dag.load_op manual__2024-12-03T15:50:53.973034+00:00 [running]> on host 6f562db0c9a5
[2024-12-03T15:51:23.287+0000] {taskinstance.py:2648} INFO - Exporting env vars: AIRFLOW_CTX_DAG_OWNER='***' AIRFLOW_CTX_DAG_ID='news_dag' AIRFLOW_CTX_TASK_ID='load_op' AIRFLOW_CTX_EXECUTION_DATE='2024-12-03T15:50:53.973034+00:00' AIRFLOW_CTX_TRY_NUMBER='1' AIRFLOW_CTX_DAG_RUN_ID='manual__2024-12-03T15:50:53.973034+00:00'
[2024-12-03T15:51:23.289+0000] {taskinstance.py:430} INFO - ::endgroup::
[2024-12-03T15:51:23.331+0000] {base.py:84} INFO - Using connection ID 'aws_connection' for task execution.
[2024-12-03T15:51:27.762+0000] {connection.py:274} WARNING - Connection schemes (type: google_cloud_platform) shall not contain '_' according to RFC3986.
[2024-12-03T15:51:27.764+0000] {base.py:84} INFO - Using connection ID 'gc_connection' for task execution.
[2024-12-03T15:52:48.171+0000] {connection.py:274} WARNING - Connection schemes (type: google_cloud_platform) shall not contain '_' according to RFC3986.
[2024-12-03T15:52:48.173+0000] {base.py:84} INFO - Using connection ID 'gc_connection' for task execution.
[2024-12-03T15:52:54.281+0000] {python.py:237} INFO - Done. Returned value was: None
[2024-12-03T15:52:54.284+0000] {taskinstance.py:441} INFO - ::group::Post task execution logs
[2024-12-03T15:52:54.296+0000] {taskinstance.py:1206} INFO - Marking task as SUCCESS. dag_id=news_dag, task_id=load_op, run_id=manual__2024-12-03T15:50:53.973034+00:00, execution_date=20241203T155053, start_date=20241203T155123, end_date=20241203T155254
[2024-12-03T15:52:54.325+0000] {local_task_job_runner.py:243} INFO - Task exited with return code 0
[2024-12-03T15:52:54.339+0000] {taskinstance.py:3503} INFO - 0 downstream tasks scheduled from follow-on schedule check
[2024-12-03T15:52:54.340+0000] {local_task_job_runner.py:222} INFO - ::endgroup::
