[2024-12-03T09:31:12.365+0000] {local_task_job_runner.py:120} INFO - ::group::Pre task execution logs
[2024-12-03T09:31:12.375+0000] {taskinstance.py:2076} INFO - Dependencies all met for dep_context=non-requeueable deps ti=<TaskInstance: news_dag.transform_and_load_op manual__2024-12-03T09:30:49.079882+00:00 [queued]>
[2024-12-03T09:31:12.381+0000] {taskinstance.py:2076} INFO - Dependencies all met for dep_context=requeueable deps ti=<TaskInstance: news_dag.transform_and_load_op manual__2024-12-03T09:30:49.079882+00:00 [queued]>
[2024-12-03T09:31:12.381+0000] {taskinstance.py:2306} INFO - Starting attempt 1 of 1
[2024-12-03T09:31:12.389+0000] {taskinstance.py:2330} INFO - Executing <Task(PythonOperator): transform_and_load_op> on 2024-12-03 09:30:49.079882+00:00
[2024-12-03T09:31:12.396+0000] {standard_task_runner.py:90} INFO - Running: ['***', 'tasks', 'run', 'news_dag', 'transform_and_load_op', 'manual__2024-12-03T09:30:49.079882+00:00', '--job-id', '3', '--raw', '--subdir', 'DAGS_FOLDER/etl_dag.py', '--cfg-path', '/tmp/tmpggr7f0mm']
[2024-12-03T09:31:12.398+0000] {standard_task_runner.py:91} INFO - Job 3: Subtask transform_and_load_op
[2024-12-03T09:31:12.398+0000] {logging_mixin.py:188} WARNING - /home/***/.local/lib/python3.12/site-packages/***/task/task_runner/standard_task_runner.py:62 DeprecationWarning: This process (pid=643) is multi-threaded, use of fork() may lead to deadlocks in the child.
[2024-12-03T09:31:12.400+0000] {standard_task_runner.py:64} INFO - Started process 652 to run task
[2024-12-03T09:31:12.427+0000] {task_command.py:426} INFO - Running <TaskInstance: news_dag.transform_and_load_op manual__2024-12-03T09:30:49.079882+00:00 [running]> on host 6f562db0c9a5
[2024-12-03T09:31:12.476+0000] {taskinstance.py:2648} INFO - Exporting env vars: AIRFLOW_CTX_DAG_OWNER='***' AIRFLOW_CTX_DAG_ID='news_dag' AIRFLOW_CTX_TASK_ID='transform_and_load_op' AIRFLOW_CTX_EXECUTION_DATE='2024-12-03T09:30:49.079882+00:00' AIRFLOW_CTX_TRY_NUMBER='1' AIRFLOW_CTX_DAG_RUN_ID='manual__2024-12-03T09:30:49.079882+00:00'
[2024-12-03T09:31:12.477+0000] {taskinstance.py:430} INFO - ::endgroup::
[2024-12-03T09:31:12.492+0000] {base.py:84} INFO - Using connection ID 'aws_connection' for task execution.
[2024-12-03T09:31:14.826+0000] {logging_mixin.py:188} WARNING - /opt/***/utils_shared/utils/transform_and_load.py:62 FutureWarning: The behavior of DataFrame concatenation with empty or all-NA entries is deprecated. In a future version, this will no longer exclude empty or all-NA columns when determining the result dtypes. To retain the old behavior, exclude the relevant entries before the concat operation.
[2024-12-03T09:31:15.631+0000] {logging_mixin.py:188} INFO - heyyyy
[2024-12-03T09:31:15.640+0000] {logging_mixin.py:188} INFO -                                          news_string  ...   timestamp
0  Food availability across Gaza ‘at an all-time ...  ...  2024-12-03
1  Food availability across Gaza ‘at an all-time ...  ...  2024-12-03
2  Who are Hayat Tahrir al-Sham and the Syrian gr...  ...  2024-12-03
3  Who are Hayat Tahrir al-Sham and the Syrian gr...  ...  2024-12-03
4  Israel kills 11 people in Lebanon; Hezbollah a...  ...  2024-12-03

[5 rows x 6 columns]
[2024-12-03T09:31:22.248+0000] {logging_mixin.py:188} INFO - [('war', 8), ('gaza', 5), ('says', 5), ('ukraine', 5), ('russia', 5), ('nato', 5), ('food', 3), ('availability', 3), ('across', 3), ('low', 3), ('un', 3), ('hayat', 3), ('tahrir', 3), ('syrian', 3), ('groups', 3), ('took', 3), ('aleppo', 3), ('us', 3), ('biden', 3), ('syria', 3)]
[2024-12-03T09:31:22.823+0000] {logging_mixin.py:188} INFO - Uploaded freq data
[2024-12-03T09:31:22.897+0000] {python.py:237} INFO - Done. Returned value was: None
[2024-12-03T09:31:22.898+0000] {taskinstance.py:441} INFO - ::group::Post task execution logs
[2024-12-03T09:31:22.904+0000] {taskinstance.py:1206} INFO - Marking task as SUCCESS. dag_id=news_dag, task_id=transform_and_load_op, run_id=manual__2024-12-03T09:30:49.079882+00:00, execution_date=20241203T093049, start_date=20241203T093112, end_date=20241203T093122
[2024-12-03T09:31:22.936+0000] {local_task_job_runner.py:243} INFO - Task exited with return code 0
[2024-12-03T09:31:22.952+0000] {taskinstance.py:3503} INFO - 1 downstream tasks scheduled from follow-on schedule check
[2024-12-03T09:31:22.953+0000] {local_task_job_runner.py:222} INFO - ::endgroup::
