[2024-11-10T14:47:08.567+0000] {local_task_job_runner.py:120} INFO - ::group::Pre task execution logs
[2024-11-10T14:47:08.581+0000] {taskinstance.py:2076} INFO - Dependencies all met for dep_context=non-requeueable deps ti=<TaskInstance: molecule_load_dag.transform_and_load_op manual__2024-11-10T14:47:05.496198+00:00 [queued]>
[2024-11-10T14:47:08.586+0000] {taskinstance.py:2076} INFO - Dependencies all met for dep_context=requeueable deps ti=<TaskInstance: molecule_load_dag.transform_and_load_op manual__2024-11-10T14:47:05.496198+00:00 [queued]>
[2024-11-10T14:47:08.587+0000] {taskinstance.py:2306} INFO - Starting attempt 1 of 1
[2024-11-10T14:47:08.597+0000] {taskinstance.py:2330} INFO - Executing <Task(PythonOperator): transform_and_load_op> on 2024-11-10 14:47:05.496198+00:00
[2024-11-10T14:47:08.604+0000] {standard_task_runner.py:90} INFO - Running: ['***', 'tasks', 'run', 'molecule_load_dag', 'transform_and_load_op', 'manual__2024-11-10T14:47:05.496198+00:00', '--job-id', '70', '--raw', '--subdir', 'DAGS_FOLDER/etl_dag.py', '--cfg-path', '/tmp/tmpu_2wppm9']
[2024-11-10T14:47:08.606+0000] {logging_mixin.py:188} WARNING - /home/***/.local/lib/python3.12/site-packages/***/task/task_runner/standard_task_runner.py:62 DeprecationWarning: This process (pid=526) is multi-threaded, use of fork() may lead to deadlocks in the child.
[2024-11-10T14:47:08.606+0000] {standard_task_runner.py:91} INFO - Job 70: Subtask transform_and_load_op
[2024-11-10T14:47:08.607+0000] {standard_task_runner.py:64} INFO - Started process 527 to run task
[2024-11-10T14:47:08.638+0000] {task_command.py:426} INFO - Running <TaskInstance: molecule_load_dag.transform_and_load_op manual__2024-11-10T14:47:05.496198+00:00 [running]> on host de3c10e6563d
[2024-11-10T14:47:08.690+0000] {taskinstance.py:2648} INFO - Exporting env vars: AIRFLOW_CTX_DAG_OWNER='***' AIRFLOW_CTX_DAG_ID='molecule_load_dag' AIRFLOW_CTX_TASK_ID='transform_and_load_op' AIRFLOW_CTX_EXECUTION_DATE='2024-11-10T14:47:05.496198+00:00' AIRFLOW_CTX_TRY_NUMBER='1' AIRFLOW_CTX_DAG_RUN_ID='manual__2024-11-10T14:47:05.496198+00:00'
[2024-11-10T14:47:08.691+0000] {taskinstance.py:430} INFO - ::endgroup::
[2024-11-10T14:47:08.707+0000] {base.py:84} INFO - Using connection ID 'aws_connection' for task execution.
[2024-11-10T14:47:08.708+0000] {logging_mixin.py:188} INFO - us-east-2
AKIAS2VS4PHYE3LHQNFT
***
[2024-11-10T14:47:08.821+0000] {taskinstance.py:441} INFO - ::group::Post task execution logs
[2024-11-10T14:47:08.821+0000] {taskinstance.py:2905} ERROR - Task failed with exception
Traceback (most recent call last):
  File "/home/airflow/.local/lib/python3.12/site-packages/airflow/models/taskinstance.py", line 465, in _execute_task
    result = _execute_callable(context=context, **execute_callable_kwargs)
             ^^^^^^^^^^^^^^^^^^^^^^^^^^^^^^^^^^^^^^^^^^^^^^^^^^^^^^^^^^^^^
  File "/home/airflow/.local/lib/python3.12/site-packages/airflow/models/taskinstance.py", line 432, in _execute_callable
    return execute_callable(context=context, **execute_callable_kwargs)
           ^^^^^^^^^^^^^^^^^^^^^^^^^^^^^^^^^^^^^^^^^^^^^^^^^^^^^^^^^^^^
  File "/home/airflow/.local/lib/python3.12/site-packages/airflow/models/baseoperator.py", line 401, in wrapper
    return func(self, *args, **kwargs)
           ^^^^^^^^^^^^^^^^^^^^^^^^^^^
  File "/home/airflow/.local/lib/python3.12/site-packages/airflow/operators/python.py", line 235, in execute
    return_value = self.execute_callable()
                   ^^^^^^^^^^^^^^^^^^^^^^^
  File "/home/airflow/.local/lib/python3.12/site-packages/airflow/operators/python.py", line 252, in execute_callable
    return self.python_callable(*self.op_args, **self.op_kwargs)
           ^^^^^^^^^^^^^^^^^^^^^^^^^^^^^^^^^^^^^^^^^^^^^^^^^^^^^
  File "/opt/airflow/plugins/utils/transform_and_load.py", line 33, in transform
    print(bucket+key+current_date)
          ~~~~~~~~~~^~~~~~~~~~~~~
TypeError: can only concatenate str (not "datetime.date") to str
[2024-11-10T14:47:08.830+0000] {taskinstance.py:1206} INFO - Marking task as FAILED. dag_id=molecule_load_dag, task_id=transform_and_load_op, run_id=manual__2024-11-10T14:47:05.496198+00:00, execution_date=20241110T144705, start_date=20241110T144708, end_date=20241110T144708
[2024-11-10T14:47:09.020+0000] {standard_task_runner.py:110} ERROR - Failed to execute job 70 for task transform_and_load_op (can only concatenate str (not "datetime.date") to str; 527)
[2024-11-10T14:47:09.045+0000] {local_task_job_runner.py:243} INFO - Task exited with return code 1
[2024-11-10T14:47:09.060+0000] {taskinstance.py:3503} INFO - 0 downstream tasks scheduled from follow-on schedule check
[2024-11-10T14:47:09.062+0000] {local_task_job_runner.py:222} INFO - ::endgroup::
