[2024-11-11T14:42:57.581+0000] {local_task_job_runner.py:120} INFO - ::group::Pre task execution logs
[2024-11-11T14:42:57.592+0000] {taskinstance.py:2076} INFO - Dependencies all met for dep_context=non-requeueable deps ti=<TaskInstance: molecule_load_dag.extract_and_load_op manual__2024-11-11T14:42:57.087827+00:00 [queued]>
[2024-11-11T14:42:57.596+0000] {taskinstance.py:2076} INFO - Dependencies all met for dep_context=requeueable deps ti=<TaskInstance: molecule_load_dag.extract_and_load_op manual__2024-11-11T14:42:57.087827+00:00 [queued]>
[2024-11-11T14:42:57.597+0000] {taskinstance.py:2306} INFO - Starting attempt 1 of 1
[2024-11-11T14:42:57.604+0000] {taskinstance.py:2330} INFO - Executing <Task(PythonOperator): extract_and_load_op> on 2024-11-11 14:42:57.087827+00:00
[2024-11-11T14:42:57.610+0000] {standard_task_runner.py:90} INFO - Running: ['***', 'tasks', 'run', 'molecule_load_dag', 'extract_and_load_op', 'manual__2024-11-11T14:42:57.087827+00:00', '--job-id', '91', '--raw', '--subdir', 'DAGS_FOLDER/etl_dag.py', '--cfg-path', '/tmp/tmp5csdo913']
[2024-11-11T14:42:57.612+0000] {logging_mixin.py:188} WARNING - /home/***/.local/lib/python3.12/site-packages/***/task/task_runner/standard_task_runner.py:62 DeprecationWarning: This process (pid=915) is multi-threaded, use of fork() may lead to deadlocks in the child.
[2024-11-11T14:42:57.613+0000] {standard_task_runner.py:91} INFO - Job 91: Subtask extract_and_load_op
[2024-11-11T14:42:57.613+0000] {standard_task_runner.py:64} INFO - Started process 916 to run task
[2024-11-11T14:42:57.641+0000] {task_command.py:426} INFO - Running <TaskInstance: molecule_load_dag.extract_and_load_op manual__2024-11-11T14:42:57.087827+00:00 [running]> on host 33ac3a22d0b5
[2024-11-11T14:42:57.695+0000] {taskinstance.py:2648} INFO - Exporting env vars: AIRFLOW_CTX_DAG_OWNER='***' AIRFLOW_CTX_DAG_ID='molecule_load_dag' AIRFLOW_CTX_TASK_ID='extract_and_load_op' AIRFLOW_CTX_EXECUTION_DATE='2024-11-11T14:42:57.087827+00:00' AIRFLOW_CTX_TRY_NUMBER='1' AIRFLOW_CTX_DAG_RUN_ID='manual__2024-11-11T14:42:57.087827+00:00'
[2024-11-11T14:42:57.696+0000] {taskinstance.py:430} INFO - ::endgroup::
[2024-11-11T14:42:57.713+0000] {base.py:84} INFO - Using connection ID 'aws_connection' for task execution.
[2024-11-11T14:42:57.713+0000] {logging_mixin.py:188} INFO - us-east-2
AKIAS2VS4PHYE3LHQNFT
***
[2024-11-11T14:43:01.191+0000] {logging_mixin.py:188} INFO - raw/raw_news_2024-11-11.csv
[2024-11-11T14:43:01.193+0000] {logging_mixin.py:188} INFO - File exists in S3.
[2024-11-11T14:43:01.197+0000] {python.py:237} INFO - Done. Returned value was: True
[2024-11-11T14:43:01.199+0000] {taskinstance.py:441} INFO - ::group::Post task execution logs
[2024-11-11T14:43:01.220+0000] {taskinstance.py:1206} INFO - Marking task as SUCCESS. dag_id=molecule_load_dag, task_id=extract_and_load_op, run_id=manual__2024-11-11T14:42:57.087827+00:00, execution_date=20241111T144257, start_date=20241111T144257, end_date=20241111T144301
[2024-11-11T14:43:01.277+0000] {local_task_job_runner.py:243} INFO - Task exited with return code 0
[2024-11-11T14:43:01.297+0000] {taskinstance.py:3503} INFO - 1 downstream tasks scheduled from follow-on schedule check
[2024-11-11T14:43:01.298+0000] {local_task_job_runner.py:222} INFO - ::endgroup::
