[2024-12-03T14:09:22.945+0000] {local_task_job_runner.py:120} INFO - ::group::Pre task execution logs
[2024-12-03T14:09:22.955+0000] {taskinstance.py:2076} INFO - Dependencies all met for dep_context=non-requeueable deps ti=<TaskInstance: news_dag.load_op manual__2024-12-03T14:09:03.129167+00:00 [queued]>
[2024-12-03T14:09:22.960+0000] {taskinstance.py:2076} INFO - Dependencies all met for dep_context=requeueable deps ti=<TaskInstance: news_dag.load_op manual__2024-12-03T14:09:03.129167+00:00 [queued]>
[2024-12-03T14:09:22.961+0000] {taskinstance.py:2306} INFO - Starting attempt 1 of 1
[2024-12-03T14:09:22.969+0000] {taskinstance.py:2330} INFO - Executing <Task(PythonOperator): load_op> on 2024-12-03 14:09:03.129167+00:00
[2024-12-03T14:09:22.976+0000] {standard_task_runner.py:90} INFO - Running: ['***', 'tasks', 'run', 'news_dag', 'load_op', 'manual__2024-12-03T14:09:03.129167+00:00', '--job-id', '23', '--raw', '--subdir', 'DAGS_FOLDER/etl_dag.py', '--cfg-path', '/tmp/tmpeujj5lgd']
[2024-12-03T14:09:22.978+0000] {standard_task_runner.py:91} INFO - Job 23: Subtask load_op
[2024-12-03T14:09:22.977+0000] {logging_mixin.py:188} WARNING - /home/***/.local/lib/python3.12/site-packages/***/task/task_runner/standard_task_runner.py:62 DeprecationWarning: This process (pid=1236) is multi-threaded, use of fork() may lead to deadlocks in the child.
[2024-12-03T14:09:22.979+0000] {standard_task_runner.py:64} INFO - Started process 1245 to run task
[2024-12-03T14:09:23.005+0000] {task_command.py:426} INFO - Running <TaskInstance: news_dag.load_op manual__2024-12-03T14:09:03.129167+00:00 [running]> on host 6f562db0c9a5
[2024-12-03T14:09:23.055+0000] {taskinstance.py:2648} INFO - Exporting env vars: AIRFLOW_CTX_DAG_OWNER='***' AIRFLOW_CTX_DAG_ID='news_dag' AIRFLOW_CTX_TASK_ID='load_op' AIRFLOW_CTX_EXECUTION_DATE='2024-12-03T14:09:03.129167+00:00' AIRFLOW_CTX_TRY_NUMBER='1' AIRFLOW_CTX_DAG_RUN_ID='manual__2024-12-03T14:09:03.129167+00:00'
[2024-12-03T14:09:23.057+0000] {taskinstance.py:430} INFO - ::endgroup::
[2024-12-03T14:09:23.071+0000] {base.py:84} INFO - Using connection ID 'aws_connection' for task execution.
[2024-12-03T14:09:24.927+0000] {connection.py:274} WARNING - Connection schemes (type: google_cloud_platform) shall not contain '_' according to RFC3986.
[2024-12-03T14:09:24.929+0000] {base.py:84} INFO - Using connection ID 'gc_connection' for task execution.
[2024-12-03T14:10:38.928+0000] {connection.py:274} WARNING - Connection schemes (type: google_cloud_platform) shall not contain '_' according to RFC3986.
[2024-12-03T14:10:38.930+0000] {base.py:84} INFO - Using connection ID 'gc_connection' for task execution.
[2024-12-03T14:10:45.761+0000] {python.py:237} INFO - Done. Returned value was: None
[2024-12-03T14:10:45.764+0000] {taskinstance.py:441} INFO - ::group::Post task execution logs
[2024-12-03T14:10:45.776+0000] {taskinstance.py:1206} INFO - Marking task as SUCCESS. dag_id=news_dag, task_id=load_op, run_id=manual__2024-12-03T14:09:03.129167+00:00, execution_date=20241203T140903, start_date=20241203T140922, end_date=20241203T141045
[2024-12-03T14:10:45.807+0000] {local_task_job_runner.py:243} INFO - Task exited with return code 0
[2024-12-03T14:10:45.822+0000] {taskinstance.py:3503} INFO - 0 downstream tasks scheduled from follow-on schedule check
[2024-12-03T14:10:45.823+0000] {local_task_job_runner.py:222} INFO - ::endgroup::
