[2024-12-04T17:32:23.378+0000] {local_task_job_runner.py:120} INFO - ::group::Pre task execution logs
[2024-12-04T17:32:23.390+0000] {taskinstance.py:2076} INFO - Dependencies all met for dep_context=non-requeueable deps ti=<TaskInstance: news_dag.transform_and_load_op manual__2024-12-04T17:32:03.242403+00:00 [queued]>
[2024-12-04T17:32:23.396+0000] {taskinstance.py:2076} INFO - Dependencies all met for dep_context=requeueable deps ti=<TaskInstance: news_dag.transform_and_load_op manual__2024-12-04T17:32:03.242403+00:00 [queued]>
[2024-12-04T17:32:23.396+0000] {taskinstance.py:2306} INFO - Starting attempt 1 of 1
[2024-12-04T17:32:23.405+0000] {taskinstance.py:2330} INFO - Executing <Task(PythonOperator): transform_and_load_op> on 2024-12-04 17:32:03.242403+00:00
[2024-12-04T17:32:23.412+0000] {standard_task_runner.py:90} INFO - Running: ['***', 'tasks', 'run', 'news_dag', 'transform_and_load_op', 'manual__2024-12-04T17:32:03.242403+00:00', '--job-id', '58', '--raw', '--subdir', 'DAGS_FOLDER/etl_dag.py', '--cfg-path', '/tmp/tmpf2mkoqh5']
[2024-12-04T17:32:23.414+0000] {standard_task_runner.py:91} INFO - Job 58: Subtask transform_and_load_op
[2024-12-04T17:32:23.413+0000] {logging_mixin.py:188} WARNING - /home/***/.local/lib/python3.12/site-packages/***/task/task_runner/standard_task_runner.py:62 DeprecationWarning: This process (pid=3064) is multi-threaded, use of fork() may lead to deadlocks in the child.
[2024-12-04T17:32:23.415+0000] {standard_task_runner.py:64} INFO - Started process 3073 to run task
[2024-12-04T17:32:23.441+0000] {task_command.py:426} INFO - Running <TaskInstance: news_dag.transform_and_load_op manual__2024-12-04T17:32:03.242403+00:00 [running]> on host 6f562db0c9a5
[2024-12-04T17:32:23.491+0000] {taskinstance.py:2648} INFO - Exporting env vars: AIRFLOW_CTX_DAG_OWNER='***' AIRFLOW_CTX_DAG_ID='news_dag' AIRFLOW_CTX_TASK_ID='transform_and_load_op' AIRFLOW_CTX_EXECUTION_DATE='2024-12-04T17:32:03.242403+00:00' AIRFLOW_CTX_TRY_NUMBER='1' AIRFLOW_CTX_DAG_RUN_ID='manual__2024-12-04T17:32:03.242403+00:00'
[2024-12-04T17:32:23.493+0000] {taskinstance.py:430} INFO - ::endgroup::
[2024-12-04T17:32:23.508+0000] {base.py:84} INFO - Using connection ID 'aws_connection' for task execution.
[2024-12-04T17:32:25.270+0000] {logging_mixin.py:188} WARNING - /opt/***/utils_shared/utils/transform_and_load.py:62 FutureWarning: The behavior of DataFrame concatenation with empty or all-NA entries is deprecated. In a future version, this will no longer exclude empty or all-NA columns when determining the result dtypes. To retain the old behavior, exclude the relevant entries before the concat operation.
[2024-12-04T17:32:26.164+0000] {logging_mixin.py:188} INFO - heyyyy
[2024-12-04T17:32:26.171+0000] {logging_mixin.py:188} INFO -                                          news_string  ...   timestamp
0  Are chicken sandwiches a) a tasty lunch? Or b)...  ...  2024-12-04
1  ‘A kitschy wonder’: inside Holy Land USA theme...  ...  2024-12-04
2  ‘We’ve seen this before’: residents of rebel-h...  ...  2024-12-04
3  Ding and Gukesh D play to rollercoaster draw i...  ...  2024-12-04
4  Gisèle Pelicot’s lawyer: ‘This level of deprav...  ...  2024-12-04

[5 rows x 6 columns]
[2024-12-04T17:32:26.245+0000] {logging_mixin.py:188} INFO - [('south', 19), ('trump', 18), ('president', 16), ('martial', 15), ('law', 15), ('korea', 11), ('us', 9), ('new', 9), ('world', 9), ('vote', 8), ('says', 7), ('ukraine', 7), ('could', 7), ('government', 6), ('yoon', 6), ('impeachment', 6), ('russia', 6), ('syria', 6), ('house', 6), ('india', 5)]
[2024-12-04T17:32:26.701+0000] {logging_mixin.py:188} INFO - Uploaded freq data
[2024-12-04T17:32:26.735+0000] {python.py:237} INFO - Done. Returned value was: None
[2024-12-04T17:32:26.736+0000] {taskinstance.py:441} INFO - ::group::Post task execution logs
[2024-12-04T17:32:26.743+0000] {taskinstance.py:1206} INFO - Marking task as SUCCESS. dag_id=news_dag, task_id=transform_and_load_op, run_id=manual__2024-12-04T17:32:03.242403+00:00, execution_date=20241204T173203, start_date=20241204T173223, end_date=20241204T173226
[2024-12-04T17:32:26.772+0000] {local_task_job_runner.py:243} INFO - Task exited with return code 0
[2024-12-04T17:32:26.788+0000] {taskinstance.py:3503} INFO - 1 downstream tasks scheduled from follow-on schedule check
[2024-12-04T17:32:26.789+0000] {local_task_job_runner.py:222} INFO - ::endgroup::
