[2024-11-11T17:18:02.192+0000] {local_task_job_runner.py:120} INFO - ::group::Pre task execution logs
[2024-11-11T17:18:02.203+0000] {taskinstance.py:2076} INFO - Dependencies all met for dep_context=non-requeueable deps ti=<TaskInstance: news_dag.extract_and_load_op manual__2024-11-11T17:18:01.365766+00:00 [queued]>
[2024-11-11T17:18:02.208+0000] {taskinstance.py:2076} INFO - Dependencies all met for dep_context=requeueable deps ti=<TaskInstance: news_dag.extract_and_load_op manual__2024-11-11T17:18:01.365766+00:00 [queued]>
[2024-11-11T17:18:02.209+0000] {taskinstance.py:2306} INFO - Starting attempt 1 of 1
[2024-11-11T17:18:02.217+0000] {taskinstance.py:2330} INFO - Executing <Task(PythonOperator): extract_and_load_op> on 2024-11-11 17:18:01.365766+00:00
[2024-11-11T17:18:02.226+0000] {standard_task_runner.py:90} INFO - Running: ['***', 'tasks', 'run', 'news_dag', 'extract_and_load_op', 'manual__2024-11-11T17:18:01.365766+00:00', '--job-id', '121', '--raw', '--subdir', 'DAGS_FOLDER/etl_dag.py', '--cfg-path', '/tmp/tmp55d_45lj']
[2024-11-11T17:18:02.229+0000] {logging_mixin.py:188} WARNING - /home/***/.local/lib/python3.12/site-packages/***/task/task_runner/standard_task_runner.py:62 DeprecationWarning: This process (pid=1002) is multi-threaded, use of fork() may lead to deadlocks in the child.
[2024-11-11T17:18:02.229+0000] {standard_task_runner.py:91} INFO - Job 121: Subtask extract_and_load_op
[2024-11-11T17:18:02.230+0000] {standard_task_runner.py:64} INFO - Started process 1003 to run task
[2024-11-11T17:18:02.263+0000] {task_command.py:426} INFO - Running <TaskInstance: news_dag.extract_and_load_op manual__2024-11-11T17:18:01.365766+00:00 [running]> on host f1def9266cea
[2024-11-11T17:18:02.323+0000] {taskinstance.py:2648} INFO - Exporting env vars: AIRFLOW_CTX_DAG_OWNER='***' AIRFLOW_CTX_DAG_ID='news_dag' AIRFLOW_CTX_TASK_ID='extract_and_load_op' AIRFLOW_CTX_EXECUTION_DATE='2024-11-11T17:18:01.365766+00:00' AIRFLOW_CTX_TRY_NUMBER='1' AIRFLOW_CTX_DAG_RUN_ID='manual__2024-11-11T17:18:01.365766+00:00'
[2024-11-11T17:18:02.324+0000] {taskinstance.py:430} INFO - ::endgroup::
[2024-11-11T17:18:08.098+0000] {taskinstance.py:441} INFO - ::group::Post task execution logs
[2024-11-11T17:18:08.099+0000] {taskinstance.py:2905} ERROR - Task failed with exception
Traceback (most recent call last):
  File "/home/airflow/.local/lib/python3.12/site-packages/airflow/models/taskinstance.py", line 465, in _execute_task
    result = _execute_callable(context=context, **execute_callable_kwargs)
             ^^^^^^^^^^^^^^^^^^^^^^^^^^^^^^^^^^^^^^^^^^^^^^^^^^^^^^^^^^^^^
  File "/home/airflow/.local/lib/python3.12/site-packages/airflow/models/taskinstance.py", line 432, in _execute_callable
    return execute_callable(context=context, **execute_callable_kwargs)
           ^^^^^^^^^^^^^^^^^^^^^^^^^^^^^^^^^^^^^^^^^^^^^^^^^^^^^^^^^^^^
  File "/home/airflow/.local/lib/python3.12/site-packages/airflow/models/baseoperator.py", line 401, in wrapper
    return func(self, *args, **kwargs)
           ^^^^^^^^^^^^^^^^^^^^^^^^^^^
  File "/home/airflow/.local/lib/python3.12/site-packages/airflow/operators/python.py", line 235, in execute
    return_value = self.execute_callable()
                   ^^^^^^^^^^^^^^^^^^^^^^^
  File "/home/airflow/.local/lib/python3.12/site-packages/airflow/operators/python.py", line 252, in execute_callable
    return self.python_callable(*self.op_args, **self.op_kwargs)
           ^^^^^^^^^^^^^^^^^^^^^^^^^^^^^^^^^^^^^^^^^^^^^^^^^^^^^
  File "/opt/airflow/plugins/utils/extract_and_load.py", line 33, in extract
    words = word_tokenize(news_data_combined.lower())  # Tokenize and lowercase the text
            ^^^^^^^^^^^^^^^^^^^^^^^^^^^^^^^^^^^^^^^^^
  File "/home/airflow/.local/lib/python3.12/site-packages/nltk/tokenize/__init__.py", line 129, in word_tokenize
    sentences = [text] if preserve_line else sent_tokenize(text, language)
                                             ^^^^^^^^^^^^^^^^^^^^^^^^^^^^^
  File "/home/airflow/.local/lib/python3.12/site-packages/nltk/tokenize/__init__.py", line 106, in sent_tokenize
    tokenizer = load(f"tokenizers/punkt/{language}.pickle")
                ^^^^^^^^^^^^^^^^^^^^^^^^^^^^^^^^^^^^^^^^^^^
  File "/home/airflow/.local/lib/python3.12/site-packages/nltk/data.py", line 750, in load
    opened_resource = _open(resource_url)
                      ^^^^^^^^^^^^^^^^^^^
  File "/home/airflow/.local/lib/python3.12/site-packages/nltk/data.py", line 876, in _open
    return find(path_, path + [""]).open()
           ^^^^^^^^^^^^^^^^^^^^^^^^
  File "/home/airflow/.local/lib/python3.12/site-packages/nltk/data.py", line 583, in find
    raise LookupError(resource_not_found)
LookupError: 
**********************************************************************
  Resource [93mpunkt[0m not found.
  Please use the NLTK Downloader to obtain the resource:

  [31m>>> import nltk
  >>> nltk.download('punkt')
  [0m
  For more information see: https://www.nltk.org/data.html

  Attempted to load [93mtokenizers/punkt/PY3/english.pickle[0m

  Searched in:
    - '/home/***/nltk_data'
    - '/home/***/.local/nltk_data'
    - '/home/***/.local/share/nltk_data'
    - '/home/***/.local/lib/nltk_data'
    - '/usr/share/nltk_data'
    - '/usr/local/share/nltk_data'
    - '/usr/lib/nltk_data'
    - '/usr/local/lib/nltk_data'
    - ''
**********************************************************************

[2024-11-11T17:18:08.109+0000] {taskinstance.py:1206} INFO - Marking task as FAILED. dag_id=news_dag, task_id=extract_and_load_op, run_id=manual__2024-11-11T17:18:01.365766+00:00, execution_date=20241111T171801, start_date=20241111T171802, end_date=20241111T171808
[2024-11-11T17:18:08.116+0000] {standard_task_runner.py:110} ERROR - Failed to execute job 121 for task extract_and_load_op (
**********************************************************************
  Resource [93mpunkt[0m not found.
  Please use the NLTK Downloader to obtain the resource:

  [31m>>> import nltk
  >>> nltk.download('punkt')
  [0m
  For more information see: https://www.nltk.org/data.html

  Attempted to load [93mtokenizers/punkt/PY3/english.pickle[0m

  Searched in:
    - '/home/***/nltk_data'
    - '/home/***/.local/nltk_data'
    - '/home/***/.local/share/nltk_data'
    - '/home/***/.local/lib/nltk_data'
    - '/usr/share/nltk_data'
    - '/usr/local/share/nltk_data'
    - '/usr/lib/nltk_data'
    - '/usr/local/lib/nltk_data'
    - ''
**********************************************************************
; 1003)
[2024-11-11T17:18:08.164+0000] {local_task_job_runner.py:243} INFO - Task exited with return code 1
[2024-11-11T17:18:08.177+0000] {taskinstance.py:3503} INFO - 0 downstream tasks scheduled from follow-on schedule check
[2024-11-11T17:18:08.180+0000] {local_task_job_runner.py:222} INFO - ::endgroup::
