[2024-11-02T10:21:12.147+0000] {local_task_job_runner.py:120} INFO - ::group::Pre task execution logs
[2024-11-02T10:21:12.158+0000] {taskinstance.py:2076} INFO - Dependencies all met for dep_context=non-requeueable deps ti=<TaskInstance: molecule_load_dag.load_op manual__2024-11-02T10:21:05.022592+00:00 [queued]>
[2024-11-02T10:21:12.163+0000] {taskinstance.py:2076} INFO - Dependencies all met for dep_context=requeueable deps ti=<TaskInstance: molecule_load_dag.load_op manual__2024-11-02T10:21:05.022592+00:00 [queued]>
[2024-11-02T10:21:12.163+0000] {taskinstance.py:2306} INFO - Starting attempt 1 of 1
[2024-11-02T10:21:12.171+0000] {taskinstance.py:2330} INFO - Executing <Task(PythonOperator): load_op> on 2024-11-02 10:21:05.022592+00:00
[2024-11-02T10:21:12.179+0000] {logging_mixin.py:188} WARNING - /home/***/.local/lib/python3.12/site-packages/***/task/task_runner/standard_task_runner.py:62 DeprecationWarning: This process (pid=3158) is multi-threaded, use of fork() may lead to deadlocks in the child.
[2024-11-02T10:21:12.179+0000] {standard_task_runner.py:64} INFO - Started process 3159 to run task
[2024-11-02T10:21:12.179+0000] {standard_task_runner.py:90} INFO - Running: ['***', 'tasks', 'run', 'molecule_load_dag', 'load_op', 'manual__2024-11-02T10:21:05.022592+00:00', '--job-id', '45', '--raw', '--subdir', 'DAGS_FOLDER/etl_dag.py', '--cfg-path', '/tmp/tmpm5m9n39d']
[2024-11-02T10:21:12.181+0000] {standard_task_runner.py:91} INFO - Job 45: Subtask load_op
[2024-11-02T10:21:12.210+0000] {task_command.py:426} INFO - Running <TaskInstance: molecule_load_dag.load_op manual__2024-11-02T10:21:05.022592+00:00 [running]> on host 11ad264474a7
[2024-11-02T10:21:12.266+0000] {taskinstance.py:2648} INFO - Exporting env vars: AIRFLOW_CTX_DAG_OWNER='***' AIRFLOW_CTX_DAG_ID='molecule_load_dag' AIRFLOW_CTX_TASK_ID='load_op' AIRFLOW_CTX_EXECUTION_DATE='2024-11-02T10:21:05.022592+00:00' AIRFLOW_CTX_TRY_NUMBER='1' AIRFLOW_CTX_DAG_RUN_ID='manual__2024-11-02T10:21:05.022592+00:00'
[2024-11-02T10:21:12.267+0000] {taskinstance.py:430} INFO - ::endgroup::
[2024-11-02T10:21:12.282+0000] {base.py:84} INFO - Using connection ID 'aws_connection' for task execution.
[2024-11-02T10:21:13.501+0000] {connection.py:274} WARNING - Connection schemes (type: google_cloud_platform) shall not contain '_' according to RFC3986.
[2024-11-02T10:21:13.503+0000] {base.py:84} INFO - Using connection ID 'gc_connection' for task execution.
[2024-11-02T10:22:46.880+0000] {python.py:237} INFO - Done. Returned value was: None
[2024-11-02T10:22:46.884+0000] {taskinstance.py:441} INFO - ::group::Post task execution logs
[2024-11-02T10:22:46.902+0000] {taskinstance.py:1206} INFO - Marking task as SUCCESS. dag_id=molecule_load_dag, task_id=load_op, run_id=manual__2024-11-02T10:21:05.022592+00:00, execution_date=20241102T102105, start_date=20241102T102112, end_date=20241102T102246
[2024-11-02T10:22:46.942+0000] {local_task_job_runner.py:243} INFO - Task exited with return code 0
[2024-11-02T10:22:46.959+0000] {taskinstance.py:3503} INFO - 0 downstream tasks scheduled from follow-on schedule check
[2024-11-02T10:22:46.961+0000] {local_task_job_runner.py:222} INFO - ::endgroup::
