[2024-11-10T17:40:59.421+0000] {local_task_job_runner.py:120} INFO - ::group::Pre task execution logs
[2024-11-10T17:40:59.432+0000] {taskinstance.py:2076} INFO - Dependencies all met for dep_context=non-requeueable deps ti=<TaskInstance: molecule_load_dag.transform_and_load_op manual__2024-11-10T17:40:54.551968+00:00 [queued]>
[2024-11-10T17:40:59.437+0000] {taskinstance.py:2076} INFO - Dependencies all met for dep_context=requeueable deps ti=<TaskInstance: molecule_load_dag.transform_and_load_op manual__2024-11-10T17:40:54.551968+00:00 [queued]>
[2024-11-10T17:40:59.438+0000] {taskinstance.py:2306} INFO - Starting attempt 1 of 1
[2024-11-10T17:40:59.447+0000] {taskinstance.py:2330} INFO - Executing <Task(PythonOperator): transform_and_load_op> on 2024-11-10 17:40:54.551968+00:00
[2024-11-10T17:40:59.454+0000] {standard_task_runner.py:90} INFO - Running: ['***', 'tasks', 'run', 'molecule_load_dag', 'transform_and_load_op', 'manual__2024-11-10T17:40:54.551968+00:00', '--job-id', '78', '--raw', '--subdir', 'DAGS_FOLDER/etl_dag.py', '--cfg-path', '/tmp/tmpzz22uv9x']
[2024-11-10T17:40:59.456+0000] {standard_task_runner.py:91} INFO - Job 78: Subtask transform_and_load_op
[2024-11-10T17:40:59.456+0000] {logging_mixin.py:188} WARNING - /home/***/.local/lib/python3.12/site-packages/***/task/task_runner/standard_task_runner.py:62 DeprecationWarning: This process (pid=3451) is multi-threaded, use of fork() may lead to deadlocks in the child.
[2024-11-10T17:40:59.458+0000] {standard_task_runner.py:64} INFO - Started process 3452 to run task
[2024-11-10T17:40:59.484+0000] {task_command.py:426} INFO - Running <TaskInstance: molecule_load_dag.transform_and_load_op manual__2024-11-10T17:40:54.551968+00:00 [running]> on host de3c10e6563d
[2024-11-10T17:40:59.537+0000] {taskinstance.py:2648} INFO - Exporting env vars: AIRFLOW_CTX_DAG_OWNER='***' AIRFLOW_CTX_DAG_ID='molecule_load_dag' AIRFLOW_CTX_TASK_ID='transform_and_load_op' AIRFLOW_CTX_EXECUTION_DATE='2024-11-10T17:40:54.551968+00:00' AIRFLOW_CTX_TRY_NUMBER='1' AIRFLOW_CTX_DAG_RUN_ID='manual__2024-11-10T17:40:54.551968+00:00'
[2024-11-10T17:40:59.538+0000] {taskinstance.py:430} INFO - ::endgroup::
[2024-11-10T17:40:59.553+0000] {base.py:84} INFO - Using connection ID 'aws_connection' for task execution.
[2024-11-10T17:40:59.554+0000] {logging_mixin.py:188} INFO - us-east-2
AKIAS2VS4PHYE3LHQNFT
***
[2024-11-10T17:41:00.566+0000] {logging_mixin.py:188} INFO - Transformed raw_df:
[2024-11-10T17:41:00.570+0000] {logging_mixin.py:188} INFO -       publisher                                        news_string
0     guardian  Harris heads to Texas as poll shows her tied w...
1     guardian  Children among dead as 38 killed in Israeli at...
2     guardian  King acknowledges ‘painful’ past as calls for ...
3     guardian  Anti-hate group vows to continue work after El...
4     guardian  ‘Someone who destroyed my life’: rapper Shyne ...
..         ...                                                ...
447  aljazeera                                                NaN
448  aljazeera                                                NaN
449  aljazeera                                                NaN
450  aljazeera                                                NaN
451  aljazeera                                                NaN

[452 rows x 2 columns]
[2024-11-10T17:41:00.572+0000] {logging_mixin.py:188} INFO - guardian
[2024-11-10T17:41:00.572+0000] {logging_mixin.py:188} INFO - Harris heads to Texas as poll shows her tied with Trump at 48%
[2024-11-10T17:41:00.576+0000] {logging_mixin.py:188} WARNING - /opt/***/plugins/utils/transform_and_load.py:63 FutureWarning: The behavior of DataFrame concatenation with empty or all-NA entries is deprecated. In a future version, this will no longer exclude empty or all-NA columns when determining the result dtypes. To retain the old behavior, exclude the relevant entries before the concat operation.
[2024-11-10T17:41:00.576+0000] {logging_mixin.py:188} INFO - guardian
[2024-11-10T17:41:00.576+0000] {logging_mixin.py:188} INFO - Children among dead as 38 killed in Israeli attack on Khan Younis
[2024-11-10T17:41:00.578+0000] {logging_mixin.py:188} INFO - guardian
[2024-11-10T17:41:00.578+0000] {logging_mixin.py:188} INFO - King acknowledges ‘painful’ past as calls for slavery reparations grow at summit
[2024-11-10T17:41:00.579+0000] {logging_mixin.py:188} INFO - guardian
[2024-11-10T17:41:00.579+0000] {logging_mixin.py:188} INFO - Anti-hate group vows to continue work after Elon Musk’s declaration of ‘war’
[2024-11-10T17:41:00.580+0000] {logging_mixin.py:188} INFO - guardian
[2024-11-10T17:41:00.580+0000] {logging_mixin.py:188} INFO - ‘Someone who destroyed my life’: rapper Shyne on Sean ‘Diddy’ Combs in new documentary
[2024-11-10T17:41:00.581+0000] {logging_mixin.py:188} INFO - guardian
[2024-11-10T17:41:00.582+0000] {logging_mixin.py:188} INFO - Legal bid for Ecuador forest to be recognised as song co-creator
[2024-11-10T17:41:00.582+0000] {logging_mixin.py:188} INFO - guardian
[2024-11-10T17:41:00.583+0000] {logging_mixin.py:188} INFO - LA district attorney recommends resentencing for Menéndez brothers
[2024-11-10T17:41:00.584+0000] {logging_mixin.py:188} INFO - guardian
[2024-11-10T17:41:00.584+0000] {logging_mixin.py:188} INFO - ‘We have emotions too’: Climate scientists respond to attacks on objectivity
[2024-11-10T17:41:00.585+0000] {logging_mixin.py:188} INFO - guardian
[2024-11-10T17:41:00.585+0000] {logging_mixin.py:188} INFO - Sliver of cool surface water 2mm deep helps oceans absorb CO2, say scientists
[2024-11-10T17:41:00.586+0000] {logging_mixin.py:188} INFO - guardian
[2024-11-10T17:41:00.586+0000] {logging_mixin.py:188} INFO - Helen Mirren: it’s so sad Kurt Cobain died before GPS was invented
[2024-11-10T17:41:00.587+0000] {logging_mixin.py:188} INFO - guardian
[2024-11-10T17:41:00.587+0000] {logging_mixin.py:188} INFO - Watershed moment as Georgia goes to polls in tussle between Russia and west
[2024-11-10T17:41:00.588+0000] {logging_mixin.py:188} INFO - guardian
[2024-11-10T17:41:00.589+0000] {logging_mixin.py:188} INFO - ‘Blood alliance’: why South Korea fears North’s involvement in Ukraine war
[2024-11-10T17:41:00.590+0000] {logging_mixin.py:188} INFO - guardian
[2024-11-10T17:41:00.590+0000] {logging_mixin.py:188} INFO - High-stakes pension plebiscite could turn Uruguay’s election in to its ‘Brexit moment’
[2024-11-10T17:41:00.591+0000] {logging_mixin.py:188} INFO - guardian
[2024-11-10T17:41:00.591+0000] {logging_mixin.py:188} INFO - Lady Gaga: Disease review – a return to form, and to her classic sound
[2024-11-10T17:41:00.592+0000] {logging_mixin.py:188} INFO - guardian
[2024-11-10T17:41:00.592+0000] {logging_mixin.py:188} INFO - Should my flatmate stop drying her underwear on our radiators?
[2024-11-10T17:41:00.593+0000] {logging_mixin.py:188} INFO - guardian
[2024-11-10T17:41:00.593+0000] {logging_mixin.py:188} INFO - Hellah Sidibe: the pioneering ultrarunner who was once scared of running
[2024-11-10T17:41:00.594+0000] {logging_mixin.py:188} INFO - guardian
[2024-11-10T17:41:00.594+0000] {logging_mixin.py:188} INFO - ‘It’s going to be much darker’: inside the deadly return of TV masterpiece Wolf Hall
[2024-11-10T17:41:00.595+0000] {logging_mixin.py:188} INFO - guardian
[2024-11-10T17:41:00.595+0000] {logging_mixin.py:188} INFO - ‘Who am I voting for? America!’ Chris Stapleton on patriotism, politics and being country’s great crossover star
[2024-11-10T17:41:00.596+0000] {logging_mixin.py:188} INFO - guardian
[2024-11-10T17:41:00.596+0000] {logging_mixin.py:188} INFO - I do hair and makeup for the dead
[2024-11-10T17:41:00.597+0000] {logging_mixin.py:188} INFO - guardian
[2024-11-10T17:41:00.597+0000] {logging_mixin.py:188} INFO - Kate Bush: Little Shrew review – this devastating film will make you weep at war’s violence against children
[2024-11-10T17:41:00.598+0000] {logging_mixin.py:188} INFO - guardian
[2024-11-10T17:41:00.599+0000] {logging_mixin.py:188} INFO - Growth the size of a melon: a scrotum-swelling disease threatening thousands
[2024-11-10T17:41:00.599+0000] {logging_mixin.py:188} INFO - guardian
[2024-11-10T17:41:00.600+0000] {logging_mixin.py:188} INFO - The US election interference row tells us this: Starmer’s political compass urgently needs resetting
[2024-11-10T17:41:00.601+0000] {logging_mixin.py:188} INFO - guardian
[2024-11-10T17:41:00.601+0000] {logging_mixin.py:188} INFO - Don’t ‘boy mum’ me. These stereotypes around raising children do enormous harm
[2024-11-10T17:41:00.602+0000] {logging_mixin.py:188} INFO - guardian
[2024-11-10T17:41:00.602+0000] {logging_mixin.py:188} INFO - A prime minister defending immigration? It can happen. It just did here in Spain
[2024-11-10T17:41:00.603+0000] {logging_mixin.py:188} INFO - guardian
[2024-11-10T17:41:00.603+0000] {logging_mixin.py:188} INFO - If Civilization is falling apart, I might as well control it myself
[2024-11-10T17:41:00.604+0000] {logging_mixin.py:188} INFO - guardian
[2024-11-10T17:41:00.604+0000] {logging_mixin.py:188} INFO - The corporate takeover of ‘craft beer’ leaves a nasty taste in the mouth
[2024-11-10T17:41:00.605+0000] {logging_mixin.py:188} INFO - guardian
[2024-11-10T17:41:00.605+0000] {logging_mixin.py:188} INFO - Obama fan-boys Eminem, American Airlines gets tough on ‘gate lice’
[2024-11-10T17:41:00.606+0000] {logging_mixin.py:188} INFO - guardian
[2024-11-10T17:41:00.606+0000] {logging_mixin.py:188} INFO - Pakistan turn tide on England with Saud century and late wickets
[2024-11-10T17:41:00.607+0000] {logging_mixin.py:188} INFO - guardian
[2024-11-10T17:41:00.607+0000] {logging_mixin.py:188} INFO - England v Germany buildup, Premier League news and Europa League reaction
[2024-11-10T17:41:00.608+0000] {logging_mixin.py:188} INFO - guardian
[2024-11-10T17:41:00.608+0000] {logging_mixin.py:188} INFO - Data, repeat viewings and gut feeling: how Liverpool signed Firmino
[2024-11-10T17:41:00.609+0000] {logging_mixin.py:188} INFO - guardian
[2024-11-10T17:41:00.609+0000] {logging_mixin.py:188} INFO - Will the Yankees or Dodgers win east v west coast heavyweight clash?
[2024-11-10T17:41:00.610+0000] {logging_mixin.py:188} INFO - guardian
[2024-11-10T17:41:00.610+0000] {logging_mixin.py:188} INFO - Howe tells Alexander Isak to ‘focus on football’ not a new deal
[2024-11-10T17:41:00.611+0000] {logging_mixin.py:188} INFO - guardian
[2024-11-10T17:41:00.611+0000] {logging_mixin.py:188} INFO - Pressure on Steidten and Lopetegui as West Ham revamp stalls
[2024-11-10T17:41:00.612+0000] {logging_mixin.py:188} INFO - guardian
[2024-11-10T17:41:00.612+0000] {logging_mixin.py:188} INFO - 10 things to look out for this weekend as Liverpool visit Arsenal
[2024-11-10T17:41:00.613+0000] {logging_mixin.py:188} INFO - guardian
[2024-11-10T17:41:00.613+0000] {logging_mixin.py:188} INFO - Mancini walks away from Saudi Arabia after 14 months as coach 
[2024-11-10T17:41:00.614+0000] {logging_mixin.py:188} INFO - guardian
[2024-11-10T17:41:00.614+0000] {logging_mixin.py:188} INFO - Tropical storm season in full swing in Indian and Pacific oceans
[2024-11-10T17:41:00.615+0000] {logging_mixin.py:188} INFO - guardian
[2024-11-10T17:41:00.615+0000] {logging_mixin.py:188} INFO - ‘Crunch time for real’: UN says time for climate delays has run out
[2024-11-10T17:41:00.616+0000] {logging_mixin.py:188} INFO - guardian
[2024-11-10T17:41:00.616+0000] {logging_mixin.py:188} INFO - Hawaii sets rules to stop spread of tree-killing coconut rhinoceros beetles
[2024-11-10T17:41:00.617+0000] {logging_mixin.py:188} INFO - guardian
[2024-11-10T17:41:00.617+0000] {logging_mixin.py:188} INFO - US power grid added battery equivalent of 20 nuclear reactors in past four years
[2024-11-10T17:41:00.618+0000] {logging_mixin.py:188} INFO - guardian
[2024-11-10T17:41:00.618+0000] {logging_mixin.py:188} INFO - Where do Harris and Trump stand on the key election issues?
[2024-11-10T17:41:00.619+0000] {logging_mixin.py:188} INFO - guardian
[2024-11-10T17:41:00.619+0000] {logging_mixin.py:188} INFO - I visited JD Vance’s hometown. Here’s what I learned about young male voters
[2024-11-10T17:41:00.620+0000] {logging_mixin.py:188} INFO - guardian
[2024-11-10T17:41:00.621+0000] {logging_mixin.py:188} INFO - If Trump wins the election, this is what’s at stake for gun control
[2024-11-10T17:41:00.621+0000] {logging_mixin.py:188} INFO - guardian
[2024-11-10T17:41:00.622+0000] {logging_mixin.py:188} INFO - Nobel prize winners endorse Harris and warn Trump would endanger future of science
[2024-11-10T17:41:00.623+0000] {logging_mixin.py:188} INFO - guardian
[2024-11-10T17:41:00.623+0000] {logging_mixin.py:188} INFO - ‘Ours is a fight for the future’: Harris and Obama share stage for first time at Georgia rally
[2024-11-10T17:41:00.624+0000] {logging_mixin.py:188} INFO - guardian
[2024-11-10T17:41:00.624+0000] {logging_mixin.py:188} INFO - ‘Inhumane and wicked’: anguish over Italy’s expanded surrogacy ban
[2024-11-10T17:41:00.625+0000] {logging_mixin.py:188} INFO - guardian
[2024-11-10T17:41:00.625+0000] {logging_mixin.py:188} INFO - Putin does not deny North Korea has sent soldiers to Russia
[2024-11-10T17:41:00.626+0000] {logging_mixin.py:188} INFO - guardian
[2024-11-10T17:41:00.626+0000] {logging_mixin.py:188} INFO - Justin Trudeau insists he will lead Liberals into next election amid dissent
[2024-11-10T17:41:00.627+0000] {logging_mixin.py:188} INFO - guardian
[2024-11-10T17:41:00.627+0000] {logging_mixin.py:188} INFO - Israel’s plan to ban Unrwa from accessing Gaza marks new low in its relations with UN
[2024-11-10T17:41:00.628+0000] {logging_mixin.py:188} INFO - guardian
[2024-11-10T17:41:00.628+0000] {logging_mixin.py:188} INFO - ‘Sherpas are rarely seen as elite athletes’: record-breaking teenager’s fight for equality
[2024-11-10T17:41:00.629+0000] {logging_mixin.py:188} INFO - guardian
[2024-11-10T17:41:00.629+0000] {logging_mixin.py:188} INFO - UK consumers in ‘a despondent mood’ ahead of the budget; pound on track for worst month in a year  
[2024-11-10T17:41:00.630+0000] {logging_mixin.py:188} INFO - guardian
[2024-11-10T17:41:00.630+0000] {logging_mixin.py:188} INFO - Gambling poses huge global threat to public health, experts warn
[2024-11-10T17:41:00.631+0000] {logging_mixin.py:188} INFO - guardian
[2024-11-10T17:41:00.631+0000] {logging_mixin.py:188} INFO - Astronauts return from nearly eight months on ISS after Starliner problems
[2024-11-10T17:41:00.632+0000] {logging_mixin.py:188} INFO - guardian
[2024-11-10T17:41:00.632+0000] {logging_mixin.py:188} INFO - Limits on testing for bird flu in humans could pose difficulty for containing spread
[2024-11-10T17:41:00.633+0000] {logging_mixin.py:188} INFO - guardian
[2024-11-10T17:41:00.633+0000] {logging_mixin.py:188} INFO - Raye loses songwriting books for second album in car theft
[2024-11-10T17:41:00.634+0000] {logging_mixin.py:188} INFO - guardian
[2024-11-10T17:41:00.634+0000] {logging_mixin.py:188} INFO - Kate Bush shares plans to make new music: ‘I’ve got lots of ideas’
[2024-11-10T17:41:00.635+0000] {logging_mixin.py:188} INFO - guardian
[2024-11-10T17:41:00.636+0000] {logging_mixin.py:188} INFO - Letters by Oliver Sacks review – science, sex and motorcycles
[2024-11-10T17:41:00.636+0000] {logging_mixin.py:188} INFO - guardian
[2024-11-10T17:41:00.637+0000] {logging_mixin.py:188} INFO - Before review – Billy Crystal’s move into horror is brilliant
[2024-11-10T17:41:00.638+0000] {logging_mixin.py:188} INFO - guardian
[2024-11-10T17:41:00.638+0000] {logging_mixin.py:188} INFO - Lissa Evans: ‘Charlotte’s Web had me beside myself with rage and disbelief’
[2024-11-10T17:41:00.639+0000] {logging_mixin.py:188} INFO - guardian
[2024-11-10T17:41:00.639+0000] {logging_mixin.py:188} INFO - Children’s and teens roundup – the best new picture books and novels
[2024-11-10T17:41:00.640+0000] {logging_mixin.py:188} INFO - guardian
[2024-11-10T17:41:00.640+0000] {logging_mixin.py:188} INFO - ‘I stood on the sunny hilltop imagining I was a Roman’: readers’ favourite ancient sites in Europe
[2024-11-10T17:41:00.641+0000] {logging_mixin.py:188} INFO - guardian
[2024-11-10T17:41:00.641+0000] {logging_mixin.py:188} INFO - On a group holiday we realised we had feelings for each other
[2024-11-10T17:41:00.642+0000] {logging_mixin.py:188} INFO - guardian
[2024-11-10T17:41:00.642+0000] {logging_mixin.py:188} INFO - ‘Oh, look at the lovely gammon!’ The National Trust’s new woke trail 
[2024-11-10T17:41:00.643+0000] {logging_mixin.py:188} INFO - guardian
[2024-11-10T17:41:00.643+0000] {logging_mixin.py:188} INFO - Time for action on my maturing veg patch. First job? Tackle the rhubarb
[2024-11-10T17:41:00.644+0000] {logging_mixin.py:188} INFO - guardian
[2024-11-10T17:41:00.644+0000] {logging_mixin.py:188} INFO - Out with the bats, in with the brats: 7 Halloween costumes that lean into the zeitgeist
[2024-11-10T17:41:00.645+0000] {logging_mixin.py:188} INFO - guardian
[2024-11-10T17:41:00.645+0000] {logging_mixin.py:188} INFO - He did give me pause for thought about whether my position might be too extreme
[2024-11-10T17:41:00.646+0000] {logging_mixin.py:188} INFO - guardian
[2024-11-10T17:41:00.646+0000] {logging_mixin.py:188} INFO - Share your experience of being a runner for film or TV
[2024-11-10T17:41:00.647+0000] {logging_mixin.py:188} INFO - guardian
[2024-11-10T17:41:00.647+0000] {logging_mixin.py:188} INFO - How has Microsoft Excel become part of your life? 
[2024-11-10T17:41:00.648+0000] {logging_mixin.py:188} INFO - guardian
[2024-11-10T17:41:00.648+0000] {logging_mixin.py:188} INFO - How have you been affected by the recent violence?
[2024-11-10T17:41:00.649+0000] {logging_mixin.py:188} INFO - guardian
[2024-11-10T17:41:00.649+0000] {logging_mixin.py:188} INFO - Tell us your experience with Australia’s housing affordability crisis
[2024-11-10T17:41:00.650+0000] {logging_mixin.py:188} INFO - guardian
[2024-11-10T17:41:00.650+0000] {logging_mixin.py:188} INFO - Which disease-modifying Alzheimer’s drugs are the most promising?
[2024-11-10T17:41:00.651+0000] {logging_mixin.py:188} INFO - guardian
[2024-11-10T17:41:00.651+0000] {logging_mixin.py:188} INFO - Polls show historic gender split between Trump and Harris voters
[2024-11-10T17:41:00.652+0000] {logging_mixin.py:188} INFO - guardian
[2024-11-10T17:41:00.652+0000] {logging_mixin.py:188} INFO - Growth the size of a melon: a scrotum-swelling disease threatening thousands
[2024-11-10T17:41:00.653+0000] {logging_mixin.py:188} INFO - guardian
[2024-11-10T17:41:00.653+0000] {logging_mixin.py:188} INFO - This race could affect Pennsylvanians more than the presidential election. Can Democrats win?
[2024-11-10T17:41:00.654+0000] {logging_mixin.py:188} INFO - guardian
[2024-11-10T17:41:00.654+0000] {logging_mixin.py:188} INFO - What we’ve learned so far from the Lucy Letby inquiry: ‘cold’ character, missed opportunities and staff shortages
[2024-11-10T17:41:00.655+0000] {logging_mixin.py:188} INFO - guardian
[2024-11-10T17:41:00.656+0000] {logging_mixin.py:188} INFO - An unlikely Oakland mayor is fighting for political survival amid a billionaire-backed recall
[2024-11-10T17:41:00.657+0000] {logging_mixin.py:188} INFO - guardian
[2024-11-10T17:41:00.657+0000] {logging_mixin.py:188} INFO - ‘We don’t know where the tipping point is’: climate expert on potential collapse of Atlantic circulation
[2024-11-10T17:41:00.658+0000] {logging_mixin.py:188} INFO - guardian
[2024-11-10T17:41:00.658+0000] {logging_mixin.py:188} INFO - ‘An apology is free’: experts on the UK’s approach to slavery reparations
[2024-11-10T17:41:00.659+0000] {logging_mixin.py:188} INFO - guardian
[2024-11-10T17:41:00.659+0000] {logging_mixin.py:188} INFO - ‘I don’t have much hope for a Harris presidency’: Ta-Nehisi Coates on Israeli apartheid and what the media gets wrong about Palestine
[2024-11-10T17:41:00.660+0000] {logging_mixin.py:188} INFO - guardian
[2024-11-10T17:41:00.660+0000] {logging_mixin.py:188} INFO - What does Elon Musk want from all this politicking?
[2024-11-10T17:41:00.661+0000] {logging_mixin.py:188} INFO - guardian
[2024-11-10T17:41:00.661+0000] {logging_mixin.py:188} INFO - The trial of Björn Höcke, the ‘real boss’ of Germany’s far right – podcast
[2024-11-10T17:41:00.662+0000] {logging_mixin.py:188} INFO - guardian
[2024-11-10T17:41:00.662+0000] {logging_mixin.py:188} INFO - Why Elon Musk needs Donald Trump to win – podcast
[2024-11-10T17:41:00.663+0000] {logging_mixin.py:188} INFO - guardian
[2024-11-10T17:41:00.663+0000] {logging_mixin.py:188} INFO - Undercover inside a ‘scientific racism’ network – podcast
[2024-11-10T17:41:00.664+0000] {logging_mixin.py:188} INFO - guardian
[2024-11-10T17:41:00.664+0000] {logging_mixin.py:188} INFO - US election extra: Pennsylvania in the balance – podcast
[2024-11-10T17:41:00.665+0000] {logging_mixin.py:188} INFO - guardian
[2024-11-10T17:41:00.665+0000] {logging_mixin.py:188} INFO - Haaland goes full Matrix and a belter in Barcelona – Football Weekly Extra
[2024-11-10T17:41:00.666+0000] {logging_mixin.py:188} INFO - guardian
[2024-11-10T17:41:00.666+0000] {logging_mixin.py:188} INFO - What’s at stake for the climate if Trump wins? – podcast
[2024-11-10T17:41:00.667+0000] {logging_mixin.py:188} INFO - guardian
[2024-11-10T17:41:00.667+0000] {logging_mixin.py:188} INFO - On the road in Birmingham: can the budget save this bankrupt city – Politics Weekly UK
[2024-11-10T17:41:00.668+0000] {logging_mixin.py:188} INFO - guardian
[2024-11-10T17:41:00.668+0000] {logging_mixin.py:188} INFO - 'Love me some Eminem': Obama raps on stage at Harris campaign rally 
[2024-11-10T17:41:00.669+0000] {logging_mixin.py:188} INFO - guardian
[2024-11-10T17:41:00.669+0000] {logging_mixin.py:188} INFO - Video shows moment Beirut building is flattened in an Israeli strike
[2024-11-10T17:41:00.670+0000] {logging_mixin.py:188} INFO - guardian
[2024-11-10T17:41:00.670+0000] {logging_mixin.py:188} INFO - 'Europe is not paradise': one man's mission to stop Senegal’s youth dying at sea 
[2024-11-10T17:41:00.671+0000] {logging_mixin.py:188} INFO - guardian
[2024-11-10T17:41:00.671+0000] {logging_mixin.py:188} INFO - King Charles and Queen Camilla touch down in Australia for royal tour
[2024-11-10T17:41:00.672+0000] {logging_mixin.py:188} INFO - guardian
[2024-11-10T17:41:00.672+0000] {logging_mixin.py:188} INFO - A night of light and a giant maze
[2024-11-10T17:41:00.673+0000] {logging_mixin.py:188} INFO - guardian
[2024-11-10T17:41:00.673+0000] {logging_mixin.py:188} INFO - ‘Pole of Cold’: life in the coldest inhabited village on Earth – photo essay
[2024-11-10T17:41:00.674+0000] {logging_mixin.py:188} INFO - guardian
[2024-11-10T17:41:00.674+0000] {logging_mixin.py:188} INFO - King Charles and Queen Camilla receive royal welcome in Samoa 
[2024-11-10T17:41:00.675+0000] {logging_mixin.py:188} INFO - guardian
[2024-11-10T17:41:00.675+0000] {logging_mixin.py:188} INFO - Fabricating life in the Japanese village of Ichinono 
[2024-11-10T17:41:00.676+0000] {logging_mixin.py:188} INFO - guardian
[2024-11-10T17:41:00.676+0000] {logging_mixin.py:188} INFO - Cosy cottages for autumn for sale 
[2024-11-10T17:41:00.677+0000] {logging_mixin.py:188} INFO - guardian
[2024-11-10T17:41:00.677+0000] {logging_mixin.py:188} INFO - Jaguar cuddles, a supermarket cockatoo and a seal in Canary Wharf
[2024-11-10T17:41:00.679+0000] {logging_mixin.py:188} INFO - nytimes
[2024-11-10T17:41:00.679+0000] {logging_mixin.py:188} INFO - Harris and Trump Deadlocked to the End, Final Times/Siena National Poll Finds
[2024-11-10T17:41:00.680+0000] {logging_mixin.py:188} INFO - nytimes
[2024-11-10T17:41:00.680+0000] {logging_mixin.py:188} INFO - Could Donald Trump Win the Popular Vote but Lose the Electoral College?
[2024-11-10T17:41:00.681+0000] {logging_mixin.py:188} INFO - nytimes
[2024-11-10T17:41:00.681+0000] {logging_mixin.py:188} INFO - Harris, Trump and Allies Spend Over a Half-Billion Dollars in 16 Days
[2024-11-10T17:41:00.682+0000] {logging_mixin.py:188} INFO - nytimes
[2024-11-10T17:41:00.682+0000] {logging_mixin.py:188} INFO - U.S. Bond Market Braces for the ‘Trump Trade’ of Large Tariffs and Deficits
[2024-11-10T17:41:00.683+0000] {logging_mixin.py:188} INFO - nytimes
[2024-11-10T17:41:00.683+0000] {logging_mixin.py:188} INFO - Obama Rallies With Harris for First Time, to the Chords of Bruce Springsteen
[2024-11-10T17:41:00.684+0000] {logging_mixin.py:188} INFO - nytimes
[2024-11-10T17:41:00.684+0000] {logging_mixin.py:188} INFO - Trump to Appear on Joe Rogan’s Podcast as Harris Visits Brené Brown’s Show
[2024-11-10T17:41:00.685+0000] {logging_mixin.py:188} INFO - nytimes
[2024-11-10T17:41:00.685+0000] {logging_mixin.py:188} INFO - Why Harris (With Beyoncé in Tow) Is Heading to Solidly Red Texas
[2024-11-10T17:41:00.686+0000] {logging_mixin.py:188} INFO - nytimes
[2024-11-10T17:41:00.686+0000] {logging_mixin.py:188} INFO - Poll Shows Dead Heat, Biden to Apologize for Native American School Abuses, and More
[2024-11-10T17:41:00.687+0000] {logging_mixin.py:188} INFO - nytimes
[2024-11-10T17:41:00.687+0000] {logging_mixin.py:188} INFO - The Army of Election Officials Ready to Reject the Vote
[2024-11-10T17:41:00.688+0000] {logging_mixin.py:188} INFO - nytimes
[2024-11-10T17:41:00.688+0000] {logging_mixin.py:188} INFO - What to Know About the Looming Election Certification Crisis
[2024-11-10T17:41:00.689+0000] {logging_mixin.py:188} INFO - nytimes
[2024-11-10T17:41:00.689+0000] {logging_mixin.py:188} INFO - The Other War for These Gazans Is Against Cancer
[2024-11-10T17:41:00.690+0000] {logging_mixin.py:188} INFO - nytimes
[2024-11-10T17:41:00.690+0000] {logging_mixin.py:188} INFO - Deadly Israeli Strikes Hit Southern Gaza, Health Officials Say
[2024-11-10T17:41:00.691+0000] {logging_mixin.py:188} INFO - nytimes
[2024-11-10T17:41:00.691+0000] {logging_mixin.py:188} INFO - Iran Is Preparing for War With Israel, but Hoping to Avert It
[2024-11-10T17:41:00.692+0000] {logging_mixin.py:188} INFO - nytimes
[2024-11-10T17:41:00.692+0000] {logging_mixin.py:188} INFO - Why M.L.B. May Finally Have Its Own Version of Magic Johnson vs. Larry Bird
[2024-11-10T17:41:00.693+0000] {logging_mixin.py:188} INFO - nytimes
[2024-11-10T17:41:00.693+0000] {logging_mixin.py:188} INFO - Yankees or Dodgers? Our Experts Predict the World Series.
[2024-11-10T17:41:00.694+0000] {logging_mixin.py:188} INFO - nytimes
[2024-11-10T17:41:00.694+0000] {logging_mixin.py:188} INFO - Why Is North Korea Deploying Troops to Help Russia? Here’s What to Know.
[2024-11-10T17:41:00.695+0000] {logging_mixin.py:188} INFO - nytimes
[2024-11-10T17:41:00.695+0000] {logging_mixin.py:188} INFO - Georgia’s Election Could Decide Whether the Country Pivots East or West
[2024-11-10T17:41:00.696+0000] {logging_mixin.py:188} INFO - nytimes
[2024-11-10T17:41:00.696+0000] {logging_mixin.py:188} INFO - How a Campaign of Fear Has Shaken Canada’s Sikhs
[2024-11-10T17:41:00.697+0000] {logging_mixin.py:188} INFO - nytimes
[2024-11-10T17:41:00.697+0000] {logging_mixin.py:188} INFO - The Crypto Website Where the Election Odds Swing in Trump’s Favor
[2024-11-10T17:41:00.698+0000] {logging_mixin.py:188} INFO - nytimes
[2024-11-10T17:41:00.698+0000] {logging_mixin.py:188} INFO - Betting Markets Favor Trump. But Their Record of Accuracy Is Mixed.
[2024-11-10T17:41:00.699+0000] {logging_mixin.py:188} INFO - nytimes
[2024-11-10T17:41:00.699+0000] {logging_mixin.py:188} INFO - Malaria Is Surging in Ethiopia, Reversing a Decade of Progress 
[2024-11-10T17:41:00.700+0000] {logging_mixin.py:188} INFO - nytimes
[2024-11-10T17:41:00.700+0000] {logging_mixin.py:188} INFO - Attacks on L.G.B.T.Q. People Shake Sense of Security in Ivory Coast
[2024-11-10T17:41:00.701+0000] {logging_mixin.py:188} INFO - nytimes
[2024-11-10T17:41:00.701+0000] {logging_mixin.py:188} INFO - ‘Conclave’: A Fly on the Wall Inside the Secret Process to Elect a Pope
[2024-11-10T17:41:00.702+0000] {logging_mixin.py:188} INFO - nytimes
[2024-11-10T17:41:00.702+0000] {logging_mixin.py:188} INFO - Serpents and Doves Run Amok in the Vatican
[2024-11-10T17:41:00.703+0000] {logging_mixin.py:188} INFO - nytimes
[2024-11-10T17:41:00.703+0000] {logging_mixin.py:188} INFO - Watch Ralph Fiennes Deliver a Startling Speech in ‘Conclave’
[2024-11-10T17:41:00.704+0000] {logging_mixin.py:188} INFO - nytimes
[2024-11-10T17:41:00.704+0000] {logging_mixin.py:188} INFO - A Poem Hitches a Ride on a Rocket, to Infinity and Beyond
[2024-11-10T17:41:00.705+0000] {logging_mixin.py:188} INFO - nytimes
[2024-11-10T17:41:00.705+0000] {logging_mixin.py:188} INFO - In this 2011 essay, a 39-year-old woman is asked by a date, “What’s wrong with you?”
[2024-11-10T17:41:00.706+0000] {logging_mixin.py:188} INFO - nytimes
[2024-11-10T17:41:00.706+0000] {logging_mixin.py:188} INFO - This giant jam bun makes a party out of teatime.
[2024-11-10T17:41:00.707+0000] {logging_mixin.py:188} INFO - nytimes
[2024-11-10T17:41:00.707+0000] {logging_mixin.py:188} INFO - The sisters behind “Nobody Wants This” are in high demand.
[2024-11-10T17:41:00.708+0000] {logging_mixin.py:188} INFO - nytimes
[2024-11-10T17:41:00.708+0000] {logging_mixin.py:188} INFO - Is there a feud between Martha Stewart and Ina Garten?
[2024-11-10T17:41:00.709+0000] {logging_mixin.py:188} INFO - nytimes
[2024-11-10T17:41:00.709+0000] {logging_mixin.py:188} INFO - The Editorial Board
[2024-11-10T17:41:00.710+0000] {logging_mixin.py:188} INFO - nytimes
[2024-11-10T17:41:00.710+0000] {logging_mixin.py:188} INFO - Trump Is Telling Us What He Would Do. Believe Him.
[2024-11-10T17:41:00.711+0000] {logging_mixin.py:188} INFO - nytimes
[2024-11-10T17:41:00.711+0000] {logging_mixin.py:188} INFO - Don Jr. Is Making Plans
[2024-11-10T17:41:00.712+0000] {logging_mixin.py:188} INFO - nytimes
[2024-11-10T17:41:00.712+0000] {logging_mixin.py:188} INFO - Republicans Assumed a Nebraska Senate Seat Was Safe. Then This Candidate Came Along.
[2024-11-10T17:41:00.713+0000] {logging_mixin.py:188} INFO - nytimes
[2024-11-10T17:41:00.713+0000] {logging_mixin.py:188} INFO - Maggie Haberman on How Trump Has Changed
[2024-11-10T17:41:00.714+0000] {logging_mixin.py:188} INFO - nytimes
[2024-11-10T17:41:00.714+0000] {logging_mixin.py:188} INFO - What Is It About Trump That the Generals Want Us to Understand?
[2024-11-10T17:41:00.715+0000] {logging_mixin.py:188} INFO - nytimes
[2024-11-10T17:41:00.715+0000] {logging_mixin.py:188} INFO - There’s a Very Good Reason College Students Don’t Read Anymore
[2024-11-10T17:41:00.716+0000] {logging_mixin.py:188} INFO - nytimes
[2024-11-10T17:41:00.716+0000] {logging_mixin.py:188} INFO - The Election Is Happening Too Soon
[2024-11-10T17:41:00.717+0000] {logging_mixin.py:188} INFO - nytimes
[2024-11-10T17:41:00.717+0000] {logging_mixin.py:188} INFO - 1 Person, 1 Button, 15 Minutes: Absolute Authority to End the World
[2024-11-10T17:41:00.718+0000] {logging_mixin.py:188} INFO - nytimes
[2024-11-10T17:41:00.718+0000] {logging_mixin.py:188} INFO - How Trump Could Bankrupt Social Security
[2024-11-10T17:41:00.719+0000] {logging_mixin.py:188} INFO - nytimes
[2024-11-10T17:41:00.719+0000] {logging_mixin.py:188} INFO - The Worst Tucker Carlson Metaphor of the Month. So Far.
[2024-11-10T17:41:00.720+0000] {logging_mixin.py:188} INFO - nytimes
[2024-11-10T17:41:00.720+0000] {logging_mixin.py:188} INFO - Biden Has a Crucial Decision to Make on Ukraine
[2024-11-10T17:41:00.721+0000] {logging_mixin.py:188} INFO - nytimes
[2024-11-10T17:41:00.721+0000] {logging_mixin.py:188} INFO - Beyond Trump vs. Harris: Control of Congress Comes Down to These Races
[2024-11-10T17:41:00.722+0000] {logging_mixin.py:188} INFO - nytimes
[2024-11-10T17:41:00.722+0000] {logging_mixin.py:188} INFO - It Sounded Like Dancing, Drinking and Sex. It Blew People’s Minds.
[2024-11-10T17:41:00.723+0000] {logging_mixin.py:188} INFO - nytimes
[2024-11-10T17:41:00.723+0000] {logging_mixin.py:188} INFO - Iran’s Fateful Decision
[2024-11-10T17:41:00.724+0000] {logging_mixin.py:188} INFO - nytimes
[2024-11-10T17:41:00.724+0000] {logging_mixin.py:188} INFO - I’m an OB-GYN. Here’s How I Think About the Women Who Died After Taking Abortion Pills.
[2024-11-10T17:41:00.725+0000] {logging_mixin.py:188} INFO - nytimes
[2024-11-10T17:41:00.725+0000] {logging_mixin.py:188} INFO - I Spoke to Many Working-Class Voters. This Is Why Trump Is Their Overwhelming Choice.
[2024-11-10T17:41:00.726+0000] {logging_mixin.py:188} INFO - nytimes
[2024-11-10T17:41:00.726+0000] {logging_mixin.py:188} INFO - Autocracies Against Ukraine
[2024-11-10T17:41:00.727+0000] {logging_mixin.py:188} INFO - nytimes
[2024-11-10T17:41:00.727+0000] {logging_mixin.py:188} INFO - Late Night: Jimmy Fallon Rallies for Queen Bey
[2024-11-10T17:41:00.728+0000] {logging_mixin.py:188} INFO - nytimes
[2024-11-10T17:41:00.728+0000] {logging_mixin.py:188} INFO - Despite Deadly Attack, Turkey Seeks Opening With Kurdish Militants
[2024-11-10T17:41:00.729+0000] {logging_mixin.py:188} INFO - nytimes
[2024-11-10T17:41:00.729+0000] {logging_mixin.py:188} INFO - Biden to Apologize for Indian Boarding Schools Where Hundreds of Children Died
[2024-11-10T17:41:00.730+0000] {logging_mixin.py:188} INFO - nytimes
[2024-11-10T17:41:00.730+0000] {logging_mixin.py:188} INFO - Many Wells in North Carolina Remain Unsafe After Helene's Deluge
[2024-11-10T17:41:00.731+0000] {logging_mixin.py:188} INFO - nytimes
[2024-11-10T17:41:00.731+0000] {logging_mixin.py:188} INFO - Companies to Pay $101.9 Million to Settle Baltimore Bridge Collapse Lawsuit
[2024-11-10T17:41:00.732+0000] {logging_mixin.py:188} INFO - nytimes
[2024-11-10T17:41:00.732+0000] {logging_mixin.py:188} INFO - Teenager Is Charged With Murder of 5 Relatives in Washington State
[2024-11-10T17:41:00.733+0000] {logging_mixin.py:188} INFO - nytimes
[2024-11-10T17:41:00.733+0000] {logging_mixin.py:188} INFO - Los Angeles District Attorney Will Ask Court to Resentence Menendez Brothers
[2024-11-10T17:41:00.734+0000] {logging_mixin.py:188} INFO - nytimes
[2024-11-10T17:41:00.734+0000] {logging_mixin.py:188} INFO - 2 Brothers Are Charged With Assaulting Officers in Jan. 6 Riot
[2024-11-10T17:41:00.735+0000] {logging_mixin.py:188} INFO - nytimes
[2024-11-10T17:41:00.735+0000] {logging_mixin.py:188} INFO - Onion Recall Linked to E. Coli and McDonald’s Spreads to Other Food Chains
[2024-11-10T17:41:00.736+0000] {logging_mixin.py:188} INFO - nytimes
[2024-11-10T17:41:00.736+0000] {logging_mixin.py:188} INFO - Army Sergeant’s Body Is Found in Dumpster at Missouri Base; One in Custody
[2024-11-10T17:41:00.737+0000] {logging_mixin.py:188} INFO - nytimes
[2024-11-10T17:41:00.737+0000] {logging_mixin.py:188} INFO - Patti McGee, Skateboarding’s First Female Champion, Dies at 79
[2024-11-10T17:41:00.738+0000] {logging_mixin.py:188} INFO - nytimes
[2024-11-10T17:41:00.738+0000] {logging_mixin.py:188} INFO - What’s in an N.F.L. Diet? 80,000 Uncrustables Each Year.
[2024-11-10T17:41:00.739+0000] {logging_mixin.py:188} INFO - nytimes
[2024-11-10T17:41:00.739+0000] {logging_mixin.py:188} INFO - The Former Liverpool Striker Who Now Plays in France’s 4th Tier
[2024-11-10T17:41:00.740+0000] {logging_mixin.py:188} INFO - nytimes
[2024-11-10T17:41:00.740+0000] {logging_mixin.py:188} INFO - The N.B.A.’s Newest Stadium Has a Seating Arrangement Unlike Any Other
[2024-11-10T17:41:00.741+0000] {logging_mixin.py:188} INFO - nytimes
[2024-11-10T17:41:00.741+0000] {logging_mixin.py:188} INFO - How Important Is Player Height in Soccer?
[2024-11-10T17:41:00.742+0000] {logging_mixin.py:188} INFO - nytimes
[2024-11-10T17:41:00.742+0000] {logging_mixin.py:188} INFO - A College Football Team With a $10 Million Roster Is on the Brink of Failure
[2024-11-10T17:41:00.743+0000] {logging_mixin.py:188} INFO - nytimes
[2024-11-10T17:41:00.743+0000] {logging_mixin.py:188} INFO - Where the Top 45 M.L.B. Free Agents Will Play Next Season
[2024-11-10T17:41:00.744+0000] {logging_mixin.py:188} INFO - nytimes
[2024-11-10T17:41:00.744+0000] {logging_mixin.py:188} INFO - Do People in ‘Blue Zones’ Actually Live Longer?
[2024-11-10T17:41:00.745+0000] {logging_mixin.py:188} INFO - nytimes
[2024-11-10T17:41:00.745+0000] {logging_mixin.py:188} INFO - A 20-Minute Workout to Keep Your Body Limber
[2024-11-10T17:41:00.746+0000] {logging_mixin.py:188} INFO - nytimes
[2024-11-10T17:41:00.746+0000] {logging_mixin.py:188} INFO - To Prevent Golfing Injuries, Loosen Up Your Spine
[2024-11-10T17:41:00.747+0000] {logging_mixin.py:188} INFO - nytimes
[2024-11-10T17:41:00.747+0000] {logging_mixin.py:188} INFO - C.D.C. Expands Covid Vaccine Recommendations
[2024-11-10T17:41:00.748+0000] {logging_mixin.py:188} INFO - nytimes
[2024-11-10T17:41:00.748+0000] {logging_mixin.py:188} INFO - United by Love, Divided by Politics
[2024-11-10T17:41:00.749+0000] {logging_mixin.py:188} INFO - nytimes
[2024-11-10T17:41:00.749+0000] {logging_mixin.py:188} INFO - Design, Unearthed and Unfettered, in Cooper Hewitt’s Triennial
[2024-11-10T17:41:00.750+0000] {logging_mixin.py:188} INFO - nytimes
[2024-11-10T17:41:00.750+0000] {logging_mixin.py:188} INFO - An American in Paris, Honored Like Nobody Before
[2024-11-10T17:41:00.751+0000] {logging_mixin.py:188} INFO - nytimes
[2024-11-10T17:41:00.751+0000] {logging_mixin.py:188} INFO - Skeletons Lead Mexico’s Graphic Arts Revolution
[2024-11-10T17:41:00.752+0000] {logging_mixin.py:188} INFO - nytimes
[2024-11-10T17:41:00.752+0000] {logging_mixin.py:188} INFO - A New Opera Reconsiders Alma Mahler
[2024-11-10T17:41:00.753+0000] {logging_mixin.py:188} INFO - nytimes
[2024-11-10T17:41:00.753+0000] {logging_mixin.py:188} INFO - Wordle
[2024-11-10T17:41:00.754+0000] {logging_mixin.py:188} INFO - nytimes
[2024-11-10T17:41:00.754+0000] {logging_mixin.py:188} INFO - Connections
[2024-11-10T17:41:00.755+0000] {logging_mixin.py:188} INFO - nytimes
[2024-11-10T17:41:00.755+0000] {logging_mixin.py:188} INFO - Strands
[2024-11-10T17:41:00.756+0000] {logging_mixin.py:188} INFO - nytimes
[2024-11-10T17:41:00.756+0000] {logging_mixin.py:188} INFO - Spelling Bee
[2024-11-10T17:41:00.756+0000] {logging_mixin.py:188} INFO - nytimes
[2024-11-10T17:41:00.757+0000] {logging_mixin.py:188} INFO - The Crossword
[2024-11-10T17:41:00.757+0000] {logging_mixin.py:188} INFO - nytimes
[2024-11-10T17:41:00.757+0000] {logging_mixin.py:188} INFO - The Mini Crossword
[2024-11-10T17:41:00.758+0000] {logging_mixin.py:188} INFO - nytimes
[2024-11-10T17:41:00.758+0000] {logging_mixin.py:188} INFO - The electorate has rarely seemed so evenly divided. A New York Times/Siena College poll found Kamala Harris and Donald Trump tied, 48 percent to 48 percent.
[2024-11-10T17:41:00.759+0000] {logging_mixin.py:188} INFO - nytimes
[2024-11-10T17:41:00.759+0000] {logging_mixin.py:188} INFO - It’s not likely, but it’s not something that can be completely dismissed either, recent polling suggests.
[2024-11-10T17:41:00.760+0000] {logging_mixin.py:188} INFO - nytimes
[2024-11-10T17:41:00.761+0000] {logging_mixin.py:188} INFO - At a star-filled rally in Georgia, former President Obama tried to give a jolt of energy to Kamala Harris, who is often seen as a successor.
[2024-11-10T17:41:00.761+0000] {logging_mixin.py:188} INFO - nytimes
[2024-11-10T17:41:00.762+0000] {logging_mixin.py:188} INFO - A movement driven by disinformation about Donald Trump’s 2020 defeat has taken over many of the boards that certify elections. It could cause chaos in the weeks ahead.
[2024-11-10T17:41:00.763+0000] {logging_mixin.py:188} INFO - nytimes
[2024-11-10T17:41:00.763+0000] {logging_mixin.py:188} INFO - Cancer patients from Gaza who are receiving care in Jordan’s capital, Amman, bear burdens beyond those of illness — feelings of guilt, fear and homesickness.
[2024-11-10T17:41:00.764+0000] {logging_mixin.py:188} INFO - nytimes
[2024-11-10T17:41:00.764+0000] {logging_mixin.py:188} INFO - Gaza’s health ministry said dozens of people were killed in airstrikes in a residential area of Khan Younis, where Israel has said it is targeting Hamas.
[2024-11-10T17:41:00.765+0000] {logging_mixin.py:188} INFO - nytimes
[2024-11-10T17:41:00.765+0000] {logging_mixin.py:188} INFO - A showdown between Aaron Judge and Shohei Ohtani features the two biggest generators of global baseball star power, a columnist for The Athletic writes.
[2024-11-10T17:41:00.766+0000] {logging_mixin.py:188} INFO - nytimes
[2024-11-10T17:41:00.766+0000] {logging_mixin.py:188} INFO - The move gives Kim Jong-un, the leader of North Korea, leverage to ask President Vladimir Putin of Russia for a lot in return.
[2024-11-10T17:41:00.767+0000] {logging_mixin.py:188} INFO - nytimes
[2024-11-10T17:41:00.767+0000] {logging_mixin.py:188} INFO - Violence has rocked communities in Ontario and British Columbia in the past 18 months. Now the authorities say the Indian government was behind it.
[2024-11-10T17:41:00.768+0000] {logging_mixin.py:188} INFO - nytimes
[2024-11-10T17:41:00.769+0000] {logging_mixin.py:188} INFO - Donald Trump, Elon Musk and CNN have cited predictions from Polymarket, a site where crypto enthusiasts have wagered more than $100 million on the presidency.
[2024-11-10T17:41:00.770+0000] {logging_mixin.py:188} INFO - nytimes
[2024-11-10T17:41:00.770+0000] {logging_mixin.py:188} INFO - Climate change, civil conflict and growing resistance to insecticides and treatments are all contributing to an alarming spread of cases.
[2024-11-10T17:41:00.771+0000] {logging_mixin.py:188} INFO - nytimes
[2024-11-10T17:41:00.771+0000] {logging_mixin.py:188} INFO - One of West Africa’s most tolerant societies has seen a string of assaults after social media influencers exhorted their followers to “hunt” gay men.
[2024-11-10T17:41:00.772+0000] {logging_mixin.py:188} INFO - nytimes
[2024-11-10T17:41:00.772+0000] {logging_mixin.py:188} INFO - A new drama starring Ralph Fiennes draws the audience inside this largely hidden tradition. How accurate is it?
[2024-11-10T17:41:00.773+0000] {logging_mixin.py:188} INFO - nytimes
[2024-11-10T17:41:00.773+0000] {logging_mixin.py:188} INFO - NASA and the U.S. Poet Laureate may not be obvious collaborators, but a Jupiter-bound mission helped them find common ground.
[2024-11-10T17:41:00.774+0000] {logging_mixin.py:188} INFO - nytimes
[2024-11-10T17:41:00.774+0000] {logging_mixin.py:188} INFO - We explain North Korea’s decision to send troops to help Russia.
[2024-11-10T17:41:00.775+0000] {logging_mixin.py:188} INFO - nytimes
[2024-11-10T17:41:00.775+0000] {logging_mixin.py:188} INFO - The “Tonight Show” host was excited about Beyoncé’s plans to appear with the vice president.
[2024-11-10T17:41:00.776+0000] {logging_mixin.py:188} INFO - nytimes
[2024-11-10T17:41:00.776+0000] {logging_mixin.py:188} INFO - Recent gestures by Turkish leaders suggest the possibility of new peace talks with the group fighting for Kurdish autonomy.
[2024-11-10T17:41:00.777+0000] {logging_mixin.py:188} INFO - nytimes
[2024-11-10T17:41:00.777+0000] {logging_mixin.py:188} INFO - President Biden’s trip to Arizona will be the first time a U.S. president has apologized for the abuses that happened at the schools over a period of 150 years.
[2024-11-10T17:41:00.778+0000] {logging_mixin.py:188} INFO - nytimes
[2024-11-10T17:41:00.779+0000] {logging_mixin.py:188} INFO - A third of state residents use private wells, and about four out of 10 wells tested after Hurricane Helene weren’t safe, highlighting the risks of extreme weather.
[2024-11-10T17:41:00.779+0000] {logging_mixin.py:188} INFO - nytimes
[2024-11-10T17:41:00.780+0000] {logging_mixin.py:188} INFO - The Justice Department filed suit last month after a container ship slammed into the Francis Scott Key Bridge in March, killing six workers.
[2024-11-10T17:41:00.781+0000] {logging_mixin.py:188} INFO - nytimes
[2024-11-10T17:41:00.781+0000] {logging_mixin.py:188} INFO - Fever around the sealed peanut butter and jelly sandwiches is spreading around the league. The findings are nuts.
[2024-11-10T17:41:00.782+0000] {logging_mixin.py:188} INFO - nytimes
[2024-11-10T17:41:00.782+0000] {logging_mixin.py:188} INFO - Andy Carroll discusses why he left England: “I don’t speak French. I just repeat what other people say and try to learn through that.”
[2024-11-10T17:41:00.783+0000] {logging_mixin.py:188} INFO - nytimes
[2024-11-10T17:41:00.783+0000] {logging_mixin.py:188} INFO - “The Wall!” is a 4,500 seat area at the Intuit Dome, a steep section full of just Clippers fans.
[2024-11-10T17:41:00.784+0000] {logging_mixin.py:188} INFO - nytimes
[2024-11-10T17:41:00.784+0000] {logging_mixin.py:188} INFO - Starting in November, 25 new site-specific installations that explore the idea of home will fill the former Carnegie mansion in Manhattan.
[2024-11-10T17:41:00.785+0000] {logging_mixin.py:188} INFO - nytimes
[2024-11-10T17:41:00.785+0000] {logging_mixin.py:188} INFO - The artist Barbara Chase-Riboud is being celebrated, including in the Louvre.
[2024-11-10T17:41:00.786+0000] {logging_mixin.py:188} INFO - nytimes
[2024-11-10T17:41:00.786+0000] {logging_mixin.py:188} INFO - The central role of printmaking in Mexican art is on view at the Met.
[2024-11-10T17:41:00.787+0000] {logging_mixin.py:188} INFO - nytimes
[2024-11-10T17:41:00.787+0000] {logging_mixin.py:188} INFO - “Alma” views its often-vilified protagonist through a feminist lens.
[2024-11-10T17:41:00.788+0000] {logging_mixin.py:188} INFO - nytimes
[2024-11-10T17:41:00.788+0000] {logging_mixin.py:188} INFO - Guess the 5-letter word with 6 chances.
[2024-11-10T17:41:00.789+0000] {logging_mixin.py:188} INFO - nytimes
[2024-11-10T17:41:00.789+0000] {logging_mixin.py:188} INFO - Group words that share a common thread.
[2024-11-10T17:41:00.790+0000] {logging_mixin.py:188} INFO - nytimes
[2024-11-10T17:41:00.790+0000] {logging_mixin.py:188} INFO - Uncover hidden words and reveal the theme.
[2024-11-10T17:41:00.791+0000] {logging_mixin.py:188} INFO - nytimes
[2024-11-10T17:41:00.791+0000] {logging_mixin.py:188} INFO - How many words can you make with 7 letters?
[2024-11-10T17:41:00.792+0000] {logging_mixin.py:188} INFO - nytimes
[2024-11-10T17:41:00.792+0000] {logging_mixin.py:188} INFO - Get clued in with wordplay, every day.
[2024-11-10T17:41:00.793+0000] {logging_mixin.py:188} INFO - nytimes
[2024-11-10T17:41:00.793+0000] {logging_mixin.py:188} INFO - Take a break from the news. Solve this bite-sized puzzle in just a few minutes.
[2024-11-10T17:41:00.794+0000] {logging_mixin.py:188} INFO - bbc
[2024-11-10T17:41:00.794+0000] {logging_mixin.py:188} INFO - Top LA prosecutor backs Menendez brothers being released on parole
[2024-11-10T17:41:00.795+0000] {logging_mixin.py:188} INFO - bbc
[2024-11-10T17:41:00.795+0000] {logging_mixin.py:188} INFO - Democrats anxious as Trump gains ground in tight race
[2024-11-10T17:41:00.796+0000] {logging_mixin.py:188} INFO - bbc
[2024-11-10T17:41:00.796+0000] {logging_mixin.py:188} INFO - Top LA prosecutor backs Menendez brothers being released on parole
[2024-11-10T17:41:00.797+0000] {logging_mixin.py:188} INFO - bbc
[2024-11-10T17:41:00.797+0000] {logging_mixin.py:188} INFO - Democrats anxious as Trump gains ground in tight race
[2024-11-10T17:41:00.798+0000] {logging_mixin.py:188} INFO - bbc
[2024-11-10T17:41:00.798+0000] {logging_mixin.py:188} INFO - ‘Death trap’ Channel boats traded by smugglers in German city, BBC investigation finds
[2024-11-10T17:41:00.799+0000] {logging_mixin.py:188} INFO - bbc
[2024-11-10T17:41:00.799+0000] {logging_mixin.py:188} INFO - Joe Rogan's path to a once-improbable Trump interview
[2024-11-10T17:41:00.800+0000] {logging_mixin.py:188} INFO - bbc
[2024-11-10T17:41:00.800+0000] {logging_mixin.py:188} INFO - Lost Silk Road cities discovered in Uzbek mountains
[2024-11-10T17:41:00.801+0000] {logging_mixin.py:188} INFO - bbc
[2024-11-10T17:41:00.801+0000] {logging_mixin.py:188} INFO - Moment BBC reporter returns tortured monkey into wild
[2024-11-10T17:41:00.802+0000] {logging_mixin.py:188} INFO - bbc
[2024-11-10T17:41:00.802+0000] {logging_mixin.py:188} INFO - Three Lebanese journalists killed in Israeli strike
[2024-11-10T17:41:00.803+0000] {logging_mixin.py:188} INFO - bbc
[2024-11-10T17:41:00.803+0000] {logging_mixin.py:188} INFO - The film lifting the lid on the Pope's election
[2024-11-10T17:41:00.804+0000] {logging_mixin.py:188} INFO - bbc
[2024-11-10T17:41:00.804+0000] {logging_mixin.py:188} INFO - What to do when a friendship ends
[2024-11-10T17:41:00.805+0000] {logging_mixin.py:188} INFO - bbc
[2024-11-10T17:41:00.805+0000] {logging_mixin.py:188} INFO - India's balancing act with the West as Brics flexes new muscles
[2024-11-10T17:41:00.806+0000] {logging_mixin.py:188} INFO - bbc
[2024-11-10T17:41:00.806+0000] {logging_mixin.py:188} INFO - UK willing to hand over Gaza intelligence to war crimes court
[2024-11-10T17:41:00.807+0000] {logging_mixin.py:188} INFO - bbc
[2024-11-10T17:41:00.807+0000] {logging_mixin.py:188} INFO - Tense election fight for Georgia's future in Europe
[2024-11-10T17:41:00.808+0000] {logging_mixin.py:188} INFO - bbc
[2024-11-10T17:41:00.808+0000] {logging_mixin.py:188} INFO - Trump and Harris take detour from swing states as they head for Texas
[2024-11-10T17:41:00.809+0000] {logging_mixin.py:188} INFO - bbc
[2024-11-10T17:41:00.809+0000] {logging_mixin.py:188} INFO - Kurdish militant group behind attack on Turkish aerospace firm
[2024-11-10T17:41:00.810+0000] {logging_mixin.py:188} INFO - bbc
[2024-11-10T17:41:00.810+0000] {logging_mixin.py:188} INFO - UK willing to hand over Gaza intelligence to war crimes court
[2024-11-10T17:41:00.811+0000] {logging_mixin.py:188} INFO - bbc
[2024-11-10T17:41:00.811+0000] {logging_mixin.py:188} INFO - We must learn lessons from history, King tells Commonwealth
[2024-11-10T17:41:00.812+0000] {logging_mixin.py:188} INFO - bbc
[2024-11-10T17:41:00.812+0000] {logging_mixin.py:188} INFO - Ketchup in space: 'You gotta squirt it out'
[2024-11-10T17:41:00.813+0000] {logging_mixin.py:188} INFO - bbc
[2024-11-10T17:41:00.813+0000] {logging_mixin.py:188} INFO - Putin challenged over Ukraine war by BBC's Steve Rosenberg 
[2024-11-10T17:41:00.814+0000] {logging_mixin.py:188} INFO - bbc
[2024-11-10T17:41:00.814+0000] {logging_mixin.py:188} INFO - Tense election fight for Georgia's future in Europe
[2024-11-10T17:41:00.815+0000] {logging_mixin.py:188} INFO - bbc
[2024-11-10T17:41:00.815+0000] {logging_mixin.py:188} INFO - Menendez case that has divided America takes new turn
[2024-11-10T17:41:00.816+0000] {logging_mixin.py:188} INFO - bbc
[2024-11-10T17:41:00.816+0000] {logging_mixin.py:188} INFO - The AI that's already in your phone
[2024-11-10T17:41:00.817+0000] {logging_mixin.py:188} INFO - bbc
[2024-11-10T17:41:00.817+0000] {logging_mixin.py:188} INFO - Mpox - what we know... and what we don't
[2024-11-10T17:41:00.818+0000] {logging_mixin.py:188} INFO - bbc
[2024-11-10T17:41:00.818+0000] {logging_mixin.py:188} INFO - King: 'It is vital that we understand our history'
[2024-11-10T17:41:00.819+0000] {logging_mixin.py:188} INFO - bbc
[2024-11-10T17:41:00.819+0000] {logging_mixin.py:188} INFO - 'I need to go to team at bottom of table in England' 
[2024-11-10T17:41:00.820+0000] {logging_mixin.py:188} INFO - bbc
[2024-11-10T17:41:00.820+0000] {logging_mixin.py:188} INFO - 'We must change the way we measure debt': UK chancellor
[2024-11-10T17:41:00.821+0000] {logging_mixin.py:188} INFO - bbc
[2024-11-10T17:41:00.821+0000] {logging_mixin.py:188} INFO - The battle over one of Italy's most famous pastas
[2024-11-10T17:41:00.822+0000] {logging_mixin.py:188} INFO - bbc
[2024-11-10T17:41:00.822+0000] {logging_mixin.py:188} INFO - The 5 nature wins that have actually worked
[2024-11-10T17:41:00.823+0000] {logging_mixin.py:188} INFO - bbc
[2024-11-10T17:41:00.823+0000] {logging_mixin.py:188} INFO - Would Harris's price gouging plan really help US consumers? 
[2024-11-10T17:41:00.823+0000] {logging_mixin.py:188} INFO - bbc
[2024-11-10T17:41:00.824+0000] {logging_mixin.py:188} INFO - US election polls: Who is ahead - Harris or Trump?
[2024-11-10T17:41:00.824+0000] {logging_mixin.py:188} INFO - bbc
[2024-11-10T17:41:00.825+0000] {logging_mixin.py:188} INFO - Angry Kenyans' comments crash Senate email address
[2024-11-10T17:41:00.825+0000] {logging_mixin.py:188} INFO - bbc
[2024-11-10T17:41:00.826+0000] {logging_mixin.py:188} INFO - Obama and stars help Democrats shore up Georgia votes
[2024-11-10T17:41:00.826+0000] {logging_mixin.py:188} INFO - bbc
[2024-11-10T17:41:00.827+0000] {logging_mixin.py:188} INFO - Ex-rebel gets 40-year jail term in landmark Ugandan case
[2024-11-10T17:41:00.827+0000] {logging_mixin.py:188} INFO - bbc
[2024-11-10T17:41:00.828+0000] {logging_mixin.py:188} INFO - Footballer denies plot to smuggle £600k cannabis
[2024-11-10T17:41:00.828+0000] {logging_mixin.py:188} INFO - bbc
[2024-11-10T17:41:00.829+0000] {logging_mixin.py:188} INFO - Premier League: Arteta news conference - Saka, Calafiori and Timber 'very uncertain' to face Liverpool
[2024-11-10T17:41:00.829+0000] {logging_mixin.py:188} INFO - bbc
[2024-11-10T17:41:00.830+0000] {logging_mixin.py:188} INFO - Shakeel puts Pakistan in charge of deciding Test
[2024-11-10T17:41:00.830+0000] {logging_mixin.py:188} INFO - bbc
[2024-11-10T17:41:00.831+0000] {logging_mixin.py:188} INFO - All eyes on Ten Hag & Man Utd - but Mourinho steals show again
[2024-11-10T17:41:00.832+0000] {logging_mixin.py:188} INFO - bbc
[2024-11-10T17:41:00.832+0000] {logging_mixin.py:188} INFO - 'I was worried about bleeding on McGregor's expensive shirt'
[2024-11-10T17:41:00.833+0000] {logging_mixin.py:188} INFO - bbc
[2024-11-10T17:41:00.833+0000] {logging_mixin.py:188} INFO - US gets $100m settlement for Baltimore bridge collapse
[2024-11-10T17:41:00.834+0000] {logging_mixin.py:188} INFO - bbc
[2024-11-10T17:41:00.834+0000] {logging_mixin.py:188} INFO - Twice homeless millionaire tops UK black power list
[2024-11-10T17:41:00.835+0000] {logging_mixin.py:188} INFO - bbc
[2024-11-10T17:41:00.835+0000] {logging_mixin.py:188} INFO - What we know about the McDonald's E. coli outbreak
[2024-11-10T17:41:00.835+0000] {logging_mixin.py:188} INFO - bbc
[2024-11-10T17:41:00.836+0000] {logging_mixin.py:188} INFO - The software extending the life of your phone
[2024-11-10T17:41:00.836+0000] {logging_mixin.py:188} INFO - bbc
[2024-11-10T17:41:00.837+0000] {logging_mixin.py:188} INFO - Call of Duty: Black Ops 6 launches with eyes on Game Pass
[2024-11-10T17:41:00.837+0000] {logging_mixin.py:188} INFO - bbc
[2024-11-10T17:41:00.838+0000] {logging_mixin.py:188} INFO - Can meetup apps help us make friends? 
[2024-11-10T17:41:00.838+0000] {logging_mixin.py:188} INFO - bbc
[2024-11-10T17:41:00.839+0000] {logging_mixin.py:188} INFO - The odd-tasting oil that turned out to be healthy
[2024-11-10T17:41:00.839+0000] {logging_mixin.py:188} INFO - bbc
[2024-11-10T17:41:00.840+0000] {logging_mixin.py:188} INFO - All aboard Tanzania's electric train breaking new ground for East Africa
[2024-11-10T17:41:00.840+0000] {logging_mixin.py:188} INFO - bbc
[2024-11-10T17:41:00.841+0000] {logging_mixin.py:188} INFO - Qasr al-Farid: The Lonely Castle of the ancient Nabateans
[2024-11-10T17:41:00.841+0000] {logging_mixin.py:188} INFO - bbc
[2024-11-10T17:41:00.841+0000] {logging_mixin.py:188} INFO - Mescal cast in Gladiator II after '30-minute Zoom call'
[2024-11-10T17:41:00.842+0000] {logging_mixin.py:188} INFO - bbc
[2024-11-10T17:41:00.842+0000] {logging_mixin.py:188} INFO - Raye's songwriting books for new album stolen
[2024-11-10T17:41:00.843+0000] {logging_mixin.py:188} INFO - bbc
[2024-11-10T17:41:00.843+0000] {logging_mixin.py:188} INFO - Kate Bush reveals plans to make new music
[2024-11-10T17:41:00.844+0000] {logging_mixin.py:188} INFO - bbc
[2024-11-10T17:41:00.844+0000] {logging_mixin.py:188} INFO - Bruce Springsteen: I rarely see my bandmates - we've seen each other enough
[2024-11-10T17:41:00.845+0000] {logging_mixin.py:188} INFO - bbc
[2024-11-10T17:41:00.845+0000] {logging_mixin.py:188} INFO - The battle over one of Italy's most famous pastas
[2024-11-10T17:41:00.846+0000] {logging_mixin.py:188} INFO - bbc
[2024-11-10T17:41:00.846+0000] {logging_mixin.py:188} INFO - A 315km bike ride into Earth's 'lost' continent
[2024-11-10T17:41:00.847+0000] {logging_mixin.py:188} INFO - bbc
[2024-11-10T17:41:00.847+0000] {logging_mixin.py:188} INFO - Where to hear traditional Irish music in Galway
[2024-11-10T17:41:00.848+0000] {logging_mixin.py:188} INFO - bbc
[2024-11-10T17:41:00.848+0000] {logging_mixin.py:188} INFO - Is an 'expedition' better than a holiday?
[2024-11-10T17:41:00.849+0000] {logging_mixin.py:188} INFO - bbc
[2024-11-10T17:41:00.849+0000] {logging_mixin.py:188} INFO - The 5 nature wins that have actually worked
[2024-11-10T17:41:00.850+0000] {logging_mixin.py:188} INFO - bbc
[2024-11-10T17:41:00.850+0000] {logging_mixin.py:188} INFO - The water industry is in crisis. Can it be fixed?
[2024-11-10T17:41:00.851+0000] {logging_mixin.py:188} INFO - bbc
[2024-11-10T17:41:00.851+0000] {logging_mixin.py:188} INFO - Is the UN warning of 3.1C global warming a surprise?
[2024-11-10T17:41:00.852+0000] {logging_mixin.py:188} INFO - bbc
[2024-11-10T17:41:00.852+0000] {logging_mixin.py:188} INFO - Why are disposable vapes so bad for the environment?
[2024-11-10T17:41:00.853+0000] {logging_mixin.py:188} INFO - bbc
[2024-11-10T17:41:00.853+0000] {logging_mixin.py:188} INFO - Father penguin uses unique call to distinguish chick
[2024-11-10T17:41:00.854+0000] {logging_mixin.py:188} INFO - bbc
[2024-11-10T17:41:00.854+0000] {logging_mixin.py:188} INFO - Bulgaria's valley of Thracian Kings and Damask roses
[2024-11-10T17:41:00.855+0000] {logging_mixin.py:188} INFO - bbc
[2024-11-10T17:41:00.855+0000] {logging_mixin.py:188} INFO - The Bahamas: The last lighthouse of its kind
[2024-11-10T17:41:00.856+0000] {logging_mixin.py:188} INFO - bbc
[2024-11-10T17:41:00.856+0000] {logging_mixin.py:188} INFO - Protecting Thailand's famous 'paradise beach'
[2024-11-10T17:41:00.857+0000] {logging_mixin.py:188} INFO - bbc
[2024-11-10T17:41:00.857+0000] {logging_mixin.py:188} INFO - World of Business
[2024-11-10T17:41:00.858+0000] {logging_mixin.py:188} INFO - bbc
[2024-11-10T17:41:00.858+0000] {logging_mixin.py:188} INFO - US Election Unspun
[2024-11-10T17:41:00.859+0000] {logging_mixin.py:188} INFO - bbc
[2024-11-10T17:41:00.859+0000] {logging_mixin.py:188} INFO - The Essential List
[2024-11-10T17:41:00.860+0000] {logging_mixin.py:188} INFO - bbc
[2024-11-10T17:41:00.860+0000] {logging_mixin.py:188} INFO - News Briefing
[2024-11-10T17:41:00.860+0000] {logging_mixin.py:188} INFO - bbc
[2024-11-10T17:41:00.861+0000] {logging_mixin.py:188} INFO - Obama and stars help Democrats shore up Georgia votes
[2024-11-10T17:41:00.861+0000] {logging_mixin.py:188} INFO - bbc
[2024-11-10T17:41:00.862+0000] {logging_mixin.py:188} INFO - US election polls: Who is ahead - Harris or Trump?
[2024-11-10T17:41:00.862+0000] {logging_mixin.py:188} INFO - bbc
[2024-11-10T17:41:00.863+0000] {logging_mixin.py:188} INFO - Democrats anxious as Trump gains ground in tight race
[2024-11-10T17:41:00.863+0000] {logging_mixin.py:188} INFO - bbc
[2024-11-10T17:41:00.864+0000] {logging_mixin.py:188} INFO - Joe Rogan's path to a once-improbable Trump interview
[2024-11-10T17:41:00.864+0000] {logging_mixin.py:188} INFO - bbc
[2024-11-10T17:41:00.864+0000] {logging_mixin.py:188} INFO - UK willing to hand over Gaza intelligence to war crimes court
[2024-11-10T17:41:00.865+0000] {logging_mixin.py:188} INFO - bbc
[2024-11-10T17:41:00.865+0000] {logging_mixin.py:188} INFO - Gaza ceasefire talks to resume in coming days
[2024-11-10T17:41:00.866+0000] {logging_mixin.py:188} INFO - bbc
[2024-11-10T17:41:00.866+0000] {logging_mixin.py:188} INFO - Gaza nurse who filmed moments after Israeli strike describes chaos and grief
[2024-11-10T17:41:00.867+0000] {logging_mixin.py:188} INFO - bbc
[2024-11-10T17:41:00.867+0000] {logging_mixin.py:188} INFO - Israel strike on Gaza school-turned-shelter kills 17, hospital says
[2024-11-10T17:41:00.868+0000] {logging_mixin.py:188} INFO - bbc
[2024-11-10T17:41:00.868+0000] {logging_mixin.py:188} INFO - North Korea troops in Ukraine would escalate conflict, Lukashenko tells BBC
[2024-11-10T17:41:00.869+0000] {logging_mixin.py:188} INFO - bbc
[2024-11-10T17:41:00.869+0000] {logging_mixin.py:188} INFO - Russians accused of crimes offered choice - go to war instead of court
[2024-11-10T17:41:00.870+0000] {logging_mixin.py:188} INFO - bbc
[2024-11-10T17:41:00.870+0000] {logging_mixin.py:188} INFO - PM says Russia risks global food security in Ukraine
[2024-11-10T17:41:00.871+0000] {logging_mixin.py:188} INFO - bbc
[2024-11-10T17:41:00.871+0000] {logging_mixin.py:188} INFO - Donated ambulance for injured Ukrainian soldiers
[2024-11-10T17:41:00.872+0000] {logging_mixin.py:188} INFO - bbc
[2024-11-10T17:41:00.872+0000] {logging_mixin.py:188} INFO - The water industry is in crisis. Can it be fixed?
[2024-11-10T17:41:00.873+0000] {logging_mixin.py:188} INFO - bbc
[2024-11-10T17:41:00.873+0000] {logging_mixin.py:188} INFO - Is the UK system letting down people who were harmed by Covid vaccines?
[2024-11-10T17:41:00.874+0000] {logging_mixin.py:188} INFO - bbc
[2024-11-10T17:41:00.874+0000] {logging_mixin.py:188} INFO - 'You lured him in': Rape myths and what we still get wrong about sexual assault
[2024-11-10T17:41:00.875+0000] {logging_mixin.py:188} INFO - bbc
[2024-11-10T17:41:00.875+0000] {logging_mixin.py:188} INFO - The work sickness timebomb that risks a lost generation of UK workers
[2024-11-10T17:41:00.877+0000] {logging_mixin.py:188} INFO - aljazeera
[2024-11-10T17:41:00.877+0000] {logging_mixin.py:188} INFO - Israeli raid kills 38 in Khan Younis after ‘major massacre’ in north Gaza
[2024-11-10T17:41:00.878+0000] {logging_mixin.py:188} INFO - aljazeera
[2024-11-10T17:41:00.878+0000] {logging_mixin.py:188} INFO - Live updates, 
[2024-11-10T17:41:00.879+0000] {logging_mixin.py:188} INFO - aljazeera
[2024-11-10T17:41:00.879+0000] {logging_mixin.py:188} INFO - list 1 of 6
[2024-11-10T17:41:00.880+0000] {logging_mixin.py:188} INFO - aljazeera
[2024-11-10T17:41:00.880+0000] {logging_mixin.py:188} INFO - Published 1 minutes ago
[2024-11-10T17:41:00.881+0000] {logging_mixin.py:188} INFO - aljazeera
[2024-11-10T17:41:00.881+0000] {logging_mixin.py:188} INFO - 1m ago
[2024-11-10T17:41:00.882+0000] {logging_mixin.py:188} INFO - aljazeera
[2024-11-10T17:41:00.882+0000] {logging_mixin.py:188} INFO - list 2 of 6
[2024-11-10T17:41:00.883+0000] {logging_mixin.py:188} INFO - aljazeera
[2024-11-10T17:41:00.883+0000] {logging_mixin.py:188} INFO - Published 21 minutes ago
[2024-11-10T17:41:00.884+0000] {logging_mixin.py:188} INFO - aljazeera
[2024-11-10T17:41:00.884+0000] {logging_mixin.py:188} INFO - 21m ago
[2024-11-10T17:41:00.884+0000] {logging_mixin.py:188} INFO - aljazeera
[2024-11-10T17:41:00.885+0000] {logging_mixin.py:188} INFO - list 3 of 6
[2024-11-10T17:41:00.885+0000] {logging_mixin.py:188} INFO - aljazeera
[2024-11-10T17:41:00.886+0000] {logging_mixin.py:188} INFO - Published 31 minutes ago
[2024-11-10T17:41:00.886+0000] {logging_mixin.py:188} INFO - aljazeera
[2024-11-10T17:41:00.886+0000] {logging_mixin.py:188} INFO - 31m ago
[2024-11-10T17:41:00.887+0000] {logging_mixin.py:188} INFO - aljazeera
[2024-11-10T17:41:00.887+0000] {logging_mixin.py:188} INFO - list 4 of 6
[2024-11-10T17:41:00.888+0000] {logging_mixin.py:188} INFO - aljazeera
[2024-11-10T17:41:00.888+0000] {logging_mixin.py:188} INFO - Published 41 minutes ago
[2024-11-10T17:41:00.889+0000] {logging_mixin.py:188} INFO - aljazeera
[2024-11-10T17:41:00.889+0000] {logging_mixin.py:188} INFO - 41m ago
[2024-11-10T17:41:00.890+0000] {logging_mixin.py:188} INFO - aljazeera
[2024-11-10T17:41:00.890+0000] {logging_mixin.py:188} INFO - list 5 of 6
[2024-11-10T17:41:00.891+0000] {logging_mixin.py:188} INFO - aljazeera
[2024-11-10T17:41:00.891+0000] {logging_mixin.py:188} INFO - Published 51 minutes ago
[2024-11-10T17:41:00.892+0000] {logging_mixin.py:188} INFO - aljazeera
[2024-11-10T17:41:00.892+0000] {logging_mixin.py:188} INFO - 51m ago
[2024-11-10T17:41:00.893+0000] {logging_mixin.py:188} INFO - aljazeera
[2024-11-10T17:41:00.893+0000] {logging_mixin.py:188} INFO - list 6 of 6
[2024-11-10T17:41:00.894+0000] {logging_mixin.py:188} INFO - aljazeera
[2024-11-10T17:41:00.894+0000] {logging_mixin.py:188} INFO - Published 1 hours ago
[2024-11-10T17:41:00.895+0000] {logging_mixin.py:188} INFO - aljazeera
[2024-11-10T17:41:00.895+0000] {logging_mixin.py:188} INFO - 1h ago
[2024-11-10T17:41:00.896+0000] {logging_mixin.py:188} INFO - aljazeera
[2024-11-10T17:41:00.896+0000] {logging_mixin.py:188} INFO - Israeli raid kills 38 in Khan Younis after ‘major massacre’ in north Gaza
[2024-11-10T17:41:00.897+0000] {logging_mixin.py:188} INFO - aljazeera
[2024-11-10T17:41:00.898+0000] {logging_mixin.py:188} INFO - PKK claims attack on Turkish defence company near Ankara that killed five
[2024-11-10T17:41:00.899+0000] {logging_mixin.py:188} INFO - aljazeera
[2024-11-10T17:41:00.899+0000] {logging_mixin.py:188} INFO - PKK claims attack on Turkish defence company near Ankara that killed five
[2024-11-10T17:41:00.900+0000] {logging_mixin.py:188} INFO - aljazeera
[2024-11-10T17:41:00.900+0000] {logging_mixin.py:188} INFO - Three journalists killed in Israeli attack in southern Lebanon
[2024-11-10T17:41:00.901+0000] {logging_mixin.py:188} INFO - aljazeera
[2024-11-10T17:41:00.901+0000] {logging_mixin.py:188} INFO - EXPLAINER
[2024-11-10T17:41:00.902+0000] {logging_mixin.py:188} INFO - aljazeera
[2024-11-10T17:41:00.903+0000] {logging_mixin.py:188} INFO - Can Liz Cheney help Kamala Harris’s campaign? Or will she hurt her?
[2024-11-10T17:41:00.904+0000] {logging_mixin.py:188} INFO - aljazeera
[2024-11-10T17:41:00.904+0000] {logging_mixin.py:188} INFO - Israel’s ‘war’ against the UN
[2024-11-10T17:41:00.905+0000] {logging_mixin.py:188} INFO - aljazeera
[2024-11-10T17:41:00.905+0000] {logging_mixin.py:188} INFO - At least 76 killed as Tropical Storm Trami batters the Philippines
[2024-11-10T17:41:00.906+0000] {logging_mixin.py:188} INFO - aljazeera
[2024-11-10T17:41:00.906+0000] {logging_mixin.py:188} INFO - Uganda sentences LRA commander Thomas Kwoyelo to 40 years for war crimes
[2024-11-10T17:41:00.907+0000] {logging_mixin.py:188} INFO - aljazeera
[2024-11-10T17:41:00.907+0000] {logging_mixin.py:188} INFO - Can China’s Xi and India’s Modi reset rocky ties after border detente?
[2024-11-10T17:41:00.908+0000] {logging_mixin.py:188} INFO - aljazeera
[2024-11-10T17:41:00.908+0000] {logging_mixin.py:188} INFO - South African Indigenous people fight Big Oil to defend ancestors’ spirits
[2024-11-10T17:41:00.909+0000] {logging_mixin.py:188} INFO - aljazeera
[2024-11-10T17:41:00.909+0000] {logging_mixin.py:188} INFO - Remembering Shamshad Abdullaev, the world-class Uzbek poet too few knew
[2024-11-10T17:41:00.910+0000] {logging_mixin.py:188} INFO - aljazeera
[2024-11-10T17:41:00.910+0000] {logging_mixin.py:188} INFO - Why are some Taiwanese afraid of giving legislators more power?
[2024-11-10T17:41:00.911+0000] {logging_mixin.py:188} INFO - aljazeera
[2024-11-10T17:41:00.911+0000] {logging_mixin.py:188} INFO - US election: 11 days left – What polls say, what Harris and Trump are up to
[2024-11-10T17:41:00.912+0000] {logging_mixin.py:188} INFO - aljazeera
[2024-11-10T17:41:00.912+0000] {logging_mixin.py:188} INFO - Britain argues over assisted dying: What to know about the emotive debate
[2024-11-10T17:41:00.913+0000] {logging_mixin.py:188} INFO - aljazeera
[2024-11-10T17:41:00.913+0000] {logging_mixin.py:188} INFO - From Catholic saints to Persian rulers: How are hurricanes named?
[2024-11-10T17:41:00.914+0000] {logging_mixin.py:188} INFO - aljazeera
[2024-11-10T17:41:00.914+0000] {logging_mixin.py:188} INFO - Israelis break into north Gaza as military’s deadly siege continues
[2024-11-10T17:41:00.915+0000] {logging_mixin.py:188} INFO - aljazeera
[2024-11-10T17:41:00.915+0000] {logging_mixin.py:188} INFO - Video Duration 02 minutes 07 seconds 
[2024-11-10T17:41:00.916+0000] {logging_mixin.py:188} INFO - aljazeera
[2024-11-10T17:41:00.916+0000] {logging_mixin.py:188} INFO - 02:07
[2024-11-10T17:41:00.917+0000] {logging_mixin.py:188} INFO - aljazeera
[2024-11-10T17:41:00.917+0000] {logging_mixin.py:188} INFO - Video Duration 02 minutes 07 seconds 
[2024-11-10T17:41:00.918+0000] {logging_mixin.py:188} INFO - aljazeera
[2024-11-10T17:41:00.918+0000] {logging_mixin.py:188} INFO - 02:07
[2024-11-10T17:41:00.919+0000] {logging_mixin.py:188} INFO - aljazeera
[2024-11-10T17:41:00.919+0000] {logging_mixin.py:188} INFO - Israeli forces storm Kamal Adwan Hospital during north Gaza siege
[2024-11-10T17:41:00.920+0000] {logging_mixin.py:188} INFO - aljazeera
[2024-11-10T17:41:00.920+0000] {logging_mixin.py:188} INFO - Video Duration 00 minutes 47 seconds 
[2024-11-10T17:41:00.921+0000] {logging_mixin.py:188} INFO - aljazeera
[2024-11-10T17:41:00.921+0000] {logging_mixin.py:188} INFO - 00:47
[2024-11-10T17:41:00.922+0000] {logging_mixin.py:188} INFO - aljazeera
[2024-11-10T17:41:00.922+0000] {logging_mixin.py:188} INFO - Video Duration 00 minutes 47 seconds 
[2024-11-10T17:41:00.923+0000] {logging_mixin.py:188} INFO - aljazeera
[2024-11-10T17:41:00.923+0000] {logging_mixin.py:188} INFO - 00:47
[2024-11-10T17:41:00.924+0000] {logging_mixin.py:188} INFO - aljazeera
[2024-11-10T17:41:00.924+0000] {logging_mixin.py:188} INFO - Bruce Springsteen, Samuel L Jackson, Spike Lee, rally for Harris
[2024-11-10T17:41:00.925+0000] {logging_mixin.py:188} INFO - aljazeera
[2024-11-10T17:41:00.925+0000] {logging_mixin.py:188} INFO - Video Duration 00 minutes 58 seconds 
[2024-11-10T17:41:00.926+0000] {logging_mixin.py:188} INFO - aljazeera
[2024-11-10T17:41:00.926+0000] {logging_mixin.py:188} INFO - 00:58
[2024-11-10T17:41:00.927+0000] {logging_mixin.py:188} INFO - aljazeera
[2024-11-10T17:41:00.927+0000] {logging_mixin.py:188} INFO - Video Duration 00 minutes 58 seconds 
[2024-11-10T17:41:00.928+0000] {logging_mixin.py:188} INFO - aljazeera
[2024-11-10T17:41:00.928+0000] {logging_mixin.py:188} INFO - 00:58
[2024-11-10T17:41:00.929+0000] {logging_mixin.py:188} INFO - aljazeera
[2024-11-10T17:41:00.929+0000] {logging_mixin.py:188} INFO - Al Jazeera locates young girl in Gaza seen carrying injured sister
[2024-11-10T17:41:00.930+0000] {logging_mixin.py:188} INFO - aljazeera
[2024-11-10T17:41:00.930+0000] {logging_mixin.py:188} INFO - Video Duration 02 minutes 24 seconds 
[2024-11-10T17:41:00.931+0000] {logging_mixin.py:188} INFO - aljazeera
[2024-11-10T17:41:00.931+0000] {logging_mixin.py:188} INFO - 02:24
[2024-11-10T17:41:00.932+0000] {logging_mixin.py:188} INFO - aljazeera
[2024-11-10T17:41:00.932+0000] {logging_mixin.py:188} INFO - Video Duration 02 minutes 24 seconds 
[2024-11-10T17:41:00.933+0000] {logging_mixin.py:188} INFO - aljazeera
[2024-11-10T17:41:00.933+0000] {logging_mixin.py:188} INFO - 02:24
[2024-11-10T17:41:00.934+0000] {logging_mixin.py:188} INFO - aljazeera
[2024-11-10T17:41:00.934+0000] {logging_mixin.py:188} INFO - South Korea condemns Russia’s move to seal defence pact with North Korea
[2024-11-10T17:41:00.935+0000] {logging_mixin.py:188} INFO - aljazeera
[2024-11-10T17:41:00.935+0000] {logging_mixin.py:188} INFO - Seoul ‘strongly urges’ immediate withdrawal of North Korean troops from Russia.
[2024-11-10T17:41:00.936+0000] {logging_mixin.py:188} INFO - aljazeera
[2024-11-10T17:41:00.936+0000] {logging_mixin.py:188} INFO - South Korea condemns Russia’s move to seal defence pact with North Korea
[2024-11-10T17:41:00.937+0000] {logging_mixin.py:188} INFO - aljazeera
[2024-11-10T17:41:00.937+0000] {logging_mixin.py:188} INFO - Seoul ‘strongly urges’ immediate withdrawal of North Korean troops from Russia.
[2024-11-10T17:41:00.938+0000] {logging_mixin.py:188} INFO - aljazeera
[2024-11-10T17:41:00.938+0000] {logging_mixin.py:188} INFO - Israeli raid kills 38 in Khan Younis after ‘major massacre’ in north Gaza
[2024-11-10T17:41:00.939+0000] {logging_mixin.py:188} INFO - aljazeera
[2024-11-10T17:41:00.939+0000] {logging_mixin.py:188} INFO - US election: 11 days left – What polls say, what Harris and Trump are up to
[2024-11-10T17:41:00.940+0000] {logging_mixin.py:188} INFO - aljazeera
[2024-11-10T17:41:00.940+0000] {logging_mixin.py:188} INFO - Israel’s ‘war’ against the UN
[2024-11-10T17:41:00.941+0000] {logging_mixin.py:188} INFO - aljazeera
[2024-11-10T17:41:00.941+0000] {logging_mixin.py:188} INFO - Can China’s Xi and India’s Modi reset rocky ties after border detente?
[2024-11-10T17:41:00.942+0000] {logging_mixin.py:188} INFO - aljazeera
[2024-11-10T17:41:00.942+0000] {logging_mixin.py:188} INFO - PKK claims attack on Turkish defence company near Ankara that killed five
[2024-11-10T17:41:00.943+0000] {logging_mixin.py:188} INFO - aljazeera
[2024-11-10T17:41:00.943+0000] {logging_mixin.py:188} INFO - North Korean troops in Ukraine ‘fair game’, US warns Russia as war rages on
[2024-11-10T17:41:00.944+0000] {logging_mixin.py:188} INFO - aljazeera
[2024-11-10T17:41:00.944+0000] {logging_mixin.py:188} INFO - Want to know who will win the US election? Take a look at the stock market
[2024-11-10T17:41:00.945+0000] {logging_mixin.py:188} INFO - aljazeera
[2024-11-10T17:41:00.945+0000] {logging_mixin.py:188} INFO - Russia-Ukraine war: List of key events, day 973
[2024-11-10T17:41:00.946+0000] {logging_mixin.py:188} INFO - aljazeera
[2024-11-10T17:41:00.946+0000] {logging_mixin.py:188} INFO - Photos: Exact moment Israeli missile strikes building in Beirut
[2024-11-10T17:41:00.947+0000] {logging_mixin.py:188} INFO - aljazeera
[2024-11-10T17:41:00.947+0000] {logging_mixin.py:188} INFO - At BRICS summit, Putin welcomes Trump’s comments on ending Ukraine war
[2024-11-10T17:41:02.287+0000] {python.py:237} INFO - Done. Returned value was: None
[2024-11-10T17:41:02.287+0000] {taskinstance.py:441} INFO - ::group::Post task execution logs
[2024-11-10T17:41:02.293+0000] {taskinstance.py:1206} INFO - Marking task as SUCCESS. dag_id=molecule_load_dag, task_id=transform_and_load_op, run_id=manual__2024-11-10T17:40:54.551968+00:00, execution_date=20241110T174054, start_date=20241110T174059, end_date=20241110T174102
[2024-11-10T17:41:02.322+0000] {local_task_job_runner.py:243} INFO - Task exited with return code 0
[2024-11-10T17:41:02.338+0000] {taskinstance.py:3503} INFO - 1 downstream tasks scheduled from follow-on schedule check
[2024-11-10T17:41:02.340+0000] {local_task_job_runner.py:222} INFO - ::endgroup::
