[2024-12-03T15:51:12.438+0000] {local_task_job_runner.py:120} INFO - ::group::Pre task execution logs
[2024-12-03T15:51:12.449+0000] {taskinstance.py:2076} INFO - Dependencies all met for dep_context=non-requeueable deps ti=<TaskInstance: news_dag.transform_and_load_op manual__2024-12-03T15:50:53.973034+00:00 [queued]>
[2024-12-03T15:51:12.454+0000] {taskinstance.py:2076} INFO - Dependencies all met for dep_context=requeueable deps ti=<TaskInstance: news_dag.transform_and_load_op manual__2024-12-03T15:50:53.973034+00:00 [queued]>
[2024-12-03T15:51:12.454+0000] {taskinstance.py:2306} INFO - Starting attempt 1 of 1
[2024-12-03T15:51:12.462+0000] {taskinstance.py:2330} INFO - Executing <Task(PythonOperator): transform_and_load_op> on 2024-12-03 15:50:53.973034+00:00
[2024-12-03T15:51:12.470+0000] {standard_task_runner.py:90} INFO - Running: ['***', 'tasks', 'run', 'news_dag', 'transform_and_load_op', 'manual__2024-12-03T15:50:53.973034+00:00', '--job-id', '36', '--raw', '--subdir', 'DAGS_FOLDER/etl_dag.py', '--cfg-path', '/tmp/tmp62kzjpm2']
[2024-12-03T15:51:12.473+0000] {standard_task_runner.py:91} INFO - Job 36: Subtask transform_and_load_op
[2024-12-03T15:51:12.472+0000] {logging_mixin.py:188} WARNING - /home/***/.local/lib/python3.12/site-packages/***/task/task_runner/standard_task_runner.py:62 DeprecationWarning: This process (pid=5052) is multi-threaded, use of fork() may lead to deadlocks in the child.
[2024-12-03T15:51:12.474+0000] {standard_task_runner.py:64} INFO - Started process 5061 to run task
[2024-12-03T15:51:12.516+0000] {task_command.py:426} INFO - Running <TaskInstance: news_dag.transform_and_load_op manual__2024-12-03T15:50:53.973034+00:00 [running]> on host 6f562db0c9a5
[2024-12-03T15:51:12.599+0000] {taskinstance.py:2648} INFO - Exporting env vars: AIRFLOW_CTX_DAG_OWNER='***' AIRFLOW_CTX_DAG_ID='news_dag' AIRFLOW_CTX_TASK_ID='transform_and_load_op' AIRFLOW_CTX_EXECUTION_DATE='2024-12-03T15:50:53.973034+00:00' AIRFLOW_CTX_TRY_NUMBER='1' AIRFLOW_CTX_DAG_RUN_ID='manual__2024-12-03T15:50:53.973034+00:00'
[2024-12-03T15:51:12.601+0000] {taskinstance.py:430} INFO - ::endgroup::
[2024-12-03T15:51:12.618+0000] {base.py:84} INFO - Using connection ID 'aws_connection' for task execution.
[2024-12-03T15:51:18.444+0000] {logging_mixin.py:188} WARNING - /opt/***/utils_shared/utils/transform_and_load.py:62 FutureWarning: The behavior of DataFrame concatenation with empty or all-NA entries is deprecated. In a future version, this will no longer exclude empty or all-NA columns when determining the result dtypes. To retain the old behavior, exclude the relevant entries before the concat operation.
[2024-12-03T15:51:20.145+0000] {logging_mixin.py:188} INFO - heyyyy
[2024-12-03T15:51:20.152+0000] {logging_mixin.py:188} INFO -                                          news_string  ...   timestamp
0  He’s 16 and hyped as Bolt’s successor – but Go...  ...  2024-12-03
1  Police disperse crowds with force in third str...  ...  2024-12-03
2  Koyo Kouoh appointed curator of 2026 Venice Bi...  ...  2024-12-03
3  Court rules former Nazi camp guard, 100, can f...  ...  2024-12-03
4  Meloni says Italy aims to protect jobs after C...  ...  2024-12-03

[5 rows x 6 columns]
[2024-12-03T15:51:20.227+0000] {logging_mixin.py:188} INFO - [('trump', 23), ('biden', 14), ('new', 12), ('president', 12), ('says', 10), ('law', 9), ('us', 9), ('world', 9), ('gaza', 8), ('government', 8), ('pay', 8), ('ukraine', 8), ('court', 7), ('martial', 7), ('uk', 7), ('pardon', 7), ('ceasefire', 7), ('war', 7), ('make', 7), ('israel', 7)]
[2024-12-03T15:51:20.771+0000] {logging_mixin.py:188} INFO - Uploaded freq data
[2024-12-03T15:51:20.801+0000] {python.py:237} INFO - Done. Returned value was: None
[2024-12-03T15:51:20.801+0000] {taskinstance.py:441} INFO - ::group::Post task execution logs
[2024-12-03T15:51:20.807+0000] {taskinstance.py:1206} INFO - Marking task as SUCCESS. dag_id=news_dag, task_id=transform_and_load_op, run_id=manual__2024-12-03T15:50:53.973034+00:00, execution_date=20241203T155053, start_date=20241203T155112, end_date=20241203T155120
[2024-12-03T15:51:20.841+0000] {local_task_job_runner.py:243} INFO - Task exited with return code 0
[2024-12-03T15:51:20.856+0000] {taskinstance.py:3503} INFO - 1 downstream tasks scheduled from follow-on schedule check
[2024-12-03T15:51:20.857+0000] {local_task_job_runner.py:222} INFO - ::endgroup::
