[2024-11-10T14:30:32.463+0000] {local_task_job_runner.py:120} INFO - ::group::Pre task execution logs
[2024-11-10T14:30:32.476+0000] {taskinstance.py:2076} INFO - Dependencies all met for dep_context=non-requeueable deps ti=<TaskInstance: molecule_load_dag.extract_and_load_op manual__2024-11-10T14:30:31.709654+00:00 [queued]>
[2024-11-10T14:30:32.482+0000] {taskinstance.py:2076} INFO - Dependencies all met for dep_context=requeueable deps ti=<TaskInstance: molecule_load_dag.extract_and_load_op manual__2024-11-10T14:30:31.709654+00:00 [queued]>
[2024-11-10T14:30:32.483+0000] {taskinstance.py:2306} INFO - Starting attempt 1 of 1
[2024-11-10T14:30:32.491+0000] {taskinstance.py:2330} INFO - Executing <Task(PythonOperator): extract_and_load_op> on 2024-11-10 14:30:31.709654+00:00
[2024-11-10T14:30:32.497+0000] {standard_task_runner.py:90} INFO - Running: ['***', 'tasks', 'run', 'molecule_load_dag', 'extract_and_load_op', 'manual__2024-11-10T14:30:31.709654+00:00', '--job-id', '58', '--raw', '--subdir', 'DAGS_FOLDER/etl_dag.py', '--cfg-path', '/tmp/tmpy3w92z_4']
[2024-11-10T14:30:32.500+0000] {logging_mixin.py:188} WARNING - /home/***/.local/lib/python3.12/site-packages/***/task/task_runner/standard_task_runner.py:62 DeprecationWarning: This process (pid=762) is multi-threaded, use of fork() may lead to deadlocks in the child.
[2024-11-10T14:30:32.500+0000] {standard_task_runner.py:91} INFO - Job 58: Subtask extract_and_load_op
[2024-11-10T14:30:32.501+0000] {standard_task_runner.py:64} INFO - Started process 763 to run task
[2024-11-10T14:30:32.534+0000] {task_command.py:426} INFO - Running <TaskInstance: molecule_load_dag.extract_and_load_op manual__2024-11-10T14:30:31.709654+00:00 [running]> on host 11ad264474a7
[2024-11-10T14:30:32.584+0000] {taskinstance.py:2648} INFO - Exporting env vars: AIRFLOW_CTX_DAG_OWNER='***' AIRFLOW_CTX_DAG_ID='molecule_load_dag' AIRFLOW_CTX_TASK_ID='extract_and_load_op' AIRFLOW_CTX_EXECUTION_DATE='2024-11-10T14:30:31.709654+00:00' AIRFLOW_CTX_TRY_NUMBER='1' AIRFLOW_CTX_DAG_RUN_ID='manual__2024-11-10T14:30:31.709654+00:00'
[2024-11-10T14:30:32.585+0000] {taskinstance.py:430} INFO - ::endgroup::
[2024-11-10T14:30:32.603+0000] {base.py:84} INFO - Using connection ID 'aws_connection' for task execution.
[2024-11-10T14:30:32.603+0000] {logging_mixin.py:188} INFO - us-east-2
AKIAS2VS4PHYE3LHQNFT
***
[2024-11-10T14:30:32.932+0000] {logging_mixin.py:188} INFO - issue here
[2024-11-10T14:30:35.683+0000] {python.py:237} INFO - Done. Returned value was: None
[2024-11-10T14:30:35.684+0000] {taskinstance.py:441} INFO - ::group::Post task execution logs
[2024-11-10T14:30:35.690+0000] {taskinstance.py:1206} INFO - Marking task as SUCCESS. dag_id=molecule_load_dag, task_id=extract_and_load_op, run_id=manual__2024-11-10T14:30:31.709654+00:00, execution_date=20241110T143031, start_date=20241110T143032, end_date=20241110T143035
[2024-11-10T14:30:35.717+0000] {local_task_job_runner.py:243} INFO - Task exited with return code 0
[2024-11-10T14:30:35.734+0000] {taskinstance.py:3503} INFO - 1 downstream tasks scheduled from follow-on schedule check
[2024-11-10T14:30:35.735+0000] {local_task_job_runner.py:222} INFO - ::endgroup::
