[2024-12-02T15:30:52.165+0000] {local_task_job_runner.py:120} INFO - ::group::Pre task execution logs
[2024-12-02T15:30:52.177+0000] {taskinstance.py:2076} INFO - Dependencies all met for dep_context=non-requeueable deps ti=<TaskInstance: news_dag.load_op manual__2024-12-02T15:30:23.538497+00:00 [queued]>
[2024-12-02T15:30:52.184+0000] {taskinstance.py:2076} INFO - Dependencies all met for dep_context=requeueable deps ti=<TaskInstance: news_dag.load_op manual__2024-12-02T15:30:23.538497+00:00 [queued]>
[2024-12-02T15:30:52.184+0000] {taskinstance.py:2306} INFO - Starting attempt 1 of 1
[2024-12-02T15:30:52.193+0000] {taskinstance.py:2330} INFO - Executing <Task(PythonOperator): load_op> on 2024-12-02 15:30:23.538497+00:00
[2024-12-02T15:30:52.201+0000] {standard_task_runner.py:90} INFO - Running: ['***', 'tasks', 'run', 'news_dag', 'load_op', 'manual__2024-12-02T15:30:23.538497+00:00', '--job-id', '5', '--raw', '--subdir', 'DAGS_FOLDER/etl_dag.py', '--cfg-path', '/tmp/tmpto1tlyc3']
[2024-12-02T15:30:52.203+0000] {standard_task_runner.py:91} INFO - Job 5: Subtask load_op
[2024-12-02T15:30:52.203+0000] {logging_mixin.py:188} WARNING - /home/***/.local/lib/python3.12/site-packages/***/task/task_runner/standard_task_runner.py:62 DeprecationWarning: This process (pid=590) is multi-threaded, use of fork() may lead to deadlocks in the child.
[2024-12-02T15:30:52.205+0000] {standard_task_runner.py:64} INFO - Started process 599 to run task
[2024-12-02T15:30:52.234+0000] {task_command.py:426} INFO - Running <TaskInstance: news_dag.load_op manual__2024-12-02T15:30:23.538497+00:00 [running]> on host a1d40e089ba1
[2024-12-02T15:30:52.287+0000] {taskinstance.py:2648} INFO - Exporting env vars: AIRFLOW_CTX_DAG_OWNER='***' AIRFLOW_CTX_DAG_ID='news_dag' AIRFLOW_CTX_TASK_ID='load_op' AIRFLOW_CTX_EXECUTION_DATE='2024-12-02T15:30:23.538497+00:00' AIRFLOW_CTX_TRY_NUMBER='1' AIRFLOW_CTX_DAG_RUN_ID='manual__2024-12-02T15:30:23.538497+00:00'
[2024-12-02T15:30:52.288+0000] {taskinstance.py:430} INFO - ::endgroup::
[2024-12-02T15:30:52.304+0000] {base.py:84} INFO - Using connection ID 'aws_connection' for task execution.
[2024-12-02T15:30:53.547+0000] {connection.py:274} WARNING - Connection schemes (type: google_cloud_platform) shall not contain '_' according to RFC3986.
[2024-12-02T15:30:53.548+0000] {base.py:84} INFO - Using connection ID 'gc_connection' for task execution.
[2024-12-02T15:31:01.164+0000] {logging_mixin.py:188} INFO - Errors occurred while inserting rows: [{'index': 0, 'errors': [{'reason': 'invalid', 'location': 'news_string', 'debugInfo': '', 'message': 'no such field: news_string.'}]}]
[2024-12-02T15:31:01.448+0000] {logging_mixin.py:188} INFO - Errors occurred while inserting rows: [{'index': 0, 'errors': [{'reason': 'invalid', 'location': 'news_string', 'debugInfo': '', 'message': 'no such field: news_string.'}]}]
[2024-12-02T15:31:01.713+0000] {logging_mixin.py:188} INFO - Errors occurred while inserting rows: [{'index': 0, 'errors': [{'reason': 'invalid', 'location': 'news_string', 'debugInfo': '', 'message': 'no such field: news_string.'}]}]
[2024-12-02T15:31:01.998+0000] {logging_mixin.py:188} INFO - Errors occurred while inserting rows: [{'index': 0, 'errors': [{'reason': 'invalid', 'location': 'news_string', 'debugInfo': '', 'message': 'no such field: news_string.'}]}]
[2024-12-02T15:31:02.255+0000] {logging_mixin.py:188} INFO - Errors occurred while inserting rows: [{'index': 0, 'errors': [{'reason': 'invalid', 'location': 'news_string', 'debugInfo': '', 'message': 'no such field: news_string.'}]}]
[2024-12-02T15:31:02.511+0000] {logging_mixin.py:188} INFO - Errors occurred while inserting rows: [{'index': 0, 'errors': [{'reason': 'invalid', 'location': 'news_string', 'debugInfo': '', 'message': 'no such field: news_string.'}]}]
[2024-12-02T15:31:02.769+0000] {logging_mixin.py:188} INFO - Errors occurred while inserting rows: [{'index': 0, 'errors': [{'reason': 'invalid', 'location': 'news_string', 'debugInfo': '', 'message': 'no such field: news_string.'}]}]
[2024-12-02T15:31:03.035+0000] {logging_mixin.py:188} INFO - Errors occurred while inserting rows: [{'index': 0, 'errors': [{'reason': 'invalid', 'location': 'news_string', 'debugInfo': '', 'message': 'no such field: news_string.'}]}]
[2024-12-02T15:31:03.301+0000] {logging_mixin.py:188} INFO - Errors occurred while inserting rows: [{'index': 0, 'errors': [{'reason': 'invalid', 'location': 'news_string', 'debugInfo': '', 'message': 'no such field: news_string.'}]}]
[2024-12-02T15:31:03.549+0000] {logging_mixin.py:188} INFO - Errors occurred while inserting rows: [{'index': 0, 'errors': [{'reason': 'invalid', 'location': 'news_string', 'debugInfo': '', 'message': 'no such field: news_string.'}]}]
[2024-12-02T15:31:03.803+0000] {logging_mixin.py:188} INFO - Errors occurred while inserting rows: [{'index': 0, 'errors': [{'reason': 'invalid', 'location': 'news_string', 'debugInfo': '', 'message': 'no such field: news_string.'}]}]
[2024-12-02T15:31:04.065+0000] {logging_mixin.py:188} INFO - Errors occurred while inserting rows: [{'index': 0, 'errors': [{'reason': 'invalid', 'location': 'news_string', 'debugInfo': '', 'message': 'no such field: news_string.'}]}]
[2024-12-02T15:31:04.334+0000] {logging_mixin.py:188} INFO - Errors occurred while inserting rows: [{'index': 0, 'errors': [{'reason': 'invalid', 'location': 'news_string', 'debugInfo': '', 'message': 'no such field: news_string.'}]}]
[2024-12-02T15:31:04.578+0000] {logging_mixin.py:188} INFO - Errors occurred while inserting rows: [{'index': 0, 'errors': [{'reason': 'invalid', 'location': 'news_string', 'debugInfo': '', 'message': 'no such field: news_string.'}]}]
[2024-12-02T15:31:04.826+0000] {logging_mixin.py:188} INFO - Errors occurred while inserting rows: [{'index': 0, 'errors': [{'reason': 'invalid', 'location': 'news_string', 'debugInfo': '', 'message': 'no such field: news_string.'}]}]
[2024-12-02T15:31:05.084+0000] {logging_mixin.py:188} INFO - Errors occurred while inserting rows: [{'index': 0, 'errors': [{'reason': 'invalid', 'location': 'news_string', 'debugInfo': '', 'message': 'no such field: news_string.'}]}]
[2024-12-02T15:31:05.338+0000] {logging_mixin.py:188} INFO - Errors occurred while inserting rows: [{'index': 0, 'errors': [{'reason': 'invalid', 'location': 'news_string', 'debugInfo': '', 'message': 'no such field: news_string.'}]}]
[2024-12-02T15:31:05.593+0000] {logging_mixin.py:188} INFO - Errors occurred while inserting rows: [{'index': 0, 'errors': [{'reason': 'invalid', 'location': 'news_string', 'debugInfo': '', 'message': 'no such field: news_string.'}]}]
[2024-12-02T15:31:05.867+0000] {logging_mixin.py:188} INFO - Errors occurred while inserting rows: [{'index': 0, 'errors': [{'reason': 'invalid', 'location': 'news_string', 'debugInfo': '', 'message': 'no such field: news_string.'}]}]
[2024-12-02T15:31:06.125+0000] {logging_mixin.py:188} INFO - Errors occurred while inserting rows: [{'index': 0, 'errors': [{'reason': 'invalid', 'location': 'news_string', 'debugInfo': '', 'message': 'no such field: news_string.'}]}]
[2024-12-02T15:31:06.388+0000] {logging_mixin.py:188} INFO - Errors occurred while inserting rows: [{'index': 0, 'errors': [{'reason': 'invalid', 'location': 'news_string', 'debugInfo': '', 'message': 'no such field: news_string.'}]}]
[2024-12-02T15:31:06.641+0000] {logging_mixin.py:188} INFO - Errors occurred while inserting rows: [{'index': 0, 'errors': [{'reason': 'invalid', 'location': 'news_string', 'debugInfo': '', 'message': 'no such field: news_string.'}]}]
[2024-12-02T15:31:06.895+0000] {logging_mixin.py:188} INFO - Errors occurred while inserting rows: [{'index': 0, 'errors': [{'reason': 'invalid', 'location': 'news_string', 'debugInfo': '', 'message': 'no such field: news_string.'}]}]
[2024-12-02T15:31:07.137+0000] {logging_mixin.py:188} INFO - Errors occurred while inserting rows: [{'index': 0, 'errors': [{'reason': 'invalid', 'location': 'news_string', 'debugInfo': '', 'message': 'no such field: news_string.'}]}]
[2024-12-02T15:31:07.424+0000] {logging_mixin.py:188} INFO - Errors occurred while inserting rows: [{'index': 0, 'errors': [{'reason': 'invalid', 'location': 'news_string', 'debugInfo': '', 'message': 'no such field: news_string.'}]}]
[2024-12-02T15:31:07.683+0000] {logging_mixin.py:188} INFO - Errors occurred while inserting rows: [{'index': 0, 'errors': [{'reason': 'invalid', 'location': 'news_string', 'debugInfo': '', 'message': 'no such field: news_string.'}]}]
[2024-12-02T15:31:07.899+0000] {logging_mixin.py:188} INFO - Errors occurred while inserting rows: [{'index': 0, 'errors': [{'reason': 'invalid', 'location': 'news_string', 'debugInfo': '', 'message': 'no such field: news_string.'}]}]
[2024-12-02T15:31:08.172+0000] {logging_mixin.py:188} INFO - Errors occurred while inserting rows: [{'index': 0, 'errors': [{'reason': 'invalid', 'location': 'news_string', 'debugInfo': '', 'message': 'no such field: news_string.'}]}]
[2024-12-02T15:31:08.451+0000] {logging_mixin.py:188} INFO - Errors occurred while inserting rows: [{'index': 0, 'errors': [{'reason': 'invalid', 'location': 'news_string', 'debugInfo': '', 'message': 'no such field: news_string.'}]}]
[2024-12-02T15:31:08.707+0000] {logging_mixin.py:188} INFO - Errors occurred while inserting rows: [{'index': 0, 'errors': [{'reason': 'invalid', 'location': 'news_string', 'debugInfo': '', 'message': 'no such field: news_string.'}]}]
[2024-12-02T15:31:08.953+0000] {logging_mixin.py:188} INFO - Errors occurred while inserting rows: [{'index': 0, 'errors': [{'reason': 'invalid', 'location': 'news_string', 'debugInfo': '', 'message': 'no such field: news_string.'}]}]
[2024-12-02T15:31:09.212+0000] {logging_mixin.py:188} INFO - Errors occurred while inserting rows: [{'index': 0, 'errors': [{'reason': 'invalid', 'location': 'news_string', 'debugInfo': '', 'message': 'no such field: news_string.'}]}]
[2024-12-02T15:31:09.464+0000] {logging_mixin.py:188} INFO - Errors occurred while inserting rows: [{'index': 0, 'errors': [{'reason': 'invalid', 'location': 'news_string', 'debugInfo': '', 'message': 'no such field: news_string.'}]}]
[2024-12-02T15:31:09.724+0000] {logging_mixin.py:188} INFO - Errors occurred while inserting rows: [{'index': 0, 'errors': [{'reason': 'invalid', 'location': 'news_string', 'debugInfo': '', 'message': 'no such field: news_string.'}]}]
[2024-12-02T15:31:09.976+0000] {logging_mixin.py:188} INFO - Errors occurred while inserting rows: [{'index': 0, 'errors': [{'reason': 'invalid', 'location': 'news_string', 'debugInfo': '', 'message': 'no such field: news_string.'}]}]
[2024-12-02T15:31:10.237+0000] {logging_mixin.py:188} INFO - Errors occurred while inserting rows: [{'index': 0, 'errors': [{'reason': 'invalid', 'location': 'news_string', 'debugInfo': '', 'message': 'no such field: news_string.'}]}]
[2024-12-02T15:31:10.499+0000] {logging_mixin.py:188} INFO - Errors occurred while inserting rows: [{'index': 0, 'errors': [{'reason': 'invalid', 'location': 'news_string', 'debugInfo': '', 'message': 'no such field: news_string.'}]}]
[2024-12-02T15:31:10.721+0000] {logging_mixin.py:188} INFO - Errors occurred while inserting rows: [{'index': 0, 'errors': [{'reason': 'invalid', 'location': 'news_string', 'debugInfo': '', 'message': 'no such field: news_string.'}]}]
[2024-12-02T15:31:10.973+0000] {logging_mixin.py:188} INFO - Errors occurred while inserting rows: [{'index': 0, 'errors': [{'reason': 'invalid', 'location': 'news_string', 'debugInfo': '', 'message': 'no such field: news_string.'}]}]
[2024-12-02T15:31:11.227+0000] {logging_mixin.py:188} INFO - Errors occurred while inserting rows: [{'index': 0, 'errors': [{'reason': 'invalid', 'location': 'news_string', 'debugInfo': '', 'message': 'no such field: news_string.'}]}]
[2024-12-02T15:31:11.486+0000] {logging_mixin.py:188} INFO - Errors occurred while inserting rows: [{'index': 0, 'errors': [{'reason': 'invalid', 'location': 'news_string', 'debugInfo': '', 'message': 'no such field: news_string.'}]}]
[2024-12-02T15:31:11.748+0000] {logging_mixin.py:188} INFO - Errors occurred while inserting rows: [{'index': 0, 'errors': [{'reason': 'invalid', 'location': 'news_string', 'debugInfo': '', 'message': 'no such field: news_string.'}]}]
[2024-12-02T15:31:12.024+0000] {logging_mixin.py:188} INFO - Errors occurred while inserting rows: [{'index': 0, 'errors': [{'reason': 'invalid', 'location': 'news_string', 'debugInfo': '', 'message': 'no such field: news_string.'}]}]
[2024-12-02T15:31:12.281+0000] {logging_mixin.py:188} INFO - Errors occurred while inserting rows: [{'index': 0, 'errors': [{'reason': 'invalid', 'location': 'news_string', 'debugInfo': '', 'message': 'no such field: news_string.'}]}]
[2024-12-02T15:31:12.528+0000] {logging_mixin.py:188} INFO - Errors occurred while inserting rows: [{'index': 0, 'errors': [{'reason': 'invalid', 'location': 'news_string', 'debugInfo': '', 'message': 'no such field: news_string.'}]}]
[2024-12-02T15:31:12.868+0000] {logging_mixin.py:188} INFO - Errors occurred while inserting rows: [{'index': 0, 'errors': [{'reason': 'invalid', 'location': 'news_string', 'debugInfo': '', 'message': 'no such field: news_string.'}]}]
[2024-12-02T15:31:13.132+0000] {logging_mixin.py:188} INFO - Errors occurred while inserting rows: [{'index': 0, 'errors': [{'reason': 'invalid', 'location': 'news_string', 'debugInfo': '', 'message': 'no such field: news_string.'}]}]
[2024-12-02T15:31:13.389+0000] {logging_mixin.py:188} INFO - Errors occurred while inserting rows: [{'index': 0, 'errors': [{'reason': 'invalid', 'location': 'news_string', 'debugInfo': '', 'message': 'no such field: news_string.'}]}]
[2024-12-02T15:31:13.634+0000] {logging_mixin.py:188} INFO - Errors occurred while inserting rows: [{'index': 0, 'errors': [{'reason': 'invalid', 'location': 'news_string', 'debugInfo': '', 'message': 'no such field: news_string.'}]}]
[2024-12-02T15:31:13.908+0000] {logging_mixin.py:188} INFO - Errors occurred while inserting rows: [{'index': 0, 'errors': [{'reason': 'invalid', 'location': 'news_string', 'debugInfo': '', 'message': 'no such field: news_string.'}]}]
[2024-12-02T15:31:14.164+0000] {logging_mixin.py:188} INFO - Errors occurred while inserting rows: [{'index': 0, 'errors': [{'reason': 'invalid', 'location': 'news_string', 'debugInfo': '', 'message': 'no such field: news_string.'}]}]
[2024-12-02T15:31:14.421+0000] {logging_mixin.py:188} INFO - Errors occurred while inserting rows: [{'index': 0, 'errors': [{'reason': 'invalid', 'location': 'news_string', 'debugInfo': '', 'message': 'no such field: news_string.'}]}]
[2024-12-02T15:31:14.675+0000] {logging_mixin.py:188} INFO - Errors occurred while inserting rows: [{'index': 0, 'errors': [{'reason': 'invalid', 'location': 'news_string', 'debugInfo': '', 'message': 'no such field: news_string.'}]}]
[2024-12-02T15:31:14.905+0000] {logging_mixin.py:188} INFO - Errors occurred while inserting rows: [{'index': 0, 'errors': [{'reason': 'invalid', 'location': 'news_string', 'debugInfo': '', 'message': 'no such field: news_string.'}]}]
[2024-12-02T15:31:15.171+0000] {logging_mixin.py:188} INFO - Errors occurred while inserting rows: [{'index': 0, 'errors': [{'reason': 'invalid', 'location': 'news_string', 'debugInfo': '', 'message': 'no such field: news_string.'}]}]
[2024-12-02T15:31:15.425+0000] {logging_mixin.py:188} INFO - Errors occurred while inserting rows: [{'index': 0, 'errors': [{'reason': 'invalid', 'location': 'news_string', 'debugInfo': '', 'message': 'no such field: news_string.'}]}]
[2024-12-02T15:31:15.706+0000] {logging_mixin.py:188} INFO - Errors occurred while inserting rows: [{'index': 0, 'errors': [{'reason': 'invalid', 'location': 'news_string', 'debugInfo': '', 'message': 'no such field: news_string.'}]}]
[2024-12-02T15:31:15.969+0000] {logging_mixin.py:188} INFO - Errors occurred while inserting rows: [{'index': 0, 'errors': [{'reason': 'invalid', 'location': 'news_string', 'debugInfo': '', 'message': 'no such field: news_string.'}]}]
[2024-12-02T15:31:16.219+0000] {logging_mixin.py:188} INFO - Errors occurred while inserting rows: [{'index': 0, 'errors': [{'reason': 'invalid', 'location': 'news_string', 'debugInfo': '', 'message': 'no such field: news_string.'}]}]
[2024-12-02T15:31:16.469+0000] {logging_mixin.py:188} INFO - Errors occurred while inserting rows: [{'index': 0, 'errors': [{'reason': 'invalid', 'location': 'news_string', 'debugInfo': '', 'message': 'no such field: news_string.'}]}]
[2024-12-02T15:31:16.739+0000] {logging_mixin.py:188} INFO - Errors occurred while inserting rows: [{'index': 0, 'errors': [{'reason': 'invalid', 'location': 'news_string', 'debugInfo': '', 'message': 'no such field: news_string.'}]}]
[2024-12-02T15:31:16.987+0000] {logging_mixin.py:188} INFO - Errors occurred while inserting rows: [{'index': 0, 'errors': [{'reason': 'invalid', 'location': 'news_string', 'debugInfo': '', 'message': 'no such field: news_string.'}]}]
[2024-12-02T15:31:17.251+0000] {logging_mixin.py:188} INFO - Errors occurred while inserting rows: [{'index': 0, 'errors': [{'reason': 'invalid', 'location': 'news_string', 'debugInfo': '', 'message': 'no such field: news_string.'}]}]
[2024-12-02T15:31:17.476+0000] {logging_mixin.py:188} INFO - Errors occurred while inserting rows: [{'index': 0, 'errors': [{'reason': 'invalid', 'location': 'news_string', 'debugInfo': '', 'message': 'no such field: news_string.'}]}]
[2024-12-02T15:31:17.732+0000] {logging_mixin.py:188} INFO - Errors occurred while inserting rows: [{'index': 0, 'errors': [{'reason': 'invalid', 'location': 'news_string', 'debugInfo': '', 'message': 'no such field: news_string.'}]}]
[2024-12-02T15:31:17.973+0000] {logging_mixin.py:188} INFO - Errors occurred while inserting rows: [{'index': 0, 'errors': [{'reason': 'invalid', 'location': 'news_string', 'debugInfo': '', 'message': 'no such field: news_string.'}]}]
[2024-12-02T15:31:18.235+0000] {logging_mixin.py:188} INFO - Errors occurred while inserting rows: [{'index': 0, 'errors': [{'reason': 'invalid', 'location': 'news_string', 'debugInfo': '', 'message': 'no such field: news_string.'}]}]
[2024-12-02T15:31:18.464+0000] {logging_mixin.py:188} INFO - Errors occurred while inserting rows: [{'index': 0, 'errors': [{'reason': 'invalid', 'location': 'news_string', 'debugInfo': '', 'message': 'no such field: news_string.'}]}]
[2024-12-02T15:31:18.718+0000] {logging_mixin.py:188} INFO - Errors occurred while inserting rows: [{'index': 0, 'errors': [{'reason': 'invalid', 'location': 'news_string', 'debugInfo': '', 'message': 'no such field: news_string.'}]}]
[2024-12-02T15:31:18.974+0000] {logging_mixin.py:188} INFO - Errors occurred while inserting rows: [{'index': 0, 'errors': [{'reason': 'invalid', 'location': 'news_string', 'debugInfo': '', 'message': 'no such field: news_string.'}]}]
[2024-12-02T15:31:19.219+0000] {logging_mixin.py:188} INFO - Errors occurred while inserting rows: [{'index': 0, 'errors': [{'reason': 'invalid', 'location': 'news_string', 'debugInfo': '', 'message': 'no such field: news_string.'}]}]
[2024-12-02T15:31:19.447+0000] {logging_mixin.py:188} INFO - Errors occurred while inserting rows: [{'index': 0, 'errors': [{'reason': 'invalid', 'location': 'news_string', 'debugInfo': '', 'message': 'no such field: news_string.'}]}]
[2024-12-02T15:31:19.713+0000] {logging_mixin.py:188} INFO - Errors occurred while inserting rows: [{'index': 0, 'errors': [{'reason': 'invalid', 'location': 'news_string', 'debugInfo': '', 'message': 'no such field: news_string.'}]}]
[2024-12-02T15:31:19.983+0000] {logging_mixin.py:188} INFO - Errors occurred while inserting rows: [{'index': 0, 'errors': [{'reason': 'invalid', 'location': 'news_string', 'debugInfo': '', 'message': 'no such field: news_string.'}]}]
[2024-12-02T15:31:20.248+0000] {logging_mixin.py:188} INFO - Errors occurred while inserting rows: [{'index': 0, 'errors': [{'reason': 'invalid', 'location': 'news_string', 'debugInfo': '', 'message': 'no such field: news_string.'}]}]
[2024-12-02T15:31:20.519+0000] {logging_mixin.py:188} INFO - Errors occurred while inserting rows: [{'index': 0, 'errors': [{'reason': 'invalid', 'location': 'news_string', 'debugInfo': '', 'message': 'no such field: news_string.'}]}]
[2024-12-02T15:31:20.775+0000] {logging_mixin.py:188} INFO - Errors occurred while inserting rows: [{'index': 0, 'errors': [{'reason': 'invalid', 'location': 'news_string', 'debugInfo': '', 'message': 'no such field: news_string.'}]}]
[2024-12-02T15:31:21.042+0000] {logging_mixin.py:188} INFO - Errors occurred while inserting rows: [{'index': 0, 'errors': [{'reason': 'invalid', 'location': 'news_string', 'debugInfo': '', 'message': 'no such field: news_string.'}]}]
[2024-12-02T15:31:21.276+0000] {logging_mixin.py:188} INFO - Errors occurred while inserting rows: [{'index': 0, 'errors': [{'reason': 'invalid', 'location': 'news_string', 'debugInfo': '', 'message': 'no such field: news_string.'}]}]
[2024-12-02T15:31:21.525+0000] {logging_mixin.py:188} INFO - Errors occurred while inserting rows: [{'index': 0, 'errors': [{'reason': 'invalid', 'location': 'news_string', 'debugInfo': '', 'message': 'no such field: news_string.'}]}]
[2024-12-02T15:31:21.766+0000] {logging_mixin.py:188} INFO - Errors occurred while inserting rows: [{'index': 0, 'errors': [{'reason': 'invalid', 'location': 'news_string', 'debugInfo': '', 'message': 'no such field: news_string.'}]}]
[2024-12-02T15:31:22.000+0000] {logging_mixin.py:188} INFO - Errors occurred while inserting rows: [{'index': 0, 'errors': [{'reason': 'invalid', 'location': 'news_string', 'debugInfo': '', 'message': 'no such field: news_string.'}]}]
[2024-12-02T15:31:22.259+0000] {logging_mixin.py:188} INFO - Errors occurred while inserting rows: [{'index': 0, 'errors': [{'reason': 'invalid', 'location': 'news_string', 'debugInfo': '', 'message': 'no such field: news_string.'}]}]
[2024-12-02T15:31:22.556+0000] {logging_mixin.py:188} INFO - Errors occurred while inserting rows: [{'index': 0, 'errors': [{'reason': 'invalid', 'location': 'news_string', 'debugInfo': '', 'message': 'no such field: news_string.'}]}]
[2024-12-02T15:31:22.788+0000] {logging_mixin.py:188} INFO - Errors occurred while inserting rows: [{'index': 0, 'errors': [{'reason': 'invalid', 'location': 'news_string', 'debugInfo': '', 'message': 'no such field: news_string.'}]}]
[2024-12-02T15:31:23.049+0000] {logging_mixin.py:188} INFO - Errors occurred while inserting rows: [{'index': 0, 'errors': [{'reason': 'invalid', 'location': 'news_string', 'debugInfo': '', 'message': 'no such field: news_string.'}]}]
[2024-12-02T15:31:23.308+0000] {logging_mixin.py:188} INFO - Errors occurred while inserting rows: [{'index': 0, 'errors': [{'reason': 'invalid', 'location': 'news_string', 'debugInfo': '', 'message': 'no such field: news_string.'}]}]
[2024-12-02T15:31:23.560+0000] {logging_mixin.py:188} INFO - Errors occurred while inserting rows: [{'index': 0, 'errors': [{'reason': 'invalid', 'location': 'news_string', 'debugInfo': '', 'message': 'no such field: news_string.'}]}]
[2024-12-02T15:31:23.805+0000] {logging_mixin.py:188} INFO - Errors occurred while inserting rows: [{'index': 0, 'errors': [{'reason': 'invalid', 'location': 'news_string', 'debugInfo': '', 'message': 'no such field: news_string.'}]}]
[2024-12-02T15:31:24.071+0000] {logging_mixin.py:188} INFO - Errors occurred while inserting rows: [{'index': 0, 'errors': [{'reason': 'invalid', 'location': 'news_string', 'debugInfo': '', 'message': 'no such field: news_string.'}]}]
[2024-12-02T15:31:24.335+0000] {logging_mixin.py:188} INFO - Errors occurred while inserting rows: [{'index': 0, 'errors': [{'reason': 'invalid', 'location': 'news_string', 'debugInfo': '', 'message': 'no such field: news_string.'}]}]
[2024-12-02T15:31:24.592+0000] {logging_mixin.py:188} INFO - Errors occurred while inserting rows: [{'index': 0, 'errors': [{'reason': 'invalid', 'location': 'news_string', 'debugInfo': '', 'message': 'no such field: news_string.'}]}]
[2024-12-02T15:31:24.818+0000] {logging_mixin.py:188} INFO - Errors occurred while inserting rows: [{'index': 0, 'errors': [{'reason': 'invalid', 'location': 'news_string', 'debugInfo': '', 'message': 'no such field: news_string.'}]}]
[2024-12-02T15:31:25.069+0000] {logging_mixin.py:188} INFO - Errors occurred while inserting rows: [{'index': 0, 'errors': [{'reason': 'invalid', 'location': 'news_string', 'debugInfo': '', 'message': 'no such field: news_string.'}]}]
[2024-12-02T15:31:25.324+0000] {logging_mixin.py:188} INFO - Errors occurred while inserting rows: [{'index': 0, 'errors': [{'reason': 'invalid', 'location': 'news_string', 'debugInfo': '', 'message': 'no such field: news_string.'}]}]
[2024-12-02T15:31:25.583+0000] {logging_mixin.py:188} INFO - Errors occurred while inserting rows: [{'index': 0, 'errors': [{'reason': 'invalid', 'location': 'news_string', 'debugInfo': '', 'message': 'no such field: news_string.'}]}]
[2024-12-02T15:31:25.840+0000] {logging_mixin.py:188} INFO - Errors occurred while inserting rows: [{'index': 0, 'errors': [{'reason': 'invalid', 'location': 'news_string', 'debugInfo': '', 'message': 'no such field: news_string.'}]}]
[2024-12-02T15:31:26.094+0000] {logging_mixin.py:188} INFO - Errors occurred while inserting rows: [{'index': 0, 'errors': [{'reason': 'invalid', 'location': 'news_string', 'debugInfo': '', 'message': 'no such field: news_string.'}]}]
[2024-12-02T15:31:26.351+0000] {logging_mixin.py:188} INFO - Errors occurred while inserting rows: [{'index': 0, 'errors': [{'reason': 'invalid', 'location': 'news_string', 'debugInfo': '', 'message': 'no such field: news_string.'}]}]
[2024-12-02T15:31:26.619+0000] {logging_mixin.py:188} INFO - Errors occurred while inserting rows: [{'index': 0, 'errors': [{'reason': 'invalid', 'location': 'news_string', 'debugInfo': '', 'message': 'no such field: news_string.'}]}]
[2024-12-02T15:31:26.860+0000] {logging_mixin.py:188} INFO - Errors occurred while inserting rows: [{'index': 0, 'errors': [{'reason': 'invalid', 'location': 'news_string', 'debugInfo': '', 'message': 'no such field: news_string.'}]}]
[2024-12-02T15:31:27.143+0000] {logging_mixin.py:188} INFO - Errors occurred while inserting rows: [{'index': 0, 'errors': [{'reason': 'invalid', 'location': 'news_string', 'debugInfo': '', 'message': 'no such field: news_string.'}]}]
[2024-12-02T15:31:27.426+0000] {logging_mixin.py:188} INFO - Errors occurred while inserting rows: [{'index': 0, 'errors': [{'reason': 'invalid', 'location': 'news_string', 'debugInfo': '', 'message': 'no such field: news_string.'}]}]
[2024-12-02T15:31:27.677+0000] {logging_mixin.py:188} INFO - Errors occurred while inserting rows: [{'index': 0, 'errors': [{'reason': 'invalid', 'location': 'news_string', 'debugInfo': '', 'message': 'no such field: news_string.'}]}]
[2024-12-02T15:31:27.938+0000] {logging_mixin.py:188} INFO - Errors occurred while inserting rows: [{'index': 0, 'errors': [{'reason': 'invalid', 'location': 'news_string', 'debugInfo': '', 'message': 'no such field: news_string.'}]}]
[2024-12-02T15:31:28.186+0000] {logging_mixin.py:188} INFO - Errors occurred while inserting rows: [{'index': 0, 'errors': [{'reason': 'invalid', 'location': 'news_string', 'debugInfo': '', 'message': 'no such field: news_string.'}]}]
[2024-12-02T15:31:28.436+0000] {logging_mixin.py:188} INFO - Errors occurred while inserting rows: [{'index': 0, 'errors': [{'reason': 'invalid', 'location': 'news_string', 'debugInfo': '', 'message': 'no such field: news_string.'}]}]
[2024-12-02T15:31:28.696+0000] {logging_mixin.py:188} INFO - Errors occurred while inserting rows: [{'index': 0, 'errors': [{'reason': 'invalid', 'location': 'news_string', 'debugInfo': '', 'message': 'no such field: news_string.'}]}]
[2024-12-02T15:31:28.930+0000] {logging_mixin.py:188} INFO - Errors occurred while inserting rows: [{'index': 0, 'errors': [{'reason': 'invalid', 'location': 'news_string', 'debugInfo': '', 'message': 'no such field: news_string.'}]}]
[2024-12-02T15:31:29.182+0000] {logging_mixin.py:188} INFO - Errors occurred while inserting rows: [{'index': 0, 'errors': [{'reason': 'invalid', 'location': 'news_string', 'debugInfo': '', 'message': 'no such field: news_string.'}]}]
[2024-12-02T15:31:29.442+0000] {logging_mixin.py:188} INFO - Errors occurred while inserting rows: [{'index': 0, 'errors': [{'reason': 'invalid', 'location': 'news_string', 'debugInfo': '', 'message': 'no such field: news_string.'}]}]
[2024-12-02T15:31:29.698+0000] {logging_mixin.py:188} INFO - Errors occurred while inserting rows: [{'index': 0, 'errors': [{'reason': 'invalid', 'location': 'news_string', 'debugInfo': '', 'message': 'no such field: news_string.'}]}]
[2024-12-02T15:31:29.951+0000] {logging_mixin.py:188} INFO - Errors occurred while inserting rows: [{'index': 0, 'errors': [{'reason': 'invalid', 'location': 'news_string', 'debugInfo': '', 'message': 'no such field: news_string.'}]}]
[2024-12-02T15:31:30.222+0000] {logging_mixin.py:188} INFO - Errors occurred while inserting rows: [{'index': 0, 'errors': [{'reason': 'invalid', 'location': 'news_string', 'debugInfo': '', 'message': 'no such field: news_string.'}]}]
[2024-12-02T15:31:30.479+0000] {logging_mixin.py:188} INFO - Errors occurred while inserting rows: [{'index': 0, 'errors': [{'reason': 'invalid', 'location': 'news_string', 'debugInfo': '', 'message': 'no such field: news_string.'}]}]
[2024-12-02T15:31:30.773+0000] {logging_mixin.py:188} INFO - Errors occurred while inserting rows: [{'index': 0, 'errors': [{'reason': 'invalid', 'location': 'news_string', 'debugInfo': '', 'message': 'no such field: news_string.'}]}]
[2024-12-02T15:31:31.049+0000] {logging_mixin.py:188} INFO - Errors occurred while inserting rows: [{'index': 0, 'errors': [{'reason': 'invalid', 'location': 'news_string', 'debugInfo': '', 'message': 'no such field: news_string.'}]}]
[2024-12-02T15:31:31.316+0000] {logging_mixin.py:188} INFO - Errors occurred while inserting rows: [{'index': 0, 'errors': [{'reason': 'invalid', 'location': 'news_string', 'debugInfo': '', 'message': 'no such field: news_string.'}]}]
[2024-12-02T15:31:31.544+0000] {logging_mixin.py:188} INFO - Errors occurred while inserting rows: [{'index': 0, 'errors': [{'reason': 'invalid', 'location': 'news_string', 'debugInfo': '', 'message': 'no such field: news_string.'}]}]
[2024-12-02T15:31:31.795+0000] {logging_mixin.py:188} INFO - Errors occurred while inserting rows: [{'index': 0, 'errors': [{'reason': 'invalid', 'location': 'news_string', 'debugInfo': '', 'message': 'no such field: news_string.'}]}]
[2024-12-02T15:31:32.057+0000] {logging_mixin.py:188} INFO - Errors occurred while inserting rows: [{'index': 0, 'errors': [{'reason': 'invalid', 'location': 'news_string', 'debugInfo': '', 'message': 'no such field: news_string.'}]}]
[2024-12-02T15:31:32.308+0000] {logging_mixin.py:188} INFO - Errors occurred while inserting rows: [{'index': 0, 'errors': [{'reason': 'invalid', 'location': 'news_string', 'debugInfo': '', 'message': 'no such field: news_string.'}]}]
[2024-12-02T15:31:32.566+0000] {logging_mixin.py:188} INFO - Errors occurred while inserting rows: [{'index': 0, 'errors': [{'reason': 'invalid', 'location': 'news_string', 'debugInfo': '', 'message': 'no such field: news_string.'}]}]
[2024-12-02T15:31:32.830+0000] {logging_mixin.py:188} INFO - Errors occurred while inserting rows: [{'index': 0, 'errors': [{'reason': 'invalid', 'location': 'news_string', 'debugInfo': '', 'message': 'no such field: news_string.'}]}]
[2024-12-02T15:31:33.088+0000] {logging_mixin.py:188} INFO - Errors occurred while inserting rows: [{'index': 0, 'errors': [{'reason': 'invalid', 'location': 'news_string', 'debugInfo': '', 'message': 'no such field: news_string.'}]}]
[2024-12-02T15:31:33.318+0000] {logging_mixin.py:188} INFO - Errors occurred while inserting rows: [{'index': 0, 'errors': [{'reason': 'invalid', 'location': 'news_string', 'debugInfo': '', 'message': 'no such field: news_string.'}]}]
[2024-12-02T15:31:33.561+0000] {logging_mixin.py:188} INFO - Errors occurred while inserting rows: [{'index': 0, 'errors': [{'reason': 'invalid', 'location': 'news_string', 'debugInfo': '', 'message': 'no such field: news_string.'}]}]
[2024-12-02T15:31:33.774+0000] {logging_mixin.py:188} INFO - Errors occurred while inserting rows: [{'index': 0, 'errors': [{'reason': 'invalid', 'location': 'news_string', 'debugInfo': '', 'message': 'no such field: news_string.'}]}]
[2024-12-02T15:31:34.043+0000] {logging_mixin.py:188} INFO - Errors occurred while inserting rows: [{'index': 0, 'errors': [{'reason': 'invalid', 'location': 'news_string', 'debugInfo': '', 'message': 'no such field: news_string.'}]}]
[2024-12-02T15:31:34.258+0000] {logging_mixin.py:188} INFO - Errors occurred while inserting rows: [{'index': 0, 'errors': [{'reason': 'invalid', 'location': 'news_string', 'debugInfo': '', 'message': 'no such field: news_string.'}]}]
[2024-12-02T15:31:34.515+0000] {logging_mixin.py:188} INFO - Errors occurred while inserting rows: [{'index': 0, 'errors': [{'reason': 'invalid', 'location': 'news_string', 'debugInfo': '', 'message': 'no such field: news_string.'}]}]
[2024-12-02T15:31:34.739+0000] {logging_mixin.py:188} INFO - Errors occurred while inserting rows: [{'index': 0, 'errors': [{'reason': 'invalid', 'location': 'news_string', 'debugInfo': '', 'message': 'no such field: news_string.'}]}]
[2024-12-02T15:31:34.993+0000] {logging_mixin.py:188} INFO - Errors occurred while inserting rows: [{'index': 0, 'errors': [{'reason': 'invalid', 'location': 'news_string', 'debugInfo': '', 'message': 'no such field: news_string.'}]}]
[2024-12-02T15:31:35.254+0000] {logging_mixin.py:188} INFO - Errors occurred while inserting rows: [{'index': 0, 'errors': [{'reason': 'invalid', 'location': 'news_string', 'debugInfo': '', 'message': 'no such field: news_string.'}]}]
[2024-12-02T15:31:35.513+0000] {logging_mixin.py:188} INFO - Errors occurred while inserting rows: [{'index': 0, 'errors': [{'reason': 'invalid', 'location': 'news_string', 'debugInfo': '', 'message': 'no such field: news_string.'}]}]
[2024-12-02T15:31:35.768+0000] {logging_mixin.py:188} INFO - Errors occurred while inserting rows: [{'index': 0, 'errors': [{'reason': 'invalid', 'location': 'news_string', 'debugInfo': '', 'message': 'no such field: news_string.'}]}]
[2024-12-02T15:31:36.015+0000] {logging_mixin.py:188} INFO - Errors occurred while inserting rows: [{'index': 0, 'errors': [{'reason': 'invalid', 'location': 'news_string', 'debugInfo': '', 'message': 'no such field: news_string.'}]}]
[2024-12-02T15:31:36.261+0000] {logging_mixin.py:188} INFO - Errors occurred while inserting rows: [{'index': 0, 'errors': [{'reason': 'invalid', 'location': 'news_string', 'debugInfo': '', 'message': 'no such field: news_string.'}]}]
[2024-12-02T15:31:36.501+0000] {logging_mixin.py:188} INFO - Errors occurred while inserting rows: [{'index': 0, 'errors': [{'reason': 'invalid', 'location': 'news_string', 'debugInfo': '', 'message': 'no such field: news_string.'}]}]
[2024-12-02T15:31:36.747+0000] {logging_mixin.py:188} INFO - Errors occurred while inserting rows: [{'index': 0, 'errors': [{'reason': 'invalid', 'location': 'news_string', 'debugInfo': '', 'message': 'no such field: news_string.'}]}]
[2024-12-02T15:31:37.007+0000] {logging_mixin.py:188} INFO - Errors occurred while inserting rows: [{'index': 0, 'errors': [{'reason': 'invalid', 'location': 'news_string', 'debugInfo': '', 'message': 'no such field: news_string.'}]}]
[2024-12-02T15:31:37.266+0000] {logging_mixin.py:188} INFO - Errors occurred while inserting rows: [{'index': 0, 'errors': [{'reason': 'invalid', 'location': 'news_string', 'debugInfo': '', 'message': 'no such field: news_string.'}]}]
[2024-12-02T15:31:37.511+0000] {logging_mixin.py:188} INFO - Errors occurred while inserting rows: [{'index': 0, 'errors': [{'reason': 'invalid', 'location': 'news_string', 'debugInfo': '', 'message': 'no such field: news_string.'}]}]
[2024-12-02T15:31:37.762+0000] {logging_mixin.py:188} INFO - Errors occurred while inserting rows: [{'index': 0, 'errors': [{'reason': 'invalid', 'location': 'news_string', 'debugInfo': '', 'message': 'no such field: news_string.'}]}]
[2024-12-02T15:31:38.029+0000] {logging_mixin.py:188} INFO - Errors occurred while inserting rows: [{'index': 0, 'errors': [{'reason': 'invalid', 'location': 'news_string', 'debugInfo': '', 'message': 'no such field: news_string.'}]}]
[2024-12-02T15:31:38.289+0000] {logging_mixin.py:188} INFO - Errors occurred while inserting rows: [{'index': 0, 'errors': [{'reason': 'invalid', 'location': 'news_string', 'debugInfo': '', 'message': 'no such field: news_string.'}]}]
[2024-12-02T15:31:38.548+0000] {logging_mixin.py:188} INFO - Errors occurred while inserting rows: [{'index': 0, 'errors': [{'reason': 'invalid', 'location': 'news_string', 'debugInfo': '', 'message': 'no such field: news_string.'}]}]
[2024-12-02T15:31:38.806+0000] {logging_mixin.py:188} INFO - Errors occurred while inserting rows: [{'index': 0, 'errors': [{'reason': 'invalid', 'location': 'news_string', 'debugInfo': '', 'message': 'no such field: news_string.'}]}]
[2024-12-02T15:31:39.078+0000] {logging_mixin.py:188} INFO - Errors occurred while inserting rows: [{'index': 0, 'errors': [{'reason': 'invalid', 'location': 'news_string', 'debugInfo': '', 'message': 'no such field: news_string.'}]}]
[2024-12-02T15:31:39.324+0000] {logging_mixin.py:188} INFO - Errors occurred while inserting rows: [{'index': 0, 'errors': [{'reason': 'invalid', 'location': 'news_string', 'debugInfo': '', 'message': 'no such field: news_string.'}]}]
[2024-12-02T15:31:39.597+0000] {logging_mixin.py:188} INFO - Errors occurred while inserting rows: [{'index': 0, 'errors': [{'reason': 'invalid', 'location': 'news_string', 'debugInfo': '', 'message': 'no such field: news_string.'}]}]
[2024-12-02T15:31:39.866+0000] {logging_mixin.py:188} INFO - Errors occurred while inserting rows: [{'index': 0, 'errors': [{'reason': 'invalid', 'location': 'news_string', 'debugInfo': '', 'message': 'no such field: news_string.'}]}]
[2024-12-02T15:31:40.110+0000] {logging_mixin.py:188} INFO - Errors occurred while inserting rows: [{'index': 0, 'errors': [{'reason': 'invalid', 'location': 'news_string', 'debugInfo': '', 'message': 'no such field: news_string.'}]}]
[2024-12-02T15:31:40.368+0000] {logging_mixin.py:188} INFO - Errors occurred while inserting rows: [{'index': 0, 'errors': [{'reason': 'invalid', 'location': 'news_string', 'debugInfo': '', 'message': 'no such field: news_string.'}]}]
[2024-12-02T15:31:40.620+0000] {logging_mixin.py:188} INFO - Errors occurred while inserting rows: [{'index': 0, 'errors': [{'reason': 'invalid', 'location': 'news_string', 'debugInfo': '', 'message': 'no such field: news_string.'}]}]
[2024-12-02T15:31:40.848+0000] {logging_mixin.py:188} INFO - Errors occurred while inserting rows: [{'index': 0, 'errors': [{'reason': 'invalid', 'location': 'news_string', 'debugInfo': '', 'message': 'no such field: news_string.'}]}]
[2024-12-02T15:31:41.105+0000] {logging_mixin.py:188} INFO - Errors occurred while inserting rows: [{'index': 0, 'errors': [{'reason': 'invalid', 'location': 'news_string', 'debugInfo': '', 'message': 'no such field: news_string.'}]}]
[2024-12-02T15:31:41.354+0000] {logging_mixin.py:188} INFO - Errors occurred while inserting rows: [{'index': 0, 'errors': [{'reason': 'invalid', 'location': 'news_string', 'debugInfo': '', 'message': 'no such field: news_string.'}]}]
[2024-12-02T15:31:41.599+0000] {logging_mixin.py:188} INFO - Errors occurred while inserting rows: [{'index': 0, 'errors': [{'reason': 'invalid', 'location': 'news_string', 'debugInfo': '', 'message': 'no such field: news_string.'}]}]
[2024-12-02T15:31:41.825+0000] {logging_mixin.py:188} INFO - Errors occurred while inserting rows: [{'index': 0, 'errors': [{'reason': 'invalid', 'location': 'news_string', 'debugInfo': '', 'message': 'no such field: news_string.'}]}]
[2024-12-02T15:31:42.049+0000] {logging_mixin.py:188} INFO - Errors occurred while inserting rows: [{'index': 0, 'errors': [{'reason': 'invalid', 'location': 'news_string', 'debugInfo': '', 'message': 'no such field: news_string.'}]}]
[2024-12-02T15:31:42.315+0000] {logging_mixin.py:188} INFO - Errors occurred while inserting rows: [{'index': 0, 'errors': [{'reason': 'invalid', 'location': 'news_string', 'debugInfo': '', 'message': 'no such field: news_string.'}]}]
[2024-12-02T15:31:42.549+0000] {logging_mixin.py:188} INFO - Errors occurred while inserting rows: [{'index': 0, 'errors': [{'reason': 'invalid', 'location': 'news_string', 'debugInfo': '', 'message': 'no such field: news_string.'}]}]
[2024-12-02T15:31:42.807+0000] {logging_mixin.py:188} INFO - Errors occurred while inserting rows: [{'index': 0, 'errors': [{'reason': 'invalid', 'location': 'news_string', 'debugInfo': '', 'message': 'no such field: news_string.'}]}]
[2024-12-02T15:31:43.059+0000] {logging_mixin.py:188} INFO - Errors occurred while inserting rows: [{'index': 0, 'errors': [{'reason': 'invalid', 'location': 'news_string', 'debugInfo': '', 'message': 'no such field: news_string.'}]}]
[2024-12-02T15:31:43.329+0000] {logging_mixin.py:188} INFO - Errors occurred while inserting rows: [{'index': 0, 'errors': [{'reason': 'invalid', 'location': 'news_string', 'debugInfo': '', 'message': 'no such field: news_string.'}]}]
[2024-12-02T15:31:43.591+0000] {logging_mixin.py:188} INFO - Errors occurred while inserting rows: [{'index': 0, 'errors': [{'reason': 'invalid', 'location': 'news_string', 'debugInfo': '', 'message': 'no such field: news_string.'}]}]
[2024-12-02T15:31:43.846+0000] {logging_mixin.py:188} INFO - Errors occurred while inserting rows: [{'index': 0, 'errors': [{'reason': 'invalid', 'location': 'news_string', 'debugInfo': '', 'message': 'no such field: news_string.'}]}]
[2024-12-02T15:31:44.103+0000] {logging_mixin.py:188} INFO - Errors occurred while inserting rows: [{'index': 0, 'errors': [{'reason': 'invalid', 'location': 'news_string', 'debugInfo': '', 'message': 'no such field: news_string.'}]}]
[2024-12-02T15:31:44.315+0000] {logging_mixin.py:188} INFO - Errors occurred while inserting rows: [{'index': 0, 'errors': [{'reason': 'invalid', 'location': 'news_string', 'debugInfo': '', 'message': 'no such field: news_string.'}]}]
[2024-12-02T15:31:44.570+0000] {logging_mixin.py:188} INFO - Errors occurred while inserting rows: [{'index': 0, 'errors': [{'reason': 'invalid', 'location': 'news_string', 'debugInfo': '', 'message': 'no such field: news_string.'}]}]
[2024-12-02T15:31:44.833+0000] {logging_mixin.py:188} INFO - Errors occurred while inserting rows: [{'index': 0, 'errors': [{'reason': 'invalid', 'location': 'news_string', 'debugInfo': '', 'message': 'no such field: news_string.'}]}]
[2024-12-02T15:31:45.080+0000] {logging_mixin.py:188} INFO - Errors occurred while inserting rows: [{'index': 0, 'errors': [{'reason': 'invalid', 'location': 'news_string', 'debugInfo': '', 'message': 'no such field: news_string.'}]}]
[2024-12-02T15:31:45.338+0000] {logging_mixin.py:188} INFO - Errors occurred while inserting rows: [{'index': 0, 'errors': [{'reason': 'invalid', 'location': 'news_string', 'debugInfo': '', 'message': 'no such field: news_string.'}]}]
[2024-12-02T15:31:45.599+0000] {logging_mixin.py:188} INFO - Errors occurred while inserting rows: [{'index': 0, 'errors': [{'reason': 'invalid', 'location': 'news_string', 'debugInfo': '', 'message': 'no such field: news_string.'}]}]
[2024-12-02T15:31:45.825+0000] {logging_mixin.py:188} INFO - Errors occurred while inserting rows: [{'index': 0, 'errors': [{'reason': 'invalid', 'location': 'news_string', 'debugInfo': '', 'message': 'no such field: news_string.'}]}]
[2024-12-02T15:31:46.064+0000] {logging_mixin.py:188} INFO - Errors occurred while inserting rows: [{'index': 0, 'errors': [{'reason': 'invalid', 'location': 'news_string', 'debugInfo': '', 'message': 'no such field: news_string.'}]}]
[2024-12-02T15:31:46.293+0000] {logging_mixin.py:188} INFO - Errors occurred while inserting rows: [{'index': 0, 'errors': [{'reason': 'invalid', 'location': 'news_string', 'debugInfo': '', 'message': 'no such field: news_string.'}]}]
[2024-12-02T15:31:46.524+0000] {logging_mixin.py:188} INFO - Errors occurred while inserting rows: [{'index': 0, 'errors': [{'reason': 'invalid', 'location': 'news_string', 'debugInfo': '', 'message': 'no such field: news_string.'}]}]
[2024-12-02T15:31:46.785+0000] {logging_mixin.py:188} INFO - Errors occurred while inserting rows: [{'index': 0, 'errors': [{'reason': 'invalid', 'location': 'news_string', 'debugInfo': '', 'message': 'no such field: news_string.'}]}]
[2024-12-02T15:31:47.208+0000] {logging_mixin.py:188} INFO - Errors occurred while inserting rows: [{'index': 0, 'errors': [{'reason': 'invalid', 'location': 'news_string', 'debugInfo': '', 'message': 'no such field: news_string.'}]}]
[2024-12-02T15:31:47.486+0000] {logging_mixin.py:188} INFO - Errors occurred while inserting rows: [{'index': 0, 'errors': [{'reason': 'invalid', 'location': 'news_string', 'debugInfo': '', 'message': 'no such field: news_string.'}]}]
[2024-12-02T15:31:47.749+0000] {logging_mixin.py:188} INFO - Errors occurred while inserting rows: [{'index': 0, 'errors': [{'reason': 'invalid', 'location': 'news_string', 'debugInfo': '', 'message': 'no such field: news_string.'}]}]
[2024-12-02T15:31:48.034+0000] {logging_mixin.py:188} INFO - Errors occurred while inserting rows: [{'index': 0, 'errors': [{'reason': 'invalid', 'location': 'news_string', 'debugInfo': '', 'message': 'no such field: news_string.'}]}]
[2024-12-02T15:31:48.298+0000] {logging_mixin.py:188} INFO - Errors occurred while inserting rows: [{'index': 0, 'errors': [{'reason': 'invalid', 'location': 'news_string', 'debugInfo': '', 'message': 'no such field: news_string.'}]}]
[2024-12-02T15:31:48.543+0000] {logging_mixin.py:188} INFO - Errors occurred while inserting rows: [{'index': 0, 'errors': [{'reason': 'invalid', 'location': 'news_string', 'debugInfo': '', 'message': 'no such field: news_string.'}]}]
[2024-12-02T15:31:48.785+0000] {logging_mixin.py:188} INFO - Errors occurred while inserting rows: [{'index': 0, 'errors': [{'reason': 'invalid', 'location': 'news_string', 'debugInfo': '', 'message': 'no such field: news_string.'}]}]
[2024-12-02T15:31:49.035+0000] {logging_mixin.py:188} INFO - Errors occurred while inserting rows: [{'index': 0, 'errors': [{'reason': 'invalid', 'location': 'news_string', 'debugInfo': '', 'message': 'no such field: news_string.'}]}]
[2024-12-02T15:31:49.285+0000] {logging_mixin.py:188} INFO - Errors occurred while inserting rows: [{'index': 0, 'errors': [{'reason': 'invalid', 'location': 'news_string', 'debugInfo': '', 'message': 'no such field: news_string.'}]}]
[2024-12-02T15:31:49.544+0000] {logging_mixin.py:188} INFO - Errors occurred while inserting rows: [{'index': 0, 'errors': [{'reason': 'invalid', 'location': 'news_string', 'debugInfo': '', 'message': 'no such field: news_string.'}]}]
[2024-12-02T15:31:49.808+0000] {logging_mixin.py:188} INFO - Errors occurred while inserting rows: [{'index': 0, 'errors': [{'reason': 'invalid', 'location': 'news_string', 'debugInfo': '', 'message': 'no such field: news_string.'}]}]
[2024-12-02T15:31:50.059+0000] {logging_mixin.py:188} INFO - Errors occurred while inserting rows: [{'index': 0, 'errors': [{'reason': 'invalid', 'location': 'news_string', 'debugInfo': '', 'message': 'no such field: news_string.'}]}]
[2024-12-02T15:31:50.282+0000] {logging_mixin.py:188} INFO - Errors occurred while inserting rows: [{'index': 0, 'errors': [{'reason': 'invalid', 'location': 'news_string', 'debugInfo': '', 'message': 'no such field: news_string.'}]}]
[2024-12-02T15:31:50.502+0000] {logging_mixin.py:188} INFO - Errors occurred while inserting rows: [{'index': 0, 'errors': [{'reason': 'invalid', 'location': 'news_string', 'debugInfo': '', 'message': 'no such field: news_string.'}]}]
[2024-12-02T15:31:50.754+0000] {logging_mixin.py:188} INFO - Errors occurred while inserting rows: [{'index': 0, 'errors': [{'reason': 'invalid', 'location': 'news_string', 'debugInfo': '', 'message': 'no such field: news_string.'}]}]
[2024-12-02T15:31:51.012+0000] {logging_mixin.py:188} INFO - Errors occurred while inserting rows: [{'index': 0, 'errors': [{'reason': 'invalid', 'location': 'news_string', 'debugInfo': '', 'message': 'no such field: news_string.'}]}]
[2024-12-02T15:31:51.267+0000] {logging_mixin.py:188} INFO - Errors occurred while inserting rows: [{'index': 0, 'errors': [{'reason': 'invalid', 'location': 'news_string', 'debugInfo': '', 'message': 'no such field: news_string.'}]}]
[2024-12-02T15:31:51.522+0000] {logging_mixin.py:188} INFO - Errors occurred while inserting rows: [{'index': 0, 'errors': [{'reason': 'invalid', 'location': 'news_string', 'debugInfo': '', 'message': 'no such field: news_string.'}]}]
[2024-12-02T15:31:51.779+0000] {logging_mixin.py:188} INFO - Errors occurred while inserting rows: [{'index': 0, 'errors': [{'reason': 'invalid', 'location': 'news_string', 'debugInfo': '', 'message': 'no such field: news_string.'}]}]
[2024-12-02T15:31:52.036+0000] {logging_mixin.py:188} INFO - Errors occurred while inserting rows: [{'index': 0, 'errors': [{'reason': 'invalid', 'location': 'news_string', 'debugInfo': '', 'message': 'no such field: news_string.'}]}]
[2024-12-02T15:31:52.299+0000] {logging_mixin.py:188} INFO - Errors occurred while inserting rows: [{'index': 0, 'errors': [{'reason': 'invalid', 'location': 'news_string', 'debugInfo': '', 'message': 'no such field: news_string.'}]}]
[2024-12-02T15:31:52.567+0000] {logging_mixin.py:188} INFO - Errors occurred while inserting rows: [{'index': 0, 'errors': [{'reason': 'invalid', 'location': 'news_string', 'debugInfo': '', 'message': 'no such field: news_string.'}]}]
[2024-12-02T15:31:52.811+0000] {logging_mixin.py:188} INFO - Errors occurred while inserting rows: [{'index': 0, 'errors': [{'reason': 'invalid', 'location': 'news_string', 'debugInfo': '', 'message': 'no such field: news_string.'}]}]
[2024-12-02T15:31:53.040+0000] {logging_mixin.py:188} INFO - Errors occurred while inserting rows: [{'index': 0, 'errors': [{'reason': 'invalid', 'location': 'news_string', 'debugInfo': '', 'message': 'no such field: news_string.'}]}]
[2024-12-02T15:31:53.297+0000] {logging_mixin.py:188} INFO - Errors occurred while inserting rows: [{'index': 0, 'errors': [{'reason': 'invalid', 'location': 'news_string', 'debugInfo': '', 'message': 'no such field: news_string.'}]}]
[2024-12-02T15:31:53.531+0000] {logging_mixin.py:188} INFO - Errors occurred while inserting rows: [{'index': 0, 'errors': [{'reason': 'invalid', 'location': 'news_string', 'debugInfo': '', 'message': 'no such field: news_string.'}]}]
[2024-12-02T15:31:53.793+0000] {logging_mixin.py:188} INFO - Errors occurred while inserting rows: [{'index': 0, 'errors': [{'reason': 'invalid', 'location': 'news_string', 'debugInfo': '', 'message': 'no such field: news_string.'}]}]
[2024-12-02T15:31:54.061+0000] {logging_mixin.py:188} INFO - Errors occurred while inserting rows: [{'index': 0, 'errors': [{'reason': 'invalid', 'location': 'news_string', 'debugInfo': '', 'message': 'no such field: news_string.'}]}]
[2024-12-02T15:31:54.271+0000] {logging_mixin.py:188} INFO - Errors occurred while inserting rows: [{'index': 0, 'errors': [{'reason': 'invalid', 'location': 'news_string', 'debugInfo': '', 'message': 'no such field: news_string.'}]}]
[2024-12-02T15:31:54.518+0000] {logging_mixin.py:188} INFO - Errors occurred while inserting rows: [{'index': 0, 'errors': [{'reason': 'invalid', 'location': 'news_string', 'debugInfo': '', 'message': 'no such field: news_string.'}]}]
[2024-12-02T15:31:54.753+0000] {logging_mixin.py:188} INFO - Errors occurred while inserting rows: [{'index': 0, 'errors': [{'reason': 'invalid', 'location': 'news_string', 'debugInfo': '', 'message': 'no such field: news_string.'}]}]
[2024-12-02T15:31:55.006+0000] {logging_mixin.py:188} INFO - Errors occurred while inserting rows: [{'index': 0, 'errors': [{'reason': 'invalid', 'location': 'news_string', 'debugInfo': '', 'message': 'no such field: news_string.'}]}]
[2024-12-02T15:31:55.227+0000] {logging_mixin.py:188} INFO - Errors occurred while inserting rows: [{'index': 0, 'errors': [{'reason': 'invalid', 'location': 'news_string', 'debugInfo': '', 'message': 'no such field: news_string.'}]}]
[2024-12-02T15:31:55.449+0000] {logging_mixin.py:188} INFO - Errors occurred while inserting rows: [{'index': 0, 'errors': [{'reason': 'invalid', 'location': 'news_string', 'debugInfo': '', 'message': 'no such field: news_string.'}]}]
[2024-12-02T15:31:55.700+0000] {logging_mixin.py:188} INFO - Errors occurred while inserting rows: [{'index': 0, 'errors': [{'reason': 'invalid', 'location': 'news_string', 'debugInfo': '', 'message': 'no such field: news_string.'}]}]
[2024-12-02T15:31:55.958+0000] {logging_mixin.py:188} INFO - Errors occurred while inserting rows: [{'index': 0, 'errors': [{'reason': 'invalid', 'location': 'news_string', 'debugInfo': '', 'message': 'no such field: news_string.'}]}]
[2024-12-02T15:31:56.204+0000] {logging_mixin.py:188} INFO - Errors occurred while inserting rows: [{'index': 0, 'errors': [{'reason': 'invalid', 'location': 'news_string', 'debugInfo': '', 'message': 'no such field: news_string.'}]}]
[2024-12-02T15:31:56.448+0000] {logging_mixin.py:188} INFO - Errors occurred while inserting rows: [{'index': 0, 'errors': [{'reason': 'invalid', 'location': 'news_string', 'debugInfo': '', 'message': 'no such field: news_string.'}]}]
[2024-12-02T15:31:56.669+0000] {logging_mixin.py:188} INFO - Errors occurred while inserting rows: [{'index': 0, 'errors': [{'reason': 'invalid', 'location': 'news_string', 'debugInfo': '', 'message': 'no such field: news_string.'}]}]
[2024-12-02T15:31:56.904+0000] {logging_mixin.py:188} INFO - Errors occurred while inserting rows: [{'index': 0, 'errors': [{'reason': 'invalid', 'location': 'news_string', 'debugInfo': '', 'message': 'no such field: news_string.'}]}]
[2024-12-02T15:31:57.149+0000] {logging_mixin.py:188} INFO - Errors occurred while inserting rows: [{'index': 0, 'errors': [{'reason': 'invalid', 'location': 'news_string', 'debugInfo': '', 'message': 'no such field: news_string.'}]}]
[2024-12-02T15:31:57.427+0000] {logging_mixin.py:188} INFO - Errors occurred while inserting rows: [{'index': 0, 'errors': [{'reason': 'invalid', 'location': 'news_string', 'debugInfo': '', 'message': 'no such field: news_string.'}]}]
[2024-12-02T15:31:57.677+0000] {logging_mixin.py:188} INFO - Errors occurred while inserting rows: [{'index': 0, 'errors': [{'reason': 'invalid', 'location': 'news_string', 'debugInfo': '', 'message': 'no such field: news_string.'}]}]
[2024-12-02T15:31:57.941+0000] {logging_mixin.py:188} INFO - Errors occurred while inserting rows: [{'index': 0, 'errors': [{'reason': 'invalid', 'location': 'news_string', 'debugInfo': '', 'message': 'no such field: news_string.'}]}]
[2024-12-02T15:31:58.198+0000] {logging_mixin.py:188} INFO - Errors occurred while inserting rows: [{'index': 0, 'errors': [{'reason': 'invalid', 'location': 'news_string', 'debugInfo': '', 'message': 'no such field: news_string.'}]}]
[2024-12-02T15:31:58.422+0000] {logging_mixin.py:188} INFO - Errors occurred while inserting rows: [{'index': 0, 'errors': [{'reason': 'invalid', 'location': 'news_string', 'debugInfo': '', 'message': 'no such field: news_string.'}]}]
[2024-12-02T15:31:58.686+0000] {logging_mixin.py:188} INFO - Errors occurred while inserting rows: [{'index': 0, 'errors': [{'reason': 'invalid', 'location': 'news_string', 'debugInfo': '', 'message': 'no such field: news_string.'}]}]
[2024-12-02T15:31:58.936+0000] {logging_mixin.py:188} INFO - Errors occurred while inserting rows: [{'index': 0, 'errors': [{'reason': 'invalid', 'location': 'news_string', 'debugInfo': '', 'message': 'no such field: news_string.'}]}]
[2024-12-02T15:31:59.148+0000] {logging_mixin.py:188} INFO - Errors occurred while inserting rows: [{'index': 0, 'errors': [{'reason': 'invalid', 'location': 'news_string', 'debugInfo': '', 'message': 'no such field: news_string.'}]}]
[2024-12-02T15:31:59.369+0000] {logging_mixin.py:188} INFO - Errors occurred while inserting rows: [{'index': 0, 'errors': [{'reason': 'invalid', 'location': 'news_string', 'debugInfo': '', 'message': 'no such field: news_string.'}]}]
[2024-12-02T15:31:59.656+0000] {logging_mixin.py:188} INFO - Errors occurred while inserting rows: [{'index': 0, 'errors': [{'reason': 'invalid', 'location': 'news_string', 'debugInfo': '', 'message': 'no such field: news_string.'}]}]
[2024-12-02T15:31:59.932+0000] {logging_mixin.py:188} INFO - Errors occurred while inserting rows: [{'index': 0, 'errors': [{'reason': 'invalid', 'location': 'news_string', 'debugInfo': '', 'message': 'no such field: news_string.'}]}]
[2024-12-02T15:32:00.195+0000] {logging_mixin.py:188} INFO - Errors occurred while inserting rows: [{'index': 0, 'errors': [{'reason': 'invalid', 'location': 'news_string', 'debugInfo': '', 'message': 'no such field: news_string.'}]}]
[2024-12-02T15:32:00.457+0000] {logging_mixin.py:188} INFO - Errors occurred while inserting rows: [{'index': 0, 'errors': [{'reason': 'invalid', 'location': 'news_string', 'debugInfo': '', 'message': 'no such field: news_string.'}]}]
[2024-12-02T15:32:00.692+0000] {logging_mixin.py:188} INFO - Errors occurred while inserting rows: [{'index': 0, 'errors': [{'reason': 'invalid', 'location': 'news_string', 'debugInfo': '', 'message': 'no such field: news_string.'}]}]
[2024-12-02T15:32:00.945+0000] {logging_mixin.py:188} INFO - Errors occurred while inserting rows: [{'index': 0, 'errors': [{'reason': 'invalid', 'location': 'news_string', 'debugInfo': '', 'message': 'no such field: news_string.'}]}]
[2024-12-02T15:32:01.203+0000] {logging_mixin.py:188} INFO - Errors occurred while inserting rows: [{'index': 0, 'errors': [{'reason': 'invalid', 'location': 'news_string', 'debugInfo': '', 'message': 'no such field: news_string.'}]}]
[2024-12-02T15:32:01.430+0000] {logging_mixin.py:188} INFO - Errors occurred while inserting rows: [{'index': 0, 'errors': [{'reason': 'invalid', 'location': 'news_string', 'debugInfo': '', 'message': 'no such field: news_string.'}]}]
[2024-12-02T15:32:01.641+0000] {logging_mixin.py:188} INFO - Errors occurred while inserting rows: [{'index': 0, 'errors': [{'reason': 'invalid', 'location': 'news_string', 'debugInfo': '', 'message': 'no such field: news_string.'}]}]
[2024-12-02T15:32:01.902+0000] {logging_mixin.py:188} INFO - Errors occurred while inserting rows: [{'index': 0, 'errors': [{'reason': 'invalid', 'location': 'news_string', 'debugInfo': '', 'message': 'no such field: news_string.'}]}]
[2024-12-02T15:32:02.167+0000] {logging_mixin.py:188} INFO - Errors occurred while inserting rows: [{'index': 0, 'errors': [{'reason': 'invalid', 'location': 'news_string', 'debugInfo': '', 'message': 'no such field: news_string.'}]}]
[2024-12-02T15:32:02.394+0000] {logging_mixin.py:188} INFO - Errors occurred while inserting rows: [{'index': 0, 'errors': [{'reason': 'invalid', 'location': 'news_string', 'debugInfo': '', 'message': 'no such field: news_string.'}]}]
[2024-12-02T15:32:02.622+0000] {logging_mixin.py:188} INFO - Errors occurred while inserting rows: [{'index': 0, 'errors': [{'reason': 'invalid', 'location': 'news_string', 'debugInfo': '', 'message': 'no such field: news_string.'}]}]
[2024-12-02T15:32:02.855+0000] {logging_mixin.py:188} INFO - Errors occurred while inserting rows: [{'index': 0, 'errors': [{'reason': 'invalid', 'location': 'news_string', 'debugInfo': '', 'message': 'no such field: news_string.'}]}]
[2024-12-02T15:32:03.118+0000] {logging_mixin.py:188} INFO - Errors occurred while inserting rows: [{'index': 0, 'errors': [{'reason': 'invalid', 'location': 'news_string', 'debugInfo': '', 'message': 'no such field: news_string.'}]}]
[2024-12-02T15:32:03.373+0000] {logging_mixin.py:188} INFO - Errors occurred while inserting rows: [{'index': 0, 'errors': [{'reason': 'invalid', 'location': 'news_string', 'debugInfo': '', 'message': 'no such field: news_string.'}]}]
[2024-12-02T15:32:03.636+0000] {logging_mixin.py:188} INFO - Errors occurred while inserting rows: [{'index': 0, 'errors': [{'reason': 'invalid', 'location': 'news_string', 'debugInfo': '', 'message': 'no such field: news_string.'}]}]
[2024-12-02T15:32:03.896+0000] {logging_mixin.py:188} INFO - Errors occurred while inserting rows: [{'index': 0, 'errors': [{'reason': 'invalid', 'location': 'news_string', 'debugInfo': '', 'message': 'no such field: news_string.'}]}]
[2024-12-02T15:32:04.110+0000] {logging_mixin.py:188} INFO - Errors occurred while inserting rows: [{'index': 0, 'errors': [{'reason': 'invalid', 'location': 'news_string', 'debugInfo': '', 'message': 'no such field: news_string.'}]}]
[2024-12-02T15:32:04.339+0000] {logging_mixin.py:188} INFO - Errors occurred while inserting rows: [{'index': 0, 'errors': [{'reason': 'invalid', 'location': 'news_string', 'debugInfo': '', 'message': 'no such field: news_string.'}]}]
[2024-12-02T15:32:04.594+0000] {logging_mixin.py:188} INFO - Errors occurred while inserting rows: [{'index': 0, 'errors': [{'reason': 'invalid', 'location': 'news_string', 'debugInfo': '', 'message': 'no such field: news_string.'}]}]
[2024-12-02T15:32:04.849+0000] {logging_mixin.py:188} INFO - Errors occurred while inserting rows: [{'index': 0, 'errors': [{'reason': 'invalid', 'location': 'news_string', 'debugInfo': '', 'message': 'no such field: news_string.'}]}]
[2024-12-02T15:32:05.078+0000] {logging_mixin.py:188} INFO - Errors occurred while inserting rows: [{'index': 0, 'errors': [{'reason': 'invalid', 'location': 'news_string', 'debugInfo': '', 'message': 'no such field: news_string.'}]}]
[2024-12-02T15:32:05.354+0000] {logging_mixin.py:188} INFO - Errors occurred while inserting rows: [{'index': 0, 'errors': [{'reason': 'invalid', 'location': 'news_string', 'debugInfo': '', 'message': 'no such field: news_string.'}]}]
[2024-12-02T15:32:05.605+0000] {logging_mixin.py:188} INFO - Errors occurred while inserting rows: [{'index': 0, 'errors': [{'reason': 'invalid', 'location': 'news_string', 'debugInfo': '', 'message': 'no such field: news_string.'}]}]
[2024-12-02T15:32:06.113+0000] {logging_mixin.py:188} INFO - Errors occurred while inserting rows: [{'index': 0, 'errors': [{'reason': 'invalid', 'location': 'news_string', 'debugInfo': '', 'message': 'no such field: news_string.'}]}]
[2024-12-02T15:32:06.430+0000] {logging_mixin.py:188} INFO - Errors occurred while inserting rows: [{'index': 0, 'errors': [{'reason': 'invalid', 'location': 'news_string', 'debugInfo': '', 'message': 'no such field: news_string.'}]}]
[2024-12-02T15:32:06.784+0000] {logging_mixin.py:188} INFO - Errors occurred while inserting rows: [{'index': 0, 'errors': [{'reason': 'invalid', 'location': 'news_string', 'debugInfo': '', 'message': 'no such field: news_string.'}]}]
[2024-12-02T15:32:07.041+0000] {logging_mixin.py:188} INFO - Errors occurred while inserting rows: [{'index': 0, 'errors': [{'reason': 'invalid', 'location': 'news_string', 'debugInfo': '', 'message': 'no such field: news_string.'}]}]
[2024-12-02T15:32:07.277+0000] {logging_mixin.py:188} INFO - Errors occurred while inserting rows: [{'index': 0, 'errors': [{'reason': 'invalid', 'location': 'news_string', 'debugInfo': '', 'message': 'no such field: news_string.'}]}]
[2024-12-02T15:32:07.591+0000] {logging_mixin.py:188} INFO - Errors occurred while inserting rows: [{'index': 0, 'errors': [{'reason': 'invalid', 'location': 'news_string', 'debugInfo': '', 'message': 'no such field: news_string.'}]}]
[2024-12-02T15:32:07.816+0000] {logging_mixin.py:188} INFO - Errors occurred while inserting rows: [{'index': 0, 'errors': [{'reason': 'invalid', 'location': 'news_string', 'debugInfo': '', 'message': 'no such field: news_string.'}]}]
[2024-12-02T15:32:08.167+0000] {logging_mixin.py:188} INFO - Errors occurred while inserting rows: [{'index': 0, 'errors': [{'reason': 'invalid', 'location': 'news_string', 'debugInfo': '', 'message': 'no such field: news_string.'}]}]
[2024-12-02T15:32:08.432+0000] {logging_mixin.py:188} INFO - Errors occurred while inserting rows: [{'index': 0, 'errors': [{'reason': 'invalid', 'location': 'news_string', 'debugInfo': '', 'message': 'no such field: news_string.'}]}]
[2024-12-02T15:32:08.701+0000] {logging_mixin.py:188} INFO - Errors occurred while inserting rows: [{'index': 0, 'errors': [{'reason': 'invalid', 'location': 'news_string', 'debugInfo': '', 'message': 'no such field: news_string.'}]}]
[2024-12-02T15:32:08.962+0000] {logging_mixin.py:188} INFO - Errors occurred while inserting rows: [{'index': 0, 'errors': [{'reason': 'invalid', 'location': 'news_string', 'debugInfo': '', 'message': 'no such field: news_string.'}]}]
[2024-12-02T15:32:09.220+0000] {logging_mixin.py:188} INFO - Errors occurred while inserting rows: [{'index': 0, 'errors': [{'reason': 'invalid', 'location': 'news_string', 'debugInfo': '', 'message': 'no such field: news_string.'}]}]
[2024-12-02T15:32:09.481+0000] {logging_mixin.py:188} INFO - Errors occurred while inserting rows: [{'index': 0, 'errors': [{'reason': 'invalid', 'location': 'news_string', 'debugInfo': '', 'message': 'no such field: news_string.'}]}]
[2024-12-02T15:32:09.745+0000] {logging_mixin.py:188} INFO - Errors occurred while inserting rows: [{'index': 0, 'errors': [{'reason': 'invalid', 'location': 'news_string', 'debugInfo': '', 'message': 'no such field: news_string.'}]}]
[2024-12-02T15:32:09.976+0000] {logging_mixin.py:188} INFO - Errors occurred while inserting rows: [{'index': 0, 'errors': [{'reason': 'invalid', 'location': 'news_string', 'debugInfo': '', 'message': 'no such field: news_string.'}]}]
[2024-12-02T15:32:10.235+0000] {logging_mixin.py:188} INFO - Errors occurred while inserting rows: [{'index': 0, 'errors': [{'reason': 'invalid', 'location': 'news_string', 'debugInfo': '', 'message': 'no such field: news_string.'}]}]
[2024-12-02T15:32:10.504+0000] {logging_mixin.py:188} INFO - Errors occurred while inserting rows: [{'index': 0, 'errors': [{'reason': 'invalid', 'location': 'news_string', 'debugInfo': '', 'message': 'no such field: news_string.'}]}]
[2024-12-02T15:32:10.762+0000] {logging_mixin.py:188} INFO - Errors occurred while inserting rows: [{'index': 0, 'errors': [{'reason': 'invalid', 'location': 'news_string', 'debugInfo': '', 'message': 'no such field: news_string.'}]}]
[2024-12-02T15:32:11.000+0000] {logging_mixin.py:188} INFO - Errors occurred while inserting rows: [{'index': 0, 'errors': [{'reason': 'invalid', 'location': 'news_string', 'debugInfo': '', 'message': 'no such field: news_string.'}]}]
[2024-12-02T15:32:11.264+0000] {logging_mixin.py:188} INFO - Errors occurred while inserting rows: [{'index': 0, 'errors': [{'reason': 'invalid', 'location': 'news_string', 'debugInfo': '', 'message': 'no such field: news_string.'}]}]
[2024-12-02T15:32:11.526+0000] {logging_mixin.py:188} INFO - Errors occurred while inserting rows: [{'index': 0, 'errors': [{'reason': 'invalid', 'location': 'news_string', 'debugInfo': '', 'message': 'no such field: news_string.'}]}]
[2024-12-02T15:32:11.796+0000] {logging_mixin.py:188} INFO - Errors occurred while inserting rows: [{'index': 0, 'errors': [{'reason': 'invalid', 'location': 'news_string', 'debugInfo': '', 'message': 'no such field: news_string.'}]}]
[2024-12-02T15:32:12.054+0000] {logging_mixin.py:188} INFO - Errors occurred while inserting rows: [{'index': 0, 'errors': [{'reason': 'invalid', 'location': 'news_string', 'debugInfo': '', 'message': 'no such field: news_string.'}]}]
[2024-12-02T15:32:12.323+0000] {logging_mixin.py:188} INFO - Errors occurred while inserting rows: [{'index': 0, 'errors': [{'reason': 'invalid', 'location': 'news_string', 'debugInfo': '', 'message': 'no such field: news_string.'}]}]
[2024-12-02T15:32:12.586+0000] {logging_mixin.py:188} INFO - Errors occurred while inserting rows: [{'index': 0, 'errors': [{'reason': 'invalid', 'location': 'news_string', 'debugInfo': '', 'message': 'no such field: news_string.'}]}]
[2024-12-02T15:32:12.834+0000] {logging_mixin.py:188} INFO - Errors occurred while inserting rows: [{'index': 0, 'errors': [{'reason': 'invalid', 'location': 'news_string', 'debugInfo': '', 'message': 'no such field: news_string.'}]}]
[2024-12-02T15:32:14.010+0000] {connection.py:274} WARNING - Connection schemes (type: google_cloud_platform) shall not contain '_' according to RFC3986.
[2024-12-02T15:32:14.011+0000] {base.py:84} INFO - Using connection ID 'gc_connection' for task execution.
[2024-12-02T15:32:19.753+0000] {python.py:237} INFO - Done. Returned value was: None
[2024-12-02T15:32:19.757+0000] {taskinstance.py:441} INFO - ::group::Post task execution logs
[2024-12-02T15:32:19.768+0000] {taskinstance.py:1206} INFO - Marking task as SUCCESS. dag_id=news_dag, task_id=load_op, run_id=manual__2024-12-02T15:30:23.538497+00:00, execution_date=20241202T153023, start_date=20241202T153052, end_date=20241202T153219
[2024-12-02T15:32:19.836+0000] {local_task_job_runner.py:243} INFO - Task exited with return code 0
[2024-12-02T15:32:19.861+0000] {taskinstance.py:3503} INFO - 0 downstream tasks scheduled from follow-on schedule check
[2024-12-02T15:32:19.863+0000] {local_task_job_runner.py:222} INFO - ::endgroup::
