[2024-12-04T17:45:37.726+0000] {local_task_job_runner.py:120} INFO - ::group::Pre task execution logs
[2024-12-04T17:45:37.737+0000] {taskinstance.py:2076} INFO - Dependencies all met for dep_context=non-requeueable deps ti=<TaskInstance: news_dag.transform_and_load_op manual__2024-12-04T17:45:23.944986+00:00 [queued]>
[2024-12-04T17:45:37.745+0000] {taskinstance.py:2076} INFO - Dependencies all met for dep_context=requeueable deps ti=<TaskInstance: news_dag.transform_and_load_op manual__2024-12-04T17:45:23.944986+00:00 [queued]>
[2024-12-04T17:45:37.746+0000] {taskinstance.py:2306} INFO - Starting attempt 1 of 1
[2024-12-04T17:45:37.755+0000] {taskinstance.py:2330} INFO - Executing <Task(PythonOperator): transform_and_load_op> on 2024-12-04 17:45:23.944986+00:00
[2024-12-04T17:45:37.764+0000] {standard_task_runner.py:90} INFO - Running: ['***', 'tasks', 'run', 'news_dag', 'transform_and_load_op', 'manual__2024-12-04T17:45:23.944986+00:00', '--job-id', '61', '--raw', '--subdir', 'DAGS_FOLDER/etl_dag.py', '--cfg-path', '/tmp/tmpz1cnputn']
[2024-12-04T17:45:37.766+0000] {standard_task_runner.py:91} INFO - Job 61: Subtask transform_and_load_op
[2024-12-04T17:45:37.765+0000] {logging_mixin.py:188} WARNING - /home/***/.local/lib/python3.12/site-packages/***/task/task_runner/standard_task_runner.py:62 DeprecationWarning: This process (pid=3561) is multi-threaded, use of fork() may lead to deadlocks in the child.
[2024-12-04T17:45:37.768+0000] {standard_task_runner.py:64} INFO - Started process 3581 to run task
[2024-12-04T17:45:37.801+0000] {task_command.py:426} INFO - Running <TaskInstance: news_dag.transform_and_load_op manual__2024-12-04T17:45:23.944986+00:00 [running]> on host 6f562db0c9a5
[2024-12-04T17:45:37.871+0000] {taskinstance.py:2648} INFO - Exporting env vars: AIRFLOW_CTX_DAG_OWNER='***' AIRFLOW_CTX_DAG_ID='news_dag' AIRFLOW_CTX_TASK_ID='transform_and_load_op' AIRFLOW_CTX_EXECUTION_DATE='2024-12-04T17:45:23.944986+00:00' AIRFLOW_CTX_TRY_NUMBER='1' AIRFLOW_CTX_DAG_RUN_ID='manual__2024-12-04T17:45:23.944986+00:00'
[2024-12-04T17:45:37.876+0000] {taskinstance.py:430} INFO - ::endgroup::
[2024-12-04T17:45:37.895+0000] {base.py:84} INFO - Using connection ID 'aws_connection' for task execution.
[2024-12-04T17:45:39.702+0000] {logging_mixin.py:188} WARNING - /opt/***/utils_shared/utils/transform_and_load.py:62 FutureWarning: The behavior of DataFrame concatenation with empty or all-NA entries is deprecated. In a future version, this will no longer exclude empty or all-NA columns when determining the result dtypes. To retain the old behavior, exclude the relevant entries before the concat operation.
[2024-12-04T17:45:41.112+0000] {logging_mixin.py:188} INFO - heyyyy
[2024-12-04T17:45:41.120+0000] {logging_mixin.py:188} INFO -                                          news_string  ...   timestamp
0  US trails developed democracies in healthcare ...  ...  2024-12-04
1  Are chicken sandwiches a) a tasty lunch? Or b)...  ...  2024-12-04
2  ‘A kitschy wonder’: inside Holy Land USA theme...  ...  2024-12-04
3  ‘We’ve seen this before’: residents of rebel-h...  ...  2024-12-04
4  Ding and Gukesh D play to rollercoaster draw i...  ...  2024-12-04

[5 rows x 6 columns]
[2024-12-04T17:45:41.191+0000] {logging_mixin.py:188} INFO - [('south', 21), ('trump', 19), ('president', 16), ('martial', 15), ('law', 15), ('korea', 11), ('us', 10), ('says', 8), ('new', 8), ('could', 7), ('world', 7), ('ukraine', 6), ('police', 6), ('vote', 6), ('korean', 6), ('yoon', 6), ('impeachment', 6), ('russia', 6), ('syria', 6), ('government', 5)]
[2024-12-04T17:45:41.815+0000] {logging_mixin.py:188} INFO - Uploaded freq data
[2024-12-04T17:45:41.848+0000] {python.py:237} INFO - Done. Returned value was: None
[2024-12-04T17:45:41.849+0000] {taskinstance.py:441} INFO - ::group::Post task execution logs
[2024-12-04T17:45:41.855+0000] {taskinstance.py:1206} INFO - Marking task as SUCCESS. dag_id=news_dag, task_id=transform_and_load_op, run_id=manual__2024-12-04T17:45:23.944986+00:00, execution_date=20241204T174523, start_date=20241204T174537, end_date=20241204T174541
[2024-12-04T17:45:41.883+0000] {local_task_job_runner.py:243} INFO - Task exited with return code 0
[2024-12-04T17:45:41.900+0000] {taskinstance.py:3503} INFO - 1 downstream tasks scheduled from follow-on schedule check
[2024-12-04T17:45:41.901+0000] {local_task_job_runner.py:222} INFO - ::endgroup::
