[2024-11-10T14:45:39.317+0000] {local_task_job_runner.py:120} INFO - ::group::Pre task execution logs
[2024-11-10T14:45:39.330+0000] {taskinstance.py:2076} INFO - Dependencies all met for dep_context=non-requeueable deps ti=<TaskInstance: molecule_load_dag.transform_and_load_op manual__2024-11-10T14:45:34.931815+00:00 [queued]>
[2024-11-10T14:45:39.335+0000] {taskinstance.py:2076} INFO - Dependencies all met for dep_context=requeueable deps ti=<TaskInstance: molecule_load_dag.transform_and_load_op manual__2024-11-10T14:45:34.931815+00:00 [queued]>
[2024-11-10T14:45:39.336+0000] {taskinstance.py:2306} INFO - Starting attempt 1 of 1
[2024-11-10T14:45:39.347+0000] {taskinstance.py:2330} INFO - Executing <Task(PythonOperator): transform_and_load_op> on 2024-11-10 14:45:34.931815+00:00
[2024-11-10T14:45:39.354+0000] {standard_task_runner.py:90} INFO - Running: ['***', 'tasks', 'run', 'molecule_load_dag', 'transform_and_load_op', 'manual__2024-11-10T14:45:34.931815+00:00', '--job-id', '68', '--raw', '--subdir', 'DAGS_FOLDER/etl_dag.py', '--cfg-path', '/tmp/tmpcfc8699h']
[2024-11-10T14:45:39.357+0000] {standard_task_runner.py:91} INFO - Job 68: Subtask transform_and_load_op
[2024-11-10T14:45:39.357+0000] {logging_mixin.py:188} WARNING - /home/***/.local/lib/python3.12/site-packages/***/task/task_runner/standard_task_runner.py:62 DeprecationWarning: This process (pid=490) is multi-threaded, use of fork() may lead to deadlocks in the child.
[2024-11-10T14:45:39.359+0000] {standard_task_runner.py:64} INFO - Started process 491 to run task
[2024-11-10T14:45:39.389+0000] {task_command.py:426} INFO - Running <TaskInstance: molecule_load_dag.transform_and_load_op manual__2024-11-10T14:45:34.931815+00:00 [running]> on host de3c10e6563d
[2024-11-10T14:45:39.448+0000] {taskinstance.py:2648} INFO - Exporting env vars: AIRFLOW_CTX_DAG_OWNER='***' AIRFLOW_CTX_DAG_ID='molecule_load_dag' AIRFLOW_CTX_TASK_ID='transform_and_load_op' AIRFLOW_CTX_EXECUTION_DATE='2024-11-10T14:45:34.931815+00:00' AIRFLOW_CTX_TRY_NUMBER='1' AIRFLOW_CTX_DAG_RUN_ID='manual__2024-11-10T14:45:34.931815+00:00'
[2024-11-10T14:45:39.448+0000] {taskinstance.py:430} INFO - ::endgroup::
[2024-11-10T14:45:39.465+0000] {base.py:84} INFO - Using connection ID 'aws_connection' for task execution.
[2024-11-10T14:45:39.465+0000] {logging_mixin.py:188} INFO - us-east-2
AKIAS2VS4PHYE3LHQNFT
***
[2024-11-10T14:45:39.550+0000] {taskinstance.py:441} INFO - ::group::Post task execution logs
[2024-11-10T14:45:39.551+0000] {taskinstance.py:2905} ERROR - Task failed with exception
Traceback (most recent call last):
  File "/home/airflow/.local/lib/python3.12/site-packages/airflow/models/taskinstance.py", line 465, in _execute_task
    result = _execute_callable(context=context, **execute_callable_kwargs)
             ^^^^^^^^^^^^^^^^^^^^^^^^^^^^^^^^^^^^^^^^^^^^^^^^^^^^^^^^^^^^^
  File "/home/airflow/.local/lib/python3.12/site-packages/airflow/models/taskinstance.py", line 432, in _execute_callable
    return execute_callable(context=context, **execute_callable_kwargs)
           ^^^^^^^^^^^^^^^^^^^^^^^^^^^^^^^^^^^^^^^^^^^^^^^^^^^^^^^^^^^^
  File "/home/airflow/.local/lib/python3.12/site-packages/airflow/models/baseoperator.py", line 401, in wrapper
    return func(self, *args, **kwargs)
           ^^^^^^^^^^^^^^^^^^^^^^^^^^^
  File "/home/airflow/.local/lib/python3.12/site-packages/airflow/operators/python.py", line 235, in execute
    return_value = self.execute_callable()
                   ^^^^^^^^^^^^^^^^^^^^^^^
  File "/home/airflow/.local/lib/python3.12/site-packages/airflow/operators/python.py", line 252, in execute_callable
    return self.python_callable(*self.op_args, **self.op_kwargs)
           ^^^^^^^^^^^^^^^^^^^^^^^^^^^^^^^^^^^^^^^^^^^^^^^^^^^^^
  File "/opt/airflow/plugins/utils/transform_and_load.py", line 33, in transform
    print(bucket+key+current_date)
          ~~~~~~^~~~
TypeError: unsupported operand type(s) for +: 'NoneType' and 'NoneType'
[2024-11-10T14:45:39.557+0000] {taskinstance.py:1206} INFO - Marking task as FAILED. dag_id=molecule_load_dag, task_id=transform_and_load_op, run_id=manual__2024-11-10T14:45:34.931815+00:00, execution_date=20241110T144534, start_date=20241110T144539, end_date=20241110T144539
[2024-11-10T14:45:39.727+0000] {standard_task_runner.py:110} ERROR - Failed to execute job 68 for task transform_and_load_op (unsupported operand type(s) for +: 'NoneType' and 'NoneType'; 491)
[2024-11-10T14:45:39.764+0000] {local_task_job_runner.py:243} INFO - Task exited with return code 1
[2024-11-10T14:45:39.779+0000] {taskinstance.py:3503} INFO - 0 downstream tasks scheduled from follow-on schedule check
[2024-11-10T14:45:39.781+0000] {local_task_job_runner.py:222} INFO - ::endgroup::
