[2024-11-12T17:49:05.373+0000] {local_task_job_runner.py:120} INFO - ::group::Pre task execution logs
[2024-11-12T17:49:05.384+0000] {taskinstance.py:2076} INFO - Dependencies all met for dep_context=non-requeueable deps ti=<TaskInstance: news_dag.transform_and_load_op manual__2024-11-12T17:49:01.849940+00:00 [queued]>
[2024-11-12T17:49:05.389+0000] {taskinstance.py:2076} INFO - Dependencies all met for dep_context=requeueable deps ti=<TaskInstance: news_dag.transform_and_load_op manual__2024-11-12T17:49:01.849940+00:00 [queued]>
[2024-11-12T17:49:05.390+0000] {taskinstance.py:2306} INFO - Starting attempt 1 of 1
[2024-11-12T17:49:05.397+0000] {taskinstance.py:2330} INFO - Executing <Task(PythonOperator): transform_and_load_op> on 2024-11-12 17:49:01.849940+00:00
[2024-11-12T17:49:05.403+0000] {standard_task_runner.py:90} INFO - Running: ['***', 'tasks', 'run', 'news_dag', 'transform_and_load_op', 'manual__2024-11-12T17:49:01.849940+00:00', '--job-id', '73', '--raw', '--subdir', 'DAGS_FOLDER/etl_dag.py', '--cfg-path', '/tmp/tmpbhg52ua3']
[2024-11-12T17:49:05.405+0000] {standard_task_runner.py:91} INFO - Job 73: Subtask transform_and_load_op
[2024-11-12T17:49:05.405+0000] {logging_mixin.py:188} WARNING - /home/***/.local/lib/python3.12/site-packages/***/task/task_runner/standard_task_runner.py:62 DeprecationWarning: This process (pid=320) is multi-threaded, use of fork() may lead to deadlocks in the child.
[2024-11-12T17:49:05.407+0000] {standard_task_runner.py:64} INFO - Started process 321 to run task
[2024-11-12T17:49:05.434+0000] {task_command.py:426} INFO - Running <TaskInstance: news_dag.transform_and_load_op manual__2024-11-12T17:49:01.849940+00:00 [running]> on host 101ef97bab0b
[2024-11-12T17:49:05.486+0000] {taskinstance.py:2648} INFO - Exporting env vars: AIRFLOW_CTX_DAG_OWNER='***' AIRFLOW_CTX_DAG_ID='news_dag' AIRFLOW_CTX_TASK_ID='transform_and_load_op' AIRFLOW_CTX_EXECUTION_DATE='2024-11-12T17:49:01.849940+00:00' AIRFLOW_CTX_TRY_NUMBER='1' AIRFLOW_CTX_DAG_RUN_ID='manual__2024-11-12T17:49:01.849940+00:00'
[2024-11-12T17:49:05.486+0000] {taskinstance.py:430} INFO - ::endgroup::
[2024-11-12T17:49:05.500+0000] {base.py:84} INFO - Using connection ID 'aws_connection' for task execution.
[2024-11-12T17:49:06.371+0000] {logging_mixin.py:188} INFO -   publisher                                        news_string
0  guardian  Harris heads to Texas as poll shows her tied w...
1  guardian  Children among dead as 38 killed in Israeli at...
2  guardian  King acknowledges ‘painful’ past as calls for ...
3  guardian  Anti-hate group vows to continue work after El...
4  guardian  ‘Someone who destroyed my life’: rapper Shyne ...
[2024-11-12T17:49:06.372+0000] {logging_mixin.py:188} INFO - heyyyy
[2024-11-12T17:49:06.374+0000] {logging_mixin.py:188} INFO -   publisher                                        news_string
0  guardian  Harris heads to Texas as poll shows her tied w...
1  guardian  Children among dead as 38 killed in Israeli at...
2  guardian  King acknowledges ‘painful’ past as calls for ...
3  guardian  Anti-hate group vows to continue work after El...
4  guardian  ‘Someone who destroyed my life’: rapper Shyne ...
[2024-11-12T17:49:06.461+0000] {logging_mixin.py:188} INFO - [('nan', 89), ('trump', 34), ('harris', 23), ('election', 21), ('north', 17), ('us', 17), ('war', 16), ('new', 16), ('gaza', 16), ('minutes', 15), ('israeli', 12), ('ago', 12), ('russia', 11), ('korea', 10), ('uk', 10), ('video', 9), ('list', 9), ('killed', 8), ('georgia', 8), ('ukraine', 8)]
[2024-11-12T17:49:06.462+0000] {logging_mixin.py:188} INFO - [('nan', 89), ('trump', 34), ('harris', 23), ('election', 21), ('north', 17), ('us', 17), ('war', 16), ('new', 16), ('gaza', 16), ('minutes', 15), ('israeli', 12), ('ago', 12), ('russia', 11), ('korea', 10), ('uk', 10), ('video', 9), ('list', 9), ('killed', 8), ('georgia', 8), ('ukraine', 8)]
[2024-11-12T17:49:06.474+0000] {logging_mixin.py:188} WARNING - /opt/***/plugins/utils/transform_and_load.py:73 FutureWarning: The behavior of DataFrame concatenation with empty or all-NA entries is deprecated. In a future version, this will no longer exclude empty or all-NA columns when determining the result dtypes. To retain the old behavior, exclude the relevant entries before the concat operation.
[2024-11-12T17:49:09.493+0000] {python.py:237} INFO - Done. Returned value was: None
[2024-11-12T17:49:09.493+0000] {taskinstance.py:441} INFO - ::group::Post task execution logs
[2024-11-12T17:49:09.500+0000] {taskinstance.py:1206} INFO - Marking task as SUCCESS. dag_id=news_dag, task_id=transform_and_load_op, run_id=manual__2024-11-12T17:49:01.849940+00:00, execution_date=20241112T174901, start_date=20241112T174905, end_date=20241112T174909
[2024-11-12T17:49:09.528+0000] {local_task_job_runner.py:243} INFO - Task exited with return code 0
[2024-11-12T17:49:09.543+0000] {taskinstance.py:3503} INFO - 0 downstream tasks scheduled from follow-on schedule check
[2024-11-12T17:49:09.544+0000] {local_task_job_runner.py:222} INFO - ::endgroup::
