[2024-11-12T17:49:02.669+0000] {local_task_job_runner.py:120} INFO - ::group::Pre task execution logs
[2024-11-12T17:49:02.690+0000] {taskinstance.py:2076} INFO - Dependencies all met for dep_context=non-requeueable deps ti=<TaskInstance: news_dag.extract_and_load_op manual__2024-11-12T17:49:01.849940+00:00 [queued]>
[2024-11-12T17:49:02.700+0000] {taskinstance.py:2076} INFO - Dependencies all met for dep_context=requeueable deps ti=<TaskInstance: news_dag.extract_and_load_op manual__2024-11-12T17:49:01.849940+00:00 [queued]>
[2024-11-12T17:49:02.701+0000] {taskinstance.py:2306} INFO - Starting attempt 1 of 1
[2024-11-12T17:49:02.717+0000] {taskinstance.py:2330} INFO - Executing <Task(PythonOperator): extract_and_load_op> on 2024-11-12 17:49:01.849940+00:00
[2024-11-12T17:49:02.736+0000] {logging_mixin.py:188} WARNING - /home/***/.local/lib/python3.12/site-packages/***/task/task_runner/standard_task_runner.py:62 DeprecationWarning: This process (pid=318) is multi-threaded, use of fork() may lead to deadlocks in the child.
[2024-11-12T17:49:02.733+0000] {standard_task_runner.py:90} INFO - Running: ['***', 'tasks', 'run', 'news_dag', 'extract_and_load_op', 'manual__2024-11-12T17:49:01.849940+00:00', '--job-id', '72', '--raw', '--subdir', 'DAGS_FOLDER/etl_dag.py', '--cfg-path', '/tmp/tmp_rdhw5pi']
[2024-11-12T17:49:02.738+0000] {standard_task_runner.py:64} INFO - Started process 319 to run task
[2024-11-12T17:49:02.738+0000] {standard_task_runner.py:91} INFO - Job 72: Subtask extract_and_load_op
[2024-11-12T17:49:02.806+0000] {task_command.py:426} INFO - Running <TaskInstance: news_dag.extract_and_load_op manual__2024-11-12T17:49:01.849940+00:00 [running]> on host 101ef97bab0b
[2024-11-12T17:49:02.895+0000] {taskinstance.py:2648} INFO - Exporting env vars: AIRFLOW_CTX_DAG_OWNER='***' AIRFLOW_CTX_DAG_ID='news_dag' AIRFLOW_CTX_TASK_ID='extract_and_load_op' AIRFLOW_CTX_EXECUTION_DATE='2024-11-12T17:49:01.849940+00:00' AIRFLOW_CTX_TRY_NUMBER='1' AIRFLOW_CTX_DAG_RUN_ID='manual__2024-11-12T17:49:01.849940+00:00'
[2024-11-12T17:49:02.896+0000] {taskinstance.py:430} INFO - ::endgroup::
[2024-11-12T17:49:02.932+0000] {base.py:84} INFO - Using connection ID 'aws_connection' for task execution.
[2024-11-12T17:49:02.933+0000] {logging_mixin.py:188} INFO - us-east-2
AKIAS2VS4PHYE3LHQNFT
***
[2024-11-12T17:49:04.927+0000] {python.py:237} INFO - Done. Returned value was: None
[2024-11-12T17:49:04.928+0000] {taskinstance.py:441} INFO - ::group::Post task execution logs
[2024-11-12T17:49:04.934+0000] {taskinstance.py:1206} INFO - Marking task as SUCCESS. dag_id=news_dag, task_id=extract_and_load_op, run_id=manual__2024-11-12T17:49:01.849940+00:00, execution_date=20241112T174901, start_date=20241112T174902, end_date=20241112T174904
[2024-11-12T17:49:04.964+0000] {local_task_job_runner.py:243} INFO - Task exited with return code 0
[2024-11-12T17:49:04.981+0000] {taskinstance.py:3503} INFO - 1 downstream tasks scheduled from follow-on schedule check
[2024-11-12T17:49:04.982+0000] {local_task_job_runner.py:222} INFO - ::endgroup::
