[2024-12-02T18:59:10.100+0000] {local_task_job_runner.py:120} INFO - ::group::Pre task execution logs
[2024-12-02T18:59:10.111+0000] {taskinstance.py:2076} INFO - Dependencies all met for dep_context=non-requeueable deps ti=<TaskInstance: news_dag.extract_and_load_op manual__2024-12-02T18:59:06.818003+00:00 [queued]>
[2024-12-02T18:59:10.116+0000] {taskinstance.py:2076} INFO - Dependencies all met for dep_context=requeueable deps ti=<TaskInstance: news_dag.extract_and_load_op manual__2024-12-02T18:59:06.818003+00:00 [queued]>
[2024-12-02T18:59:10.116+0000] {taskinstance.py:2306} INFO - Starting attempt 1 of 1
[2024-12-02T18:59:10.125+0000] {taskinstance.py:2330} INFO - Executing <Task(PythonOperator): extract_and_load_op> on 2024-12-02 18:59:06.818003+00:00
[2024-12-02T18:59:10.138+0000] {standard_task_runner.py:90} INFO - Running: ['***', 'tasks', 'run', 'news_dag', 'extract_and_load_op', 'manual__2024-12-02T18:59:06.818003+00:00', '--job-id', '8', '--raw', '--subdir', 'DAGS_FOLDER/etl_dag.py', '--cfg-path', '/tmp/tmp19t9fiwi']
[2024-12-02T18:59:10.141+0000] {standard_task_runner.py:91} INFO - Job 8: Subtask extract_and_load_op
[2024-12-02T18:59:10.140+0000] {logging_mixin.py:188} WARNING - /home/***/.local/lib/python3.12/site-packages/***/task/task_runner/standard_task_runner.py:62 DeprecationWarning: This process (pid=1064) is multi-threaded, use of fork() may lead to deadlocks in the child.
[2024-12-02T18:59:10.143+0000] {standard_task_runner.py:64} INFO - Started process 1079 to run task
[2024-12-02T18:59:10.176+0000] {task_command.py:426} INFO - Running <TaskInstance: news_dag.extract_and_load_op manual__2024-12-02T18:59:06.818003+00:00 [running]> on host 3d14745ceaae
[2024-12-02T18:59:10.233+0000] {taskinstance.py:2648} INFO - Exporting env vars: AIRFLOW_CTX_DAG_OWNER='***' AIRFLOW_CTX_DAG_ID='news_dag' AIRFLOW_CTX_TASK_ID='extract_and_load_op' AIRFLOW_CTX_EXECUTION_DATE='2024-12-02T18:59:06.818003+00:00' AIRFLOW_CTX_TRY_NUMBER='1' AIRFLOW_CTX_DAG_RUN_ID='manual__2024-12-02T18:59:06.818003+00:00'
[2024-12-02T18:59:10.235+0000] {taskinstance.py:430} INFO - ::endgroup::
[2024-12-02T18:59:16.245+0000] {base.py:84} INFO - Using connection ID 'aws_connection' for task execution.
[2024-12-02T18:59:16.325+0000] {logging_mixin.py:188} INFO -                                             guardian  \
0  French government faces no-confidence vote on ...   
1  Netanyahu threatens to respond ‘strongly’ afte...   
2  Joe Biden criticized by some supporters for pa...   
3  Atmospheric analysis shows Venus never had Ear...   
4  German chancellor Olaf Scholz pledges €650m in...   

                                             nytimes  \
0  Trump Remains Defiant After Some of His Nomine...   
1       Trump In-Law Has Quickly Risen to Prominence   
2  Director of ‘2000 Mules’ Acknowledges the Cons...   
3  Trump Wants to Shake Up Health Care. Many Amer...   
4  In Pardoning His Son, Biden Echoes Some of Tru...   

                                                 bbc  \
0  French PM faces no confidence vote after forci...   
1  What is happening in north-western Syria and w...   
2  French PM faces no confidence vote after forci...   
3  What is happening in north-western Syria and w...   
4  White House defends Biden as Republicans and D...   

                                           aljazeera  
0  Hezbollah fires ‘warning shots’ at Israeli arm...  
1                                     Live updates,   
2  Hezbollah fires ‘warning shots’ at Israeli arm...  
3  Syria, Russia forces step up air raids in a bi...  
4  Syria, Russia forces step up air raids in a bi...  
[2024-12-02T18:59:17.890+0000] {python.py:237} INFO - Done. Returned value was: None
[2024-12-02T18:59:17.891+0000] {taskinstance.py:441} INFO - ::group::Post task execution logs
[2024-12-02T18:59:17.897+0000] {taskinstance.py:1206} INFO - Marking task as SUCCESS. dag_id=news_dag, task_id=extract_and_load_op, run_id=manual__2024-12-02T18:59:06.818003+00:00, execution_date=20241202T185906, start_date=20241202T185910, end_date=20241202T185917
[2024-12-02T18:59:17.939+0000] {local_task_job_runner.py:243} INFO - Task exited with return code 0
[2024-12-02T18:59:17.956+0000] {taskinstance.py:3503} INFO - 1 downstream tasks scheduled from follow-on schedule check
[2024-12-02T18:59:17.958+0000] {local_task_job_runner.py:222} INFO - ::endgroup::
