[2024-11-02T09:30:43.802+0000] {local_task_job_runner.py:120} INFO - ::group::Pre task execution logs
[2024-11-02T09:30:43.813+0000] {taskinstance.py:2076} INFO - Dependencies all met for dep_context=non-requeueable deps ti=<TaskInstance: molecule_load_dag.extract_and_load_op manual__2024-11-02T09:30:42.223116+00:00 [queued]>
[2024-11-02T09:30:43.819+0000] {taskinstance.py:2076} INFO - Dependencies all met for dep_context=requeueable deps ti=<TaskInstance: molecule_load_dag.extract_and_load_op manual__2024-11-02T09:30:42.223116+00:00 [queued]>
[2024-11-02T09:30:43.819+0000] {taskinstance.py:2306} INFO - Starting attempt 1 of 1
[2024-11-02T09:30:43.829+0000] {taskinstance.py:2330} INFO - Executing <Task(PythonOperator): extract_and_load_op> on 2024-11-02 09:30:42.223116+00:00
[2024-11-02T09:30:43.837+0000] {standard_task_runner.py:90} INFO - Running: ['***', 'tasks', 'run', 'molecule_load_dag', 'extract_and_load_op', 'manual__2024-11-02T09:30:42.223116+00:00', '--job-id', '28', '--raw', '--subdir', 'DAGS_FOLDER/etl_dag.py', '--cfg-path', '/tmp/tmpc1lfi6p1']
[2024-11-02T09:30:43.841+0000] {standard_task_runner.py:91} INFO - Job 28: Subtask extract_and_load_op
[2024-11-02T09:30:43.840+0000] {logging_mixin.py:188} WARNING - /home/***/.local/lib/python3.12/site-packages/***/task/task_runner/standard_task_runner.py:62 DeprecationWarning: This process (pid=2037) is multi-threaded, use of fork() may lead to deadlocks in the child.
[2024-11-02T09:30:43.843+0000] {standard_task_runner.py:64} INFO - Started process 2038 to run task
[2024-11-02T09:30:43.883+0000] {task_command.py:426} INFO - Running <TaskInstance: molecule_load_dag.extract_and_load_op manual__2024-11-02T09:30:42.223116+00:00 [running]> on host 11ad264474a7
[2024-11-02T09:30:43.943+0000] {taskinstance.py:2648} INFO - Exporting env vars: AIRFLOW_CTX_DAG_OWNER='***' AIRFLOW_CTX_DAG_ID='molecule_load_dag' AIRFLOW_CTX_TASK_ID='extract_and_load_op' AIRFLOW_CTX_EXECUTION_DATE='2024-11-02T09:30:42.223116+00:00' AIRFLOW_CTX_TRY_NUMBER='1' AIRFLOW_CTX_DAG_RUN_ID='manual__2024-11-02T09:30:42.223116+00:00'
[2024-11-02T09:30:43.944+0000] {taskinstance.py:430} INFO - ::endgroup::
[2024-11-02T09:30:43.966+0000] {base.py:84} INFO - Using connection ID 'aws_connection' for task execution.
[2024-11-02T09:30:43.967+0000] {logging_mixin.py:188} INFO - us-east-2
AKIAS2VS4PHYE3LHQNFT
***
[2024-11-02T09:30:44.052+0000] {logging_mixin.py:188} INFO - issue here
[2024-11-02T09:30:45.575+0000] {python.py:237} INFO - Done. Returned value was: None
[2024-11-02T09:30:45.576+0000] {taskinstance.py:441} INFO - ::group::Post task execution logs
[2024-11-02T09:30:45.600+0000] {taskinstance.py:1206} INFO - Marking task as SUCCESS. dag_id=molecule_load_dag, task_id=extract_and_load_op, run_id=manual__2024-11-02T09:30:42.223116+00:00, execution_date=20241102T093042, start_date=20241102T093043, end_date=20241102T093045
[2024-11-02T09:30:45.633+0000] {local_task_job_runner.py:243} INFO - Task exited with return code 0
[2024-11-02T09:30:45.651+0000] {taskinstance.py:3503} INFO - 1 downstream tasks scheduled from follow-on schedule check
[2024-11-02T09:30:45.652+0000] {local_task_job_runner.py:222} INFO - ::endgroup::
