[2024-11-12T10:06:35.936+0000] {local_task_job_runner.py:120} INFO - ::group::Pre task execution logs
[2024-11-12T10:06:35.947+0000] {taskinstance.py:2076} INFO - Dependencies all met for dep_context=non-requeueable deps ti=<TaskInstance: news_dag.transform_and_load_op manual__2024-11-12T10:06:27.235718+00:00 [queued]>
[2024-11-12T10:06:35.952+0000] {taskinstance.py:2076} INFO - Dependencies all met for dep_context=requeueable deps ti=<TaskInstance: news_dag.transform_and_load_op manual__2024-11-12T10:06:27.235718+00:00 [queued]>
[2024-11-12T10:06:35.952+0000] {taskinstance.py:2306} INFO - Starting attempt 1 of 1
[2024-11-12T10:06:35.960+0000] {taskinstance.py:2330} INFO - Executing <Task(PythonOperator): transform_and_load_op> on 2024-11-12 10:06:27.235718+00:00
[2024-11-12T10:06:35.965+0000] {standard_task_runner.py:90} INFO - Running: ['***', 'tasks', 'run', 'news_dag', 'transform_and_load_op', 'manual__2024-11-12T10:06:27.235718+00:00', '--job-id', '7', '--raw', '--subdir', 'DAGS_FOLDER/etl_dag.py', '--cfg-path', '/tmp/tmp0tjifcll']
[2024-11-12T10:06:35.967+0000] {logging_mixin.py:188} WARNING - /home/***/.local/lib/python3.12/site-packages/***/task/task_runner/standard_task_runner.py:62 DeprecationWarning: This process (pid=1088) is multi-threaded, use of fork() may lead to deadlocks in the child.
[2024-11-12T10:06:35.968+0000] {standard_task_runner.py:91} INFO - Job 7: Subtask transform_and_load_op
[2024-11-12T10:06:35.968+0000] {standard_task_runner.py:64} INFO - Started process 1089 to run task
[2024-11-12T10:06:35.994+0000] {task_command.py:426} INFO - Running <TaskInstance: news_dag.transform_and_load_op manual__2024-11-12T10:06:27.235718+00:00 [running]> on host 3742f9b15fb5
[2024-11-12T10:06:36.042+0000] {taskinstance.py:2648} INFO - Exporting env vars: AIRFLOW_CTX_DAG_OWNER='***' AIRFLOW_CTX_DAG_ID='news_dag' AIRFLOW_CTX_TASK_ID='transform_and_load_op' AIRFLOW_CTX_EXECUTION_DATE='2024-11-12T10:06:27.235718+00:00' AIRFLOW_CTX_TRY_NUMBER='1' AIRFLOW_CTX_DAG_RUN_ID='manual__2024-11-12T10:06:27.235718+00:00'
[2024-11-12T10:06:36.043+0000] {taskinstance.py:430} INFO - ::endgroup::
[2024-11-12T10:06:36.057+0000] {base.py:84} INFO - Using connection ID 'aws_connection' for task execution.
[2024-11-12T10:06:37.277+0000] {logging_mixin.py:188} WARNING - /opt/***/plugins/utils/transform_and_load.py:59 FutureWarning: The behavior of DataFrame concatenation with empty or all-NA entries is deprecated. In a future version, this will no longer exclude empty or all-NA columns when determining the result dtypes. To retain the old behavior, exclude the relevant entries before the concat operation.
[2024-11-12T10:06:37.491+0000] {logging_mixin.py:188} INFO -                                          news_string  ...   timestamp
0  Harris heads to Texas as poll shows her tied w...  ...  2024-11-12
1  Children among dead as 38 killed in Israeli at...  ...  2024-11-12
2  King acknowledges ‘painful’ past as calls for ...  ...  2024-11-12
3  Anti-hate group vows to continue work after El...  ...  2024-11-12
4  ‘Someone who destroyed my life’: rapper Shyne ...  ...  2024-11-12

[5 rows x 5 columns]
[2024-11-12T10:06:38.869+0000] {python.py:237} INFO - Done. Returned value was: None
[2024-11-12T10:06:38.870+0000] {taskinstance.py:441} INFO - ::group::Post task execution logs
[2024-11-12T10:06:38.876+0000] {taskinstance.py:1206} INFO - Marking task as SUCCESS. dag_id=news_dag, task_id=transform_and_load_op, run_id=manual__2024-11-12T10:06:27.235718+00:00, execution_date=20241112T100627, start_date=20241112T100635, end_date=20241112T100638
[2024-11-12T10:06:38.898+0000] {local_task_job_runner.py:243} INFO - Task exited with return code 0
[2024-11-12T10:06:38.915+0000] {taskinstance.py:3503} INFO - 1 downstream tasks scheduled from follow-on schedule check
[2024-11-12T10:06:38.916+0000] {local_task_job_runner.py:222} INFO - ::endgroup::
