[2024-11-12T15:19:37.309+0000] {local_task_job_runner.py:120} INFO - ::group::Pre task execution logs
[2024-11-12T15:19:37.319+0000] {taskinstance.py:2076} INFO - Dependencies all met for dep_context=non-requeueable deps ti=<TaskInstance: news_dag.load_op manual__2024-11-12T15:19:23.567586+00:00 [queued]>
[2024-11-12T15:19:37.324+0000] {taskinstance.py:2076} INFO - Dependencies all met for dep_context=requeueable deps ti=<TaskInstance: news_dag.load_op manual__2024-11-12T15:19:23.567586+00:00 [queued]>
[2024-11-12T15:19:37.325+0000] {taskinstance.py:2306} INFO - Starting attempt 1 of 1
[2024-11-12T15:19:37.333+0000] {taskinstance.py:2330} INFO - Executing <Task(PythonOperator): load_op> on 2024-11-12 15:19:23.567586+00:00
[2024-11-12T15:19:37.339+0000] {standard_task_runner.py:90} INFO - Running: ['***', 'tasks', 'run', 'news_dag', 'load_op', 'manual__2024-11-12T15:19:23.567586+00:00', '--job-id', '15', '--raw', '--subdir', 'DAGS_FOLDER/etl_dag.py', '--cfg-path', '/tmp/tmp76ok7gy2']
[2024-11-12T15:19:37.341+0000] {standard_task_runner.py:91} INFO - Job 15: Subtask load_op
[2024-11-12T15:19:37.341+0000] {logging_mixin.py:188} WARNING - /home/***/.local/lib/python3.12/site-packages/***/task/task_runner/standard_task_runner.py:62 DeprecationWarning: This process (pid=590) is multi-threaded, use of fork() may lead to deadlocks in the child.
[2024-11-12T15:19:37.342+0000] {standard_task_runner.py:64} INFO - Started process 591 to run task
[2024-11-12T15:19:37.367+0000] {task_command.py:426} INFO - Running <TaskInstance: news_dag.load_op manual__2024-11-12T15:19:23.567586+00:00 [running]> on host 3742f9b15fb5
[2024-11-12T15:19:37.417+0000] {taskinstance.py:2648} INFO - Exporting env vars: AIRFLOW_CTX_DAG_OWNER='***' AIRFLOW_CTX_DAG_ID='news_dag' AIRFLOW_CTX_TASK_ID='load_op' AIRFLOW_CTX_EXECUTION_DATE='2024-11-12T15:19:23.567586+00:00' AIRFLOW_CTX_TRY_NUMBER='1' AIRFLOW_CTX_DAG_RUN_ID='manual__2024-11-12T15:19:23.567586+00:00'
[2024-11-12T15:19:37.418+0000] {taskinstance.py:430} INFO - ::endgroup::
[2024-11-12T15:19:37.433+0000] {base.py:84} INFO - Using connection ID 'aws_connection' for task execution.
[2024-11-12T15:19:38.497+0000] {logging_mixin.py:188} INFO - ace-scarab-434612-r8processed_news_datasetnews_strings_data
[2024-11-12T15:19:38.502+0000] {connection.py:274} WARNING - Connection schemes (type: google_cloud_platform) shall not contain '_' according to RFC3986.
[2024-11-12T15:19:38.504+0000] {base.py:84} INFO - Using connection ID 'gc_connection' for task execution.
[2024-11-12T15:21:11.976+0000] {python.py:237} INFO - Done. Returned value was: None
[2024-11-12T15:21:11.978+0000] {taskinstance.py:441} INFO - ::group::Post task execution logs
[2024-11-12T15:21:11.989+0000] {taskinstance.py:1206} INFO - Marking task as SUCCESS. dag_id=news_dag, task_id=load_op, run_id=manual__2024-11-12T15:19:23.567586+00:00, execution_date=20241112T151923, start_date=20241112T151937, end_date=20241112T152111
[2024-11-12T15:21:12.216+0000] {local_task_job_runner.py:243} INFO - Task exited with return code 0
[2024-11-12T15:21:12.226+0000] {taskinstance.py:3503} INFO - 0 downstream tasks scheduled from follow-on schedule check
[2024-11-12T15:21:12.227+0000] {local_task_job_runner.py:222} INFO - ::endgroup::
