[2024-12-03T13:47:51.164+0000] {local_task_job_runner.py:120} INFO - ::group::Pre task execution logs
[2024-12-03T13:47:51.174+0000] {taskinstance.py:2076} INFO - Dependencies all met for dep_context=non-requeueable deps ti=<TaskInstance: news_dag.transform_and_load_op manual__2024-12-03T13:47:40.460353+00:00 [queued]>
[2024-12-03T13:47:51.179+0000] {taskinstance.py:2076} INFO - Dependencies all met for dep_context=requeueable deps ti=<TaskInstance: news_dag.transform_and_load_op manual__2024-12-03T13:47:40.460353+00:00 [queued]>
[2024-12-03T13:47:51.179+0000] {taskinstance.py:2306} INFO - Starting attempt 1 of 1
[2024-12-03T13:47:51.187+0000] {taskinstance.py:2330} INFO - Executing <Task(PythonOperator): transform_and_load_op> on 2024-12-03 13:47:40.460353+00:00
[2024-12-03T13:47:51.194+0000] {standard_task_runner.py:90} INFO - Running: ['***', 'tasks', 'run', 'news_dag', 'transform_and_load_op', 'manual__2024-12-03T13:47:40.460353+00:00', '--job-id', '16', '--raw', '--subdir', 'DAGS_FOLDER/etl_dag.py', '--cfg-path', '/tmp/tmp0933nsib']
[2024-12-03T13:47:51.196+0000] {standard_task_runner.py:91} INFO - Job 16: Subtask transform_and_load_op
[2024-12-03T13:47:51.195+0000] {logging_mixin.py:188} WARNING - /home/***/.local/lib/python3.12/site-packages/***/task/task_runner/standard_task_runner.py:62 DeprecationWarning: This process (pid=389) is multi-threaded, use of fork() may lead to deadlocks in the child.
[2024-12-03T13:47:51.197+0000] {standard_task_runner.py:64} INFO - Started process 398 to run task
[2024-12-03T13:47:51.223+0000] {task_command.py:426} INFO - Running <TaskInstance: news_dag.transform_and_load_op manual__2024-12-03T13:47:40.460353+00:00 [running]> on host 6f562db0c9a5
[2024-12-03T13:47:51.276+0000] {taskinstance.py:2648} INFO - Exporting env vars: AIRFLOW_CTX_DAG_OWNER='***' AIRFLOW_CTX_DAG_ID='news_dag' AIRFLOW_CTX_TASK_ID='transform_and_load_op' AIRFLOW_CTX_EXECUTION_DATE='2024-12-03T13:47:40.460353+00:00' AIRFLOW_CTX_TRY_NUMBER='1' AIRFLOW_CTX_DAG_RUN_ID='manual__2024-12-03T13:47:40.460353+00:00'
[2024-12-03T13:47:51.278+0000] {taskinstance.py:430} INFO - ::endgroup::
[2024-12-03T13:47:51.294+0000] {base.py:84} INFO - Using connection ID 'aws_connection' for task execution.
[2024-12-03T13:47:54.176+0000] {logging_mixin.py:188} WARNING - /opt/***/utils_shared/utils/transform_and_load.py:62 FutureWarning: The behavior of DataFrame concatenation with empty or all-NA entries is deprecated. In a future version, this will no longer exclude empty or all-NA columns when determining the result dtypes. To retain the old behavior, exclude the relevant entries before the concat operation.
[2024-12-03T13:47:55.744+0000] {logging_mixin.py:188} INFO - heyyyy
[2024-12-03T13:47:55.751+0000] {logging_mixin.py:188} INFO -                                          news_string  ...   timestamp
0  Israel will not differentiate between Lebanon ...  ...  2024-12-03
1  Syrian insurgents advance on Hama city after c...  ...  2024-12-03
2  White House defends Biden’s pardon as Trump hi...  ...  2024-12-03
3  Meta says it has taken down about 20 covert in...  ...  2024-12-03
4  Jaguar boss says it has shown ‘fearless creati...  ...  2024-12-03

[5 rows x 6 columns]
[2024-12-03T13:47:55.826+0000] {logging_mixin.py:188} INFO - [('trump', 21), ('biden', 16), ('new', 14), ('us', 14), ('world', 11), ('ukraine', 11), ('israel', 10), ('ceasefire', 10), ('says', 10), ('gaza', 9), ('president', 9), ('hezbollah', 8), ('pardon', 8), ('pay', 8), ('war', 8), ('uk', 8), ('could', 8), ('white', 7), ('car', 7), ('first', 7)]
[2024-12-03T13:47:56.296+0000] {logging_mixin.py:188} INFO - Uploaded freq data
[2024-12-03T13:47:56.327+0000] {python.py:237} INFO - Done. Returned value was: None
[2024-12-03T13:47:56.327+0000] {taskinstance.py:441} INFO - ::group::Post task execution logs
[2024-12-03T13:47:56.334+0000] {taskinstance.py:1206} INFO - Marking task as SUCCESS. dag_id=news_dag, task_id=transform_and_load_op, run_id=manual__2024-12-03T13:47:40.460353+00:00, execution_date=20241203T134740, start_date=20241203T134751, end_date=20241203T134756
[2024-12-03T13:47:56.375+0000] {local_task_job_runner.py:243} INFO - Task exited with return code 0
[2024-12-03T13:47:56.389+0000] {taskinstance.py:3503} INFO - 0 downstream tasks scheduled from follow-on schedule check
[2024-12-03T13:47:56.390+0000] {local_task_job_runner.py:222} INFO - ::endgroup::
