[2024-11-11T14:15:34.078+0000] {local_task_job_runner.py:120} INFO - ::group::Pre task execution logs
[2024-11-11T14:15:34.089+0000] {taskinstance.py:2076} INFO - Dependencies all met for dep_context=non-requeueable deps ti=<TaskInstance: molecule_load_dag.load_op manual__2024-11-11T14:15:26.198159+00:00 [queued]>
[2024-11-11T14:15:34.096+0000] {taskinstance.py:2076} INFO - Dependencies all met for dep_context=requeueable deps ti=<TaskInstance: molecule_load_dag.load_op manual__2024-11-11T14:15:26.198159+00:00 [queued]>
[2024-11-11T14:15:34.096+0000] {taskinstance.py:2306} INFO - Starting attempt 1 of 1
[2024-11-11T14:15:34.103+0000] {taskinstance.py:2330} INFO - Executing <Task(PythonOperator): load_op> on 2024-11-11 14:15:26.198159+00:00
[2024-11-11T14:15:34.113+0000] {logging_mixin.py:188} WARNING - /home/***/.local/lib/python3.12/site-packages/***/task/task_runner/standard_task_runner.py:62 DeprecationWarning: This process (pid=299) is multi-threaded, use of fork() may lead to deadlocks in the child.
[2024-11-11T14:15:34.109+0000] {standard_task_runner.py:90} INFO - Running: ['***', 'tasks', 'run', 'molecule_load_dag', 'load_op', 'manual__2024-11-11T14:15:26.198159+00:00', '--job-id', '83', '--raw', '--subdir', 'DAGS_FOLDER/etl_dag.py', '--cfg-path', '/tmp/tmpq57ofsoh']
[2024-11-11T14:15:34.113+0000] {standard_task_runner.py:91} INFO - Job 83: Subtask load_op
[2024-11-11T14:15:34.113+0000] {standard_task_runner.py:64} INFO - Started process 300 to run task
[2024-11-11T14:15:34.139+0000] {task_command.py:426} INFO - Running <TaskInstance: molecule_load_dag.load_op manual__2024-11-11T14:15:26.198159+00:00 [running]> on host 33ac3a22d0b5
[2024-11-11T14:15:34.189+0000] {taskinstance.py:2648} INFO - Exporting env vars: AIRFLOW_CTX_DAG_OWNER='***' AIRFLOW_CTX_DAG_ID='molecule_load_dag' AIRFLOW_CTX_TASK_ID='load_op' AIRFLOW_CTX_EXECUTION_DATE='2024-11-11T14:15:26.198159+00:00' AIRFLOW_CTX_TRY_NUMBER='1' AIRFLOW_CTX_DAG_RUN_ID='manual__2024-11-11T14:15:26.198159+00:00'
[2024-11-11T14:15:34.190+0000] {taskinstance.py:430} INFO - ::endgroup::
[2024-11-11T14:15:34.205+0000] {base.py:84} INFO - Using connection ID 'aws_connection' for task execution.
[2024-11-11T14:15:35.538+0000] {connection.py:274} WARNING - Connection schemes (type: google_cloud_platform) shall not contain '_' according to RFC3986.
[2024-11-11T14:15:35.539+0000] {base.py:84} INFO - Using connection ID 'gc_connection' for task execution.
[2024-11-11T14:15:35.601+0000] {logging_mixin.py:188} INFO - {'news_string': 'Harris heads to Texas as poll shows her tied with Trump at 48%', 'publisher': 'guardian', 'sentiment': 0.0, 'color': '(255, 239, 0)', 'timestamp': '2024-11-11'}
[2024-11-11T14:15:36.817+0000] {logging_mixin.py:188} INFO - {'news_string': 'Children among dead as 38 killed in Israeli attack on Khan Younis', 'publisher': 'guardian', 'sentiment': -0.9169, 'color': '(255, 0, 0)', 'timestamp': '2024-11-11'}
[2024-11-11T14:15:37.107+0000] {logging_mixin.py:188} INFO - {'news_string': 'King acknowledges ‘painful’ past as calls for slavery reparations grow at summit', 'publisher': 'guardian', 'sentiment': -0.7003, 'color': '(255, 0, 0)', 'timestamp': '2024-11-11'}
[2024-11-11T14:15:37.371+0000] {logging_mixin.py:188} INFO - {'news_string': 'Anti-hate group vows to continue work after Elon Musk’s declaration of ‘war’', 'publisher': 'guardian', 'sentiment': 0.0, 'color': '(255, 239, 0)', 'timestamp': '2024-11-11'}
[2024-11-11T14:15:37.622+0000] {logging_mixin.py:188} INFO - {'news_string': '‘Someone who destroyed my life’: rapper Shyne on Sean ‘Diddy’ Combs in new documentary', 'publisher': 'guardian', 'sentiment': -0.4939, 'color': '(255, 0, 0)', 'timestamp': '2024-11-11'}
[2024-11-11T14:15:37.878+0000] {logging_mixin.py:188} INFO - {'news_string': 'Legal bid for Ecuador forest to be recognised as song co-creator', 'publisher': 'guardian', 'sentiment': 0.128, 'color': '(222, 255, 0)', 'timestamp': '2024-11-11'}
[2024-11-11T14:15:38.124+0000] {logging_mixin.py:188} INFO - {'news_string': 'LA district attorney recommends resentencing for Menéndez brothers', 'publisher': 'guardian', 'sentiment': 0.2732, 'color': '(196, 255, 0)', 'timestamp': '2024-11-11'}
[2024-11-11T14:15:38.391+0000] {logging_mixin.py:188} INFO - {'news_string': '‘We have emotions too’: Climate scientists respond to attacks on objectivity', 'publisher': 'guardian', 'sentiment': -0.4404, 'color': '(255, 0, 0)', 'timestamp': '2024-11-11'}
[2024-11-11T14:15:38.656+0000] {logging_mixin.py:188} INFO - {'news_string': 'Sliver of cool surface water 2mm deep helps oceans absorb CO2, say scientists', 'publisher': 'guardian', 'sentiment': 0.5994, 'color': '(0, 255, 0)', 'timestamp': '2024-11-11'}
[2024-11-11T14:15:38.916+0000] {logging_mixin.py:188} INFO - {'news_string': 'Helen Mirren: it’s so sad Kurt Cobain died before GPS was invented', 'publisher': 'guardian', 'sentiment': -0.822, 'color': '(255, 0, 0)', 'timestamp': '2024-11-11'}
[2024-11-11T14:15:39.192+0000] {logging_mixin.py:188} INFO - {'news_string': 'Watershed moment as Georgia goes to polls in tussle between Russia and west', 'publisher': 'guardian', 'sentiment': 0.0, 'color': '(255, 239, 0)', 'timestamp': '2024-11-11'}
[2024-11-11T14:15:39.431+0000] {logging_mixin.py:188} INFO - {'news_string': '‘Blood alliance’: why South Korea fears North’s involvement in Ukraine war', 'publisher': 'guardian', 'sentiment': -0.7717, 'color': '(255, 0, 0)', 'timestamp': '2024-11-11'}
[2024-11-11T14:15:39.701+0000] {logging_mixin.py:188} INFO - {'news_string': 'High-stakes pension plebiscite could turn Uruguay’s election in to its ‘Brexit moment’', 'publisher': 'guardian', 'sentiment': 0.0, 'color': '(255, 239, 0)', 'timestamp': '2024-11-11'}
[2024-11-11T14:15:39.963+0000] {logging_mixin.py:188} INFO - {'news_string': 'Lady Gaga: Disease review – a return to form, and to her classic sound', 'publisher': 'guardian', 'sentiment': 0.0, 'color': '(255, 239, 0)', 'timestamp': '2024-11-11'}
[2024-11-11T14:15:40.256+0000] {logging_mixin.py:188} INFO - {'news_string': 'Should my flatmate stop drying her underwear on our radiators?', 'publisher': 'guardian', 'sentiment': -0.296, 'color': '(255, 94, 0)', 'timestamp': '2024-11-11'}
[2024-11-11T14:15:40.502+0000] {logging_mixin.py:188} INFO - {'news_string': 'Hellah Sidibe: the pioneering ultrarunner who was once scared of running', 'publisher': 'guardian', 'sentiment': -0.4404, 'color': '(255, 0, 0)', 'timestamp': '2024-11-11'}
[2024-11-11T14:15:40.748+0000] {logging_mixin.py:188} INFO - {'news_string': '‘It’s going to be much darker’: inside the deadly return of TV masterpiece Wolf Hall', 'publisher': 'guardian', 'sentiment': 0.6249, 'color': '(0, 255, 0)', 'timestamp': '2024-11-11'}
[2024-11-11T14:15:41.027+0000] {logging_mixin.py:188} INFO - {'news_string': '‘Who am I voting for? America!’ Chris Stapleton on patriotism, politics and being country’s great crossover star', 'publisher': 'guardian', 'sentiment': 0.6588, 'color': '(0, 255, 0)', 'timestamp': '2024-11-11'}
[2024-11-11T14:15:41.289+0000] {logging_mixin.py:188} INFO - {'news_string': 'I do hair and makeup for the dead', 'publisher': 'guardian', 'sentiment': -0.6486, 'color': '(255, 0, 0)', 'timestamp': '2024-11-11'}
[2024-11-11T14:15:41.543+0000] {logging_mixin.py:188} INFO - {'news_string': 'Kate Bush: Little Shrew review – this devastating film will make you weep at war’s violence against children', 'publisher': 'guardian', 'sentiment': -0.9288, 'color': '(255, 0, 0)', 'timestamp': '2024-11-11'}
[2024-11-11T14:15:41.804+0000] {logging_mixin.py:188} INFO - {'news_string': 'Growth the size of a melon: a scrotum-swelling disease threatening thousands', 'publisher': 'guardian', 'sentiment': -0.2023, 'color': '(255, 94, 0)', 'timestamp': '2024-11-11'}
[2024-11-11T14:15:42.053+0000] {logging_mixin.py:188} INFO - {'news_string': 'The US election interference row tells us this: Starmer’s political compass urgently needs resetting', 'publisher': 'guardian', 'sentiment': 0.0, 'color': '(255, 239, 0)', 'timestamp': '2024-11-11'}
[2024-11-11T14:15:42.299+0000] {logging_mixin.py:188} INFO - {'news_string': 'Don’t ‘boy mum’ me. These stereotypes around raising children do enormous harm', 'publisher': 'guardian', 'sentiment': -0.5423, 'color': '(255, 0, 0)', 'timestamp': '2024-11-11'}
[2024-11-11T14:15:42.547+0000] {logging_mixin.py:188} INFO - {'news_string': 'A prime minister defending immigration? It can happen. It just did here in Spain', 'publisher': 'guardian', 'sentiment': 0.0, 'color': '(255, 239, 0)', 'timestamp': '2024-11-11'}
[2024-11-11T14:15:42.850+0000] {logging_mixin.py:188} INFO - {'news_string': 'If Civilization is falling apart, I might as well control it myself', 'publisher': 'guardian', 'sentiment': 0.128, 'color': '(222, 255, 0)', 'timestamp': '2024-11-11'}
[2024-11-11T14:15:43.142+0000] {logging_mixin.py:188} INFO - {'news_string': 'The corporate takeover of ‘craft beer’ leaves a nasty taste in the mouth', 'publisher': 'guardian', 'sentiment': -0.5574, 'color': '(255, 0, 0)', 'timestamp': '2024-11-11'}
[2024-11-11T14:15:43.393+0000] {logging_mixin.py:188} INFO - {'news_string': 'Obama fan-boys Eminem, American Airlines gets tough on ‘gate lice’', 'publisher': 'guardian', 'sentiment': -0.128, 'color': '(255, 179, 0)', 'timestamp': '2024-11-11'}
[2024-11-11T14:15:43.645+0000] {logging_mixin.py:188} INFO - {'news_string': 'Pakistan turn tide on England with Saud century and late wickets', 'publisher': 'guardian', 'sentiment': 0.0, 'color': '(255, 239, 0)', 'timestamp': '2024-11-11'}
[2024-11-11T14:15:43.921+0000] {logging_mixin.py:188} INFO - {'news_string': 'England v Germany buildup, Premier League news and Europa League reaction', 'publisher': 'guardian', 'sentiment': 0.0, 'color': '(255, 239, 0)', 'timestamp': '2024-11-11'}
[2024-11-11T14:15:44.186+0000] {logging_mixin.py:188} INFO - {'news_string': 'Data, repeat viewings and gut feeling: how Liverpool signed Firmino', 'publisher': 'guardian', 'sentiment': 0.128, 'color': '(222, 255, 0)', 'timestamp': '2024-11-11'}
[2024-11-11T14:15:44.433+0000] {logging_mixin.py:188} INFO - {'news_string': 'Will the Yankees or Dodgers win east v west coast heavyweight clash?', 'publisher': 'guardian', 'sentiment': 0.5859, 'color': '(0, 255, 0)', 'timestamp': '2024-11-11'}
[2024-11-11T14:15:44.681+0000] {logging_mixin.py:188} INFO - {'news_string': 'Howe tells Alexander Isak to ‘focus on football’ not a new deal', 'publisher': 'guardian', 'sentiment': 0.0, 'color': '(255, 239, 0)', 'timestamp': '2024-11-11'}
[2024-11-11T14:15:44.925+0000] {logging_mixin.py:188} INFO - {'news_string': 'Pressure on Steidten and Lopetegui as West Ham revamp stalls', 'publisher': 'guardian', 'sentiment': -0.296, 'color': '(255, 94, 0)', 'timestamp': '2024-11-11'}
[2024-11-11T14:15:45.174+0000] {logging_mixin.py:188} INFO - {'news_string': '10 things to look out for this weekend as Liverpool visit Arsenal', 'publisher': 'guardian', 'sentiment': 0.0, 'color': '(255, 239, 0)', 'timestamp': '2024-11-11'}
[2024-11-11T14:15:45.407+0000] {logging_mixin.py:188} INFO - {'news_string': 'Mancini walks away from Saudi Arabia after 14 months as coach ', 'publisher': 'guardian', 'sentiment': 0.0, 'color': '(255, 239, 0)', 'timestamp': '2024-11-11'}
[2024-11-11T14:15:45.666+0000] {logging_mixin.py:188} INFO - {'news_string': 'Tropical storm season in full swing in Indian and Pacific oceans', 'publisher': 'guardian', 'sentiment': 0.0, 'color': '(255, 239, 0)', 'timestamp': '2024-11-11'}
[2024-11-11T14:15:45.920+0000] {logging_mixin.py:188} INFO - {'news_string': '‘Crunch time for real’: UN says time for climate delays has run out', 'publisher': 'guardian', 'sentiment': 0.0, 'color': '(255, 239, 0)', 'timestamp': '2024-11-11'}
[2024-11-11T14:15:46.187+0000] {logging_mixin.py:188} INFO - {'news_string': 'Hawaii sets rules to stop spread of tree-killing coconut rhinoceros beetles', 'publisher': 'guardian', 'sentiment': -0.296, 'color': '(255, 94, 0)', 'timestamp': '2024-11-11'}
[2024-11-11T14:15:46.437+0000] {logging_mixin.py:188} INFO - {'news_string': 'US power grid added battery equivalent of 20 nuclear reactors in past four years', 'publisher': 'guardian', 'sentiment': 0.0, 'color': '(255, 239, 0)', 'timestamp': '2024-11-11'}
[2024-11-11T14:15:46.698+0000] {logging_mixin.py:188} INFO - {'news_string': 'Where do Harris and Trump stand on the key election issues?', 'publisher': 'guardian', 'sentiment': 0.0, 'color': '(255, 239, 0)', 'timestamp': '2024-11-11'}
[2024-11-11T14:15:46.943+0000] {logging_mixin.py:188} INFO - {'news_string': 'I visited JD Vance’s hometown. Here’s what I learned about young male voters', 'publisher': 'guardian', 'sentiment': 0.0, 'color': '(255, 239, 0)', 'timestamp': '2024-11-11'}
[2024-11-11T14:15:47.207+0000] {logging_mixin.py:188} INFO - {'news_string': 'If Trump wins the election, this is what’s at stake for gun control', 'publisher': 'guardian', 'sentiment': 0.3182, 'color': '(0, 255, 0)', 'timestamp': '2024-11-11'}
[2024-11-11T14:15:47.457+0000] {logging_mixin.py:188} INFO - {'news_string': 'Nobel prize winners endorse Harris and warn Trump would endanger future of science', 'publisher': 'guardian', 'sentiment': 0.8074, 'color': '(0, 255, 0)', 'timestamp': '2024-11-11'}
[2024-11-11T14:15:47.705+0000] {logging_mixin.py:188} INFO - {'news_string': '‘Ours is a fight for the future’: Harris and Obama share stage for first time at Georgia rally', 'publisher': 'guardian', 'sentiment': -0.1027, 'color': '(255, 179, 0)', 'timestamp': '2024-11-11'}
[2024-11-11T14:15:47.952+0000] {logging_mixin.py:188} INFO - {'news_string': '‘Inhumane and wicked’: anguish over Italy’s expanded surrogacy ban', 'publisher': 'guardian', 'sentiment': -0.8176, 'color': '(255, 0, 0)', 'timestamp': '2024-11-11'}
[2024-11-11T14:15:48.205+0000] {logging_mixin.py:188} INFO - {'news_string': 'Putin does not deny North Korea has sent soldiers to Russia', 'publisher': 'guardian', 'sentiment': 0.2584, 'color': '(196, 255, 0)', 'timestamp': '2024-11-11'}
[2024-11-11T14:15:48.458+0000] {logging_mixin.py:188} INFO - {'news_string': 'Justin Trudeau insists he will lead Liberals into next election amid dissent', 'publisher': 'guardian', 'sentiment': 0.0, 'color': '(255, 239, 0)', 'timestamp': '2024-11-11'}
[2024-11-11T14:15:48.690+0000] {logging_mixin.py:188} INFO - {'news_string': 'Israel’s plan to ban Unrwa from accessing Gaza marks new low in its relations with UN', 'publisher': 'guardian', 'sentiment': -0.6908, 'color': '(255, 0, 0)', 'timestamp': '2024-11-11'}
[2024-11-11T14:15:48.958+0000] {logging_mixin.py:188} INFO - {'news_string': '‘Sherpas are rarely seen as elite athletes’: record-breaking teenager’s fight for equality', 'publisher': 'guardian', 'sentiment': -0.3818, 'color': '(255, 0, 0)', 'timestamp': '2024-11-11'}
[2024-11-11T14:15:49.231+0000] {logging_mixin.py:188} INFO - {'news_string': 'UK consumers in ‘a despondent mood’ ahead of the budget; pound on track for worst month in a year  ', 'publisher': 'guardian', 'sentiment': -0.802, 'color': '(255, 0, 0)', 'timestamp': '2024-11-11'}
[2024-11-11T14:15:49.495+0000] {logging_mixin.py:188} INFO - {'news_string': 'Gambling poses huge global threat to public health, experts warn', 'publisher': 'guardian', 'sentiment': -0.3612, 'color': '(255, 0, 0)', 'timestamp': '2024-11-11'}
[2024-11-11T14:15:49.743+0000] {logging_mixin.py:188} INFO - {'news_string': 'Astronauts return from nearly eight months on ISS after Starliner problems', 'publisher': 'guardian', 'sentiment': -0.4019, 'color': '(255, 0, 0)', 'timestamp': '2024-11-11'}
[2024-11-11T14:15:50.009+0000] {logging_mixin.py:188} INFO - {'news_string': 'Limits on testing for bird flu in humans could pose difficulty for containing spread', 'publisher': 'guardian', 'sentiment': -0.6124, 'color': '(255, 0, 0)', 'timestamp': '2024-11-11'}
[2024-11-11T14:15:50.247+0000] {logging_mixin.py:188} INFO - {'news_string': 'Raye loses songwriting books for second album in car theft', 'publisher': 'guardian', 'sentiment': -0.3182, 'color': '(255, 0, 0)', 'timestamp': '2024-11-11'}
[2024-11-11T14:15:50.472+0000] {logging_mixin.py:188} INFO - {'news_string': 'Kate Bush shares plans to make new music: ‘I’ve got lots of ideas’', 'publisher': 'guardian', 'sentiment': 0.296, 'color': '(196, 255, 0)', 'timestamp': '2024-11-11'}
[2024-11-11T14:15:50.732+0000] {logging_mixin.py:188} INFO - {'news_string': 'Letters by Oliver Sacks review – science, sex and motorcycles', 'publisher': 'guardian', 'sentiment': 0.0, 'color': '(255, 239, 0)', 'timestamp': '2024-11-11'}
[2024-11-11T14:15:50.997+0000] {logging_mixin.py:188} INFO - {'news_string': 'Before review – Billy Crystal’s move into horror is brilliant', 'publisher': 'guardian', 'sentiment': 0.0258, 'color': '(222, 255, 0)', 'timestamp': '2024-11-11'}
[2024-11-11T14:15:51.229+0000] {logging_mixin.py:188} INFO - {'news_string': 'Lissa Evans: ‘Charlotte’s Web had me beside myself with rage and disbelief’', 'publisher': 'guardian', 'sentiment': -0.5574, 'color': '(255, 0, 0)', 'timestamp': '2024-11-11'}
[2024-11-11T14:15:51.487+0000] {logging_mixin.py:188} INFO - {'news_string': 'Children’s and teens roundup – the best new picture books and novels', 'publisher': 'guardian', 'sentiment': 0.6369, 'color': '(0, 255, 0)', 'timestamp': '2024-11-11'}
[2024-11-11T14:15:51.746+0000] {logging_mixin.py:188} INFO - {'news_string': '‘I stood on the sunny hilltop imagining I was a Roman’: readers’ favourite ancient sites in Europe', 'publisher': 'guardian', 'sentiment': 0.4215, 'color': '(0, 255, 0)', 'timestamp': '2024-11-11'}
[2024-11-11T14:15:52.000+0000] {logging_mixin.py:188} INFO - {'news_string': 'On a group holiday we realised we had feelings for each other', 'publisher': 'guardian', 'sentiment': 0.4019, 'color': '(0, 255, 0)', 'timestamp': '2024-11-11'}
[2024-11-11T14:15:52.268+0000] {logging_mixin.py:188} INFO - {'news_string': '‘Oh, look at the lovely gammon!’ The National Trust’s new woke trail ', 'publisher': 'guardian', 'sentiment': 0.6239, 'color': '(0, 255, 0)', 'timestamp': '2024-11-11'}
[2024-11-11T14:15:52.523+0000] {logging_mixin.py:188} INFO - {'news_string': 'Time for action on my maturing veg patch. First job? Tackle the rhubarb', 'publisher': 'guardian', 'sentiment': 0.0, 'color': '(255, 239, 0)', 'timestamp': '2024-11-11'}
[2024-11-11T14:15:52.795+0000] {logging_mixin.py:188} INFO - {'news_string': 'Out with the bats, in with the brats: 7 Halloween costumes that lean into the zeitgeist', 'publisher': 'guardian', 'sentiment': 0.0, 'color': '(255, 239, 0)', 'timestamp': '2024-11-11'}
[2024-11-11T14:15:53.060+0000] {logging_mixin.py:188} INFO - {'news_string': 'He did give me pause for thought about whether my position might be too extreme', 'publisher': 'guardian', 'sentiment': 0.0, 'color': '(255, 239, 0)', 'timestamp': '2024-11-11'}
[2024-11-11T14:15:53.319+0000] {logging_mixin.py:188} INFO - {'news_string': 'Share your experience of being a runner for film or TV', 'publisher': 'guardian', 'sentiment': 0.296, 'color': '(196, 255, 0)', 'timestamp': '2024-11-11'}
[2024-11-11T14:15:53.581+0000] {logging_mixin.py:188} INFO - {'news_string': 'How has Microsoft Excel become part of your life? ', 'publisher': 'guardian', 'sentiment': 0.4588, 'color': '(0, 255, 0)', 'timestamp': '2024-11-11'}
[2024-11-11T14:15:53.852+0000] {logging_mixin.py:188} INFO - {'news_string': 'How have you been affected by the recent violence?', 'publisher': 'guardian', 'sentiment': -0.6908, 'color': '(255, 0, 0)', 'timestamp': '2024-11-11'}
[2024-11-11T14:15:54.100+0000] {logging_mixin.py:188} INFO - {'news_string': 'Tell us your experience with Australia’s housing affordability crisis', 'publisher': 'guardian', 'sentiment': -0.6249, 'color': '(255, 0, 0)', 'timestamp': '2024-11-11'}
[2024-11-11T14:15:54.339+0000] {logging_mixin.py:188} INFO - {'news_string': 'Which disease-modifying Alzheimer’s drugs are the most promising?', 'publisher': 'guardian', 'sentiment': 0.4576, 'color': '(0, 255, 0)', 'timestamp': '2024-11-11'}
[2024-11-11T14:15:54.580+0000] {logging_mixin.py:188} INFO - {'news_string': 'Polls show historic gender split between Trump and Harris voters', 'publisher': 'guardian', 'sentiment': 0.0, 'color': '(255, 239, 0)', 'timestamp': '2024-11-11'}
[2024-11-11T14:15:54.796+0000] {logging_mixin.py:188} INFO - {'news_string': 'Growth the size of a melon: a scrotum-swelling disease threatening thousands', 'publisher': 'guardian', 'sentiment': -0.2023, 'color': '(255, 94, 0)', 'timestamp': '2024-11-11'}
[2024-11-11T14:15:55.060+0000] {logging_mixin.py:188} INFO - {'news_string': 'This race could affect Pennsylvanians more than the presidential election. Can Democrats win?', 'publisher': 'guardian', 'sentiment': 0.5859, 'color': '(0, 255, 0)', 'timestamp': '2024-11-11'}
[2024-11-11T14:15:55.319+0000] {logging_mixin.py:188} INFO - {'news_string': 'What we’ve learned so far from the Lucy Letby inquiry: ‘cold’ character, missed opportunities and staff shortages', 'publisher': 'guardian', 'sentiment': -0.0516, 'color': '(255, 179, 0)', 'timestamp': '2024-11-11'}
[2024-11-11T14:15:55.560+0000] {logging_mixin.py:188} INFO - {'news_string': 'An unlikely Oakland mayor is fighting for political survival amid a billionaire-backed recall', 'publisher': 'guardian', 'sentiment': -0.3612, 'color': '(255, 0, 0)', 'timestamp': '2024-11-11'}
[2024-11-11T14:15:55.809+0000] {logging_mixin.py:188} INFO - {'news_string': '‘We don’t know where the tipping point is’: climate expert on potential collapse of Atlantic circulation', 'publisher': 'guardian', 'sentiment': -0.4939, 'color': '(255, 0, 0)', 'timestamp': '2024-11-11'}
[2024-11-11T14:15:56.064+0000] {logging_mixin.py:188} INFO - {'news_string': '‘An apology is free’: experts on the UK’s approach to slavery reparations', 'publisher': 'guardian', 'sentiment': -0.6808, 'color': '(255, 0, 0)', 'timestamp': '2024-11-11'}
[2024-11-11T14:15:56.344+0000] {logging_mixin.py:188} INFO - {'news_string': '‘I don’t have much hope for a Harris presidency’: Ta-Nehisi Coates on Israeli apartheid and what the media gets wrong about Palestine', 'publisher': 'guardian', 'sentiment': -0.0516, 'color': '(255, 179, 0)', 'timestamp': '2024-11-11'}
[2024-11-11T14:15:56.587+0000] {logging_mixin.py:188} INFO - {'news_string': 'What does Elon Musk want from all this politicking?', 'publisher': 'guardian', 'sentiment': 0.0772, 'color': '(222, 255, 0)', 'timestamp': '2024-11-11'}
[2024-11-11T14:15:56.841+0000] {logging_mixin.py:188} INFO - {'news_string': 'The trial of Björn Höcke, the ‘real boss’ of Germany’s far right – podcast', 'publisher': 'guardian', 'sentiment': 0.0, 'color': '(255, 239, 0)', 'timestamp': '2024-11-11'}
[2024-11-11T14:15:57.093+0000] {logging_mixin.py:188} INFO - {'news_string': 'Why Elon Musk needs Donald Trump to win – podcast', 'publisher': 'guardian', 'sentiment': 0.5859, 'color': '(0, 255, 0)', 'timestamp': '2024-11-11'}
[2024-11-11T14:15:57.354+0000] {logging_mixin.py:188} INFO - {'news_string': 'Undercover inside a ‘scientific racism’ network – podcast', 'publisher': 'guardian', 'sentiment': 0.0, 'color': '(255, 239, 0)', 'timestamp': '2024-11-11'}
[2024-11-11T14:15:57.577+0000] {logging_mixin.py:188} INFO - {'news_string': 'US election extra: Pennsylvania in the balance – podcast', 'publisher': 'guardian', 'sentiment': 0.0, 'color': '(255, 239, 0)', 'timestamp': '2024-11-11'}
[2024-11-11T14:15:57.826+0000] {logging_mixin.py:188} INFO - {'news_string': 'Haaland goes full Matrix and a belter in Barcelona – Football Weekly Extra', 'publisher': 'guardian', 'sentiment': 0.0, 'color': '(255, 239, 0)', 'timestamp': '2024-11-11'}
[2024-11-11T14:15:58.076+0000] {logging_mixin.py:188} INFO - {'news_string': 'What’s at stake for the climate if Trump wins? – podcast', 'publisher': 'guardian', 'sentiment': 0.5719, 'color': '(0, 255, 0)', 'timestamp': '2024-11-11'}
[2024-11-11T14:15:58.374+0000] {logging_mixin.py:188} INFO - {'news_string': 'On the road in Birmingham: can the budget save this bankrupt city – Politics Weekly UK', 'publisher': 'guardian', 'sentiment': -0.2617, 'color': '(255, 94, 0)', 'timestamp': '2024-11-11'}
[2024-11-11T14:15:58.638+0000] {logging_mixin.py:188} INFO - {'news_string': "'Love me some Eminem': Obama raps on stage at Harris campaign rally ", 'publisher': 'guardian', 'sentiment': 0.6369, 'color': '(0, 255, 0)', 'timestamp': '2024-11-11'}
[2024-11-11T14:15:58.898+0000] {logging_mixin.py:188} INFO - {'news_string': 'Video shows moment Beirut building is flattened in an Israeli strike', 'publisher': 'guardian', 'sentiment': -0.128, 'color': '(255, 179, 0)', 'timestamp': '2024-11-11'}
[2024-11-11T14:15:59.176+0000] {logging_mixin.py:188} INFO - {'news_string': "'Europe is not paradise': one man's mission to stop Senegal’s youth dying at sea ", 'publisher': 'guardian', 'sentiment': -0.296, 'color': '(255, 94, 0)', 'timestamp': '2024-11-11'}
[2024-11-11T14:15:59.443+0000] {logging_mixin.py:188} INFO - {'news_string': 'King Charles and Queen Camilla touch down in Australia for royal tour', 'publisher': 'guardian', 'sentiment': 0.0, 'color': '(255, 239, 0)', 'timestamp': '2024-11-11'}
[2024-11-11T14:15:59.675+0000] {logging_mixin.py:188} INFO - {'news_string': 'A night of light and a giant maze', 'publisher': 'guardian', 'sentiment': 0.0, 'color': '(255, 239, 0)', 'timestamp': '2024-11-11'}
[2024-11-11T14:15:59.937+0000] {logging_mixin.py:188} INFO - {'news_string': '‘Pole of Cold’: life in the coldest inhabited village on Earth – photo essay', 'publisher': 'guardian', 'sentiment': 0.0, 'color': '(255, 239, 0)', 'timestamp': '2024-11-11'}
[2024-11-11T14:16:00.235+0000] {logging_mixin.py:188} INFO - {'news_string': 'King Charles and Queen Camilla receive royal welcome in Samoa ', 'publisher': 'guardian', 'sentiment': 0.4588, 'color': '(0, 255, 0)', 'timestamp': '2024-11-11'}
[2024-11-11T14:16:00.500+0000] {logging_mixin.py:188} INFO - {'news_string': 'Fabricating life in the Japanese village of Ichinono ', 'publisher': 'guardian', 'sentiment': 0.0, 'color': '(255, 239, 0)', 'timestamp': '2024-11-11'}
[2024-11-11T14:16:00.743+0000] {logging_mixin.py:188} INFO - {'news_string': 'Cosy cottages for autumn for sale ', 'publisher': 'guardian', 'sentiment': 0.0, 'color': '(255, 239, 0)', 'timestamp': '2024-11-11'}
[2024-11-11T14:16:01.005+0000] {logging_mixin.py:188} INFO - {'news_string': 'Jaguar cuddles, a supermarket cockatoo and a seal in Canary Wharf', 'publisher': 'guardian', 'sentiment': 0.0, 'color': '(255, 239, 0)', 'timestamp': '2024-11-11'}
[2024-11-11T14:16:01.256+0000] {logging_mixin.py:188} INFO - {'news_string': 'Harris and Trump Deadlocked to the End, Final Times/Siena National Poll Finds', 'publisher': 'nytimes', 'sentiment': 0.0, 'color': '(255, 239, 0)', 'timestamp': '2024-11-11'}
[2024-11-11T14:16:01.511+0000] {logging_mixin.py:188} INFO - {'news_string': 'Could Donald Trump Win the Popular Vote but Lose the Electoral College?', 'publisher': 'nytimes', 'sentiment': -0.0644, 'color': '(255, 179, 0)', 'timestamp': '2024-11-11'}
[2024-11-11T14:16:01.757+0000] {logging_mixin.py:188} INFO - {'news_string': 'Harris, Trump and Allies Spend Over a Half-Billion Dollars in 16 Days', 'publisher': 'nytimes', 'sentiment': 0.0, 'color': '(255, 239, 0)', 'timestamp': '2024-11-11'}
[2024-11-11T14:16:02.012+0000] {logging_mixin.py:188} INFO - {'news_string': 'U.S. Bond Market Braces for the ‘Trump Trade’ of Large Tariffs and Deficits', 'publisher': 'nytimes', 'sentiment': 0.0, 'color': '(255, 239, 0)', 'timestamp': '2024-11-11'}
[2024-11-11T14:16:02.307+0000] {logging_mixin.py:188} INFO - {'news_string': 'Obama Rallies With Harris for First Time, to the Chords of Bruce Springsteen', 'publisher': 'nytimes', 'sentiment': 0.0, 'color': '(255, 239, 0)', 'timestamp': '2024-11-11'}
[2024-11-11T14:16:02.566+0000] {logging_mixin.py:188} INFO - {'news_string': 'Trump to Appear on Joe Rogan’s Podcast as Harris Visits Brené Brown’s Show', 'publisher': 'nytimes', 'sentiment': 0.0, 'color': '(255, 239, 0)', 'timestamp': '2024-11-11'}
[2024-11-11T14:16:02.799+0000] {logging_mixin.py:188} INFO - {'news_string': 'Why Harris (With Beyoncé in Tow) Is Heading to Solidly Red Texas', 'publisher': 'nytimes', 'sentiment': 0.0, 'color': '(255, 239, 0)', 'timestamp': '2024-11-11'}
[2024-11-11T14:16:03.052+0000] {logging_mixin.py:188} INFO - {'news_string': 'Poll Shows Dead Heat, Biden to Apologize for Native American School Abuses, and More', 'publisher': 'nytimes', 'sentiment': -0.8176, 'color': '(255, 0, 0)', 'timestamp': '2024-11-11'}
[2024-11-11T14:16:03.309+0000] {logging_mixin.py:188} INFO - {'news_string': 'The Army of Election Officials Ready to Reject the Vote', 'publisher': 'nytimes', 'sentiment': -0.0516, 'color': '(255, 179, 0)', 'timestamp': '2024-11-11'}
[2024-11-11T14:16:03.556+0000] {logging_mixin.py:188} INFO - {'news_string': 'What to Know About the Looming Election Certification Crisis', 'publisher': 'nytimes', 'sentiment': -0.6808, 'color': '(255, 0, 0)', 'timestamp': '2024-11-11'}
[2024-11-11T14:16:03.812+0000] {logging_mixin.py:188} INFO - {'news_string': 'The Other War for These Gazans Is Against Cancer', 'publisher': 'nytimes', 'sentiment': -0.8519, 'color': '(255, 0, 0)', 'timestamp': '2024-11-11'}
[2024-11-11T14:16:04.070+0000] {logging_mixin.py:188} INFO - {'news_string': 'Deadly Israeli Strikes Hit Southern Gaza, Health Officials Say', 'publisher': 'nytimes', 'sentiment': -0.3612, 'color': '(255, 0, 0)', 'timestamp': '2024-11-11'}
[2024-11-11T14:16:04.324+0000] {logging_mixin.py:188} INFO - {'news_string': 'Iran Is Preparing for War With Israel, but Hoping to Avert It', 'publisher': 'nytimes', 'sentiment': 0.0516, 'color': '(222, 255, 0)', 'timestamp': '2024-11-11'}
[2024-11-11T14:16:04.552+0000] {logging_mixin.py:188} INFO - {'news_string': 'Why M.L.B. May Finally Have Its Own Version of Magic Johnson vs. Larry Bird', 'publisher': 'nytimes', 'sentiment': 0.0, 'color': '(255, 239, 0)', 'timestamp': '2024-11-11'}
[2024-11-11T14:16:04.832+0000] {logging_mixin.py:188} INFO - {'news_string': 'Yankees or Dodgers? Our Experts Predict the World Series.', 'publisher': 'nytimes', 'sentiment': 0.0, 'color': '(255, 239, 0)', 'timestamp': '2024-11-11'}
[2024-11-11T14:16:05.091+0000] {logging_mixin.py:188} INFO - {'news_string': 'Why Is North Korea Deploying Troops to Help Russia? Here’s What to Know.', 'publisher': 'nytimes', 'sentiment': 0.4019, 'color': '(0, 255, 0)', 'timestamp': '2024-11-11'}
[2024-11-11T14:16:05.362+0000] {logging_mixin.py:188} INFO - {'news_string': 'Georgia’s Election Could Decide Whether the Country Pivots East or West', 'publisher': 'nytimes', 'sentiment': 0.0, 'color': '(255, 239, 0)', 'timestamp': '2024-11-11'}
[2024-11-11T14:16:05.640+0000] {logging_mixin.py:188} INFO - {'news_string': 'How a Campaign of Fear Has Shaken Canada’s Sikhs', 'publisher': 'nytimes', 'sentiment': -0.5423, 'color': '(255, 0, 0)', 'timestamp': '2024-11-11'}
[2024-11-11T14:16:05.899+0000] {logging_mixin.py:188} INFO - {'news_string': 'The Crypto Website Where the Election Odds Swing in Trump’s Favor', 'publisher': 'nytimes', 'sentiment': 0.4019, 'color': '(0, 255, 0)', 'timestamp': '2024-11-11'}
[2024-11-11T14:16:06.143+0000] {logging_mixin.py:188} INFO - {'news_string': 'Betting Markets Favor Trump. But Their Record of Accuracy Is Mixed.', 'publisher': 'nytimes', 'sentiment': 0.2144, 'color': '(196, 255, 0)', 'timestamp': '2024-11-11'}
[2024-11-11T14:16:06.403+0000] {logging_mixin.py:188} INFO - {'news_string': 'Malaria Is Surging in Ethiopia, Reversing a Decade of Progress ', 'publisher': 'nytimes', 'sentiment': 0.4215, 'color': '(0, 255, 0)', 'timestamp': '2024-11-11'}
[2024-11-11T14:16:06.678+0000] {logging_mixin.py:188} INFO - {'news_string': 'Attacks on L.G.B.T.Q. People Shake Sense of Security in Ivory Coast', 'publisher': 'nytimes', 'sentiment': -0.296, 'color': '(255, 94, 0)', 'timestamp': '2024-11-11'}
[2024-11-11T14:16:06.928+0000] {logging_mixin.py:188} INFO - {'news_string': '‘Conclave’: A Fly on the Wall Inside the Secret Process to Elect a Pope', 'publisher': 'nytimes', 'sentiment': 0.0, 'color': '(255, 239, 0)', 'timestamp': '2024-11-11'}
[2024-11-11T14:16:07.169+0000] {logging_mixin.py:188} INFO - {'news_string': 'Serpents and Doves Run Amok in the Vatican', 'publisher': 'nytimes', 'sentiment': 0.0, 'color': '(255, 239, 0)', 'timestamp': '2024-11-11'}
[2024-11-11T14:16:07.433+0000] {logging_mixin.py:188} INFO - {'news_string': 'Watch Ralph Fiennes Deliver a Startling Speech in ‘Conclave’', 'publisher': 'nytimes', 'sentiment': 0.0772, 'color': '(222, 255, 0)', 'timestamp': '2024-11-11'}
[2024-11-11T14:16:07.675+0000] {logging_mixin.py:188} INFO - {'news_string': 'A Poem Hitches a Ride on a Rocket, to Infinity and Beyond', 'publisher': 'nytimes', 'sentiment': 0.0, 'color': '(255, 239, 0)', 'timestamp': '2024-11-11'}
[2024-11-11T14:16:07.917+0000] {logging_mixin.py:188} INFO - {'news_string': 'In this 2011 essay, a 39-year-old woman is asked by a date, “What’s wrong with you?”', 'publisher': 'nytimes', 'sentiment': -0.4767, 'color': '(255, 0, 0)', 'timestamp': '2024-11-11'}
[2024-11-11T14:16:08.169+0000] {logging_mixin.py:188} INFO - {'news_string': 'This giant jam bun makes a party out of teatime.', 'publisher': 'nytimes', 'sentiment': 0.4019, 'color': '(0, 255, 0)', 'timestamp': '2024-11-11'}
[2024-11-11T14:16:08.426+0000] {logging_mixin.py:188} INFO - {'news_string': 'The sisters behind “Nobody Wants This” are in high demand.', 'publisher': 'nytimes', 'sentiment': -0.128, 'color': '(255, 179, 0)', 'timestamp': '2024-11-11'}
[2024-11-11T14:16:08.672+0000] {logging_mixin.py:188} INFO - {'news_string': 'Is there a feud between Martha Stewart and Ina Garten?', 'publisher': 'nytimes', 'sentiment': -0.34, 'color': '(255, 0, 0)', 'timestamp': '2024-11-11'}
[2024-11-11T14:16:08.928+0000] {logging_mixin.py:188} INFO - {'news_string': 'The Editorial Board', 'publisher': 'nytimes', 'sentiment': 0.0, 'color': '(255, 239, 0)', 'timestamp': '2024-11-11'}
[2024-11-11T14:16:09.155+0000] {logging_mixin.py:188} INFO - {'news_string': 'Trump Is Telling Us What He Would Do. Believe Him.', 'publisher': 'nytimes', 'sentiment': 0.0, 'color': '(255, 239, 0)', 'timestamp': '2024-11-11'}
[2024-11-11T14:16:09.417+0000] {logging_mixin.py:188} INFO - {'news_string': 'Don Jr. Is Making Plans', 'publisher': 'nytimes', 'sentiment': 0.0, 'color': '(255, 239, 0)', 'timestamp': '2024-11-11'}
[2024-11-11T14:16:09.663+0000] {logging_mixin.py:188} INFO - {'news_string': 'Republicans Assumed a Nebraska Senate Seat Was Safe. Then This Candidate Came Along.', 'publisher': 'nytimes', 'sentiment': 0.4404, 'color': '(0, 255, 0)', 'timestamp': '2024-11-11'}
[2024-11-11T14:16:09.919+0000] {logging_mixin.py:188} INFO - {'news_string': 'Maggie Haberman on How Trump Has Changed', 'publisher': 'nytimes', 'sentiment': 0.0, 'color': '(255, 239, 0)', 'timestamp': '2024-11-11'}
[2024-11-11T14:16:10.176+0000] {logging_mixin.py:188} INFO - {'news_string': 'What Is It About Trump That the Generals Want Us to Understand?', 'publisher': 'nytimes', 'sentiment': 0.0772, 'color': '(222, 255, 0)', 'timestamp': '2024-11-11'}
[2024-11-11T14:16:10.448+0000] {logging_mixin.py:188} INFO - {'news_string': 'There’s a Very Good Reason College Students Don’t Read Anymore', 'publisher': 'nytimes', 'sentiment': 0.4927, 'color': '(0, 255, 0)', 'timestamp': '2024-11-11'}
[2024-11-11T14:16:10.689+0000] {logging_mixin.py:188} INFO - {'news_string': 'The Election Is Happening Too Soon', 'publisher': 'nytimes', 'sentiment': 0.0, 'color': '(255, 239, 0)', 'timestamp': '2024-11-11'}
[2024-11-11T14:16:10.946+0000] {logging_mixin.py:188} INFO - {'news_string': '1 Person, 1 Button, 15 Minutes: Absolute Authority to End the World', 'publisher': 'nytimes', 'sentiment': 0.0772, 'color': '(222, 255, 0)', 'timestamp': '2024-11-11'}
[2024-11-11T14:16:11.197+0000] {logging_mixin.py:188} INFO - {'news_string': 'How Trump Could Bankrupt Social Security', 'publisher': 'nytimes', 'sentiment': -0.296, 'color': '(255, 94, 0)', 'timestamp': '2024-11-11'}
[2024-11-11T14:16:11.443+0000] {logging_mixin.py:188} INFO - {'news_string': 'The Worst Tucker Carlson Metaphor of the Month. So Far.', 'publisher': 'nytimes', 'sentiment': -0.6249, 'color': '(255, 0, 0)', 'timestamp': '2024-11-11'}
[2024-11-11T14:16:11.695+0000] {logging_mixin.py:188} INFO - {'news_string': 'Biden Has a Crucial Decision to Make on Ukraine', 'publisher': 'nytimes', 'sentiment': 0.0, 'color': '(255, 239, 0)', 'timestamp': '2024-11-11'}
[2024-11-11T14:16:11.954+0000] {logging_mixin.py:188} INFO - {'news_string': 'Beyond Trump vs. Harris: Control of Congress Comes Down to These Races', 'publisher': 'nytimes', 'sentiment': 0.0, 'color': '(255, 239, 0)', 'timestamp': '2024-11-11'}
[2024-11-11T14:16:12.211+0000] {logging_mixin.py:188} INFO - {'news_string': 'It Sounded Like Dancing, Drinking and Sex. It Blew People’s Minds.', 'publisher': 'nytimes', 'sentiment': 0.3612, 'color': '(0, 255, 0)', 'timestamp': '2024-11-11'}
[2024-11-11T14:16:12.469+0000] {logging_mixin.py:188} INFO - {'news_string': 'Iran’s Fateful Decision', 'publisher': 'nytimes', 'sentiment': 0.0, 'color': '(255, 239, 0)', 'timestamp': '2024-11-11'}
[2024-11-11T14:16:12.707+0000] {logging_mixin.py:188} INFO - {'news_string': 'I’m an OB-GYN. Here’s How I Think About the Women Who Died After Taking Abortion Pills.', 'publisher': 'nytimes', 'sentiment': -0.5574, 'color': '(255, 0, 0)', 'timestamp': '2024-11-11'}
[2024-11-11T14:16:13.018+0000] {logging_mixin.py:188} INFO - {'news_string': 'I Spoke to Many Working-Class Voters. This Is Why Trump Is Their Overwhelming Choice.', 'publisher': 'nytimes', 'sentiment': 0.0, 'color': '(255, 239, 0)', 'timestamp': '2024-11-11'}
[2024-11-11T14:16:13.281+0000] {logging_mixin.py:188} INFO - {'news_string': 'Autocracies Against Ukraine', 'publisher': 'nytimes', 'sentiment': 0.0, 'color': '(255, 239, 0)', 'timestamp': '2024-11-11'}
[2024-11-11T14:16:13.542+0000] {logging_mixin.py:188} INFO - {'news_string': 'Late Night: Jimmy Fallon Rallies for Queen Bey', 'publisher': 'nytimes', 'sentiment': 0.0, 'color': '(255, 239, 0)', 'timestamp': '2024-11-11'}
[2024-11-11T14:16:13.794+0000] {logging_mixin.py:188} INFO - {'news_string': 'Despite Deadly Attack, Turkey Seeks Opening With Kurdish Militants', 'publisher': 'nytimes', 'sentiment': 0.3724, 'color': '(0, 255, 0)', 'timestamp': '2024-11-11'}
[2024-11-11T14:16:14.051+0000] {logging_mixin.py:188} INFO - {'news_string': 'Biden to Apologize for Indian Boarding Schools Where Hundreds of Children Died', 'publisher': 'nytimes', 'sentiment': -0.4939, 'color': '(255, 0, 0)', 'timestamp': '2024-11-11'}
[2024-11-11T14:16:14.320+0000] {logging_mixin.py:188} INFO - {'news_string': "Many Wells in North Carolina Remain Unsafe After Helene's Deluge", 'publisher': 'nytimes', 'sentiment': 0.25, 'color': '(196, 255, 0)', 'timestamp': '2024-11-11'}
[2024-11-11T14:16:14.566+0000] {logging_mixin.py:188} INFO - {'news_string': 'Companies to Pay $101.9 Million to Settle Baltimore Bridge Collapse Lawsuit', 'publisher': 'nytimes', 'sentiment': -0.6705, 'color': '(255, 0, 0)', 'timestamp': '2024-11-11'}
[2024-11-11T14:16:14.809+0000] {logging_mixin.py:188} INFO - {'news_string': 'Teenager Is Charged With Murder of 5 Relatives in Washington State', 'publisher': 'nytimes', 'sentiment': -0.7579, 'color': '(255, 0, 0)', 'timestamp': '2024-11-11'}
[2024-11-11T14:16:15.064+0000] {logging_mixin.py:188} INFO - {'news_string': 'Los Angeles District Attorney Will Ask Court to Resentence Menendez Brothers', 'publisher': 'nytimes', 'sentiment': -0.25, 'color': '(255, 94, 0)', 'timestamp': '2024-11-11'}
[2024-11-11T14:16:15.324+0000] {logging_mixin.py:188} INFO - {'news_string': '2 Brothers Are Charged With Assaulting Officers in Jan. 6 Riot', 'publisher': 'nytimes', 'sentiment': -0.8271, 'color': '(255, 0, 0)', 'timestamp': '2024-11-11'}
[2024-11-11T14:16:15.564+0000] {logging_mixin.py:188} INFO - {'news_string': 'Onion Recall Linked to E. Coli and McDonald’s Spreads to Other Food Chains', 'publisher': 'nytimes', 'sentiment': 0.0, 'color': '(255, 239, 0)', 'timestamp': '2024-11-11'}
[2024-11-11T14:16:15.827+0000] {logging_mixin.py:188} INFO - {'news_string': 'Army Sergeant’s Body Is Found in Dumpster at Missouri Base; One in Custody', 'publisher': 'nytimes', 'sentiment': -0.1531, 'color': '(255, 94, 0)', 'timestamp': '2024-11-11'}
[2024-11-11T14:16:16.062+0000] {logging_mixin.py:188} INFO - {'news_string': 'Patti McGee, Skateboarding’s First Female Champion, Dies at 79', 'publisher': 'nytimes', 'sentiment': 0.5994, 'color': '(0, 255, 0)', 'timestamp': '2024-11-11'}
[2024-11-11T14:16:16.322+0000] {logging_mixin.py:188} INFO - {'news_string': 'What’s in an N.F.L. Diet? 80,000 Uncrustables Each Year.', 'publisher': 'nytimes', 'sentiment': 0.0, 'color': '(255, 239, 0)', 'timestamp': '2024-11-11'}
[2024-11-11T14:16:16.560+0000] {logging_mixin.py:188} INFO - {'news_string': 'The Former Liverpool Striker Who Now Plays in France’s 4th Tier', 'publisher': 'nytimes', 'sentiment': 0.25, 'color': '(196, 255, 0)', 'timestamp': '2024-11-11'}
[2024-11-11T14:16:16.816+0000] {logging_mixin.py:188} INFO - {'news_string': 'The N.B.A.’s Newest Stadium Has a Seating Arrangement Unlike Any Other', 'publisher': 'nytimes', 'sentiment': 0.0, 'color': '(255, 239, 0)', 'timestamp': '2024-11-11'}
[2024-11-11T14:16:17.071+0000] {logging_mixin.py:188} INFO - {'news_string': 'How Important Is Player Height in Soccer?', 'publisher': 'nytimes', 'sentiment': 0.2023, 'color': '(196, 255, 0)', 'timestamp': '2024-11-11'}
[2024-11-11T14:16:17.332+0000] {logging_mixin.py:188} INFO - {'news_string': 'A College Football Team With a $10 Million Roster Is on the Brink of Failure', 'publisher': 'nytimes', 'sentiment': -0.5106, 'color': '(255, 0, 0)', 'timestamp': '2024-11-11'}
[2024-11-11T14:16:17.599+0000] {logging_mixin.py:188} INFO - {'news_string': 'Where the Top 45 M.L.B. Free Agents Will Play Next Season', 'publisher': 'nytimes', 'sentiment': 0.7579, 'color': '(0, 255, 0)', 'timestamp': '2024-11-11'}
[2024-11-11T14:16:17.864+0000] {logging_mixin.py:188} INFO - {'news_string': 'Do People in ‘Blue Zones’ Actually Live Longer?', 'publisher': 'nytimes', 'sentiment': 0.0, 'color': '(255, 239, 0)', 'timestamp': '2024-11-11'}
[2024-11-11T14:16:18.120+0000] {logging_mixin.py:188} INFO - {'news_string': 'A 20-Minute Workout to Keep Your Body Limber', 'publisher': 'nytimes', 'sentiment': 0.0, 'color': '(255, 239, 0)', 'timestamp': '2024-11-11'}
[2024-11-11T14:16:18.376+0000] {logging_mixin.py:188} INFO - {'news_string': 'To Prevent Golfing Injuries, Loosen Up Your Spine', 'publisher': 'nytimes', 'sentiment': 0.0258, 'color': '(222, 255, 0)', 'timestamp': '2024-11-11'}
[2024-11-11T14:16:18.612+0000] {logging_mixin.py:188} INFO - {'news_string': 'C.D.C. Expands Covid Vaccine Recommendations', 'publisher': 'nytimes', 'sentiment': 0.1027, 'color': '(222, 255, 0)', 'timestamp': '2024-11-11'}
[2024-11-11T14:16:18.866+0000] {logging_mixin.py:188} INFO - {'news_string': 'United by Love, Divided by Politics', 'publisher': 'nytimes', 'sentiment': 0.7906, 'color': '(0, 255, 0)', 'timestamp': '2024-11-11'}
[2024-11-11T14:16:19.101+0000] {logging_mixin.py:188} INFO - {'news_string': 'Design, Unearthed and Unfettered, in Cooper Hewitt’s Triennial', 'publisher': 'nytimes', 'sentiment': 0.0, 'color': '(255, 239, 0)', 'timestamp': '2024-11-11'}
[2024-11-11T14:16:19.350+0000] {logging_mixin.py:188} INFO - {'news_string': 'An American in Paris, Honored Like Nobody Before', 'publisher': 'nytimes', 'sentiment': 0.743, 'color': '(0, 255, 0)', 'timestamp': '2024-11-11'}
[2024-11-11T14:16:19.585+0000] {logging_mixin.py:188} INFO - {'news_string': 'Skeletons Lead Mexico’s Graphic Arts Revolution', 'publisher': 'nytimes', 'sentiment': 0.0, 'color': '(255, 239, 0)', 'timestamp': '2024-11-11'}
[2024-11-11T14:16:19.821+0000] {logging_mixin.py:188} INFO - {'news_string': 'A New Opera Reconsiders Alma Mahler', 'publisher': 'nytimes', 'sentiment': 0.0, 'color': '(255, 239, 0)', 'timestamp': '2024-11-11'}
[2024-11-11T14:16:20.044+0000] {logging_mixin.py:188} INFO - {'news_string': 'Wordle', 'publisher': 'nytimes', 'sentiment': 0.0, 'color': '(255, 239, 0)', 'timestamp': '2024-11-11'}
[2024-11-11T14:16:20.290+0000] {logging_mixin.py:188} INFO - {'news_string': 'Connections', 'publisher': 'nytimes', 'sentiment': 0.0, 'color': '(255, 239, 0)', 'timestamp': '2024-11-11'}
[2024-11-11T14:16:20.544+0000] {logging_mixin.py:188} INFO - {'news_string': 'Strands', 'publisher': 'nytimes', 'sentiment': 0.0, 'color': '(255, 239, 0)', 'timestamp': '2024-11-11'}
[2024-11-11T14:16:20.817+0000] {logging_mixin.py:188} INFO - {'news_string': 'Spelling Bee', 'publisher': 'nytimes', 'sentiment': 0.0, 'color': '(255, 239, 0)', 'timestamp': '2024-11-11'}
[2024-11-11T14:16:21.063+0000] {logging_mixin.py:188} INFO - {'news_string': 'The Crossword', 'publisher': 'nytimes', 'sentiment': 0.0, 'color': '(255, 239, 0)', 'timestamp': '2024-11-11'}
[2024-11-11T14:16:21.334+0000] {logging_mixin.py:188} INFO - {'news_string': 'The Mini Crossword', 'publisher': 'nytimes', 'sentiment': 0.0, 'color': '(255, 239, 0)', 'timestamp': '2024-11-11'}
[2024-11-11T14:16:21.571+0000] {logging_mixin.py:188} INFO - {'news_string': 'The electorate has rarely seemed so evenly divided. A New York Times/Siena College poll found Kamala Harris and Donald Trump tied, 48 percent to 48 percent.', 'publisher': 'nytimes', 'sentiment': 0.0, 'color': '(255, 239, 0)', 'timestamp': '2024-11-11'}
[2024-11-11T14:16:21.828+0000] {logging_mixin.py:188} INFO - {'news_string': 'It’s not likely, but it’s not something that can be completely dismissed either, recent polling suggests.', 'publisher': 'nytimes', 'sentiment': 0.0, 'color': '(255, 239, 0)', 'timestamp': '2024-11-11'}
[2024-11-11T14:16:22.072+0000] {logging_mixin.py:188} INFO - {'news_string': 'At a star-filled rally in Georgia, former President Obama tried to give a jolt of energy to Kamala Harris, who is often seen as a successor.', 'publisher': 'nytimes', 'sentiment': 0.4588, 'color': '(0, 255, 0)', 'timestamp': '2024-11-11'}
[2024-11-11T14:16:22.326+0000] {logging_mixin.py:188} INFO - {'news_string': 'A movement driven by disinformation about Donald Trump’s 2020 defeat has taken over many of the boards that certify elections. It could cause chaos in the weeks ahead.', 'publisher': 'nytimes', 'sentiment': -0.7717, 'color': '(255, 0, 0)', 'timestamp': '2024-11-11'}
[2024-11-11T14:16:22.577+0000] {logging_mixin.py:188} INFO - {'news_string': 'Cancer patients from Gaza who are receiving care in Jordan’s capital, Amman, bear burdens beyond those of illness — feelings of guilt, fear and homesickness.', 'publisher': 'nytimes', 'sentiment': -0.926, 'color': '(255, 0, 0)', 'timestamp': '2024-11-11'}
[2024-11-11T14:16:22.844+0000] {logging_mixin.py:188} INFO - {'news_string': 'Gaza’s health ministry said dozens of people were killed in airstrikes in a residential area of Khan Younis, where Israel has said it is targeting Hamas.', 'publisher': 'nytimes', 'sentiment': -0.6705, 'color': '(255, 0, 0)', 'timestamp': '2024-11-11'}
[2024-11-11T14:16:23.082+0000] {logging_mixin.py:188} INFO - {'news_string': 'A showdown between Aaron Judge and Shohei Ohtani features the two biggest generators of global baseball star power, a columnist for The Athletic writes.', 'publisher': 'nytimes', 'sentiment': 0.0, 'color': '(255, 239, 0)', 'timestamp': '2024-11-11'}
[2024-11-11T14:16:23.345+0000] {logging_mixin.py:188} INFO - {'news_string': 'The move gives Kim Jong-un, the leader of North Korea, leverage to ask President Vladimir Putin of Russia for a lot in return.', 'publisher': 'nytimes', 'sentiment': 0.0, 'color': '(255, 239, 0)', 'timestamp': '2024-11-11'}
[2024-11-11T14:16:23.626+0000] {logging_mixin.py:188} INFO - {'news_string': 'Violence has rocked communities in Ontario and British Columbia in the past 18 months. Now the authorities say the Indian government was behind it.', 'publisher': 'nytimes', 'sentiment': -0.6249, 'color': '(255, 0, 0)', 'timestamp': '2024-11-11'}
[2024-11-11T14:16:23.872+0000] {logging_mixin.py:188} INFO - {'news_string': 'Donald Trump, Elon Musk and CNN have cited predictions from Polymarket, a site where crypto enthusiasts have wagered more than $100 million on the presidency.', 'publisher': 'nytimes', 'sentiment': 0.34, 'color': '(0, 255, 0)', 'timestamp': '2024-11-11'}
[2024-11-11T14:16:24.140+0000] {logging_mixin.py:188} INFO - {'news_string': 'Climate change, civil conflict and growing resistance to insecticides and treatments are all contributing to an alarming spread of cases.', 'publisher': 'nytimes', 'sentiment': -0.2732, 'color': '(255, 94, 0)', 'timestamp': '2024-11-11'}
[2024-11-11T14:16:24.389+0000] {logging_mixin.py:188} INFO - {'news_string': 'One of West Africa’s most tolerant societies has seen a string of assaults after social media influencers exhorted their followers to “hunt” gay men.', 'publisher': 'nytimes', 'sentiment': -0.2748, 'color': '(255, 94, 0)', 'timestamp': '2024-11-11'}
[2024-11-11T14:16:24.640+0000] {logging_mixin.py:188} INFO - {'news_string': 'A new drama starring Ralph Fiennes draws the audience inside this largely hidden tradition. How accurate is it?', 'publisher': 'nytimes', 'sentiment': 0.0, 'color': '(255, 239, 0)', 'timestamp': '2024-11-11'}
[2024-11-11T14:16:24.903+0000] {logging_mixin.py:188} INFO - {'news_string': 'NASA and the U.S. Poet Laureate may not be obvious collaborators, but a Jupiter-bound mission helped them find common ground.', 'publisher': 'nytimes', 'sentiment': 0.0, 'color': '(255, 239, 0)', 'timestamp': '2024-11-11'}
[2024-11-11T14:16:25.134+0000] {logging_mixin.py:188} INFO - {'news_string': 'We explain North Korea’s decision to send troops to help Russia.', 'publisher': 'nytimes', 'sentiment': 0.4019, 'color': '(0, 255, 0)', 'timestamp': '2024-11-11'}
[2024-11-11T14:16:25.388+0000] {logging_mixin.py:188} INFO - {'news_string': 'The “Tonight Show” host was excited about Beyoncé’s plans to appear with the vice president.', 'publisher': 'nytimes', 'sentiment': 0.34, 'color': '(0, 255, 0)', 'timestamp': '2024-11-11'}
[2024-11-11T14:16:25.660+0000] {logging_mixin.py:188} INFO - {'news_string': 'Recent gestures by Turkish leaders suggest the possibility of new peace talks with the group fighting for Kurdish autonomy.', 'publisher': 'nytimes', 'sentiment': 0.25, 'color': '(196, 255, 0)', 'timestamp': '2024-11-11'}
[2024-11-11T14:16:25.904+0000] {logging_mixin.py:188} INFO - {'news_string': 'President Biden’s trip to Arizona will be the first time a U.S. president has apologized for the abuses that happened at the schools over a period of 150 years.', 'publisher': 'nytimes', 'sentiment': -0.3182, 'color': '(255, 0, 0)', 'timestamp': '2024-11-11'}
[2024-11-11T14:16:26.136+0000] {logging_mixin.py:188} INFO - {'news_string': 'A third of state residents use private wells, and about four out of 10 wells tested after Hurricane Helene weren’t safe, highlighting the risks of extreme weather.', 'publisher': 'nytimes', 'sentiment': 0.5859, 'color': '(0, 255, 0)', 'timestamp': '2024-11-11'}
[2024-11-11T14:16:26.391+0000] {logging_mixin.py:188} INFO - {'news_string': 'The Justice Department filed suit last month after a container ship slammed into the Francis Scott Key Bridge in March, killing six workers.', 'publisher': 'nytimes', 'sentiment': -0.25, 'color': '(255, 94, 0)', 'timestamp': '2024-11-11'}
[2024-11-11T14:16:26.630+0000] {logging_mixin.py:188} INFO - {'news_string': 'Fever around the sealed peanut butter and jelly sandwiches is spreading around the league. The findings are nuts.', 'publisher': 'nytimes', 'sentiment': -0.3182, 'color': '(255, 0, 0)', 'timestamp': '2024-11-11'}
[2024-11-11T14:16:26.856+0000] {logging_mixin.py:188} INFO - {'news_string': 'Andy Carroll discusses why he left England: “I don’t speak French. I just repeat what other people say and try to learn through that.”', 'publisher': 'nytimes', 'sentiment': 0.0, 'color': '(255, 239, 0)', 'timestamp': '2024-11-11'}
[2024-11-11T14:16:27.108+0000] {logging_mixin.py:188} INFO - {'news_string': '“The Wall!” is a 4,500 seat area at the Intuit Dome, a steep section full of just Clippers fans.', 'publisher': 'nytimes', 'sentiment': 0.0, 'color': '(255, 239, 0)', 'timestamp': '2024-11-11'}
[2024-11-11T14:16:27.363+0000] {logging_mixin.py:188} INFO - {'news_string': 'Starting in November, 25 new site-specific installations that explore the idea of home will fill the former Carnegie mansion in Manhattan.', 'publisher': 'nytimes', 'sentiment': 0.0, 'color': '(255, 239, 0)', 'timestamp': '2024-11-11'}
[2024-11-11T14:16:27.619+0000] {logging_mixin.py:188} INFO - {'news_string': 'The artist Barbara Chase-Riboud is being celebrated, including in the Louvre.', 'publisher': 'nytimes', 'sentiment': 0.5719, 'color': '(0, 255, 0)', 'timestamp': '2024-11-11'}
[2024-11-11T14:16:27.831+0000] {logging_mixin.py:188} INFO - {'news_string': 'The central role of printmaking in Mexican art is on view at the Met.', 'publisher': 'nytimes', 'sentiment': 0.0, 'color': '(255, 239, 0)', 'timestamp': '2024-11-11'}
[2024-11-11T14:16:28.093+0000] {logging_mixin.py:188} INFO - {'news_string': '“Alma” views its often-vilified protagonist through a feminist lens.', 'publisher': 'nytimes', 'sentiment': 0.0, 'color': '(255, 239, 0)', 'timestamp': '2024-11-11'}
[2024-11-11T14:16:28.340+0000] {logging_mixin.py:188} INFO - {'news_string': 'Guess the 5-letter word with 6 chances.', 'publisher': 'nytimes', 'sentiment': 0.2023, 'color': '(196, 255, 0)', 'timestamp': '2024-11-11'}
[2024-11-11T14:16:28.619+0000] {logging_mixin.py:188} INFO - {'news_string': 'Group words that share a common thread.', 'publisher': 'nytimes', 'sentiment': 0.296, 'color': '(196, 255, 0)', 'timestamp': '2024-11-11'}
[2024-11-11T14:16:28.841+0000] {logging_mixin.py:188} INFO - {'news_string': 'Uncover hidden words and reveal the theme.', 'publisher': 'nytimes', 'sentiment': 0.0, 'color': '(255, 239, 0)', 'timestamp': '2024-11-11'}
[2024-11-11T14:16:29.093+0000] {logging_mixin.py:188} INFO - {'news_string': 'How many words can you make with 7 letters?', 'publisher': 'nytimes', 'sentiment': 0.0, 'color': '(255, 239, 0)', 'timestamp': '2024-11-11'}
[2024-11-11T14:16:29.348+0000] {logging_mixin.py:188} INFO - {'news_string': 'Get clued in with wordplay, every day.', 'publisher': 'nytimes', 'sentiment': 0.0, 'color': '(255, 239, 0)', 'timestamp': '2024-11-11'}
[2024-11-11T14:16:29.580+0000] {logging_mixin.py:188} INFO - {'news_string': 'Take a break from the news. Solve this bite-sized puzzle in just a few minutes.', 'publisher': 'nytimes', 'sentiment': 0.2023, 'color': '(196, 255, 0)', 'timestamp': '2024-11-11'}
[2024-11-11T14:16:29.829+0000] {logging_mixin.py:188} INFO - {'news_string': 'Top LA prosecutor backs Menendez brothers being released on parole', 'publisher': 'bbc', 'sentiment': 0.1531, 'color': '(196, 255, 0)', 'timestamp': '2024-11-11'}
[2024-11-11T14:16:30.066+0000] {logging_mixin.py:188} INFO - {'news_string': 'Democrats anxious as Trump gains ground in tight race', 'publisher': 'bbc', 'sentiment': 0.1027, 'color': '(222, 255, 0)', 'timestamp': '2024-11-11'}
[2024-11-11T14:16:30.297+0000] {logging_mixin.py:188} INFO - {'news_string': 'Top LA prosecutor backs Menendez brothers being released on parole', 'publisher': 'bbc', 'sentiment': 0.1531, 'color': '(196, 255, 0)', 'timestamp': '2024-11-11'}
[2024-11-11T14:16:30.563+0000] {logging_mixin.py:188} INFO - {'news_string': 'Democrats anxious as Trump gains ground in tight race', 'publisher': 'bbc', 'sentiment': 0.1027, 'color': '(222, 255, 0)', 'timestamp': '2024-11-11'}
[2024-11-11T14:16:30.819+0000] {logging_mixin.py:188} INFO - {'news_string': '‘Death trap’ Channel boats traded by smugglers in German city, BBC investigation finds', 'publisher': 'bbc', 'sentiment': -0.34, 'color': '(255, 0, 0)', 'timestamp': '2024-11-11'}
[2024-11-11T14:16:31.078+0000] {logging_mixin.py:188} INFO - {'news_string': "Joe Rogan's path to a once-improbable Trump interview", 'publisher': 'bbc', 'sentiment': 0.0, 'color': '(255, 239, 0)', 'timestamp': '2024-11-11'}
[2024-11-11T14:16:31.327+0000] {logging_mixin.py:188} INFO - {'news_string': 'Lost Silk Road cities discovered in Uzbek mountains', 'publisher': 'bbc', 'sentiment': -0.3182, 'color': '(255, 0, 0)', 'timestamp': '2024-11-11'}
[2024-11-11T14:16:31.567+0000] {logging_mixin.py:188} INFO - {'news_string': 'Moment BBC reporter returns tortured monkey into wild', 'publisher': 'bbc', 'sentiment': -0.5574, 'color': '(255, 0, 0)', 'timestamp': '2024-11-11'}
[2024-11-11T14:16:31.818+0000] {logging_mixin.py:188} INFO - {'news_string': 'Three Lebanese journalists killed in Israeli strike', 'publisher': 'bbc', 'sentiment': -0.7184, 'color': '(255, 0, 0)', 'timestamp': '2024-11-11'}
[2024-11-11T14:16:32.085+0000] {logging_mixin.py:188} INFO - {'news_string': "The film lifting the lid on the Pope's election", 'publisher': 'bbc', 'sentiment': 0.0, 'color': '(255, 239, 0)', 'timestamp': '2024-11-11'}
[2024-11-11T14:16:32.315+0000] {logging_mixin.py:188} INFO - {'news_string': 'What to do when a friendship ends', 'publisher': 'bbc', 'sentiment': 0.4404, 'color': '(0, 255, 0)', 'timestamp': '2024-11-11'}
[2024-11-11T14:16:32.570+0000] {logging_mixin.py:188} INFO - {'news_string': "India's balancing act with the West as Brics flexes new muscles", 'publisher': 'bbc', 'sentiment': 0.0, 'color': '(255, 239, 0)', 'timestamp': '2024-11-11'}
[2024-11-11T14:16:32.829+0000] {logging_mixin.py:188} INFO - {'news_string': 'UK willing to hand over Gaza intelligence to war crimes court', 'publisher': 'bbc', 'sentiment': 0.34, 'color': '(0, 255, 0)', 'timestamp': '2024-11-11'}
[2024-11-11T14:16:33.090+0000] {logging_mixin.py:188} INFO - {'news_string': "Tense election fight for Georgia's future in Europe", 'publisher': 'bbc', 'sentiment': -0.6124, 'color': '(255, 0, 0)', 'timestamp': '2024-11-11'}
[2024-11-11T14:16:33.332+0000] {logging_mixin.py:188} INFO - {'news_string': 'Trump and Harris take detour from swing states as they head for Texas', 'publisher': 'bbc', 'sentiment': 0.0, 'color': '(255, 239, 0)', 'timestamp': '2024-11-11'}
[2024-11-11T14:16:33.580+0000] {logging_mixin.py:188} INFO - {'news_string': 'Kurdish militant group behind attack on Turkish aerospace firm', 'publisher': 'bbc', 'sentiment': -0.4767, 'color': '(255, 0, 0)', 'timestamp': '2024-11-11'}
[2024-11-11T14:16:33.829+0000] {logging_mixin.py:188} INFO - {'news_string': 'UK willing to hand over Gaza intelligence to war crimes court', 'publisher': 'bbc', 'sentiment': 0.34, 'color': '(0, 255, 0)', 'timestamp': '2024-11-11'}
[2024-11-11T14:16:34.063+0000] {logging_mixin.py:188} INFO - {'news_string': 'We must learn lessons from history, King tells Commonwealth', 'publisher': 'bbc', 'sentiment': 0.0, 'color': '(255, 239, 0)', 'timestamp': '2024-11-11'}
[2024-11-11T14:16:34.323+0000] {logging_mixin.py:188} INFO - {'news_string': "Ketchup in space: 'You gotta squirt it out'", 'publisher': 'bbc', 'sentiment': 0.0, 'color': '(255, 239, 0)', 'timestamp': '2024-11-11'}
[2024-11-11T14:16:34.589+0000] {logging_mixin.py:188} INFO - {'news_string': "Putin challenged over Ukraine war by BBC's Steve Rosenberg ", 'publisher': 'bbc', 'sentiment': -0.6486, 'color': '(255, 0, 0)', 'timestamp': '2024-11-11'}
[2024-11-11T14:16:34.856+0000] {logging_mixin.py:188} INFO - {'news_string': "Tense election fight for Georgia's future in Europe", 'publisher': 'bbc', 'sentiment': -0.6124, 'color': '(255, 0, 0)', 'timestamp': '2024-11-11'}
[2024-11-11T14:16:35.107+0000] {logging_mixin.py:188} INFO - {'news_string': 'Menendez case that has divided America takes new turn', 'publisher': 'bbc', 'sentiment': 0.0, 'color': '(255, 239, 0)', 'timestamp': '2024-11-11'}
[2024-11-11T14:16:35.360+0000] {logging_mixin.py:188} INFO - {'news_string': "The AI that's already in your phone", 'publisher': 'bbc', 'sentiment': 0.0, 'color': '(255, 239, 0)', 'timestamp': '2024-11-11'}
[2024-11-11T14:16:35.644+0000] {logging_mixin.py:188} INFO - {'news_string': "Mpox - what we know... and what we don't", 'publisher': 'bbc', 'sentiment': 0.0, 'color': '(255, 239, 0)', 'timestamp': '2024-11-11'}
[2024-11-11T14:16:35.877+0000] {logging_mixin.py:188} INFO - {'news_string': "King: 'It is vital that we understand our history'", 'publisher': 'bbc', 'sentiment': 0.296, 'color': '(196, 255, 0)', 'timestamp': '2024-11-11'}
[2024-11-11T14:16:36.101+0000] {logging_mixin.py:188} INFO - {'news_string': "'I need to go to team at bottom of table in England' ", 'publisher': 'bbc', 'sentiment': 0.0, 'color': '(255, 239, 0)', 'timestamp': '2024-11-11'}
[2024-11-11T14:16:36.360+0000] {logging_mixin.py:188} INFO - {'news_string': "'We must change the way we measure debt': UK chancellor", 'publisher': 'bbc', 'sentiment': 0.0, 'color': '(255, 239, 0)', 'timestamp': '2024-11-11'}
[2024-11-11T14:16:36.606+0000] {logging_mixin.py:188} INFO - {'news_string': "The battle over one of Italy's most famous pastas", 'publisher': 'bbc', 'sentiment': -0.3818, 'color': '(255, 0, 0)', 'timestamp': '2024-11-11'}
[2024-11-11T14:16:36.849+0000] {logging_mixin.py:188} INFO - {'news_string': 'The 5 nature wins that have actually worked', 'publisher': 'bbc', 'sentiment': 0.5719, 'color': '(0, 255, 0)', 'timestamp': '2024-11-11'}
[2024-11-11T14:16:37.100+0000] {logging_mixin.py:188} INFO - {'news_string': "Would Harris's price gouging plan really help US consumers? ", 'publisher': 'bbc', 'sentiment': 0.4576, 'color': '(0, 255, 0)', 'timestamp': '2024-11-11'}
[2024-11-11T14:16:37.359+0000] {logging_mixin.py:188} INFO - {'news_string': 'US election polls: Who is ahead - Harris or Trump?', 'publisher': 'bbc', 'sentiment': 0.0, 'color': '(255, 239, 0)', 'timestamp': '2024-11-11'}
[2024-11-11T14:16:37.597+0000] {logging_mixin.py:188} INFO - {'news_string': "Angry Kenyans' comments crash Senate email address", 'publisher': 'bbc', 'sentiment': -0.7184, 'color': '(255, 0, 0)', 'timestamp': '2024-11-11'}
[2024-11-11T14:16:37.848+0000] {logging_mixin.py:188} INFO - {'news_string': 'Obama and stars help Democrats shore up Georgia votes', 'publisher': 'bbc', 'sentiment': 0.4019, 'color': '(0, 255, 0)', 'timestamp': '2024-11-11'}
[2024-11-11T14:16:38.078+0000] {logging_mixin.py:188} INFO - {'news_string': 'Ex-rebel gets 40-year jail term in landmark Ugandan case', 'publisher': 'bbc', 'sentiment': 0.0772, 'color': '(222, 255, 0)', 'timestamp': '2024-11-11'}
[2024-11-11T14:16:38.321+0000] {logging_mixin.py:188} INFO - {'news_string': 'Footballer denies plot to smuggle £600k cannabis', 'publisher': 'bbc', 'sentiment': -0.6597, 'color': '(255, 0, 0)', 'timestamp': '2024-11-11'}
[2024-11-11T14:16:38.578+0000] {logging_mixin.py:188} INFO - {'news_string': "Premier League: Arteta news conference - Saka, Calafiori and Timber 'very uncertain' to face Liverpool", 'publisher': 'bbc', 'sentiment': -0.3597, 'color': '(255, 0, 0)', 'timestamp': '2024-11-11'}
[2024-11-11T14:16:38.840+0000] {logging_mixin.py:188} INFO - {'news_string': 'Shakeel puts Pakistan in charge of deciding Test', 'publisher': 'bbc', 'sentiment': 0.0, 'color': '(255, 239, 0)', 'timestamp': '2024-11-11'}
[2024-11-11T14:16:39.074+0000] {logging_mixin.py:188} INFO - {'news_string': 'All eyes on Ten Hag & Man Utd - but Mourinho steals show again', 'publisher': 'bbc', 'sentiment': -0.6652, 'color': '(255, 0, 0)', 'timestamp': '2024-11-11'}
[2024-11-11T14:16:39.325+0000] {logging_mixin.py:188} INFO - {'news_string': "'I was worried about bleeding on McGregor's expensive shirt'", 'publisher': 'bbc', 'sentiment': -0.296, 'color': '(255, 94, 0)', 'timestamp': '2024-11-11'}
[2024-11-11T14:16:39.573+0000] {logging_mixin.py:188} INFO - {'news_string': 'US gets $100m settlement for Baltimore bridge collapse', 'publisher': 'bbc', 'sentiment': -0.4939, 'color': '(255, 0, 0)', 'timestamp': '2024-11-11'}
[2024-11-11T14:16:39.808+0000] {logging_mixin.py:188} INFO - {'news_string': 'Twice homeless millionaire tops UK black power list', 'publisher': 'bbc', 'sentiment': 0.5106, 'color': '(0, 255, 0)', 'timestamp': '2024-11-11'}
[2024-11-11T14:16:40.063+0000] {logging_mixin.py:188} INFO - {'news_string': "What we know about the McDonald's E. coli outbreak", 'publisher': 'bbc', 'sentiment': 0.0, 'color': '(255, 239, 0)', 'timestamp': '2024-11-11'}
[2024-11-11T14:16:40.309+0000] {logging_mixin.py:188} INFO - {'news_string': 'The software extending the life of your phone', 'publisher': 'bbc', 'sentiment': 0.0, 'color': '(255, 239, 0)', 'timestamp': '2024-11-11'}
[2024-11-11T14:16:40.559+0000] {logging_mixin.py:188} INFO - {'news_string': 'Call of Duty: Black Ops 6 launches with eyes on Game Pass', 'publisher': 'bbc', 'sentiment': 0.0, 'color': '(255, 239, 0)', 'timestamp': '2024-11-11'}
[2024-11-11T14:16:40.815+0000] {logging_mixin.py:188} INFO - {'news_string': 'Can meetup apps help us make friends? ', 'publisher': 'bbc', 'sentiment': 0.7003, 'color': '(0, 255, 0)', 'timestamp': '2024-11-11'}
[2024-11-11T14:16:41.043+0000] {logging_mixin.py:188} INFO - {'news_string': 'The odd-tasting oil that turned out to be healthy', 'publisher': 'bbc', 'sentiment': 0.4019, 'color': '(0, 255, 0)', 'timestamp': '2024-11-11'}
[2024-11-11T14:16:41.303+0000] {logging_mixin.py:188} INFO - {'news_string': "All aboard Tanzania's electric train breaking new ground for East Africa", 'publisher': 'bbc', 'sentiment': 0.0258, 'color': '(222, 255, 0)', 'timestamp': '2024-11-11'}
[2024-11-11T14:16:41.517+0000] {logging_mixin.py:188} INFO - {'news_string': 'Qasr al-Farid: The Lonely Castle of the ancient Nabateans', 'publisher': 'bbc', 'sentiment': -0.3612, 'color': '(255, 0, 0)', 'timestamp': '2024-11-11'}
[2024-11-11T14:16:41.766+0000] {logging_mixin.py:188} INFO - {'news_string': "Mescal cast in Gladiator II after '30-minute Zoom call'", 'publisher': 'bbc', 'sentiment': 0.0, 'color': '(255, 239, 0)', 'timestamp': '2024-11-11'}
[2024-11-11T14:16:42.032+0000] {logging_mixin.py:188} INFO - {'news_string': "Raye's songwriting books for new album stolen", 'publisher': 'bbc', 'sentiment': -0.4939, 'color': '(255, 0, 0)', 'timestamp': '2024-11-11'}
[2024-11-11T14:16:42.302+0000] {logging_mixin.py:188} INFO - {'news_string': 'Kate Bush reveals plans to make new music', 'publisher': 'bbc', 'sentiment': 0.0, 'color': '(255, 239, 0)', 'timestamp': '2024-11-11'}
[2024-11-11T14:16:42.543+0000] {logging_mixin.py:188} INFO - {'news_string': "Bruce Springsteen: I rarely see my bandmates - we've seen each other enough", 'publisher': 'bbc', 'sentiment': 0.0, 'color': '(255, 239, 0)', 'timestamp': '2024-11-11'}
[2024-11-11T14:16:42.816+0000] {logging_mixin.py:188} INFO - {'news_string': "The battle over one of Italy's most famous pastas", 'publisher': 'bbc', 'sentiment': -0.3818, 'color': '(255, 0, 0)', 'timestamp': '2024-11-11'}
[2024-11-11T14:16:43.072+0000] {logging_mixin.py:188} INFO - {'news_string': "A 315km bike ride into Earth's 'lost' continent", 'publisher': 'bbc', 'sentiment': 0.0, 'color': '(255, 239, 0)', 'timestamp': '2024-11-11'}
[2024-11-11T14:16:43.333+0000] {logging_mixin.py:188} INFO - {'news_string': 'Where to hear traditional Irish music in Galway', 'publisher': 'bbc', 'sentiment': 0.0, 'color': '(255, 239, 0)', 'timestamp': '2024-11-11'}
[2024-11-11T14:16:43.570+0000] {logging_mixin.py:188} INFO - {'news_string': "Is an 'expedition' better than a holiday?", 'publisher': 'bbc', 'sentiment': 0.6808, 'color': '(0, 255, 0)', 'timestamp': '2024-11-11'}
[2024-11-11T14:16:43.834+0000] {logging_mixin.py:188} INFO - {'news_string': 'The 5 nature wins that have actually worked', 'publisher': 'bbc', 'sentiment': 0.5719, 'color': '(0, 255, 0)', 'timestamp': '2024-11-11'}
[2024-11-11T14:16:44.103+0000] {logging_mixin.py:188} INFO - {'news_string': 'The water industry is in crisis. Can it be fixed?', 'publisher': 'bbc', 'sentiment': -0.6249, 'color': '(255, 0, 0)', 'timestamp': '2024-11-11'}
[2024-11-11T14:16:44.353+0000] {logging_mixin.py:188} INFO - {'news_string': 'Is the UN warning of 3.1C global warming a surprise?', 'publisher': 'bbc', 'sentiment': 0.0772, 'color': '(222, 255, 0)', 'timestamp': '2024-11-11'}
[2024-11-11T14:16:44.606+0000] {logging_mixin.py:188} INFO - {'news_string': 'Why are disposable vapes so bad for the environment?', 'publisher': 'bbc', 'sentiment': -0.6696, 'color': '(255, 0, 0)', 'timestamp': '2024-11-11'}
[2024-11-11T14:16:44.847+0000] {logging_mixin.py:188} INFO - {'news_string': 'Father penguin uses unique call to distinguish chick', 'publisher': 'bbc', 'sentiment': 0.0, 'color': '(255, 239, 0)', 'timestamp': '2024-11-11'}
[2024-11-11T14:16:45.104+0000] {logging_mixin.py:188} INFO - {'news_string': "Bulgaria's valley of Thracian Kings and Damask roses", 'publisher': 'bbc', 'sentiment': 0.0, 'color': '(255, 239, 0)', 'timestamp': '2024-11-11'}
[2024-11-11T14:16:45.365+0000] {logging_mixin.py:188} INFO - {'news_string': 'The Bahamas: The last lighthouse of its kind', 'publisher': 'bbc', 'sentiment': 0.5267, 'color': '(0, 255, 0)', 'timestamp': '2024-11-11'}
[2024-11-11T14:16:45.591+0000] {logging_mixin.py:188} INFO - {'news_string': "Protecting Thailand's famous 'paradise beach'", 'publisher': 'bbc', 'sentiment': 0.6369, 'color': '(0, 255, 0)', 'timestamp': '2024-11-11'}
[2024-11-11T14:16:45.820+0000] {logging_mixin.py:188} INFO - {'news_string': 'World of Business', 'publisher': 'bbc', 'sentiment': 0.0, 'color': '(255, 239, 0)', 'timestamp': '2024-11-11'}
[2024-11-11T14:16:46.066+0000] {logging_mixin.py:188} INFO - {'news_string': 'US Election Unspun', 'publisher': 'bbc', 'sentiment': 0.0, 'color': '(255, 239, 0)', 'timestamp': '2024-11-11'}
[2024-11-11T14:16:46.315+0000] {logging_mixin.py:188} INFO - {'news_string': 'The Essential List', 'publisher': 'bbc', 'sentiment': 0.0, 'color': '(255, 239, 0)', 'timestamp': '2024-11-11'}
[2024-11-11T14:16:46.561+0000] {logging_mixin.py:188} INFO - {'news_string': 'News Briefing', 'publisher': 'bbc', 'sentiment': 0.0, 'color': '(255, 239, 0)', 'timestamp': '2024-11-11'}
[2024-11-11T14:16:46.814+0000] {logging_mixin.py:188} INFO - {'news_string': 'Obama and stars help Democrats shore up Georgia votes', 'publisher': 'bbc', 'sentiment': 0.4019, 'color': '(0, 255, 0)', 'timestamp': '2024-11-11'}
[2024-11-11T14:16:47.040+0000] {logging_mixin.py:188} INFO - {'news_string': 'US election polls: Who is ahead - Harris or Trump?', 'publisher': 'bbc', 'sentiment': 0.0, 'color': '(255, 239, 0)', 'timestamp': '2024-11-11'}
[2024-11-11T14:16:47.297+0000] {logging_mixin.py:188} INFO - {'news_string': 'Democrats anxious as Trump gains ground in tight race', 'publisher': 'bbc', 'sentiment': 0.1027, 'color': '(222, 255, 0)', 'timestamp': '2024-11-11'}
[2024-11-11T14:16:47.532+0000] {logging_mixin.py:188} INFO - {'news_string': "Joe Rogan's path to a once-improbable Trump interview", 'publisher': 'bbc', 'sentiment': 0.0, 'color': '(255, 239, 0)', 'timestamp': '2024-11-11'}
[2024-11-11T14:16:47.788+0000] {logging_mixin.py:188} INFO - {'news_string': 'UK willing to hand over Gaza intelligence to war crimes court', 'publisher': 'bbc', 'sentiment': 0.34, 'color': '(0, 255, 0)', 'timestamp': '2024-11-11'}
[2024-11-11T14:16:48.029+0000] {logging_mixin.py:188} INFO - {'news_string': 'Gaza ceasefire talks to resume in coming days', 'publisher': 'bbc', 'sentiment': 0.0, 'color': '(255, 239, 0)', 'timestamp': '2024-11-11'}
[2024-11-11T14:16:48.255+0000] {logging_mixin.py:188} INFO - {'news_string': 'Gaza nurse who filmed moments after Israeli strike describes chaos and grief', 'publisher': 'bbc', 'sentiment': -0.8126, 'color': '(255, 0, 0)', 'timestamp': '2024-11-11'}
[2024-11-11T14:16:48.513+0000] {logging_mixin.py:188} INFO - {'news_string': 'Israel strike on Gaza school-turned-shelter kills 17, hospital says', 'publisher': 'bbc', 'sentiment': -0.6124, 'color': '(255, 0, 0)', 'timestamp': '2024-11-11'}
[2024-11-11T14:16:48.783+0000] {logging_mixin.py:188} INFO - {'news_string': 'North Korea troops in Ukraine would escalate conflict, Lukashenko tells BBC', 'publisher': 'bbc', 'sentiment': -0.3182, 'color': '(255, 0, 0)', 'timestamp': '2024-11-11'}
[2024-11-11T14:16:49.021+0000] {logging_mixin.py:188} INFO - {'news_string': 'Russians accused of crimes offered choice - go to war instead of court', 'publisher': 'bbc', 'sentiment': -0.7269, 'color': '(255, 0, 0)', 'timestamp': '2024-11-11'}
[2024-11-11T14:16:49.250+0000] {logging_mixin.py:188} INFO - {'news_string': 'PM says Russia risks global food security in Ukraine', 'publisher': 'bbc', 'sentiment': 0.0772, 'color': '(222, 255, 0)', 'timestamp': '2024-11-11'}
[2024-11-11T14:16:49.514+0000] {logging_mixin.py:188} INFO - {'news_string': 'Donated ambulance for injured Ukrainian soldiers', 'publisher': 'bbc', 'sentiment': -0.4019, 'color': '(255, 0, 0)', 'timestamp': '2024-11-11'}
[2024-11-11T14:16:49.777+0000] {logging_mixin.py:188} INFO - {'news_string': 'The water industry is in crisis. Can it be fixed?', 'publisher': 'bbc', 'sentiment': -0.6249, 'color': '(255, 0, 0)', 'timestamp': '2024-11-11'}
[2024-11-11T14:16:50.037+0000] {logging_mixin.py:188} INFO - {'news_string': 'Is the UK system letting down people who were harmed by Covid vaccines?', 'publisher': 'bbc', 'sentiment': -0.4767, 'color': '(255, 0, 0)', 'timestamp': '2024-11-11'}
[2024-11-11T14:16:50.263+0000] {logging_mixin.py:188} INFO - {'news_string': "'You lured him in': Rape myths and what we still get wrong about sexual assault", 'publisher': 'bbc', 'sentiment': -0.9118, 'color': '(255, 0, 0)', 'timestamp': '2024-11-11'}
[2024-11-11T14:16:50.499+0000] {logging_mixin.py:188} INFO - {'news_string': 'The work sickness timebomb that risks a lost generation of UK workers', 'publisher': 'bbc', 'sentiment': -0.5267, 'color': '(255, 0, 0)', 'timestamp': '2024-11-11'}
[2024-11-11T14:16:50.725+0000] {logging_mixin.py:188} INFO - {'news_string': 'Israeli raid kills 38 in Khan Younis after ‘major massacre’ in north Gaza', 'publisher': 'aljazeera', 'sentiment': -0.5423, 'color': '(255, 0, 0)', 'timestamp': '2024-11-11'}
[2024-11-11T14:16:50.991+0000] {logging_mixin.py:188} INFO - {'news_string': 'Live updates, ', 'publisher': 'aljazeera', 'sentiment': 0.0, 'color': '(255, 239, 0)', 'timestamp': '2024-11-11'}
[2024-11-11T14:16:51.251+0000] {logging_mixin.py:188} INFO - {'news_string': 'list 1 of 6', 'publisher': 'aljazeera', 'sentiment': 0.0, 'color': '(255, 239, 0)', 'timestamp': '2024-11-11'}
[2024-11-11T14:16:51.510+0000] {logging_mixin.py:188} INFO - {'news_string': 'Published 1 minutes ago', 'publisher': 'aljazeera', 'sentiment': 0.0, 'color': '(255, 239, 0)', 'timestamp': '2024-11-11'}
[2024-11-11T14:16:51.738+0000] {logging_mixin.py:188} INFO - {'news_string': '1m ago', 'publisher': 'aljazeera', 'sentiment': 0.0, 'color': '(255, 239, 0)', 'timestamp': '2024-11-11'}
[2024-11-11T14:16:51.988+0000] {logging_mixin.py:188} INFO - {'news_string': 'list 2 of 6', 'publisher': 'aljazeera', 'sentiment': 0.0, 'color': '(255, 239, 0)', 'timestamp': '2024-11-11'}
[2024-11-11T14:16:52.237+0000] {logging_mixin.py:188} INFO - {'news_string': 'Published 21 minutes ago', 'publisher': 'aljazeera', 'sentiment': 0.0, 'color': '(255, 239, 0)', 'timestamp': '2024-11-11'}
[2024-11-11T14:16:52.497+0000] {logging_mixin.py:188} INFO - {'news_string': '21m ago', 'publisher': 'aljazeera', 'sentiment': 0.0, 'color': '(255, 239, 0)', 'timestamp': '2024-11-11'}
[2024-11-11T14:16:52.759+0000] {logging_mixin.py:188} INFO - {'news_string': 'list 3 of 6', 'publisher': 'aljazeera', 'sentiment': 0.0, 'color': '(255, 239, 0)', 'timestamp': '2024-11-11'}
[2024-11-11T14:16:53.013+0000] {logging_mixin.py:188} INFO - {'news_string': 'Published 31 minutes ago', 'publisher': 'aljazeera', 'sentiment': 0.0, 'color': '(255, 239, 0)', 'timestamp': '2024-11-11'}
[2024-11-11T14:16:53.242+0000] {logging_mixin.py:188} INFO - {'news_string': '31m ago', 'publisher': 'aljazeera', 'sentiment': 0.0, 'color': '(255, 239, 0)', 'timestamp': '2024-11-11'}
[2024-11-11T14:16:53.500+0000] {logging_mixin.py:188} INFO - {'news_string': 'list 4 of 6', 'publisher': 'aljazeera', 'sentiment': 0.0, 'color': '(255, 239, 0)', 'timestamp': '2024-11-11'}
[2024-11-11T14:16:53.735+0000] {logging_mixin.py:188} INFO - {'news_string': 'Published 41 minutes ago', 'publisher': 'aljazeera', 'sentiment': 0.0, 'color': '(255, 239, 0)', 'timestamp': '2024-11-11'}
[2024-11-11T14:16:53.997+0000] {logging_mixin.py:188} INFO - {'news_string': '41m ago', 'publisher': 'aljazeera', 'sentiment': 0.0, 'color': '(255, 239, 0)', 'timestamp': '2024-11-11'}
[2024-11-11T14:16:54.224+0000] {logging_mixin.py:188} INFO - {'news_string': 'list 5 of 6', 'publisher': 'aljazeera', 'sentiment': 0.0, 'color': '(255, 239, 0)', 'timestamp': '2024-11-11'}
[2024-11-11T14:16:54.449+0000] {logging_mixin.py:188} INFO - {'news_string': 'Published 51 minutes ago', 'publisher': 'aljazeera', 'sentiment': 0.0, 'color': '(255, 239, 0)', 'timestamp': '2024-11-11'}
[2024-11-11T14:16:54.693+0000] {logging_mixin.py:188} INFO - {'news_string': '51m ago', 'publisher': 'aljazeera', 'sentiment': 0.0, 'color': '(255, 239, 0)', 'timestamp': '2024-11-11'}
[2024-11-11T14:16:54.928+0000] {logging_mixin.py:188} INFO - {'news_string': 'list 6 of 6', 'publisher': 'aljazeera', 'sentiment': 0.0, 'color': '(255, 239, 0)', 'timestamp': '2024-11-11'}
[2024-11-11T14:16:55.164+0000] {logging_mixin.py:188} INFO - {'news_string': 'Published 1 hours ago', 'publisher': 'aljazeera', 'sentiment': 0.0, 'color': '(255, 239, 0)', 'timestamp': '2024-11-11'}
[2024-11-11T14:16:55.406+0000] {logging_mixin.py:188} INFO - {'news_string': '1h ago', 'publisher': 'aljazeera', 'sentiment': 0.0, 'color': '(255, 239, 0)', 'timestamp': '2024-11-11'}
[2024-11-11T14:16:55.640+0000] {logging_mixin.py:188} INFO - {'news_string': 'Israeli raid kills 38 in Khan Younis after ‘major massacre’ in north Gaza', 'publisher': 'aljazeera', 'sentiment': -0.5423, 'color': '(255, 0, 0)', 'timestamp': '2024-11-11'}
[2024-11-11T14:16:55.891+0000] {logging_mixin.py:188} INFO - {'news_string': 'PKK claims attack on Turkish defence company near Ankara that killed five', 'publisher': 'aljazeera', 'sentiment': -0.802, 'color': '(255, 0, 0)', 'timestamp': '2024-11-11'}
[2024-11-11T14:16:56.153+0000] {logging_mixin.py:188} INFO - {'news_string': 'PKK claims attack on Turkish defence company near Ankara that killed five', 'publisher': 'aljazeera', 'sentiment': -0.802, 'color': '(255, 0, 0)', 'timestamp': '2024-11-11'}
[2024-11-11T14:16:56.431+0000] {logging_mixin.py:188} INFO - {'news_string': 'Three journalists killed in Israeli attack in southern Lebanon', 'publisher': 'aljazeera', 'sentiment': -0.8225, 'color': '(255, 0, 0)', 'timestamp': '2024-11-11'}
[2024-11-11T14:16:56.660+0000] {logging_mixin.py:188} INFO - {'news_string': 'EXPLAINER', 'publisher': 'aljazeera', 'sentiment': 0.0, 'color': '(255, 239, 0)', 'timestamp': '2024-11-11'}
[2024-11-11T14:16:56.915+0000] {logging_mixin.py:188} INFO - {'news_string': 'Can Liz Cheney help Kamala Harris’s campaign? Or will she hurt her?', 'publisher': 'aljazeera', 'sentiment': -0.264, 'color': '(255, 94, 0)', 'timestamp': '2024-11-11'}
[2024-11-11T14:16:57.163+0000] {logging_mixin.py:188} INFO - {'news_string': 'Israel’s ‘war’ against the UN', 'publisher': 'aljazeera', 'sentiment': 0.0, 'color': '(255, 239, 0)', 'timestamp': '2024-11-11'}
[2024-11-11T14:16:57.395+0000] {logging_mixin.py:188} INFO - {'news_string': 'At least 76 killed as Tropical Storm Trami batters the Philippines', 'publisher': 'aljazeera', 'sentiment': -0.6705, 'color': '(255, 0, 0)', 'timestamp': '2024-11-11'}
[2024-11-11T14:16:57.625+0000] {logging_mixin.py:188} INFO - {'news_string': 'Uganda sentences LRA commander Thomas Kwoyelo to 40 years for war crimes', 'publisher': 'aljazeera', 'sentiment': -0.5719, 'color': '(255, 0, 0)', 'timestamp': '2024-11-11'}
[2024-11-11T14:16:57.868+0000] {logging_mixin.py:188} INFO - {'news_string': 'Can China’s Xi and India’s Modi reset rocky ties after border detente?', 'publisher': 'aljazeera', 'sentiment': 0.0, 'color': '(255, 239, 0)', 'timestamp': '2024-11-11'}
[2024-11-11T14:16:58.116+0000] {logging_mixin.py:188} INFO - {'news_string': 'South African Indigenous people fight Big Oil to defend ancestors’ spirits', 'publisher': 'aljazeera', 'sentiment': -0.3818, 'color': '(255, 0, 0)', 'timestamp': '2024-11-11'}
[2024-11-11T14:16:58.436+0000] {logging_mixin.py:188} INFO - {'news_string': 'Remembering Shamshad Abdullaev, the world-class Uzbek poet too few knew', 'publisher': 'aljazeera', 'sentiment': 0.0, 'color': '(255, 239, 0)', 'timestamp': '2024-11-11'}
[2024-11-11T14:16:58.732+0000] {logging_mixin.py:188} INFO - {'news_string': 'Why are some Taiwanese afraid of giving legislators more power?', 'publisher': 'aljazeera', 'sentiment': 0.34, 'color': '(0, 255, 0)', 'timestamp': '2024-11-11'}
[2024-11-11T14:16:59.002+0000] {logging_mixin.py:188} INFO - {'news_string': 'US election: 11 days left – What polls say, what Harris and Trump are up to', 'publisher': 'aljazeera', 'sentiment': 0.0, 'color': '(255, 239, 0)', 'timestamp': '2024-11-11'}
[2024-11-11T14:16:59.250+0000] {logging_mixin.py:188} INFO - {'news_string': 'Britain argues over assisted dying: What to know about the emotive debate', 'publisher': 'aljazeera', 'sentiment': -0.3818, 'color': '(255, 0, 0)', 'timestamp': '2024-11-11'}
[2024-11-11T14:16:59.516+0000] {logging_mixin.py:188} INFO - {'news_string': 'From Catholic saints to Persian rulers: How are hurricanes named?', 'publisher': 'aljazeera', 'sentiment': 0.0, 'color': '(255, 239, 0)', 'timestamp': '2024-11-11'}
[2024-11-11T14:16:59.757+0000] {logging_mixin.py:188} INFO - {'news_string': 'Israelis break into north Gaza as military’s deadly siege continues', 'publisher': 'aljazeera', 'sentiment': 0.0, 'color': '(255, 239, 0)', 'timestamp': '2024-11-11'}
[2024-11-11T14:17:00.009+0000] {logging_mixin.py:188} INFO - {'news_string': 'Video Duration 02 minutes 07 seconds ', 'publisher': 'aljazeera', 'sentiment': 0.0, 'color': '(255, 239, 0)', 'timestamp': '2024-11-11'}
[2024-11-11T14:17:00.244+0000] {logging_mixin.py:188} INFO - {'news_string': '02:07', 'publisher': 'aljazeera', 'sentiment': 0.0, 'color': '(255, 239, 0)', 'timestamp': '2024-11-11'}
[2024-11-11T14:17:00.478+0000] {logging_mixin.py:188} INFO - {'news_string': 'Video Duration 02 minutes 07 seconds ', 'publisher': 'aljazeera', 'sentiment': 0.0, 'color': '(255, 239, 0)', 'timestamp': '2024-11-11'}
[2024-11-11T14:17:00.735+0000] {logging_mixin.py:188} INFO - {'news_string': '02:07', 'publisher': 'aljazeera', 'sentiment': 0.0, 'color': '(255, 239, 0)', 'timestamp': '2024-11-11'}
[2024-11-11T14:17:00.988+0000] {logging_mixin.py:188} INFO - {'news_string': 'Israeli forces storm Kamal Adwan Hospital during north Gaza siege', 'publisher': 'aljazeera', 'sentiment': 0.0, 'color': '(255, 239, 0)', 'timestamp': '2024-11-11'}
[2024-11-11T14:17:01.248+0000] {logging_mixin.py:188} INFO - {'news_string': 'Video Duration 00 minutes 47 seconds ', 'publisher': 'aljazeera', 'sentiment': 0.0, 'color': '(255, 239, 0)', 'timestamp': '2024-11-11'}
[2024-11-11T14:17:01.486+0000] {logging_mixin.py:188} INFO - {'news_string': '00:47', 'publisher': 'aljazeera', 'sentiment': 0.0, 'color': '(255, 239, 0)', 'timestamp': '2024-11-11'}
[2024-11-11T14:17:01.709+0000] {logging_mixin.py:188} INFO - {'news_string': 'Video Duration 00 minutes 47 seconds ', 'publisher': 'aljazeera', 'sentiment': 0.0, 'color': '(255, 239, 0)', 'timestamp': '2024-11-11'}
[2024-11-11T14:17:01.962+0000] {logging_mixin.py:188} INFO - {'news_string': '00:47', 'publisher': 'aljazeera', 'sentiment': 0.0, 'color': '(255, 239, 0)', 'timestamp': '2024-11-11'}
[2024-11-11T14:17:02.190+0000] {logging_mixin.py:188} INFO - {'news_string': 'Bruce Springsteen, Samuel L Jackson, Spike Lee, rally for Harris', 'publisher': 'aljazeera', 'sentiment': 0.0, 'color': '(255, 239, 0)', 'timestamp': '2024-11-11'}
[2024-11-11T14:17:02.430+0000] {logging_mixin.py:188} INFO - {'news_string': 'Video Duration 00 minutes 58 seconds ', 'publisher': 'aljazeera', 'sentiment': 0.0, 'color': '(255, 239, 0)', 'timestamp': '2024-11-11'}
[2024-11-11T14:17:02.677+0000] {logging_mixin.py:188} INFO - {'news_string': '00:58', 'publisher': 'aljazeera', 'sentiment': 0.0, 'color': '(255, 239, 0)', 'timestamp': '2024-11-11'}
[2024-11-11T14:17:02.935+0000] {logging_mixin.py:188} INFO - {'news_string': 'Video Duration 00 minutes 58 seconds ', 'publisher': 'aljazeera', 'sentiment': 0.0, 'color': '(255, 239, 0)', 'timestamp': '2024-11-11'}
[2024-11-11T14:17:03.179+0000] {logging_mixin.py:188} INFO - {'news_string': '00:58', 'publisher': 'aljazeera', 'sentiment': 0.0, 'color': '(255, 239, 0)', 'timestamp': '2024-11-11'}
[2024-11-11T14:17:03.438+0000] {logging_mixin.py:188} INFO - {'news_string': 'Al Jazeera locates young girl in Gaza seen carrying injured sister', 'publisher': 'aljazeera', 'sentiment': -0.4019, 'color': '(255, 0, 0)', 'timestamp': '2024-11-11'}
[2024-11-11T14:17:03.671+0000] {logging_mixin.py:188} INFO - {'news_string': 'Video Duration 02 minutes 24 seconds ', 'publisher': 'aljazeera', 'sentiment': 0.0, 'color': '(255, 239, 0)', 'timestamp': '2024-11-11'}
[2024-11-11T14:17:03.919+0000] {logging_mixin.py:188} INFO - {'news_string': '02:24', 'publisher': 'aljazeera', 'sentiment': 0.0, 'color': '(255, 239, 0)', 'timestamp': '2024-11-11'}
[2024-11-11T14:17:04.140+0000] {logging_mixin.py:188} INFO - {'news_string': 'Video Duration 02 minutes 24 seconds ', 'publisher': 'aljazeera', 'sentiment': 0.0, 'color': '(255, 239, 0)', 'timestamp': '2024-11-11'}
[2024-11-11T14:17:04.399+0000] {logging_mixin.py:188} INFO - {'news_string': '02:24', 'publisher': 'aljazeera', 'sentiment': 0.0, 'color': '(255, 239, 0)', 'timestamp': '2024-11-11'}
[2024-11-11T14:17:04.626+0000] {logging_mixin.py:188} INFO - {'news_string': 'South Korea condemns Russia’s move to seal defence pact with North Korea', 'publisher': 'aljazeera', 'sentiment': -0.4404, 'color': '(255, 0, 0)', 'timestamp': '2024-11-11'}
[2024-11-11T14:17:04.893+0000] {logging_mixin.py:188} INFO - {'news_string': 'Seoul ‘strongly urges’ immediate withdrawal of North Korean troops from Russia.', 'publisher': 'aljazeera', 'sentiment': 0.0258, 'color': '(222, 255, 0)', 'timestamp': '2024-11-11'}
[2024-11-11T14:17:05.150+0000] {logging_mixin.py:188} INFO - {'news_string': 'South Korea condemns Russia’s move to seal defence pact with North Korea', 'publisher': 'aljazeera', 'sentiment': -0.4404, 'color': '(255, 0, 0)', 'timestamp': '2024-11-11'}
[2024-11-11T14:17:05.377+0000] {logging_mixin.py:188} INFO - {'news_string': 'Seoul ‘strongly urges’ immediate withdrawal of North Korean troops from Russia.', 'publisher': 'aljazeera', 'sentiment': 0.0258, 'color': '(222, 255, 0)', 'timestamp': '2024-11-11'}
[2024-11-11T14:17:05.642+0000] {logging_mixin.py:188} INFO - {'news_string': 'Israeli raid kills 38 in Khan Younis after ‘major massacre’ in north Gaza', 'publisher': 'aljazeera', 'sentiment': -0.5423, 'color': '(255, 0, 0)', 'timestamp': '2024-11-11'}
[2024-11-11T14:17:05.899+0000] {logging_mixin.py:188} INFO - {'news_string': 'US election: 11 days left – What polls say, what Harris and Trump are up to', 'publisher': 'aljazeera', 'sentiment': 0.0, 'color': '(255, 239, 0)', 'timestamp': '2024-11-11'}
[2024-11-11T14:17:06.161+0000] {logging_mixin.py:188} INFO - {'news_string': 'Israel’s ‘war’ against the UN', 'publisher': 'aljazeera', 'sentiment': 0.0, 'color': '(255, 239, 0)', 'timestamp': '2024-11-11'}
[2024-11-11T14:17:06.411+0000] {logging_mixin.py:188} INFO - {'news_string': 'Can China’s Xi and India’s Modi reset rocky ties after border detente?', 'publisher': 'aljazeera', 'sentiment': 0.0, 'color': '(255, 239, 0)', 'timestamp': '2024-11-11'}
[2024-11-11T14:17:06.650+0000] {logging_mixin.py:188} INFO - {'news_string': 'PKK claims attack on Turkish defence company near Ankara that killed five', 'publisher': 'aljazeera', 'sentiment': -0.802, 'color': '(255, 0, 0)', 'timestamp': '2024-11-11'}
[2024-11-11T14:17:06.876+0000] {logging_mixin.py:188} INFO - {'news_string': 'North Korean troops in Ukraine ‘fair game’, US warns Russia as war rages on', 'publisher': 'aljazeera', 'sentiment': -0.8126, 'color': '(255, 0, 0)', 'timestamp': '2024-11-11'}
[2024-11-11T14:17:07.095+0000] {logging_mixin.py:188} INFO - {'news_string': 'Want to know who will win the US election? Take a look at the stock market', 'publisher': 'aljazeera', 'sentiment': 0.6249, 'color': '(0, 255, 0)', 'timestamp': '2024-11-11'}
[2024-11-11T14:17:07.354+0000] {logging_mixin.py:188} INFO - {'news_string': 'Russia-Ukraine war: List of key events, day 973', 'publisher': 'aljazeera', 'sentiment': -0.5994, 'color': '(255, 0, 0)', 'timestamp': '2024-11-11'}
[2024-11-11T14:17:07.603+0000] {logging_mixin.py:188} INFO - {'news_string': 'Photos: Exact moment Israeli missile strikes building in Beirut', 'publisher': 'aljazeera', 'sentiment': -0.3612, 'color': '(255, 0, 0)', 'timestamp': '2024-11-11'}
[2024-11-11T14:17:07.846+0000] {logging_mixin.py:188} INFO - {'news_string': 'At BRICS summit, Putin welcomes Trump’s comments on ending Ukraine war', 'publisher': 'aljazeera', 'sentiment': -0.296, 'color': '(255, 94, 0)', 'timestamp': '2024-11-11'}
[2024-11-11T14:17:08.108+0000] {python.py:237} INFO - Done. Returned value was: None
[2024-11-11T14:17:08.109+0000] {taskinstance.py:441} INFO - ::group::Post task execution logs
[2024-11-11T14:17:08.120+0000] {taskinstance.py:1206} INFO - Marking task as SUCCESS. dag_id=molecule_load_dag, task_id=load_op, run_id=manual__2024-11-11T14:15:26.198159+00:00, execution_date=20241111T141526, start_date=20241111T141534, end_date=20241111T141708
[2024-11-11T14:17:08.158+0000] {local_task_job_runner.py:243} INFO - Task exited with return code 0
[2024-11-11T14:17:08.174+0000] {taskinstance.py:3503} INFO - 0 downstream tasks scheduled from follow-on schedule check
[2024-11-11T14:17:08.175+0000] {local_task_job_runner.py:222} INFO - ::endgroup::
