[2024-11-11T15:04:31.866+0000] {local_task_job_runner.py:120} INFO - ::group::Pre task execution logs
[2024-11-11T15:04:31.876+0000] {taskinstance.py:2076} INFO - Dependencies all met for dep_context=non-requeueable deps ti=<TaskInstance: molecule_load_dag.load_op manual__2024-11-11T15:04:23.771521+00:00 [queued]>
[2024-11-11T15:04:31.881+0000] {taskinstance.py:2076} INFO - Dependencies all met for dep_context=requeueable deps ti=<TaskInstance: molecule_load_dag.load_op manual__2024-11-11T15:04:23.771521+00:00 [queued]>
[2024-11-11T15:04:31.882+0000] {taskinstance.py:2306} INFO - Starting attempt 1 of 1
[2024-11-11T15:04:31.889+0000] {taskinstance.py:2330} INFO - Executing <Task(PythonOperator): load_op> on 2024-11-11 15:04:23.771521+00:00
[2024-11-11T15:04:31.895+0000] {standard_task_runner.py:90} INFO - Running: ['***', 'tasks', 'run', 'molecule_load_dag', 'load_op', 'manual__2024-11-11T15:04:23.771521+00:00', '--job-id', '104', '--raw', '--subdir', 'DAGS_FOLDER/etl_dag.py', '--cfg-path', '/tmp/tmpc43nvtqa']
[2024-11-11T15:04:31.897+0000] {logging_mixin.py:188} WARNING - /home/***/.local/lib/python3.12/site-packages/***/task/task_runner/standard_task_runner.py:62 DeprecationWarning: This process (pid=1409) is multi-threaded, use of fork() may lead to deadlocks in the child.
[2024-11-11T15:04:31.897+0000] {standard_task_runner.py:91} INFO - Job 104: Subtask load_op
[2024-11-11T15:04:31.897+0000] {standard_task_runner.py:64} INFO - Started process 1410 to run task
[2024-11-11T15:04:31.924+0000] {task_command.py:426} INFO - Running <TaskInstance: molecule_load_dag.load_op manual__2024-11-11T15:04:23.771521+00:00 [running]> on host 33ac3a22d0b5
[2024-11-11T15:04:31.976+0000] {taskinstance.py:2648} INFO - Exporting env vars: AIRFLOW_CTX_DAG_OWNER='***' AIRFLOW_CTX_DAG_ID='molecule_load_dag' AIRFLOW_CTX_TASK_ID='load_op' AIRFLOW_CTX_EXECUTION_DATE='2024-11-11T15:04:23.771521+00:00' AIRFLOW_CTX_TRY_NUMBER='1' AIRFLOW_CTX_DAG_RUN_ID='manual__2024-11-11T15:04:23.771521+00:00'
[2024-11-11T15:04:31.976+0000] {taskinstance.py:430} INFO - ::endgroup::
[2024-11-11T15:04:31.990+0000] {base.py:84} INFO - Using connection ID 'aws_connection' for task execution.
[2024-11-11T15:04:33.170+0000] {logging_mixin.py:188} INFO - ace-scarab-434612-r8processed_news_datasetnews_strings_data
[2024-11-11T15:04:33.175+0000] {connection.py:274} WARNING - Connection schemes (type: google_cloud_platform) shall not contain '_' according to RFC3986.
[2024-11-11T15:04:33.177+0000] {base.py:84} INFO - Using connection ID 'gc_connection' for task execution.
[2024-11-11T15:06:08.653+0000] {python.py:237} INFO - Done. Returned value was: None
[2024-11-11T15:06:08.656+0000] {taskinstance.py:441} INFO - ::group::Post task execution logs
[2024-11-11T15:06:08.667+0000] {taskinstance.py:1206} INFO - Marking task as SUCCESS. dag_id=molecule_load_dag, task_id=load_op, run_id=manual__2024-11-11T15:04:23.771521+00:00, execution_date=20241111T150423, start_date=20241111T150431, end_date=20241111T150608
[2024-11-11T15:06:08.699+0000] {local_task_job_runner.py:243} INFO - Task exited with return code 0
[2024-11-11T15:06:08.712+0000] {taskinstance.py:3503} INFO - 0 downstream tasks scheduled from follow-on schedule check
[2024-11-11T15:06:08.713+0000] {local_task_job_runner.py:222} INFO - ::endgroup::
