[2024-12-02T15:30:42.871+0000] {local_task_job_runner.py:120} INFO - ::group::Pre task execution logs
[2024-12-02T15:30:42.882+0000] {taskinstance.py:2076} INFO - Dependencies all met for dep_context=non-requeueable deps ti=<TaskInstance: news_dag.transform_and_load_op manual__2024-12-02T15:30:23.538497+00:00 [queued]>
[2024-12-02T15:30:42.888+0000] {taskinstance.py:2076} INFO - Dependencies all met for dep_context=requeueable deps ti=<TaskInstance: news_dag.transform_and_load_op manual__2024-12-02T15:30:23.538497+00:00 [queued]>
[2024-12-02T15:30:42.888+0000] {taskinstance.py:2306} INFO - Starting attempt 1 of 1
[2024-12-02T15:30:42.896+0000] {taskinstance.py:2330} INFO - Executing <Task(PythonOperator): transform_and_load_op> on 2024-12-02 15:30:23.538497+00:00
[2024-12-02T15:30:42.905+0000] {logging_mixin.py:188} WARNING - /home/***/.local/lib/python3.12/site-packages/***/task/task_runner/standard_task_runner.py:62 DeprecationWarning: This process (pid=580) is multi-threaded, use of fork() may lead to deadlocks in the child.
[2024-12-02T15:30:42.903+0000] {standard_task_runner.py:90} INFO - Running: ['***', 'tasks', 'run', 'news_dag', 'transform_and_load_op', 'manual__2024-12-02T15:30:23.538497+00:00', '--job-id', '4', '--raw', '--subdir', 'DAGS_FOLDER/etl_dag.py', '--cfg-path', '/tmp/tmpvz0wbdww']
[2024-12-02T15:30:42.906+0000] {standard_task_runner.py:91} INFO - Job 4: Subtask transform_and_load_op
[2024-12-02T15:30:42.906+0000] {standard_task_runner.py:64} INFO - Started process 589 to run task
[2024-12-02T15:30:42.934+0000] {task_command.py:426} INFO - Running <TaskInstance: news_dag.transform_and_load_op manual__2024-12-02T15:30:23.538497+00:00 [running]> on host a1d40e089ba1
[2024-12-02T15:30:42.982+0000] {taskinstance.py:2648} INFO - Exporting env vars: AIRFLOW_CTX_DAG_OWNER='***' AIRFLOW_CTX_DAG_ID='news_dag' AIRFLOW_CTX_TASK_ID='transform_and_load_op' AIRFLOW_CTX_EXECUTION_DATE='2024-12-02T15:30:23.538497+00:00' AIRFLOW_CTX_TRY_NUMBER='1' AIRFLOW_CTX_DAG_RUN_ID='manual__2024-12-02T15:30:23.538497+00:00'
[2024-12-02T15:30:42.984+0000] {taskinstance.py:430} INFO - ::endgroup::
[2024-12-02T15:30:42.999+0000] {base.py:84} INFO - Using connection ID 'aws_connection' for task execution.
[2024-12-02T15:30:44.185+0000] {logging_mixin.py:188} WARNING - /opt/***/utils_shared/utils/transform_and_load.py:62 FutureWarning: The behavior of DataFrame concatenation with empty or all-NA entries is deprecated. In a future version, this will no longer exclude empty or all-NA columns when determining the result dtypes. To retain the old behavior, exclude the relevant entries before the concat operation.
[2024-12-02T15:30:45.732+0000] {logging_mixin.py:188} INFO - heyyyy
[2024-12-02T15:30:45.742+0000] {logging_mixin.py:188} INFO -                                          news_string  ...   timestamp
0  Joe Biden’s pardon for son Hunter condemned as...  ...  2024-12-02
1  At least 56 people killed in crush at Guinea f...  ...  2024-12-02
2  Olaf Scholz makes Ukraine visit as Putin accus...  ...  2024-12-02
3  Iran-backed Iraqi militias join fight in Syria...  ...  2024-12-02
4  French PM offers budget concession after Le Pe...  ...  2024-12-02

[5 rows x 6 columns]
[2024-12-02T15:30:49.149+0000] {logging_mixin.py:188} INFO - [('biden', 21), ('war', 14), ('trump', 14), ('son', 12), ('syria', 12), ('ukraine', 11), ('opposition', 10), ('russia', 10), ('people', 9), ('new', 9), ('gaza', 9), ('hunter', 8), ('aleppo', 8), ('best', 8), ('israel', 8), ('pardon', 7), ('protests', 7), ('world', 7), ('court', 6), ('could', 6)]
[2024-12-02T15:30:49.619+0000] {logging_mixin.py:188} INFO - Uploaded freq data
[2024-12-02T15:30:49.649+0000] {python.py:237} INFO - Done. Returned value was: None
[2024-12-02T15:30:49.650+0000] {taskinstance.py:441} INFO - ::group::Post task execution logs
[2024-12-02T15:30:49.657+0000] {taskinstance.py:1206} INFO - Marking task as SUCCESS. dag_id=news_dag, task_id=transform_and_load_op, run_id=manual__2024-12-02T15:30:23.538497+00:00, execution_date=20241202T153023, start_date=20241202T153042, end_date=20241202T153049
[2024-12-02T15:30:49.686+0000] {local_task_job_runner.py:243} INFO - Task exited with return code 0
[2024-12-02T15:30:49.706+0000] {taskinstance.py:3503} INFO - 1 downstream tasks scheduled from follow-on schedule check
[2024-12-02T15:30:49.707+0000] {local_task_job_runner.py:222} INFO - ::endgroup::
