[2024-11-02T09:46:48.338+0000] {local_task_job_runner.py:120} INFO - ::group::Pre task execution logs
[2024-11-02T09:46:48.348+0000] {taskinstance.py:2076} INFO - Dependencies all met for dep_context=non-requeueable deps ti=<TaskInstance: molecule_load_dag.load_op manual__2024-11-02T09:46:39.973025+00:00 [queued]>
[2024-11-02T09:46:48.353+0000] {taskinstance.py:2076} INFO - Dependencies all met for dep_context=requeueable deps ti=<TaskInstance: molecule_load_dag.load_op manual__2024-11-02T09:46:39.973025+00:00 [queued]>
[2024-11-02T09:46:48.353+0000] {taskinstance.py:2306} INFO - Starting attempt 1 of 1
[2024-11-02T09:46:48.361+0000] {taskinstance.py:2330} INFO - Executing <Task(PythonOperator): load_op> on 2024-11-02 09:46:39.973025+00:00
[2024-11-02T09:46:48.367+0000] {logging_mixin.py:188} WARNING - /home/***/.local/lib/python3.12/site-packages/***/task/task_runner/standard_task_runner.py:62 DeprecationWarning: This process (pid=2399) is multi-threaded, use of fork() may lead to deadlocks in the child.
[2024-11-02T09:46:48.368+0000] {standard_task_runner.py:64} INFO - Started process 2400 to run task
[2024-11-02T09:46:48.368+0000] {standard_task_runner.py:90} INFO - Running: ['***', 'tasks', 'run', 'molecule_load_dag', 'load_op', 'manual__2024-11-02T09:46:39.973025+00:00', '--job-id', '36', '--raw', '--subdir', 'DAGS_FOLDER/etl_dag.py', '--cfg-path', '/tmp/tmprwppb9tg']
[2024-11-02T09:46:48.370+0000] {standard_task_runner.py:91} INFO - Job 36: Subtask load_op
[2024-11-02T09:46:48.396+0000] {task_command.py:426} INFO - Running <TaskInstance: molecule_load_dag.load_op manual__2024-11-02T09:46:39.973025+00:00 [running]> on host 11ad264474a7
[2024-11-02T09:46:48.449+0000] {taskinstance.py:2648} INFO - Exporting env vars: AIRFLOW_CTX_DAG_OWNER='***' AIRFLOW_CTX_DAG_ID='molecule_load_dag' AIRFLOW_CTX_TASK_ID='load_op' AIRFLOW_CTX_EXECUTION_DATE='2024-11-02T09:46:39.973025+00:00' AIRFLOW_CTX_TRY_NUMBER='1' AIRFLOW_CTX_DAG_RUN_ID='manual__2024-11-02T09:46:39.973025+00:00'
[2024-11-02T09:46:48.450+0000] {taskinstance.py:430} INFO - ::endgroup::
[2024-11-02T09:46:48.464+0000] {base.py:84} INFO - Using connection ID 'aws_connection' for task execution.
[2024-11-02T09:46:49.940+0000] {connection.py:274} WARNING - Connection schemes (type: google_cloud_platform) shall not contain '_' according to RFC3986.
[2024-11-02T09:46:49.942+0000] {base.py:84} INFO - Using connection ID 'gc_connection' for task execution.
[2024-11-02T09:46:52.265+0000] {logging_mixin.py:188} INFO - Not entered loop
[2024-11-02T09:46:52.271+0000] {python.py:237} INFO - Done. Returned value was: None
[2024-11-02T09:46:52.272+0000] {taskinstance.py:441} INFO - ::group::Post task execution logs
[2024-11-02T09:46:52.283+0000] {taskinstance.py:1206} INFO - Marking task as SUCCESS. dag_id=molecule_load_dag, task_id=load_op, run_id=manual__2024-11-02T09:46:39.973025+00:00, execution_date=20241102T094639, start_date=20241102T094648, end_date=20241102T094652
[2024-11-02T09:46:52.314+0000] {local_task_job_runner.py:243} INFO - Task exited with return code 0
[2024-11-02T09:46:52.327+0000] {taskinstance.py:3503} INFO - 0 downstream tasks scheduled from follow-on schedule check
[2024-11-02T09:46:52.328+0000] {local_task_job_runner.py:222} INFO - ::endgroup::
