[2024-11-11T15:45:57.771+0000] {local_task_job_runner.py:120} INFO - ::group::Pre task execution logs
[2024-11-11T15:45:57.783+0000] {taskinstance.py:2076} INFO - Dependencies all met for dep_context=non-requeueable deps ti=<TaskInstance: news_dag.load_op manual__2024-11-11T15:45:43.165454+00:00 [queued]>
[2024-11-11T15:45:57.788+0000] {taskinstance.py:2076} INFO - Dependencies all met for dep_context=requeueable deps ti=<TaskInstance: news_dag.load_op manual__2024-11-11T15:45:43.165454+00:00 [queued]>
[2024-11-11T15:45:57.789+0000] {taskinstance.py:2306} INFO - Starting attempt 1 of 1
[2024-11-11T15:45:57.797+0000] {taskinstance.py:2330} INFO - Executing <Task(PythonOperator): load_op> on 2024-11-11 15:45:43.165454+00:00
[2024-11-11T15:45:57.805+0000] {standard_task_runner.py:90} INFO - Running: ['***', 'tasks', 'run', 'news_dag', 'load_op', 'manual__2024-11-11T15:45:43.165454+00:00', '--job-id', '117', '--raw', '--subdir', 'DAGS_FOLDER/etl_dag.py', '--cfg-path', '/tmp/tmpdfuz1xid']
[2024-11-11T15:45:57.808+0000] {standard_task_runner.py:91} INFO - Job 117: Subtask load_op
[2024-11-11T15:45:57.807+0000] {logging_mixin.py:188} WARNING - /home/***/.local/lib/python3.12/site-packages/***/task/task_runner/standard_task_runner.py:62 DeprecationWarning: This process (pid=434) is multi-threaded, use of fork() may lead to deadlocks in the child.
[2024-11-11T15:45:57.809+0000] {standard_task_runner.py:64} INFO - Started process 435 to run task
[2024-11-11T15:45:57.840+0000] {task_command.py:426} INFO - Running <TaskInstance: news_dag.load_op manual__2024-11-11T15:45:43.165454+00:00 [running]> on host f1def9266cea
[2024-11-11T15:45:57.896+0000] {taskinstance.py:2648} INFO - Exporting env vars: AIRFLOW_CTX_DAG_OWNER='***' AIRFLOW_CTX_DAG_ID='news_dag' AIRFLOW_CTX_TASK_ID='load_op' AIRFLOW_CTX_EXECUTION_DATE='2024-11-11T15:45:43.165454+00:00' AIRFLOW_CTX_TRY_NUMBER='1' AIRFLOW_CTX_DAG_RUN_ID='manual__2024-11-11T15:45:43.165454+00:00'
[2024-11-11T15:45:57.896+0000] {taskinstance.py:430} INFO - ::endgroup::
[2024-11-11T15:45:57.911+0000] {base.py:84} INFO - Using connection ID 'aws_connection' for task execution.
[2024-11-11T15:45:58.901+0000] {logging_mixin.py:188} INFO - ace-scarab-434612-r8processed_news_datasetnews_strings_data
[2024-11-11T15:45:58.906+0000] {connection.py:274} WARNING - Connection schemes (type: google_cloud_platform) shall not contain '_' according to RFC3986.
[2024-11-11T15:45:58.907+0000] {base.py:84} INFO - Using connection ID 'gc_connection' for task execution.
[2024-11-11T15:46:00.892+0000] {logging_mixin.py:188} INFO - Errors occurred while inserting rows: [{'index': 0, 'errors': [{'reason': 'invalid', 'location': 'news_string', 'debugInfo': '', 'message': 'no such field: news_string.'}]}]
[2024-11-11T15:46:13.516+0000] {logging_mixin.py:188} INFO - Errors occurred while inserting rows: [{'index': 0, 'errors': [{'reason': 'invalid', 'location': 'news_string', 'debugInfo': '', 'message': 'no such field: news_string.'}]}]
[2024-11-11T15:46:21.941+0000] {logging_mixin.py:188} INFO - Errors occurred while inserting rows: [{'index': 0, 'errors': [{'reason': 'invalid', 'location': 'news_string', 'debugInfo': '', 'message': 'no such field: news_string.'}]}]
[2024-11-11T15:46:27.417+0000] {logging_mixin.py:188} INFO - Errors occurred while inserting rows: [{'index': 0, 'errors': [{'reason': 'invalid', 'location': 'news_string', 'debugInfo': '', 'message': 'no such field: news_string.'}]}]
[2024-11-11T15:46:37.021+0000] {logging_mixin.py:188} INFO - Errors occurred while inserting rows: [{'index': 0, 'errors': [{'reason': 'invalid', 'location': 'news_string', 'debugInfo': '', 'message': 'no such field: news_string.'}]}]
[2024-11-11T15:46:38.541+0000] {logging_mixin.py:188} INFO - Errors occurred while inserting rows: [{'index': 0, 'errors': [{'reason': 'invalid', 'location': 'news_string', 'debugInfo': '', 'message': 'no such field: news_string.'}]}]
[2024-11-11T15:47:15.086+0000] {python.py:237} INFO - Done. Returned value was: None
[2024-11-11T15:47:15.090+0000] {taskinstance.py:441} INFO - ::group::Post task execution logs
[2024-11-11T15:47:15.103+0000] {taskinstance.py:1206} INFO - Marking task as SUCCESS. dag_id=news_dag, task_id=load_op, run_id=manual__2024-11-11T15:45:43.165454+00:00, execution_date=20241111T154543, start_date=20241111T154557, end_date=20241111T154715
[2024-11-11T15:47:15.149+0000] {local_task_job_runner.py:243} INFO - Task exited with return code 0
[2024-11-11T15:47:15.168+0000] {taskinstance.py:3503} INFO - 0 downstream tasks scheduled from follow-on schedule check
[2024-11-11T15:47:15.172+0000] {local_task_job_runner.py:222} INFO - ::endgroup::
