[2024-11-11T15:36:52.638+0000] {local_task_job_runner.py:120} INFO - ::group::Pre task execution logs
[2024-11-11T15:36:52.649+0000] {taskinstance.py:2076} INFO - Dependencies all met for dep_context=non-requeueable deps ti=<TaskInstance: molecule_load_dag.load_op manual__2024-11-11T15:36:37.499270+00:00 [queued]>
[2024-11-11T15:36:52.655+0000] {taskinstance.py:2076} INFO - Dependencies all met for dep_context=requeueable deps ti=<TaskInstance: molecule_load_dag.load_op manual__2024-11-11T15:36:37.499270+00:00 [queued]>
[2024-11-11T15:36:52.655+0000] {taskinstance.py:2306} INFO - Starting attempt 1 of 1
[2024-11-11T15:36:52.664+0000] {taskinstance.py:2330} INFO - Executing <Task(PythonOperator): load_op> on 2024-11-11 15:36:37.499270+00:00
[2024-11-11T15:36:52.671+0000] {standard_task_runner.py:90} INFO - Running: ['***', 'tasks', 'run', 'molecule_load_dag', 'load_op', 'manual__2024-11-11T15:36:37.499270+00:00', '--job-id', '111', '--raw', '--subdir', 'DAGS_FOLDER/etl_dag.py', '--cfg-path', '/tmp/tmpx1ply363']
[2024-11-11T15:36:52.673+0000] {standard_task_runner.py:91} INFO - Job 111: Subtask load_op
[2024-11-11T15:36:52.673+0000] {logging_mixin.py:188} WARNING - /home/***/.local/lib/python3.12/site-packages/***/task/task_runner/standard_task_runner.py:62 DeprecationWarning: This process (pid=220) is multi-threaded, use of fork() may lead to deadlocks in the child.
[2024-11-11T15:36:52.675+0000] {standard_task_runner.py:64} INFO - Started process 221 to run task
[2024-11-11T15:36:52.706+0000] {task_command.py:426} INFO - Running <TaskInstance: molecule_load_dag.load_op manual__2024-11-11T15:36:37.499270+00:00 [running]> on host f1def9266cea
[2024-11-11T15:36:52.764+0000] {taskinstance.py:2648} INFO - Exporting env vars: AIRFLOW_CTX_DAG_OWNER='***' AIRFLOW_CTX_DAG_ID='molecule_load_dag' AIRFLOW_CTX_TASK_ID='load_op' AIRFLOW_CTX_EXECUTION_DATE='2024-11-11T15:36:37.499270+00:00' AIRFLOW_CTX_TRY_NUMBER='1' AIRFLOW_CTX_DAG_RUN_ID='manual__2024-11-11T15:36:37.499270+00:00'
[2024-11-11T15:36:52.765+0000] {taskinstance.py:430} INFO - ::endgroup::
[2024-11-11T15:36:52.779+0000] {base.py:84} INFO - Using connection ID 'aws_connection' for task execution.
[2024-11-11T15:36:53.797+0000] {logging_mixin.py:188} INFO - ace-scarab-434612-r8processed_news_datasetnews_strings_data
[2024-11-11T15:36:53.804+0000] {connection.py:274} WARNING - Connection schemes (type: google_cloud_platform) shall not contain '_' according to RFC3986.
[2024-11-11T15:36:53.806+0000] {base.py:84} INFO - Using connection ID 'gc_connection' for task execution.
[2024-11-11T15:36:56.952+0000] {logging_mixin.py:188} INFO - Errors occurred while inserting rows: [{'index': 0, 'errors': [{'reason': 'invalid', 'location': 'news_string', 'debugInfo': '', 'message': 'no such field: news_string.'}]}]
[2024-11-11T15:36:57.248+0000] {logging_mixin.py:188} INFO - Errors occurred while inserting rows: [{'index': 0, 'errors': [{'reason': 'invalid', 'location': 'news_string', 'debugInfo': '', 'message': 'no such field: news_string.'}]}]
[2024-11-11T15:36:57.493+0000] {logging_mixin.py:188} INFO - Errors occurred while inserting rows: [{'index': 0, 'errors': [{'reason': 'invalid', 'location': 'news_string', 'debugInfo': '', 'message': 'no such field: news_string.'}]}]
[2024-11-11T15:36:57.743+0000] {logging_mixin.py:188} INFO - Errors occurred while inserting rows: [{'index': 0, 'errors': [{'reason': 'invalid', 'location': 'news_string', 'debugInfo': '', 'message': 'no such field: news_string.'}]}]
[2024-11-11T15:36:58.053+0000] {logging_mixin.py:188} INFO - Errors occurred while inserting rows: [{'index': 0, 'errors': [{'reason': 'invalid', 'location': 'news_string', 'debugInfo': '', 'message': 'no such field: news_string.'}]}]
[2024-11-11T15:36:58.304+0000] {logging_mixin.py:188} INFO - Errors occurred while inserting rows: [{'index': 0, 'errors': [{'reason': 'invalid', 'location': 'news_string', 'debugInfo': '', 'message': 'no such field: news_string.'}]}]
[2024-11-11T15:36:58.562+0000] {logging_mixin.py:188} INFO - Errors occurred while inserting rows: [{'index': 0, 'errors': [{'reason': 'invalid', 'location': 'news_string', 'debugInfo': '', 'message': 'no such field: news_string.'}]}]
[2024-11-11T15:36:58.828+0000] {logging_mixin.py:188} INFO - Errors occurred while inserting rows: [{'index': 0, 'errors': [{'reason': 'invalid', 'location': 'news_string', 'debugInfo': '', 'message': 'no such field: news_string.'}]}]
[2024-11-11T15:36:59.079+0000] {logging_mixin.py:188} INFO - Errors occurred while inserting rows: [{'index': 0, 'errors': [{'reason': 'invalid', 'location': 'news_string', 'debugInfo': '', 'message': 'no such field: news_string.'}]}]
[2024-11-11T15:36:59.526+0000] {logging_mixin.py:188} INFO - Errors occurred while inserting rows: [{'index': 0, 'errors': [{'reason': 'invalid', 'location': 'news_string', 'debugInfo': '', 'message': 'no such field: news_string.'}]}]
[2024-11-11T15:36:59.776+0000] {logging_mixin.py:188} INFO - Errors occurred while inserting rows: [{'index': 0, 'errors': [{'reason': 'invalid', 'location': 'news_string', 'debugInfo': '', 'message': 'no such field: news_string.'}]}]
[2024-11-11T15:37:00.052+0000] {logging_mixin.py:188} INFO - Errors occurred while inserting rows: [{'index': 0, 'errors': [{'reason': 'invalid', 'location': 'news_string', 'debugInfo': '', 'message': 'no such field: news_string.'}]}]
[2024-11-11T15:37:00.440+0000] {logging_mixin.py:188} INFO - Errors occurred while inserting rows: [{'index': 0, 'errors': [{'reason': 'invalid', 'location': 'news_string', 'debugInfo': '', 'message': 'no such field: news_string.'}]}]
[2024-11-11T15:37:00.713+0000] {logging_mixin.py:188} INFO - Errors occurred while inserting rows: [{'index': 0, 'errors': [{'reason': 'invalid', 'location': 'news_string', 'debugInfo': '', 'message': 'no such field: news_string.'}]}]
[2024-11-11T15:37:00.946+0000] {logging_mixin.py:188} INFO - Errors occurred while inserting rows: [{'index': 0, 'errors': [{'reason': 'invalid', 'location': 'news_string', 'debugInfo': '', 'message': 'no such field: news_string.'}]}]
[2024-11-11T15:37:01.211+0000] {logging_mixin.py:188} INFO - Errors occurred while inserting rows: [{'index': 0, 'errors': [{'reason': 'invalid', 'location': 'news_string', 'debugInfo': '', 'message': 'no such field: news_string.'}]}]
[2024-11-11T15:37:01.456+0000] {logging_mixin.py:188} INFO - Errors occurred while inserting rows: [{'index': 0, 'errors': [{'reason': 'invalid', 'location': 'news_string', 'debugInfo': '', 'message': 'no such field: news_string.'}]}]
[2024-11-11T15:37:01.715+0000] {logging_mixin.py:188} INFO - Errors occurred while inserting rows: [{'index': 0, 'errors': [{'reason': 'invalid', 'location': 'news_string', 'debugInfo': '', 'message': 'no such field: news_string.'}]}]
[2024-11-11T15:37:01.949+0000] {logging_mixin.py:188} INFO - Errors occurred while inserting rows: [{'index': 0, 'errors': [{'reason': 'invalid', 'location': 'news_string', 'debugInfo': '', 'message': 'no such field: news_string.'}]}]
[2024-11-11T15:37:02.209+0000] {logging_mixin.py:188} INFO - Errors occurred while inserting rows: [{'index': 0, 'errors': [{'reason': 'invalid', 'location': 'news_string', 'debugInfo': '', 'message': 'no such field: news_string.'}]}]
[2024-11-11T15:37:02.467+0000] {logging_mixin.py:188} INFO - Errors occurred while inserting rows: [{'index': 0, 'errors': [{'reason': 'invalid', 'location': 'news_string', 'debugInfo': '', 'message': 'no such field: news_string.'}]}]
[2024-11-11T15:37:02.718+0000] {logging_mixin.py:188} INFO - Errors occurred while inserting rows: [{'index': 0, 'errors': [{'reason': 'invalid', 'location': 'news_string', 'debugInfo': '', 'message': 'no such field: news_string.'}]}]
[2024-11-11T15:37:02.974+0000] {logging_mixin.py:188} INFO - Errors occurred while inserting rows: [{'index': 0, 'errors': [{'reason': 'invalid', 'location': 'news_string', 'debugInfo': '', 'message': 'no such field: news_string.'}]}]
[2024-11-11T15:37:03.231+0000] {logging_mixin.py:188} INFO - Errors occurred while inserting rows: [{'index': 0, 'errors': [{'reason': 'invalid', 'location': 'news_string', 'debugInfo': '', 'message': 'no such field: news_string.'}]}]
[2024-11-11T15:37:03.478+0000] {logging_mixin.py:188} INFO - Errors occurred while inserting rows: [{'index': 0, 'errors': [{'reason': 'invalid', 'location': 'news_string', 'debugInfo': '', 'message': 'no such field: news_string.'}]}]
[2024-11-11T15:37:03.719+0000] {logging_mixin.py:188} INFO - Errors occurred while inserting rows: [{'index': 0, 'errors': [{'reason': 'invalid', 'location': 'news_string', 'debugInfo': '', 'message': 'no such field: news_string.'}]}]
[2024-11-11T15:37:03.991+0000] {logging_mixin.py:188} INFO - Errors occurred while inserting rows: [{'index': 0, 'errors': [{'reason': 'invalid', 'location': 'news_string', 'debugInfo': '', 'message': 'no such field: news_string.'}]}]
[2024-11-11T15:37:04.238+0000] {logging_mixin.py:188} INFO - Errors occurred while inserting rows: [{'index': 0, 'errors': [{'reason': 'invalid', 'location': 'news_string', 'debugInfo': '', 'message': 'no such field: news_string.'}]}]
[2024-11-11T15:37:04.486+0000] {logging_mixin.py:188} INFO - Errors occurred while inserting rows: [{'index': 0, 'errors': [{'reason': 'invalid', 'location': 'news_string', 'debugInfo': '', 'message': 'no such field: news_string.'}]}]
[2024-11-11T15:37:04.793+0000] {logging_mixin.py:188} INFO - Errors occurred while inserting rows: [{'index': 0, 'errors': [{'reason': 'invalid', 'location': 'news_string', 'debugInfo': '', 'message': 'no such field: news_string.'}]}]
[2024-11-11T15:37:05.048+0000] {logging_mixin.py:188} INFO - Errors occurred while inserting rows: [{'index': 0, 'errors': [{'reason': 'invalid', 'location': 'news_string', 'debugInfo': '', 'message': 'no such field: news_string.'}]}]
[2024-11-11T15:37:05.355+0000] {logging_mixin.py:188} INFO - Errors occurred while inserting rows: [{'index': 0, 'errors': [{'reason': 'invalid', 'location': 'news_string', 'debugInfo': '', 'message': 'no such field: news_string.'}]}]
[2024-11-11T15:37:05.579+0000] {logging_mixin.py:188} INFO - Errors occurred while inserting rows: [{'index': 0, 'errors': [{'reason': 'invalid', 'location': 'news_string', 'debugInfo': '', 'message': 'no such field: news_string.'}]}]
[2024-11-11T15:37:05.836+0000] {logging_mixin.py:188} INFO - Errors occurred while inserting rows: [{'index': 0, 'errors': [{'reason': 'invalid', 'location': 'news_string', 'debugInfo': '', 'message': 'no such field: news_string.'}]}]
[2024-11-11T15:37:06.073+0000] {logging_mixin.py:188} INFO - Errors occurred while inserting rows: [{'index': 0, 'errors': [{'reason': 'invalid', 'location': 'news_string', 'debugInfo': '', 'message': 'no such field: news_string.'}]}]
[2024-11-11T15:37:06.331+0000] {logging_mixin.py:188} INFO - Errors occurred while inserting rows: [{'index': 0, 'errors': [{'reason': 'invalid', 'location': 'news_string', 'debugInfo': '', 'message': 'no such field: news_string.'}]}]
[2024-11-11T15:37:06.591+0000] {logging_mixin.py:188} INFO - Errors occurred while inserting rows: [{'index': 0, 'errors': [{'reason': 'invalid', 'location': 'news_string', 'debugInfo': '', 'message': 'no such field: news_string.'}]}]
[2024-11-11T15:37:06.844+0000] {logging_mixin.py:188} INFO - Errors occurred while inserting rows: [{'index': 0, 'errors': [{'reason': 'invalid', 'location': 'news_string', 'debugInfo': '', 'message': 'no such field: news_string.'}]}]
[2024-11-11T15:37:07.091+0000] {logging_mixin.py:188} INFO - Errors occurred while inserting rows: [{'index': 0, 'errors': [{'reason': 'invalid', 'location': 'news_string', 'debugInfo': '', 'message': 'no such field: news_string.'}]}]
[2024-11-11T15:37:07.334+0000] {logging_mixin.py:188} INFO - Errors occurred while inserting rows: [{'index': 0, 'errors': [{'reason': 'invalid', 'location': 'news_string', 'debugInfo': '', 'message': 'no such field: news_string.'}]}]
[2024-11-11T15:37:07.586+0000] {logging_mixin.py:188} INFO - Errors occurred while inserting rows: [{'index': 0, 'errors': [{'reason': 'invalid', 'location': 'news_string', 'debugInfo': '', 'message': 'no such field: news_string.'}]}]
[2024-11-11T15:37:07.842+0000] {logging_mixin.py:188} INFO - Errors occurred while inserting rows: [{'index': 0, 'errors': [{'reason': 'invalid', 'location': 'news_string', 'debugInfo': '', 'message': 'no such field: news_string.'}]}]
[2024-11-11T15:37:08.087+0000] {logging_mixin.py:188} INFO - Errors occurred while inserting rows: [{'index': 0, 'errors': [{'reason': 'invalid', 'location': 'news_string', 'debugInfo': '', 'message': 'no such field: news_string.'}]}]
[2024-11-11T15:37:08.339+0000] {logging_mixin.py:188} INFO - Errors occurred while inserting rows: [{'index': 0, 'errors': [{'reason': 'invalid', 'location': 'news_string', 'debugInfo': '', 'message': 'no such field: news_string.'}]}]
[2024-11-11T15:37:08.555+0000] {logging_mixin.py:188} INFO - Errors occurred while inserting rows: [{'index': 0, 'errors': [{'reason': 'invalid', 'location': 'news_string', 'debugInfo': '', 'message': 'no such field: news_string.'}]}]
[2024-11-11T15:37:08.808+0000] {logging_mixin.py:188} INFO - Errors occurred while inserting rows: [{'index': 0, 'errors': [{'reason': 'invalid', 'location': 'news_string', 'debugInfo': '', 'message': 'no such field: news_string.'}]}]
[2024-11-11T15:37:09.050+0000] {logging_mixin.py:188} INFO - Errors occurred while inserting rows: [{'index': 0, 'errors': [{'reason': 'invalid', 'location': 'news_string', 'debugInfo': '', 'message': 'no such field: news_string.'}]}]
[2024-11-11T15:37:09.286+0000] {logging_mixin.py:188} INFO - Errors occurred while inserting rows: [{'index': 0, 'errors': [{'reason': 'invalid', 'location': 'news_string', 'debugInfo': '', 'message': 'no such field: news_string.'}]}]
[2024-11-11T15:37:09.544+0000] {logging_mixin.py:188} INFO - Errors occurred while inserting rows: [{'index': 0, 'errors': [{'reason': 'invalid', 'location': 'news_string', 'debugInfo': '', 'message': 'no such field: news_string.'}]}]
[2024-11-11T15:37:09.787+0000] {logging_mixin.py:188} INFO - Errors occurred while inserting rows: [{'index': 0, 'errors': [{'reason': 'invalid', 'location': 'news_string', 'debugInfo': '', 'message': 'no such field: news_string.'}]}]
[2024-11-11T15:37:10.041+0000] {logging_mixin.py:188} INFO - Errors occurred while inserting rows: [{'index': 0, 'errors': [{'reason': 'invalid', 'location': 'news_string', 'debugInfo': '', 'message': 'no such field: news_string.'}]}]
[2024-11-11T15:37:10.297+0000] {logging_mixin.py:188} INFO - Errors occurred while inserting rows: [{'index': 0, 'errors': [{'reason': 'invalid', 'location': 'news_string', 'debugInfo': '', 'message': 'no such field: news_string.'}]}]
[2024-11-11T15:37:10.550+0000] {logging_mixin.py:188} INFO - Errors occurred while inserting rows: [{'index': 0, 'errors': [{'reason': 'invalid', 'location': 'news_string', 'debugInfo': '', 'message': 'no such field: news_string.'}]}]
[2024-11-11T15:37:10.807+0000] {logging_mixin.py:188} INFO - Errors occurred while inserting rows: [{'index': 0, 'errors': [{'reason': 'invalid', 'location': 'news_string', 'debugInfo': '', 'message': 'no such field: news_string.'}]}]
[2024-11-11T15:37:11.066+0000] {logging_mixin.py:188} INFO - Errors occurred while inserting rows: [{'index': 0, 'errors': [{'reason': 'invalid', 'location': 'news_string', 'debugInfo': '', 'message': 'no such field: news_string.'}]}]
[2024-11-11T15:37:11.301+0000] {logging_mixin.py:188} INFO - Errors occurred while inserting rows: [{'index': 0, 'errors': [{'reason': 'invalid', 'location': 'news_string', 'debugInfo': '', 'message': 'no such field: news_string.'}]}]
[2024-11-11T15:37:11.552+0000] {logging_mixin.py:188} INFO - Errors occurred while inserting rows: [{'index': 0, 'errors': [{'reason': 'invalid', 'location': 'news_string', 'debugInfo': '', 'message': 'no such field: news_string.'}]}]
[2024-11-11T15:37:11.787+0000] {logging_mixin.py:188} INFO - Errors occurred while inserting rows: [{'index': 0, 'errors': [{'reason': 'invalid', 'location': 'news_string', 'debugInfo': '', 'message': 'no such field: news_string.'}]}]
[2024-11-11T15:37:12.034+0000] {logging_mixin.py:188} INFO - Errors occurred while inserting rows: [{'index': 0, 'errors': [{'reason': 'invalid', 'location': 'news_string', 'debugInfo': '', 'message': 'no such field: news_string.'}]}]
[2024-11-11T15:37:12.298+0000] {logging_mixin.py:188} INFO - Errors occurred while inserting rows: [{'index': 0, 'errors': [{'reason': 'invalid', 'location': 'news_string', 'debugInfo': '', 'message': 'no such field: news_string.'}]}]
[2024-11-11T15:37:12.542+0000] {logging_mixin.py:188} INFO - Errors occurred while inserting rows: [{'index': 0, 'errors': [{'reason': 'invalid', 'location': 'news_string', 'debugInfo': '', 'message': 'no such field: news_string.'}]}]
[2024-11-11T15:37:12.797+0000] {logging_mixin.py:188} INFO - Errors occurred while inserting rows: [{'index': 0, 'errors': [{'reason': 'invalid', 'location': 'news_string', 'debugInfo': '', 'message': 'no such field: news_string.'}]}]
[2024-11-11T15:37:13.043+0000] {logging_mixin.py:188} INFO - Errors occurred while inserting rows: [{'index': 0, 'errors': [{'reason': 'invalid', 'location': 'news_string', 'debugInfo': '', 'message': 'no such field: news_string.'}]}]
[2024-11-11T15:37:13.295+0000] {logging_mixin.py:188} INFO - Errors occurred while inserting rows: [{'index': 0, 'errors': [{'reason': 'invalid', 'location': 'news_string', 'debugInfo': '', 'message': 'no such field: news_string.'}]}]
[2024-11-11T15:37:13.540+0000] {logging_mixin.py:188} INFO - Errors occurred while inserting rows: [{'index': 0, 'errors': [{'reason': 'invalid', 'location': 'news_string', 'debugInfo': '', 'message': 'no such field: news_string.'}]}]
[2024-11-11T15:37:13.786+0000] {logging_mixin.py:188} INFO - Errors occurred while inserting rows: [{'index': 0, 'errors': [{'reason': 'invalid', 'location': 'news_string', 'debugInfo': '', 'message': 'no such field: news_string.'}]}]
[2024-11-11T15:37:14.055+0000] {logging_mixin.py:188} INFO - Errors occurred while inserting rows: [{'index': 0, 'errors': [{'reason': 'invalid', 'location': 'news_string', 'debugInfo': '', 'message': 'no such field: news_string.'}]}]
[2024-11-11T15:37:14.305+0000] {logging_mixin.py:188} INFO - Errors occurred while inserting rows: [{'index': 0, 'errors': [{'reason': 'invalid', 'location': 'news_string', 'debugInfo': '', 'message': 'no such field: news_string.'}]}]
[2024-11-11T15:37:14.569+0000] {logging_mixin.py:188} INFO - Errors occurred while inserting rows: [{'index': 0, 'errors': [{'reason': 'invalid', 'location': 'news_string', 'debugInfo': '', 'message': 'no such field: news_string.'}]}]
[2024-11-11T15:37:14.804+0000] {logging_mixin.py:188} INFO - Errors occurred while inserting rows: [{'index': 0, 'errors': [{'reason': 'invalid', 'location': 'news_string', 'debugInfo': '', 'message': 'no such field: news_string.'}]}]
[2024-11-11T15:37:15.041+0000] {logging_mixin.py:188} INFO - Errors occurred while inserting rows: [{'index': 0, 'errors': [{'reason': 'invalid', 'location': 'news_string', 'debugInfo': '', 'message': 'no such field: news_string.'}]}]
[2024-11-11T15:37:15.290+0000] {logging_mixin.py:188} INFO - Errors occurred while inserting rows: [{'index': 0, 'errors': [{'reason': 'invalid', 'location': 'news_string', 'debugInfo': '', 'message': 'no such field: news_string.'}]}]
[2024-11-11T15:37:15.537+0000] {logging_mixin.py:188} INFO - Errors occurred while inserting rows: [{'index': 0, 'errors': [{'reason': 'invalid', 'location': 'news_string', 'debugInfo': '', 'message': 'no such field: news_string.'}]}]
[2024-11-11T15:37:15.800+0000] {logging_mixin.py:188} INFO - Errors occurred while inserting rows: [{'index': 0, 'errors': [{'reason': 'invalid', 'location': 'news_string', 'debugInfo': '', 'message': 'no such field: news_string.'}]}]
[2024-11-11T15:37:16.038+0000] {logging_mixin.py:188} INFO - Errors occurred while inserting rows: [{'index': 0, 'errors': [{'reason': 'invalid', 'location': 'news_string', 'debugInfo': '', 'message': 'no such field: news_string.'}]}]
[2024-11-11T15:37:16.271+0000] {logging_mixin.py:188} INFO - Errors occurred while inserting rows: [{'index': 0, 'errors': [{'reason': 'invalid', 'location': 'news_string', 'debugInfo': '', 'message': 'no such field: news_string.'}]}]
[2024-11-11T15:37:16.519+0000] {logging_mixin.py:188} INFO - Errors occurred while inserting rows: [{'index': 0, 'errors': [{'reason': 'invalid', 'location': 'news_string', 'debugInfo': '', 'message': 'no such field: news_string.'}]}]
[2024-11-11T15:37:16.776+0000] {logging_mixin.py:188} INFO - Errors occurred while inserting rows: [{'index': 0, 'errors': [{'reason': 'invalid', 'location': 'news_string', 'debugInfo': '', 'message': 'no such field: news_string.'}]}]
[2024-11-11T15:37:17.008+0000] {logging_mixin.py:188} INFO - Errors occurred while inserting rows: [{'index': 0, 'errors': [{'reason': 'invalid', 'location': 'news_string', 'debugInfo': '', 'message': 'no such field: news_string.'}]}]
[2024-11-11T15:37:17.261+0000] {logging_mixin.py:188} INFO - Errors occurred while inserting rows: [{'index': 0, 'errors': [{'reason': 'invalid', 'location': 'news_string', 'debugInfo': '', 'message': 'no such field: news_string.'}]}]
[2024-11-11T15:37:17.492+0000] {logging_mixin.py:188} INFO - Errors occurred while inserting rows: [{'index': 0, 'errors': [{'reason': 'invalid', 'location': 'news_string', 'debugInfo': '', 'message': 'no such field: news_string.'}]}]
[2024-11-11T15:37:17.752+0000] {logging_mixin.py:188} INFO - Errors occurred while inserting rows: [{'index': 0, 'errors': [{'reason': 'invalid', 'location': 'news_string', 'debugInfo': '', 'message': 'no such field: news_string.'}]}]
[2024-11-11T15:37:18.002+0000] {logging_mixin.py:188} INFO - Errors occurred while inserting rows: [{'index': 0, 'errors': [{'reason': 'invalid', 'location': 'news_string', 'debugInfo': '', 'message': 'no such field: news_string.'}]}]
[2024-11-11T15:37:18.257+0000] {logging_mixin.py:188} INFO - Errors occurred while inserting rows: [{'index': 0, 'errors': [{'reason': 'invalid', 'location': 'news_string', 'debugInfo': '', 'message': 'no such field: news_string.'}]}]
[2024-11-11T15:37:18.489+0000] {logging_mixin.py:188} INFO - Errors occurred while inserting rows: [{'index': 0, 'errors': [{'reason': 'invalid', 'location': 'news_string', 'debugInfo': '', 'message': 'no such field: news_string.'}]}]
[2024-11-11T15:37:18.741+0000] {logging_mixin.py:188} INFO - Errors occurred while inserting rows: [{'index': 0, 'errors': [{'reason': 'invalid', 'location': 'news_string', 'debugInfo': '', 'message': 'no such field: news_string.'}]}]
[2024-11-11T15:37:18.988+0000] {logging_mixin.py:188} INFO - Errors occurred while inserting rows: [{'index': 0, 'errors': [{'reason': 'invalid', 'location': 'news_string', 'debugInfo': '', 'message': 'no such field: news_string.'}]}]
[2024-11-11T15:37:19.215+0000] {logging_mixin.py:188} INFO - Errors occurred while inserting rows: [{'index': 0, 'errors': [{'reason': 'invalid', 'location': 'news_string', 'debugInfo': '', 'message': 'no such field: news_string.'}]}]
[2024-11-11T15:37:19.462+0000] {logging_mixin.py:188} INFO - Errors occurred while inserting rows: [{'index': 0, 'errors': [{'reason': 'invalid', 'location': 'news_string', 'debugInfo': '', 'message': 'no such field: news_string.'}]}]
[2024-11-11T15:37:19.712+0000] {logging_mixin.py:188} INFO - Errors occurred while inserting rows: [{'index': 0, 'errors': [{'reason': 'invalid', 'location': 'news_string', 'debugInfo': '', 'message': 'no such field: news_string.'}]}]
[2024-11-11T15:37:19.968+0000] {logging_mixin.py:188} INFO - Errors occurred while inserting rows: [{'index': 0, 'errors': [{'reason': 'invalid', 'location': 'news_string', 'debugInfo': '', 'message': 'no such field: news_string.'}]}]
[2024-11-11T15:37:20.232+0000] {logging_mixin.py:188} INFO - Errors occurred while inserting rows: [{'index': 0, 'errors': [{'reason': 'invalid', 'location': 'news_string', 'debugInfo': '', 'message': 'no such field: news_string.'}]}]
[2024-11-11T15:37:20.573+0000] {logging_mixin.py:188} INFO - Errors occurred while inserting rows: [{'index': 0, 'errors': [{'reason': 'invalid', 'location': 'news_string', 'debugInfo': '', 'message': 'no such field: news_string.'}]}]
[2024-11-11T15:37:20.830+0000] {logging_mixin.py:188} INFO - Errors occurred while inserting rows: [{'index': 0, 'errors': [{'reason': 'invalid', 'location': 'news_string', 'debugInfo': '', 'message': 'no such field: news_string.'}]}]
[2024-11-11T15:37:21.083+0000] {logging_mixin.py:188} INFO - Errors occurred while inserting rows: [{'index': 0, 'errors': [{'reason': 'invalid', 'location': 'news_string', 'debugInfo': '', 'message': 'no such field: news_string.'}]}]
[2024-11-11T15:37:21.367+0000] {logging_mixin.py:188} INFO - Errors occurred while inserting rows: [{'index': 0, 'errors': [{'reason': 'invalid', 'location': 'news_string', 'debugInfo': '', 'message': 'no such field: news_string.'}]}]
[2024-11-11T15:37:21.639+0000] {logging_mixin.py:188} INFO - Errors occurred while inserting rows: [{'index': 0, 'errors': [{'reason': 'invalid', 'location': 'news_string', 'debugInfo': '', 'message': 'no such field: news_string.'}]}]
[2024-11-11T15:37:21.894+0000] {logging_mixin.py:188} INFO - Errors occurred while inserting rows: [{'index': 0, 'errors': [{'reason': 'invalid', 'location': 'news_string', 'debugInfo': '', 'message': 'no such field: news_string.'}]}]
[2024-11-11T15:37:22.138+0000] {logging_mixin.py:188} INFO - Errors occurred while inserting rows: [{'index': 0, 'errors': [{'reason': 'invalid', 'location': 'news_string', 'debugInfo': '', 'message': 'no such field: news_string.'}]}]
[2024-11-11T15:37:22.385+0000] {logging_mixin.py:188} INFO - Errors occurred while inserting rows: [{'index': 0, 'errors': [{'reason': 'invalid', 'location': 'news_string', 'debugInfo': '', 'message': 'no such field: news_string.'}]}]
[2024-11-11T15:37:22.634+0000] {logging_mixin.py:188} INFO - Errors occurred while inserting rows: [{'index': 0, 'errors': [{'reason': 'invalid', 'location': 'news_string', 'debugInfo': '', 'message': 'no such field: news_string.'}]}]
[2024-11-11T15:37:22.895+0000] {logging_mixin.py:188} INFO - Errors occurred while inserting rows: [{'index': 0, 'errors': [{'reason': 'invalid', 'location': 'news_string', 'debugInfo': '', 'message': 'no such field: news_string.'}]}]
[2024-11-11T15:37:23.151+0000] {logging_mixin.py:188} INFO - Errors occurred while inserting rows: [{'index': 0, 'errors': [{'reason': 'invalid', 'location': 'news_string', 'debugInfo': '', 'message': 'no such field: news_string.'}]}]
[2024-11-11T15:37:23.381+0000] {logging_mixin.py:188} INFO - Errors occurred while inserting rows: [{'index': 0, 'errors': [{'reason': 'invalid', 'location': 'news_string', 'debugInfo': '', 'message': 'no such field: news_string.'}]}]
[2024-11-11T15:37:23.636+0000] {logging_mixin.py:188} INFO - Errors occurred while inserting rows: [{'index': 0, 'errors': [{'reason': 'invalid', 'location': 'news_string', 'debugInfo': '', 'message': 'no such field: news_string.'}]}]
[2024-11-11T15:37:23.885+0000] {logging_mixin.py:188} INFO - Errors occurred while inserting rows: [{'index': 0, 'errors': [{'reason': 'invalid', 'location': 'news_string', 'debugInfo': '', 'message': 'no such field: news_string.'}]}]
[2024-11-11T15:37:24.133+0000] {logging_mixin.py:188} INFO - Errors occurred while inserting rows: [{'index': 0, 'errors': [{'reason': 'invalid', 'location': 'news_string', 'debugInfo': '', 'message': 'no such field: news_string.'}]}]
[2024-11-11T15:37:24.402+0000] {logging_mixin.py:188} INFO - Errors occurred while inserting rows: [{'index': 0, 'errors': [{'reason': 'invalid', 'location': 'news_string', 'debugInfo': '', 'message': 'no such field: news_string.'}]}]
[2024-11-11T15:37:24.651+0000] {logging_mixin.py:188} INFO - Errors occurred while inserting rows: [{'index': 0, 'errors': [{'reason': 'invalid', 'location': 'news_string', 'debugInfo': '', 'message': 'no such field: news_string.'}]}]
[2024-11-11T15:37:24.902+0000] {logging_mixin.py:188} INFO - Errors occurred while inserting rows: [{'index': 0, 'errors': [{'reason': 'invalid', 'location': 'news_string', 'debugInfo': '', 'message': 'no such field: news_string.'}]}]
[2024-11-11T15:37:25.173+0000] {logging_mixin.py:188} INFO - Errors occurred while inserting rows: [{'index': 0, 'errors': [{'reason': 'invalid', 'location': 'news_string', 'debugInfo': '', 'message': 'no such field: news_string.'}]}]
[2024-11-11T15:37:25.422+0000] {logging_mixin.py:188} INFO - Errors occurred while inserting rows: [{'index': 0, 'errors': [{'reason': 'invalid', 'location': 'news_string', 'debugInfo': '', 'message': 'no such field: news_string.'}]}]
[2024-11-11T15:37:25.689+0000] {logging_mixin.py:188} INFO - Errors occurred while inserting rows: [{'index': 0, 'errors': [{'reason': 'invalid', 'location': 'news_string', 'debugInfo': '', 'message': 'no such field: news_string.'}]}]
[2024-11-11T15:37:25.931+0000] {logging_mixin.py:188} INFO - Errors occurred while inserting rows: [{'index': 0, 'errors': [{'reason': 'invalid', 'location': 'news_string', 'debugInfo': '', 'message': 'no such field: news_string.'}]}]
[2024-11-11T15:37:26.180+0000] {logging_mixin.py:188} INFO - Errors occurred while inserting rows: [{'index': 0, 'errors': [{'reason': 'invalid', 'location': 'news_string', 'debugInfo': '', 'message': 'no such field: news_string.'}]}]
[2024-11-11T15:37:26.460+0000] {logging_mixin.py:188} INFO - Errors occurred while inserting rows: [{'index': 0, 'errors': [{'reason': 'invalid', 'location': 'news_string', 'debugInfo': '', 'message': 'no such field: news_string.'}]}]
[2024-11-11T15:37:26.727+0000] {logging_mixin.py:188} INFO - Errors occurred while inserting rows: [{'index': 0, 'errors': [{'reason': 'invalid', 'location': 'news_string', 'debugInfo': '', 'message': 'no such field: news_string.'}]}]
[2024-11-11T15:37:26.971+0000] {logging_mixin.py:188} INFO - Errors occurred while inserting rows: [{'index': 0, 'errors': [{'reason': 'invalid', 'location': 'news_string', 'debugInfo': '', 'message': 'no such field: news_string.'}]}]
[2024-11-11T15:37:27.222+0000] {logging_mixin.py:188} INFO - Errors occurred while inserting rows: [{'index': 0, 'errors': [{'reason': 'invalid', 'location': 'news_string', 'debugInfo': '', 'message': 'no such field: news_string.'}]}]
[2024-11-11T15:37:27.472+0000] {logging_mixin.py:188} INFO - Errors occurred while inserting rows: [{'index': 0, 'errors': [{'reason': 'invalid', 'location': 'news_string', 'debugInfo': '', 'message': 'no such field: news_string.'}]}]
[2024-11-11T15:37:27.716+0000] {logging_mixin.py:188} INFO - Errors occurred while inserting rows: [{'index': 0, 'errors': [{'reason': 'invalid', 'location': 'news_string', 'debugInfo': '', 'message': 'no such field: news_string.'}]}]
[2024-11-11T15:37:27.967+0000] {logging_mixin.py:188} INFO - Errors occurred while inserting rows: [{'index': 0, 'errors': [{'reason': 'invalid', 'location': 'news_string', 'debugInfo': '', 'message': 'no such field: news_string.'}]}]
[2024-11-11T15:37:28.222+0000] {logging_mixin.py:188} INFO - Errors occurred while inserting rows: [{'index': 0, 'errors': [{'reason': 'invalid', 'location': 'news_string', 'debugInfo': '', 'message': 'no such field: news_string.'}]}]
[2024-11-11T15:37:28.462+0000] {logging_mixin.py:188} INFO - Errors occurred while inserting rows: [{'index': 0, 'errors': [{'reason': 'invalid', 'location': 'news_string', 'debugInfo': '', 'message': 'no such field: news_string.'}]}]
[2024-11-11T15:37:28.676+0000] {logging_mixin.py:188} INFO - Errors occurred while inserting rows: [{'index': 0, 'errors': [{'reason': 'invalid', 'location': 'news_string', 'debugInfo': '', 'message': 'no such field: news_string.'}]}]
[2024-11-11T15:37:28.936+0000] {logging_mixin.py:188} INFO - Errors occurred while inserting rows: [{'index': 0, 'errors': [{'reason': 'invalid', 'location': 'news_string', 'debugInfo': '', 'message': 'no such field: news_string.'}]}]
[2024-11-11T15:37:29.149+0000] {logging_mixin.py:188} INFO - Errors occurred while inserting rows: [{'index': 0, 'errors': [{'reason': 'invalid', 'location': 'news_string', 'debugInfo': '', 'message': 'no such field: news_string.'}]}]
[2024-11-11T15:37:29.410+0000] {logging_mixin.py:188} INFO - Errors occurred while inserting rows: [{'index': 0, 'errors': [{'reason': 'invalid', 'location': 'news_string', 'debugInfo': '', 'message': 'no such field: news_string.'}]}]
[2024-11-11T15:37:29.656+0000] {logging_mixin.py:188} INFO - Errors occurred while inserting rows: [{'index': 0, 'errors': [{'reason': 'invalid', 'location': 'news_string', 'debugInfo': '', 'message': 'no such field: news_string.'}]}]
[2024-11-11T15:37:29.917+0000] {logging_mixin.py:188} INFO - Errors occurred while inserting rows: [{'index': 0, 'errors': [{'reason': 'invalid', 'location': 'news_string', 'debugInfo': '', 'message': 'no such field: news_string.'}]}]
[2024-11-11T15:37:30.174+0000] {logging_mixin.py:188} INFO - Errors occurred while inserting rows: [{'index': 0, 'errors': [{'reason': 'invalid', 'location': 'news_string', 'debugInfo': '', 'message': 'no such field: news_string.'}]}]
[2024-11-11T15:37:30.425+0000] {logging_mixin.py:188} INFO - Errors occurred while inserting rows: [{'index': 0, 'errors': [{'reason': 'invalid', 'location': 'news_string', 'debugInfo': '', 'message': 'no such field: news_string.'}]}]
[2024-11-11T15:37:30.659+0000] {logging_mixin.py:188} INFO - Errors occurred while inserting rows: [{'index': 0, 'errors': [{'reason': 'invalid', 'location': 'news_string', 'debugInfo': '', 'message': 'no such field: news_string.'}]}]
[2024-11-11T15:37:30.910+0000] {logging_mixin.py:188} INFO - Errors occurred while inserting rows: [{'index': 0, 'errors': [{'reason': 'invalid', 'location': 'news_string', 'debugInfo': '', 'message': 'no such field: news_string.'}]}]
[2024-11-11T15:37:31.152+0000] {logging_mixin.py:188} INFO - Errors occurred while inserting rows: [{'index': 0, 'errors': [{'reason': 'invalid', 'location': 'news_string', 'debugInfo': '', 'message': 'no such field: news_string.'}]}]
[2024-11-11T15:37:31.390+0000] {logging_mixin.py:188} INFO - Errors occurred while inserting rows: [{'index': 0, 'errors': [{'reason': 'invalid', 'location': 'news_string', 'debugInfo': '', 'message': 'no such field: news_string.'}]}]
[2024-11-11T15:37:31.630+0000] {logging_mixin.py:188} INFO - Errors occurred while inserting rows: [{'index': 0, 'errors': [{'reason': 'invalid', 'location': 'news_string', 'debugInfo': '', 'message': 'no such field: news_string.'}]}]
[2024-11-11T15:37:31.881+0000] {logging_mixin.py:188} INFO - Errors occurred while inserting rows: [{'index': 0, 'errors': [{'reason': 'invalid', 'location': 'news_string', 'debugInfo': '', 'message': 'no such field: news_string.'}]}]
[2024-11-11T15:37:32.134+0000] {logging_mixin.py:188} INFO - Errors occurred while inserting rows: [{'index': 0, 'errors': [{'reason': 'invalid', 'location': 'news_string', 'debugInfo': '', 'message': 'no such field: news_string.'}]}]
[2024-11-11T15:37:32.385+0000] {logging_mixin.py:188} INFO - Errors occurred while inserting rows: [{'index': 0, 'errors': [{'reason': 'invalid', 'location': 'news_string', 'debugInfo': '', 'message': 'no such field: news_string.'}]}]
[2024-11-11T15:37:32.645+0000] {logging_mixin.py:188} INFO - Errors occurred while inserting rows: [{'index': 0, 'errors': [{'reason': 'invalid', 'location': 'news_string', 'debugInfo': '', 'message': 'no such field: news_string.'}]}]
[2024-11-11T15:37:32.897+0000] {logging_mixin.py:188} INFO - Errors occurred while inserting rows: [{'index': 0, 'errors': [{'reason': 'invalid', 'location': 'news_string', 'debugInfo': '', 'message': 'no such field: news_string.'}]}]
[2024-11-11T15:37:33.157+0000] {logging_mixin.py:188} INFO - Errors occurred while inserting rows: [{'index': 0, 'errors': [{'reason': 'invalid', 'location': 'news_string', 'debugInfo': '', 'message': 'no such field: news_string.'}]}]
[2024-11-11T15:37:33.397+0000] {logging_mixin.py:188} INFO - Errors occurred while inserting rows: [{'index': 0, 'errors': [{'reason': 'invalid', 'location': 'news_string', 'debugInfo': '', 'message': 'no such field: news_string.'}]}]
[2024-11-11T15:37:33.651+0000] {logging_mixin.py:188} INFO - Errors occurred while inserting rows: [{'index': 0, 'errors': [{'reason': 'invalid', 'location': 'news_string', 'debugInfo': '', 'message': 'no such field: news_string.'}]}]
[2024-11-11T15:37:33.896+0000] {logging_mixin.py:188} INFO - Errors occurred while inserting rows: [{'index': 0, 'errors': [{'reason': 'invalid', 'location': 'news_string', 'debugInfo': '', 'message': 'no such field: news_string.'}]}]
[2024-11-11T15:37:34.142+0000] {logging_mixin.py:188} INFO - Errors occurred while inserting rows: [{'index': 0, 'errors': [{'reason': 'invalid', 'location': 'news_string', 'debugInfo': '', 'message': 'no such field: news_string.'}]}]
[2024-11-11T15:37:34.389+0000] {logging_mixin.py:188} INFO - Errors occurred while inserting rows: [{'index': 0, 'errors': [{'reason': 'invalid', 'location': 'news_string', 'debugInfo': '', 'message': 'no such field: news_string.'}]}]
[2024-11-11T15:37:34.693+0000] {logging_mixin.py:188} INFO - Errors occurred while inserting rows: [{'index': 0, 'errors': [{'reason': 'invalid', 'location': 'news_string', 'debugInfo': '', 'message': 'no such field: news_string.'}]}]
[2024-11-11T15:37:34.933+0000] {logging_mixin.py:188} INFO - Errors occurred while inserting rows: [{'index': 0, 'errors': [{'reason': 'invalid', 'location': 'news_string', 'debugInfo': '', 'message': 'no such field: news_string.'}]}]
[2024-11-11T15:37:35.194+0000] {logging_mixin.py:188} INFO - Errors occurred while inserting rows: [{'index': 0, 'errors': [{'reason': 'invalid', 'location': 'news_string', 'debugInfo': '', 'message': 'no such field: news_string.'}]}]
[2024-11-11T15:37:35.433+0000] {logging_mixin.py:188} INFO - Errors occurred while inserting rows: [{'index': 0, 'errors': [{'reason': 'invalid', 'location': 'news_string', 'debugInfo': '', 'message': 'no such field: news_string.'}]}]
[2024-11-11T15:37:35.697+0000] {logging_mixin.py:188} INFO - Errors occurred while inserting rows: [{'index': 0, 'errors': [{'reason': 'invalid', 'location': 'news_string', 'debugInfo': '', 'message': 'no such field: news_string.'}]}]
[2024-11-11T15:37:35.976+0000] {logging_mixin.py:188} INFO - Errors occurred while inserting rows: [{'index': 0, 'errors': [{'reason': 'invalid', 'location': 'news_string', 'debugInfo': '', 'message': 'no such field: news_string.'}]}]
[2024-11-11T15:37:36.220+0000] {logging_mixin.py:188} INFO - Errors occurred while inserting rows: [{'index': 0, 'errors': [{'reason': 'invalid', 'location': 'news_string', 'debugInfo': '', 'message': 'no such field: news_string.'}]}]
[2024-11-11T15:37:36.448+0000] {logging_mixin.py:188} INFO - Errors occurred while inserting rows: [{'index': 0, 'errors': [{'reason': 'invalid', 'location': 'news_string', 'debugInfo': '', 'message': 'no such field: news_string.'}]}]
[2024-11-11T15:37:36.692+0000] {logging_mixin.py:188} INFO - Errors occurred while inserting rows: [{'index': 0, 'errors': [{'reason': 'invalid', 'location': 'news_string', 'debugInfo': '', 'message': 'no such field: news_string.'}]}]
[2024-11-11T15:37:36.931+0000] {logging_mixin.py:188} INFO - Errors occurred while inserting rows: [{'index': 0, 'errors': [{'reason': 'invalid', 'location': 'news_string', 'debugInfo': '', 'message': 'no such field: news_string.'}]}]
[2024-11-11T15:37:37.180+0000] {logging_mixin.py:188} INFO - Errors occurred while inserting rows: [{'index': 0, 'errors': [{'reason': 'invalid', 'location': 'news_string', 'debugInfo': '', 'message': 'no such field: news_string.'}]}]
[2024-11-11T15:37:37.437+0000] {logging_mixin.py:188} INFO - Errors occurred while inserting rows: [{'index': 0, 'errors': [{'reason': 'invalid', 'location': 'news_string', 'debugInfo': '', 'message': 'no such field: news_string.'}]}]
[2024-11-11T15:37:37.696+0000] {logging_mixin.py:188} INFO - Errors occurred while inserting rows: [{'index': 0, 'errors': [{'reason': 'invalid', 'location': 'news_string', 'debugInfo': '', 'message': 'no such field: news_string.'}]}]
[2024-11-11T15:37:37.938+0000] {logging_mixin.py:188} INFO - Errors occurred while inserting rows: [{'index': 0, 'errors': [{'reason': 'invalid', 'location': 'news_string', 'debugInfo': '', 'message': 'no such field: news_string.'}]}]
[2024-11-11T15:37:38.200+0000] {logging_mixin.py:188} INFO - Errors occurred while inserting rows: [{'index': 0, 'errors': [{'reason': 'invalid', 'location': 'news_string', 'debugInfo': '', 'message': 'no such field: news_string.'}]}]
[2024-11-11T15:37:38.448+0000] {logging_mixin.py:188} INFO - Errors occurred while inserting rows: [{'index': 0, 'errors': [{'reason': 'invalid', 'location': 'news_string', 'debugInfo': '', 'message': 'no such field: news_string.'}]}]
[2024-11-11T15:37:38.690+0000] {logging_mixin.py:188} INFO - Errors occurred while inserting rows: [{'index': 0, 'errors': [{'reason': 'invalid', 'location': 'news_string', 'debugInfo': '', 'message': 'no such field: news_string.'}]}]
[2024-11-11T15:37:38.932+0000] {logging_mixin.py:188} INFO - Errors occurred while inserting rows: [{'index': 0, 'errors': [{'reason': 'invalid', 'location': 'news_string', 'debugInfo': '', 'message': 'no such field: news_string.'}]}]
[2024-11-11T15:37:39.185+0000] {logging_mixin.py:188} INFO - Errors occurred while inserting rows: [{'index': 0, 'errors': [{'reason': 'invalid', 'location': 'news_string', 'debugInfo': '', 'message': 'no such field: news_string.'}]}]
[2024-11-11T15:37:39.439+0000] {logging_mixin.py:188} INFO - Errors occurred while inserting rows: [{'index': 0, 'errors': [{'reason': 'invalid', 'location': 'news_string', 'debugInfo': '', 'message': 'no such field: news_string.'}]}]
[2024-11-11T15:37:39.681+0000] {logging_mixin.py:188} INFO - Errors occurred while inserting rows: [{'index': 0, 'errors': [{'reason': 'invalid', 'location': 'news_string', 'debugInfo': '', 'message': 'no such field: news_string.'}]}]
[2024-11-11T15:37:39.938+0000] {logging_mixin.py:188} INFO - Errors occurred while inserting rows: [{'index': 0, 'errors': [{'reason': 'invalid', 'location': 'news_string', 'debugInfo': '', 'message': 'no such field: news_string.'}]}]
[2024-11-11T15:37:40.196+0000] {logging_mixin.py:188} INFO - Errors occurred while inserting rows: [{'index': 0, 'errors': [{'reason': 'invalid', 'location': 'news_string', 'debugInfo': '', 'message': 'no such field: news_string.'}]}]
[2024-11-11T15:37:40.455+0000] {logging_mixin.py:188} INFO - Errors occurred while inserting rows: [{'index': 0, 'errors': [{'reason': 'invalid', 'location': 'news_string', 'debugInfo': '', 'message': 'no such field: news_string.'}]}]
[2024-11-11T15:37:40.698+0000] {logging_mixin.py:188} INFO - Errors occurred while inserting rows: [{'index': 0, 'errors': [{'reason': 'invalid', 'location': 'news_string', 'debugInfo': '', 'message': 'no such field: news_string.'}]}]
[2024-11-11T15:37:40.955+0000] {logging_mixin.py:188} INFO - Errors occurred while inserting rows: [{'index': 0, 'errors': [{'reason': 'invalid', 'location': 'news_string', 'debugInfo': '', 'message': 'no such field: news_string.'}]}]
[2024-11-11T15:37:41.203+0000] {logging_mixin.py:188} INFO - Errors occurred while inserting rows: [{'index': 0, 'errors': [{'reason': 'invalid', 'location': 'news_string', 'debugInfo': '', 'message': 'no such field: news_string.'}]}]
[2024-11-11T15:37:41.496+0000] {logging_mixin.py:188} INFO - Errors occurred while inserting rows: [{'index': 0, 'errors': [{'reason': 'invalid', 'location': 'news_string', 'debugInfo': '', 'message': 'no such field: news_string.'}]}]
[2024-11-11T15:37:41.767+0000] {logging_mixin.py:188} INFO - Errors occurred while inserting rows: [{'index': 0, 'errors': [{'reason': 'invalid', 'location': 'news_string', 'debugInfo': '', 'message': 'no such field: news_string.'}]}]
[2024-11-11T15:37:42.025+0000] {logging_mixin.py:188} INFO - Errors occurred while inserting rows: [{'index': 0, 'errors': [{'reason': 'invalid', 'location': 'news_string', 'debugInfo': '', 'message': 'no such field: news_string.'}]}]
[2024-11-11T15:37:42.280+0000] {logging_mixin.py:188} INFO - Errors occurred while inserting rows: [{'index': 0, 'errors': [{'reason': 'invalid', 'location': 'news_string', 'debugInfo': '', 'message': 'no such field: news_string.'}]}]
[2024-11-11T15:37:42.536+0000] {logging_mixin.py:188} INFO - Errors occurred while inserting rows: [{'index': 0, 'errors': [{'reason': 'invalid', 'location': 'news_string', 'debugInfo': '', 'message': 'no such field: news_string.'}]}]
[2024-11-11T15:37:42.799+0000] {logging_mixin.py:188} INFO - Errors occurred while inserting rows: [{'index': 0, 'errors': [{'reason': 'invalid', 'location': 'news_string', 'debugInfo': '', 'message': 'no such field: news_string.'}]}]
[2024-11-11T15:37:43.034+0000] {logging_mixin.py:188} INFO - Errors occurred while inserting rows: [{'index': 0, 'errors': [{'reason': 'invalid', 'location': 'news_string', 'debugInfo': '', 'message': 'no such field: news_string.'}]}]
[2024-11-11T15:37:43.296+0000] {logging_mixin.py:188} INFO - Errors occurred while inserting rows: [{'index': 0, 'errors': [{'reason': 'invalid', 'location': 'news_string', 'debugInfo': '', 'message': 'no such field: news_string.'}]}]
[2024-11-11T15:37:43.552+0000] {logging_mixin.py:188} INFO - Errors occurred while inserting rows: [{'index': 0, 'errors': [{'reason': 'invalid', 'location': 'news_string', 'debugInfo': '', 'message': 'no such field: news_string.'}]}]
[2024-11-11T15:37:43.819+0000] {logging_mixin.py:188} INFO - Errors occurred while inserting rows: [{'index': 0, 'errors': [{'reason': 'invalid', 'location': 'news_string', 'debugInfo': '', 'message': 'no such field: news_string.'}]}]
[2024-11-11T15:37:44.070+0000] {logging_mixin.py:188} INFO - Errors occurred while inserting rows: [{'index': 0, 'errors': [{'reason': 'invalid', 'location': 'news_string', 'debugInfo': '', 'message': 'no such field: news_string.'}]}]
[2024-11-11T15:37:44.313+0000] {logging_mixin.py:188} INFO - Errors occurred while inserting rows: [{'index': 0, 'errors': [{'reason': 'invalid', 'location': 'news_string', 'debugInfo': '', 'message': 'no such field: news_string.'}]}]
[2024-11-11T15:37:44.563+0000] {logging_mixin.py:188} INFO - Errors occurred while inserting rows: [{'index': 0, 'errors': [{'reason': 'invalid', 'location': 'news_string', 'debugInfo': '', 'message': 'no such field: news_string.'}]}]
[2024-11-11T15:37:44.817+0000] {logging_mixin.py:188} INFO - Errors occurred while inserting rows: [{'index': 0, 'errors': [{'reason': 'invalid', 'location': 'news_string', 'debugInfo': '', 'message': 'no such field: news_string.'}]}]
[2024-11-11T15:37:45.078+0000] {logging_mixin.py:188} INFO - Errors occurred while inserting rows: [{'index': 0, 'errors': [{'reason': 'invalid', 'location': 'news_string', 'debugInfo': '', 'message': 'no such field: news_string.'}]}]
[2024-11-11T15:37:45.328+0000] {logging_mixin.py:188} INFO - Errors occurred while inserting rows: [{'index': 0, 'errors': [{'reason': 'invalid', 'location': 'news_string', 'debugInfo': '', 'message': 'no such field: news_string.'}]}]
[2024-11-11T15:37:45.595+0000] {logging_mixin.py:188} INFO - Errors occurred while inserting rows: [{'index': 0, 'errors': [{'reason': 'invalid', 'location': 'news_string', 'debugInfo': '', 'message': 'no such field: news_string.'}]}]
[2024-11-11T15:37:45.832+0000] {logging_mixin.py:188} INFO - Errors occurred while inserting rows: [{'index': 0, 'errors': [{'reason': 'invalid', 'location': 'news_string', 'debugInfo': '', 'message': 'no such field: news_string.'}]}]
[2024-11-11T15:37:46.067+0000] {logging_mixin.py:188} INFO - Errors occurred while inserting rows: [{'index': 0, 'errors': [{'reason': 'invalid', 'location': 'news_string', 'debugInfo': '', 'message': 'no such field: news_string.'}]}]
[2024-11-11T15:37:46.300+0000] {logging_mixin.py:188} INFO - Errors occurred while inserting rows: [{'index': 0, 'errors': [{'reason': 'invalid', 'location': 'news_string', 'debugInfo': '', 'message': 'no such field: news_string.'}]}]
[2024-11-11T15:37:46.541+0000] {logging_mixin.py:188} INFO - Errors occurred while inserting rows: [{'index': 0, 'errors': [{'reason': 'invalid', 'location': 'news_string', 'debugInfo': '', 'message': 'no such field: news_string.'}]}]
[2024-11-11T15:37:46.803+0000] {logging_mixin.py:188} INFO - Errors occurred while inserting rows: [{'index': 0, 'errors': [{'reason': 'invalid', 'location': 'news_string', 'debugInfo': '', 'message': 'no such field: news_string.'}]}]
[2024-11-11T15:37:47.050+0000] {logging_mixin.py:188} INFO - Errors occurred while inserting rows: [{'index': 0, 'errors': [{'reason': 'invalid', 'location': 'news_string', 'debugInfo': '', 'message': 'no such field: news_string.'}]}]
[2024-11-11T15:37:47.273+0000] {logging_mixin.py:188} INFO - Errors occurred while inserting rows: [{'index': 0, 'errors': [{'reason': 'invalid', 'location': 'news_string', 'debugInfo': '', 'message': 'no such field: news_string.'}]}]
[2024-11-11T15:37:47.526+0000] {logging_mixin.py:188} INFO - Errors occurred while inserting rows: [{'index': 0, 'errors': [{'reason': 'invalid', 'location': 'news_string', 'debugInfo': '', 'message': 'no such field: news_string.'}]}]
[2024-11-11T15:37:47.815+0000] {logging_mixin.py:188} INFO - Errors occurred while inserting rows: [{'index': 0, 'errors': [{'reason': 'invalid', 'location': 'news_string', 'debugInfo': '', 'message': 'no such field: news_string.'}]}]
[2024-11-11T15:37:48.068+0000] {logging_mixin.py:188} INFO - Errors occurred while inserting rows: [{'index': 0, 'errors': [{'reason': 'invalid', 'location': 'news_string', 'debugInfo': '', 'message': 'no such field: news_string.'}]}]
[2024-11-11T15:37:48.323+0000] {logging_mixin.py:188} INFO - Errors occurred while inserting rows: [{'index': 0, 'errors': [{'reason': 'invalid', 'location': 'news_string', 'debugInfo': '', 'message': 'no such field: news_string.'}]}]
[2024-11-11T15:37:48.569+0000] {logging_mixin.py:188} INFO - Errors occurred while inserting rows: [{'index': 0, 'errors': [{'reason': 'invalid', 'location': 'news_string', 'debugInfo': '', 'message': 'no such field: news_string.'}]}]
[2024-11-11T15:37:48.826+0000] {logging_mixin.py:188} INFO - Errors occurred while inserting rows: [{'index': 0, 'errors': [{'reason': 'invalid', 'location': 'news_string', 'debugInfo': '', 'message': 'no such field: news_string.'}]}]
[2024-11-11T15:37:49.046+0000] {logging_mixin.py:188} INFO - Errors occurred while inserting rows: [{'index': 0, 'errors': [{'reason': 'invalid', 'location': 'news_string', 'debugInfo': '', 'message': 'no such field: news_string.'}]}]
[2024-11-11T15:37:49.277+0000] {logging_mixin.py:188} INFO - Errors occurred while inserting rows: [{'index': 0, 'errors': [{'reason': 'invalid', 'location': 'news_string', 'debugInfo': '', 'message': 'no such field: news_string.'}]}]
[2024-11-11T15:37:49.510+0000] {logging_mixin.py:188} INFO - Errors occurred while inserting rows: [{'index': 0, 'errors': [{'reason': 'invalid', 'location': 'news_string', 'debugInfo': '', 'message': 'no such field: news_string.'}]}]
[2024-11-11T15:37:49.768+0000] {logging_mixin.py:188} INFO - Errors occurred while inserting rows: [{'index': 0, 'errors': [{'reason': 'invalid', 'location': 'news_string', 'debugInfo': '', 'message': 'no such field: news_string.'}]}]
[2024-11-11T15:37:50.020+0000] {logging_mixin.py:188} INFO - Errors occurred while inserting rows: [{'index': 0, 'errors': [{'reason': 'invalid', 'location': 'news_string', 'debugInfo': '', 'message': 'no such field: news_string.'}]}]
[2024-11-11T15:37:50.268+0000] {logging_mixin.py:188} INFO - Errors occurred while inserting rows: [{'index': 0, 'errors': [{'reason': 'invalid', 'location': 'news_string', 'debugInfo': '', 'message': 'no such field: news_string.'}]}]
[2024-11-11T15:37:50.523+0000] {logging_mixin.py:188} INFO - Errors occurred while inserting rows: [{'index': 0, 'errors': [{'reason': 'invalid', 'location': 'news_string', 'debugInfo': '', 'message': 'no such field: news_string.'}]}]
[2024-11-11T15:37:50.757+0000] {logging_mixin.py:188} INFO - Errors occurred while inserting rows: [{'index': 0, 'errors': [{'reason': 'invalid', 'location': 'news_string', 'debugInfo': '', 'message': 'no such field: news_string.'}]}]
[2024-11-11T15:37:51.013+0000] {logging_mixin.py:188} INFO - Errors occurred while inserting rows: [{'index': 0, 'errors': [{'reason': 'invalid', 'location': 'news_string', 'debugInfo': '', 'message': 'no such field: news_string.'}]}]
[2024-11-11T15:37:51.235+0000] {logging_mixin.py:188} INFO - Errors occurred while inserting rows: [{'index': 0, 'errors': [{'reason': 'invalid', 'location': 'news_string', 'debugInfo': '', 'message': 'no such field: news_string.'}]}]
[2024-11-11T15:37:51.493+0000] {logging_mixin.py:188} INFO - Errors occurred while inserting rows: [{'index': 0, 'errors': [{'reason': 'invalid', 'location': 'news_string', 'debugInfo': '', 'message': 'no such field: news_string.'}]}]
[2024-11-11T15:37:51.739+0000] {logging_mixin.py:188} INFO - Errors occurred while inserting rows: [{'index': 0, 'errors': [{'reason': 'invalid', 'location': 'news_string', 'debugInfo': '', 'message': 'no such field: news_string.'}]}]
[2024-11-11T15:37:52.003+0000] {logging_mixin.py:188} INFO - Errors occurred while inserting rows: [{'index': 0, 'errors': [{'reason': 'invalid', 'location': 'news_string', 'debugInfo': '', 'message': 'no such field: news_string.'}]}]
[2024-11-11T15:37:52.262+0000] {logging_mixin.py:188} INFO - Errors occurred while inserting rows: [{'index': 0, 'errors': [{'reason': 'invalid', 'location': 'news_string', 'debugInfo': '', 'message': 'no such field: news_string.'}]}]
[2024-11-11T15:37:52.490+0000] {logging_mixin.py:188} INFO - Errors occurred while inserting rows: [{'index': 0, 'errors': [{'reason': 'invalid', 'location': 'news_string', 'debugInfo': '', 'message': 'no such field: news_string.'}]}]
[2024-11-11T15:37:52.725+0000] {logging_mixin.py:188} INFO - Errors occurred while inserting rows: [{'index': 0, 'errors': [{'reason': 'invalid', 'location': 'news_string', 'debugInfo': '', 'message': 'no such field: news_string.'}]}]
[2024-11-11T15:37:52.940+0000] {logging_mixin.py:188} INFO - Errors occurred while inserting rows: [{'index': 0, 'errors': [{'reason': 'invalid', 'location': 'news_string', 'debugInfo': '', 'message': 'no such field: news_string.'}]}]
[2024-11-11T15:37:53.164+0000] {logging_mixin.py:188} INFO - Errors occurred while inserting rows: [{'index': 0, 'errors': [{'reason': 'invalid', 'location': 'news_string', 'debugInfo': '', 'message': 'no such field: news_string.'}]}]
[2024-11-11T15:37:53.416+0000] {logging_mixin.py:188} INFO - Errors occurred while inserting rows: [{'index': 0, 'errors': [{'reason': 'invalid', 'location': 'news_string', 'debugInfo': '', 'message': 'no such field: news_string.'}]}]
[2024-11-11T15:37:53.651+0000] {logging_mixin.py:188} INFO - Errors occurred while inserting rows: [{'index': 0, 'errors': [{'reason': 'invalid', 'location': 'news_string', 'debugInfo': '', 'message': 'no such field: news_string.'}]}]
[2024-11-11T15:37:53.898+0000] {logging_mixin.py:188} INFO - Errors occurred while inserting rows: [{'index': 0, 'errors': [{'reason': 'invalid', 'location': 'news_string', 'debugInfo': '', 'message': 'no such field: news_string.'}]}]
[2024-11-11T15:37:54.135+0000] {logging_mixin.py:188} INFO - Errors occurred while inserting rows: [{'index': 0, 'errors': [{'reason': 'invalid', 'location': 'news_string', 'debugInfo': '', 'message': 'no such field: news_string.'}]}]
[2024-11-11T15:37:54.381+0000] {logging_mixin.py:188} INFO - Errors occurred while inserting rows: [{'index': 0, 'errors': [{'reason': 'invalid', 'location': 'news_string', 'debugInfo': '', 'message': 'no such field: news_string.'}]}]
[2024-11-11T15:37:54.599+0000] {logging_mixin.py:188} INFO - Errors occurred while inserting rows: [{'index': 0, 'errors': [{'reason': 'invalid', 'location': 'news_string', 'debugInfo': '', 'message': 'no such field: news_string.'}]}]
[2024-11-11T15:37:54.835+0000] {logging_mixin.py:188} INFO - Errors occurred while inserting rows: [{'index': 0, 'errors': [{'reason': 'invalid', 'location': 'news_string', 'debugInfo': '', 'message': 'no such field: news_string.'}]}]
[2024-11-11T15:37:55.087+0000] {logging_mixin.py:188} INFO - Errors occurred while inserting rows: [{'index': 0, 'errors': [{'reason': 'invalid', 'location': 'news_string', 'debugInfo': '', 'message': 'no such field: news_string.'}]}]
[2024-11-11T15:37:55.368+0000] {logging_mixin.py:188} INFO - Errors occurred while inserting rows: [{'index': 0, 'errors': [{'reason': 'invalid', 'location': 'news_string', 'debugInfo': '', 'message': 'no such field: news_string.'}]}]
[2024-11-11T15:37:55.610+0000] {logging_mixin.py:188} INFO - Errors occurred while inserting rows: [{'index': 0, 'errors': [{'reason': 'invalid', 'location': 'news_string', 'debugInfo': '', 'message': 'no such field: news_string.'}]}]
[2024-11-11T15:37:55.876+0000] {logging_mixin.py:188} INFO - Errors occurred while inserting rows: [{'index': 0, 'errors': [{'reason': 'invalid', 'location': 'news_string', 'debugInfo': '', 'message': 'no such field: news_string.'}]}]
[2024-11-11T15:37:56.108+0000] {logging_mixin.py:188} INFO - Errors occurred while inserting rows: [{'index': 0, 'errors': [{'reason': 'invalid', 'location': 'news_string', 'debugInfo': '', 'message': 'no such field: news_string.'}]}]
[2024-11-11T15:37:56.351+0000] {logging_mixin.py:188} INFO - Errors occurred while inserting rows: [{'index': 0, 'errors': [{'reason': 'invalid', 'location': 'news_string', 'debugInfo': '', 'message': 'no such field: news_string.'}]}]
[2024-11-11T15:37:56.595+0000] {logging_mixin.py:188} INFO - Errors occurred while inserting rows: [{'index': 0, 'errors': [{'reason': 'invalid', 'location': 'news_string', 'debugInfo': '', 'message': 'no such field: news_string.'}]}]
[2024-11-11T15:37:56.855+0000] {logging_mixin.py:188} INFO - Errors occurred while inserting rows: [{'index': 0, 'errors': [{'reason': 'invalid', 'location': 'news_string', 'debugInfo': '', 'message': 'no such field: news_string.'}]}]
[2024-11-11T15:37:57.111+0000] {logging_mixin.py:188} INFO - Errors occurred while inserting rows: [{'index': 0, 'errors': [{'reason': 'invalid', 'location': 'news_string', 'debugInfo': '', 'message': 'no such field: news_string.'}]}]
[2024-11-11T15:37:57.368+0000] {logging_mixin.py:188} INFO - Errors occurred while inserting rows: [{'index': 0, 'errors': [{'reason': 'invalid', 'location': 'news_string', 'debugInfo': '', 'message': 'no such field: news_string.'}]}]
[2024-11-11T15:37:57.619+0000] {logging_mixin.py:188} INFO - Errors occurred while inserting rows: [{'index': 0, 'errors': [{'reason': 'invalid', 'location': 'news_string', 'debugInfo': '', 'message': 'no such field: news_string.'}]}]
[2024-11-11T15:37:57.872+0000] {logging_mixin.py:188} INFO - Errors occurred while inserting rows: [{'index': 0, 'errors': [{'reason': 'invalid', 'location': 'news_string', 'debugInfo': '', 'message': 'no such field: news_string.'}]}]
[2024-11-11T15:37:58.121+0000] {logging_mixin.py:188} INFO - Errors occurred while inserting rows: [{'index': 0, 'errors': [{'reason': 'invalid', 'location': 'news_string', 'debugInfo': '', 'message': 'no such field: news_string.'}]}]
[2024-11-11T15:37:58.381+0000] {logging_mixin.py:188} INFO - Errors occurred while inserting rows: [{'index': 0, 'errors': [{'reason': 'invalid', 'location': 'news_string', 'debugInfo': '', 'message': 'no such field: news_string.'}]}]
[2024-11-11T15:37:58.629+0000] {logging_mixin.py:188} INFO - Errors occurred while inserting rows: [{'index': 0, 'errors': [{'reason': 'invalid', 'location': 'news_string', 'debugInfo': '', 'message': 'no such field: news_string.'}]}]
[2024-11-11T15:37:58.870+0000] {logging_mixin.py:188} INFO - Errors occurred while inserting rows: [{'index': 0, 'errors': [{'reason': 'invalid', 'location': 'news_string', 'debugInfo': '', 'message': 'no such field: news_string.'}]}]
[2024-11-11T15:37:59.127+0000] {logging_mixin.py:188} INFO - Errors occurred while inserting rows: [{'index': 0, 'errors': [{'reason': 'invalid', 'location': 'news_string', 'debugInfo': '', 'message': 'no such field: news_string.'}]}]
[2024-11-11T15:37:59.377+0000] {logging_mixin.py:188} INFO - Errors occurred while inserting rows: [{'index': 0, 'errors': [{'reason': 'invalid', 'location': 'news_string', 'debugInfo': '', 'message': 'no such field: news_string.'}]}]
[2024-11-11T15:37:59.627+0000] {logging_mixin.py:188} INFO - Errors occurred while inserting rows: [{'index': 0, 'errors': [{'reason': 'invalid', 'location': 'news_string', 'debugInfo': '', 'message': 'no such field: news_string.'}]}]
[2024-11-11T15:37:59.881+0000] {logging_mixin.py:188} INFO - Errors occurred while inserting rows: [{'index': 0, 'errors': [{'reason': 'invalid', 'location': 'news_string', 'debugInfo': '', 'message': 'no such field: news_string.'}]}]
[2024-11-11T15:38:00.140+0000] {logging_mixin.py:188} INFO - Errors occurred while inserting rows: [{'index': 0, 'errors': [{'reason': 'invalid', 'location': 'news_string', 'debugInfo': '', 'message': 'no such field: news_string.'}]}]
[2024-11-11T15:38:00.374+0000] {logging_mixin.py:188} INFO - Errors occurred while inserting rows: [{'index': 0, 'errors': [{'reason': 'invalid', 'location': 'news_string', 'debugInfo': '', 'message': 'no such field: news_string.'}]}]
[2024-11-11T15:38:00.659+0000] {logging_mixin.py:188} INFO - Errors occurred while inserting rows: [{'index': 0, 'errors': [{'reason': 'invalid', 'location': 'news_string', 'debugInfo': '', 'message': 'no such field: news_string.'}]}]
[2024-11-11T15:38:00.916+0000] {logging_mixin.py:188} INFO - Errors occurred while inserting rows: [{'index': 0, 'errors': [{'reason': 'invalid', 'location': 'news_string', 'debugInfo': '', 'message': 'no such field: news_string.'}]}]
[2024-11-11T15:38:01.158+0000] {logging_mixin.py:188} INFO - Errors occurred while inserting rows: [{'index': 0, 'errors': [{'reason': 'invalid', 'location': 'news_string', 'debugInfo': '', 'message': 'no such field: news_string.'}]}]
[2024-11-11T15:38:01.404+0000] {logging_mixin.py:188} INFO - Errors occurred while inserting rows: [{'index': 0, 'errors': [{'reason': 'invalid', 'location': 'news_string', 'debugInfo': '', 'message': 'no such field: news_string.'}]}]
[2024-11-11T15:38:01.673+0000] {logging_mixin.py:188} INFO - Errors occurred while inserting rows: [{'index': 0, 'errors': [{'reason': 'invalid', 'location': 'news_string', 'debugInfo': '', 'message': 'no such field: news_string.'}]}]
[2024-11-11T15:38:01.909+0000] {logging_mixin.py:188} INFO - Errors occurred while inserting rows: [{'index': 0, 'errors': [{'reason': 'invalid', 'location': 'news_string', 'debugInfo': '', 'message': 'no such field: news_string.'}]}]
[2024-11-11T15:38:02.139+0000] {logging_mixin.py:188} INFO - Errors occurred while inserting rows: [{'index': 0, 'errors': [{'reason': 'invalid', 'location': 'news_string', 'debugInfo': '', 'message': 'no such field: news_string.'}]}]
[2024-11-11T15:38:02.403+0000] {logging_mixin.py:188} INFO - Errors occurred while inserting rows: [{'index': 0, 'errors': [{'reason': 'invalid', 'location': 'news_string', 'debugInfo': '', 'message': 'no such field: news_string.'}]}]
[2024-11-11T15:38:02.649+0000] {logging_mixin.py:188} INFO - Errors occurred while inserting rows: [{'index': 0, 'errors': [{'reason': 'invalid', 'location': 'news_string', 'debugInfo': '', 'message': 'no such field: news_string.'}]}]
[2024-11-11T15:38:02.887+0000] {logging_mixin.py:188} INFO - Errors occurred while inserting rows: [{'index': 0, 'errors': [{'reason': 'invalid', 'location': 'news_string', 'debugInfo': '', 'message': 'no such field: news_string.'}]}]
[2024-11-11T15:38:03.130+0000] {logging_mixin.py:188} INFO - Errors occurred while inserting rows: [{'index': 0, 'errors': [{'reason': 'invalid', 'location': 'news_string', 'debugInfo': '', 'message': 'no such field: news_string.'}]}]
[2024-11-11T15:38:03.388+0000] {logging_mixin.py:188} INFO - Errors occurred while inserting rows: [{'index': 0, 'errors': [{'reason': 'invalid', 'location': 'news_string', 'debugInfo': '', 'message': 'no such field: news_string.'}]}]
[2024-11-11T15:38:03.636+0000] {logging_mixin.py:188} INFO - Errors occurred while inserting rows: [{'index': 0, 'errors': [{'reason': 'invalid', 'location': 'news_string', 'debugInfo': '', 'message': 'no such field: news_string.'}]}]
[2024-11-11T15:38:03.883+0000] {logging_mixin.py:188} INFO - Errors occurred while inserting rows: [{'index': 0, 'errors': [{'reason': 'invalid', 'location': 'news_string', 'debugInfo': '', 'message': 'no such field: news_string.'}]}]
[2024-11-11T15:38:04.114+0000] {logging_mixin.py:188} INFO - Errors occurred while inserting rows: [{'index': 0, 'errors': [{'reason': 'invalid', 'location': 'news_string', 'debugInfo': '', 'message': 'no such field: news_string.'}]}]
[2024-11-11T15:38:04.370+0000] {logging_mixin.py:188} INFO - Errors occurred while inserting rows: [{'index': 0, 'errors': [{'reason': 'invalid', 'location': 'news_string', 'debugInfo': '', 'message': 'no such field: news_string.'}]}]
[2024-11-11T15:38:04.618+0000] {logging_mixin.py:188} INFO - Errors occurred while inserting rows: [{'index': 0, 'errors': [{'reason': 'invalid', 'location': 'news_string', 'debugInfo': '', 'message': 'no such field: news_string.'}]}]
[2024-11-11T15:38:04.858+0000] {logging_mixin.py:188} INFO - Errors occurred while inserting rows: [{'index': 0, 'errors': [{'reason': 'invalid', 'location': 'news_string', 'debugInfo': '', 'message': 'no such field: news_string.'}]}]
[2024-11-11T15:38:05.099+0000] {logging_mixin.py:188} INFO - Errors occurred while inserting rows: [{'index': 0, 'errors': [{'reason': 'invalid', 'location': 'news_string', 'debugInfo': '', 'message': 'no such field: news_string.'}]}]
[2024-11-11T15:38:05.352+0000] {logging_mixin.py:188} INFO - Errors occurred while inserting rows: [{'index': 0, 'errors': [{'reason': 'invalid', 'location': 'news_string', 'debugInfo': '', 'message': 'no such field: news_string.'}]}]
[2024-11-11T15:38:05.601+0000] {logging_mixin.py:188} INFO - Errors occurred while inserting rows: [{'index': 0, 'errors': [{'reason': 'invalid', 'location': 'news_string', 'debugInfo': '', 'message': 'no such field: news_string.'}]}]
[2024-11-11T15:38:05.839+0000] {logging_mixin.py:188} INFO - Errors occurred while inserting rows: [{'index': 0, 'errors': [{'reason': 'invalid', 'location': 'news_string', 'debugInfo': '', 'message': 'no such field: news_string.'}]}]
[2024-11-11T15:38:06.092+0000] {logging_mixin.py:188} INFO - Errors occurred while inserting rows: [{'index': 0, 'errors': [{'reason': 'invalid', 'location': 'news_string', 'debugInfo': '', 'message': 'no such field: news_string.'}]}]
[2024-11-11T15:38:06.350+0000] {logging_mixin.py:188} INFO - Errors occurred while inserting rows: [{'index': 0, 'errors': [{'reason': 'invalid', 'location': 'news_string', 'debugInfo': '', 'message': 'no such field: news_string.'}]}]
[2024-11-11T15:38:06.603+0000] {logging_mixin.py:188} INFO - Errors occurred while inserting rows: [{'index': 0, 'errors': [{'reason': 'invalid', 'location': 'news_string', 'debugInfo': '', 'message': 'no such field: news_string.'}]}]
[2024-11-11T15:38:06.852+0000] {logging_mixin.py:188} INFO - Errors occurred while inserting rows: [{'index': 0, 'errors': [{'reason': 'invalid', 'location': 'news_string', 'debugInfo': '', 'message': 'no such field: news_string.'}]}]
[2024-11-11T15:38:07.100+0000] {logging_mixin.py:188} INFO - Errors occurred while inserting rows: [{'index': 0, 'errors': [{'reason': 'invalid', 'location': 'news_string', 'debugInfo': '', 'message': 'no such field: news_string.'}]}]
[2024-11-11T15:38:07.345+0000] {logging_mixin.py:188} INFO - Errors occurred while inserting rows: [{'index': 0, 'errors': [{'reason': 'invalid', 'location': 'news_string', 'debugInfo': '', 'message': 'no such field: news_string.'}]}]
[2024-11-11T15:38:07.585+0000] {logging_mixin.py:188} INFO - Errors occurred while inserting rows: [{'index': 0, 'errors': [{'reason': 'invalid', 'location': 'news_string', 'debugInfo': '', 'message': 'no such field: news_string.'}]}]
[2024-11-11T15:38:07.840+0000] {logging_mixin.py:188} INFO - Errors occurred while inserting rows: [{'index': 0, 'errors': [{'reason': 'invalid', 'location': 'news_string', 'debugInfo': '', 'message': 'no such field: news_string.'}]}]
[2024-11-11T15:38:08.109+0000] {logging_mixin.py:188} INFO - Errors occurred while inserting rows: [{'index': 0, 'errors': [{'reason': 'invalid', 'location': 'news_string', 'debugInfo': '', 'message': 'no such field: news_string.'}]}]
[2024-11-11T15:38:08.347+0000] {logging_mixin.py:188} INFO - Errors occurred while inserting rows: [{'index': 0, 'errors': [{'reason': 'invalid', 'location': 'news_string', 'debugInfo': '', 'message': 'no such field: news_string.'}]}]
[2024-11-11T15:38:08.580+0000] {logging_mixin.py:188} INFO - Errors occurred while inserting rows: [{'index': 0, 'errors': [{'reason': 'invalid', 'location': 'news_string', 'debugInfo': '', 'message': 'no such field: news_string.'}]}]
[2024-11-11T15:38:08.831+0000] {logging_mixin.py:188} INFO - Errors occurred while inserting rows: [{'index': 0, 'errors': [{'reason': 'invalid', 'location': 'news_string', 'debugInfo': '', 'message': 'no such field: news_string.'}]}]
[2024-11-11T15:38:09.076+0000] {logging_mixin.py:188} INFO - Errors occurred while inserting rows: [{'index': 0, 'errors': [{'reason': 'invalid', 'location': 'news_string', 'debugInfo': '', 'message': 'no such field: news_string.'}]}]
[2024-11-11T15:38:09.319+0000] {logging_mixin.py:188} INFO - Errors occurred while inserting rows: [{'index': 0, 'errors': [{'reason': 'invalid', 'location': 'news_string', 'debugInfo': '', 'message': 'no such field: news_string.'}]}]
[2024-11-11T15:38:09.572+0000] {logging_mixin.py:188} INFO - Errors occurred while inserting rows: [{'index': 0, 'errors': [{'reason': 'invalid', 'location': 'news_string', 'debugInfo': '', 'message': 'no such field: news_string.'}]}]
[2024-11-11T15:38:09.817+0000] {logging_mixin.py:188} INFO - Errors occurred while inserting rows: [{'index': 0, 'errors': [{'reason': 'invalid', 'location': 'news_string', 'debugInfo': '', 'message': 'no such field: news_string.'}]}]
[2024-11-11T15:38:10.069+0000] {logging_mixin.py:188} INFO - Errors occurred while inserting rows: [{'index': 0, 'errors': [{'reason': 'invalid', 'location': 'news_string', 'debugInfo': '', 'message': 'no such field: news_string.'}]}]
[2024-11-11T15:38:10.293+0000] {logging_mixin.py:188} INFO - Errors occurred while inserting rows: [{'index': 0, 'errors': [{'reason': 'invalid', 'location': 'news_string', 'debugInfo': '', 'message': 'no such field: news_string.'}]}]
[2024-11-11T15:38:10.553+0000] {logging_mixin.py:188} INFO - Errors occurred while inserting rows: [{'index': 0, 'errors': [{'reason': 'invalid', 'location': 'news_string', 'debugInfo': '', 'message': 'no such field: news_string.'}]}]
[2024-11-11T15:38:10.792+0000] {logging_mixin.py:188} INFO - Errors occurred while inserting rows: [{'index': 0, 'errors': [{'reason': 'invalid', 'location': 'news_string', 'debugInfo': '', 'message': 'no such field: news_string.'}]}]
[2024-11-11T15:38:11.073+0000] {logging_mixin.py:188} INFO - Errors occurred while inserting rows: [{'index': 0, 'errors': [{'reason': 'invalid', 'location': 'news_string', 'debugInfo': '', 'message': 'no such field: news_string.'}]}]
[2024-11-11T15:38:11.320+0000] {logging_mixin.py:188} INFO - Errors occurred while inserting rows: [{'index': 0, 'errors': [{'reason': 'invalid', 'location': 'news_string', 'debugInfo': '', 'message': 'no such field: news_string.'}]}]
[2024-11-11T15:38:11.570+0000] {logging_mixin.py:188} INFO - Errors occurred while inserting rows: [{'index': 0, 'errors': [{'reason': 'invalid', 'location': 'news_string', 'debugInfo': '', 'message': 'no such field: news_string.'}]}]
[2024-11-11T15:38:11.828+0000] {logging_mixin.py:188} INFO - Errors occurred while inserting rows: [{'index': 0, 'errors': [{'reason': 'invalid', 'location': 'news_string', 'debugInfo': '', 'message': 'no such field: news_string.'}]}]
[2024-11-11T15:38:11.847+0000] {python.py:237} INFO - Done. Returned value was: None
[2024-11-11T15:38:11.848+0000] {taskinstance.py:441} INFO - ::group::Post task execution logs
[2024-11-11T15:38:11.865+0000] {taskinstance.py:1206} INFO - Marking task as SUCCESS. dag_id=molecule_load_dag, task_id=load_op, run_id=manual__2024-11-11T15:36:37.499270+00:00, execution_date=20241111T153637, start_date=20241111T153652, end_date=20241111T153811
[2024-11-11T15:38:11.917+0000] {local_task_job_runner.py:243} INFO - Task exited with return code 0
[2024-11-11T15:38:11.933+0000] {taskinstance.py:3503} INFO - 0 downstream tasks scheduled from follow-on schedule check
[2024-11-11T15:38:11.935+0000] {local_task_job_runner.py:222} INFO - ::endgroup::
