[2024-11-02T08:15:22.054+0000] {local_task_job_runner.py:120} INFO - ::group::Pre task execution logs
[2024-11-02T08:15:22.095+0000] {taskinstance.py:2076} INFO - Dependencies all met for dep_context=non-requeueable deps ti=<TaskInstance: molecule_load_dag.extract_and_load_op manual__2024-11-02T08:15:21.799469+00:00 [queued]>
[2024-11-02T08:15:22.101+0000] {taskinstance.py:2076} INFO - Dependencies all met for dep_context=requeueable deps ti=<TaskInstance: molecule_load_dag.extract_and_load_op manual__2024-11-02T08:15:21.799469+00:00 [queued]>
[2024-11-02T08:15:22.101+0000] {taskinstance.py:2306} INFO - Starting attempt 1 of 1
[2024-11-02T08:15:22.111+0000] {taskinstance.py:2330} INFO - Executing <Task(PythonOperator): extract_and_load_op> on 2024-11-02 08:15:21.799469+00:00
[2024-11-02T08:15:22.121+0000] {logging_mixin.py:188} WARNING - /home/***/.local/lib/python3.12/site-packages/***/task/task_runner/standard_task_runner.py:62 DeprecationWarning: This process (pid=342) is multi-threaded, use of fork() may lead to deadlocks in the child.
[2024-11-02T08:15:22.119+0000] {standard_task_runner.py:90} INFO - Running: ['***', 'tasks', 'run', 'molecule_load_dag', 'extract_and_load_op', 'manual__2024-11-02T08:15:21.799469+00:00', '--job-id', '3', '--raw', '--subdir', 'DAGS_FOLDER/etl_dag.py', '--cfg-path', '/tmp/tmplp1zhwwy']
[2024-11-02T08:15:22.122+0000] {standard_task_runner.py:64} INFO - Started process 343 to run task
[2024-11-02T08:15:22.122+0000] {standard_task_runner.py:91} INFO - Job 3: Subtask extract_and_load_op
[2024-11-02T08:15:22.158+0000] {task_command.py:426} INFO - Running <TaskInstance: molecule_load_dag.extract_and_load_op manual__2024-11-02T08:15:21.799469+00:00 [running]> on host 11ad264474a7
[2024-11-02T08:15:22.211+0000] {taskinstance.py:2648} INFO - Exporting env vars: AIRFLOW_CTX_DAG_OWNER='***' AIRFLOW_CTX_DAG_ID='molecule_load_dag' AIRFLOW_CTX_TASK_ID='extract_and_load_op' AIRFLOW_CTX_EXECUTION_DATE='2024-11-02T08:15:21.799469+00:00' AIRFLOW_CTX_TRY_NUMBER='1' AIRFLOW_CTX_DAG_RUN_ID='manual__2024-11-02T08:15:21.799469+00:00'
[2024-11-02T08:15:22.212+0000] {taskinstance.py:430} INFO - ::endgroup::
[2024-11-02T08:15:22.236+0000] {taskinstance.py:441} INFO - ::group::Post task execution logs
[2024-11-02T08:15:22.243+0000] {taskinstance.py:2905} ERROR - Task failed with exception
Traceback (most recent call last):
  File "/home/airflow/.local/lib/python3.12/site-packages/airflow/models/taskinstance.py", line 465, in _execute_task
    result = _execute_callable(context=context, **execute_callable_kwargs)
             ^^^^^^^^^^^^^^^^^^^^^^^^^^^^^^^^^^^^^^^^^^^^^^^^^^^^^^^^^^^^^
  File "/home/airflow/.local/lib/python3.12/site-packages/airflow/models/taskinstance.py", line 432, in _execute_callable
    return execute_callable(context=context, **execute_callable_kwargs)
           ^^^^^^^^^^^^^^^^^^^^^^^^^^^^^^^^^^^^^^^^^^^^^^^^^^^^^^^^^^^^
  File "/home/airflow/.local/lib/python3.12/site-packages/airflow/models/baseoperator.py", line 401, in wrapper
    return func(self, *args, **kwargs)
           ^^^^^^^^^^^^^^^^^^^^^^^^^^^
  File "/home/airflow/.local/lib/python3.12/site-packages/airflow/operators/python.py", line 235, in execute
    return_value = self.execute_callable()
                   ^^^^^^^^^^^^^^^^^^^^^^^
  File "/home/airflow/.local/lib/python3.12/site-packages/airflow/operators/python.py", line 252, in execute_callable
    return self.python_callable(*self.op_args, **self.op_kwargs)
           ^^^^^^^^^^^^^^^^^^^^^^^^^^^^^^^^^^^^^^^^^^^^^^^^^^^^^
  File "/opt/airflow/plugins/utils/extract_and_load.py", line 32, in extract
    conn = BaseHook.get_connection(aws_conn_id)
           ^^^^^^^^^^^^^^^^^^^^^^^^^^^^^^^^^^^^
  File "/home/airflow/.local/lib/python3.12/site-packages/airflow/hooks/base.py", line 83, in get_connection
    conn = Connection.get_connection_from_secrets(conn_id)
           ^^^^^^^^^^^^^^^^^^^^^^^^^^^^^^^^^^^^^^^^^^^^^^^
  File "/home/airflow/.local/lib/python3.12/site-packages/airflow/models/connection.py", line 519, in get_connection_from_secrets
    raise AirflowNotFoundException(f"The conn_id `{conn_id}` isn't defined")
airflow.exceptions.AirflowNotFoundException: The conn_id `aws_connection` isn't defined
[2024-11-02T08:15:22.248+0000] {taskinstance.py:1206} INFO - Marking task as FAILED. dag_id=molecule_load_dag, task_id=extract_and_load_op, run_id=manual__2024-11-02T08:15:21.799469+00:00, execution_date=20241102T081521, start_date=20241102T081522, end_date=20241102T081522
[2024-11-02T08:15:22.255+0000] {standard_task_runner.py:110} ERROR - Failed to execute job 3 for task extract_and_load_op (The conn_id `aws_connection` isn't defined; 343)
[2024-11-02T08:15:22.267+0000] {local_task_job_runner.py:243} INFO - Task exited with return code 1
[2024-11-02T08:15:22.284+0000] {taskinstance.py:3503} INFO - 0 downstream tasks scheduled from follow-on schedule check
[2024-11-02T08:15:22.286+0000] {local_task_job_runner.py:222} INFO - ::endgroup::
